Component: ARM Compiler 5.06 update 6 (build 750) Tool: armlink [4d35ed]

==============================================================================

Section Cross References

    event_groups.o(i.vEventGroupClearBitsCallback) refers to event_groups.o(i.xEventGroupClearBits) for xEventGroupClearBits
    event_groups.o(i.vEventGroupDelete) refers to tasks.o(i.vTaskSuspendAll) for vTaskSuspendAll
    event_groups.o(i.vEventGroupDelete) refers to tasks.o(i.vTaskRemoveFromUnorderedEventList) for vTaskRemoveFromUnorderedEventList
    event_groups.o(i.vEventGroupDelete) refers to heap_1.o(i.vPortFree) for vPortFree
    event_groups.o(i.vEventGroupDelete) refers to tasks.o(i.xTaskResumeAll) for xTaskResumeAll
    event_groups.o(i.vEventGroupSetBitsCallback) refers to event_groups.o(i.xEventGroupSetBits) for xEventGroupSetBits
    event_groups.o(i.xEventGroupClearBits) refers to port.o(i.vPortEnterCritical) for vPortEnterCritical
    event_groups.o(i.xEventGroupClearBits) refers to port.o(i.vPortExitCritical) for vPortExitCritical
    event_groups.o(i.xEventGroupCreate) refers to heap_1.o(i.pvPortMalloc) for pvPortMalloc
    event_groups.o(i.xEventGroupCreate) refers to list.o(i.vListInitialise) for vListInitialise
    event_groups.o(i.xEventGroupSetBits) refers to tasks.o(i.vTaskSuspendAll) for vTaskSuspendAll
    event_groups.o(i.xEventGroupSetBits) refers to tasks.o(i.vTaskRemoveFromUnorderedEventList) for vTaskRemoveFromUnorderedEventList
    event_groups.o(i.xEventGroupSetBits) refers to tasks.o(i.xTaskResumeAll) for xTaskResumeAll
    event_groups.o(i.xEventGroupSync) refers to tasks.o(i.vTaskSuspendAll) for vTaskSuspendAll
    event_groups.o(i.xEventGroupSync) refers to event_groups.o(i.xEventGroupSetBits) for xEventGroupSetBits
    event_groups.o(i.xEventGroupSync) refers to tasks.o(i.vTaskPlaceOnUnorderedEventList) for vTaskPlaceOnUnorderedEventList
    event_groups.o(i.xEventGroupSync) refers to tasks.o(i.xTaskResumeAll) for xTaskResumeAll
    event_groups.o(i.xEventGroupSync) refers to tasks.o(i.uxTaskResetEventItemValue) for uxTaskResetEventItemValue
    event_groups.o(i.xEventGroupSync) refers to port.o(i.vPortEnterCritical) for vPortEnterCritical
    event_groups.o(i.xEventGroupSync) refers to port.o(i.vPortExitCritical) for vPortExitCritical
    event_groups.o(i.xEventGroupWaitBits) refers to tasks.o(i.vTaskSuspendAll) for vTaskSuspendAll
    event_groups.o(i.xEventGroupWaitBits) refers to event_groups.o(i.prvTestWaitCondition) for prvTestWaitCondition
    event_groups.o(i.xEventGroupWaitBits) refers to tasks.o(i.vTaskPlaceOnUnorderedEventList) for vTaskPlaceOnUnorderedEventList
    event_groups.o(i.xEventGroupWaitBits) refers to tasks.o(i.xTaskResumeAll) for xTaskResumeAll
    event_groups.o(i.xEventGroupWaitBits) refers to tasks.o(i.uxTaskResetEventItemValue) for uxTaskResetEventItemValue
    event_groups.o(i.xEventGroupWaitBits) refers to port.o(i.vPortEnterCritical) for vPortEnterCritical
    event_groups.o(i.xEventGroupWaitBits) refers to port.o(i.vPortExitCritical) for vPortExitCritical
    queue.o(i.pcQueueGetName) refers to queue.o(.bss) for xQueueRegistry
    queue.o(i.prvCopyDataFromQueue) refers to rt_memcpy_v6.o(.text) for __aeabi_memcpy
    queue.o(i.prvCopyDataToQueue) refers to rt_memcpy_v6.o(.text) for __aeabi_memcpy
    queue.o(i.prvInitialiseNewQueue) refers to queue.o(i.xQueueGenericReset) for xQueueGenericReset
    queue.o(i.prvIsQueueEmpty) refers to port.o(i.vPortEnterCritical) for vPortEnterCritical
    queue.o(i.prvIsQueueEmpty) refers to port.o(i.vPortExitCritical) for vPortExitCritical
    queue.o(i.prvIsQueueFull) refers to port.o(i.vPortEnterCritical) for vPortEnterCritical
    queue.o(i.prvIsQueueFull) refers to port.o(i.vPortExitCritical) for vPortExitCritical
    queue.o(i.prvUnlockQueue) refers to port.o(i.vPortEnterCritical) for vPortEnterCritical
    queue.o(i.prvUnlockQueue) refers to tasks.o(i.xTaskRemoveFromEventList) for xTaskRemoveFromEventList
    queue.o(i.prvUnlockQueue) refers to tasks.o(i.vTaskMissedYield) for vTaskMissedYield
    queue.o(i.prvUnlockQueue) refers to port.o(i.vPortExitCritical) for vPortExitCritical
    queue.o(i.uxQueueMessagesWaiting) refers to port.o(i.vPortEnterCritical) for vPortEnterCritical
    queue.o(i.uxQueueMessagesWaiting) refers to port.o(i.vPortExitCritical) for vPortExitCritical
    queue.o(i.uxQueueSpacesAvailable) refers to port.o(i.vPortEnterCritical) for vPortEnterCritical
    queue.o(i.uxQueueSpacesAvailable) refers to port.o(i.vPortExitCritical) for vPortExitCritical
    queue.o(i.vQueueAddToRegistry) refers to queue.o(.bss) for xQueueRegistry
    queue.o(i.vQueueDelete) refers to queue.o(i.vQueueUnregisterQueue) for vQueueUnregisterQueue
    queue.o(i.vQueueDelete) refers to heap_1.o(i.vPortFree) for vPortFree
    queue.o(i.vQueueUnregisterQueue) refers to queue.o(.bss) for xQueueRegistry
    queue.o(i.vQueueWaitForMessageRestricted) refers to port.o(i.vPortEnterCritical) for vPortEnterCritical
[...]
    ../clib/angel/sys.s                      0x00000000   Number         0  sys_stackheap_outer.o ABSOLUTE
    ../clib/angel/sys.s                      0x00000000   Number         0  use_no_semi.o ABSOLUTE
    ../clib/angel/sys.s                      0x00000000   Number         0  indicate_semi.o ABSOLUTE
    ../clib/angel/sysapp.c                   0x00000000   Number         0  sys_wrch.o ABSOLUTE
    ../clib/angel/sysapp.c                   0x00000000   Number         0  sys_exit.o ABSOLUTE
    ../clib/angel/sysapp.c                   0x00000000   Number         0  sys_io.o ABSOLUTE
    ../clib/angel/sysapp.c                   0x00000000   Number         0  sys_command.o ABSOLUTE
    ../clib/armsys.c                         0x00000000   Number         0  _get_argv.o ABSOLUTE
    ../clib/armsys.c                         0x00000000   Number         0  _get_argv_nomalloc.o ABSOLUTE
    ../clib/armsys.c                         0x00000000   Number         0  no_argv.o ABSOLUTE
    ../clib/armsys.c                         0x00000000   Number         0  argv_veneer.o ABSOLUTE
    ../clib/armsys.c                         0x00000000   Number         0  argv_veneer.o ABSOLUTE
    ../clib/heap1.c                          0x00000000   Number         0  h1_final.o ABSOLUTE
    ../clib/heap1.c                          0x00000000   Number         0  h1_extend_mt.o ABSOLUTE
    ../clib/heap1.c                          0x00000000   Number         0  h1_extend.o ABSOLUTE
    ../clib/heap1.c                          0x00000000   Number         0  h1_init.o ABSOLUTE
    ../clib/heap1.c                          0x00000000   Number         0  h1_init_mt.o ABSOLUTE
    ../clib/heap1.c                          0x00000000   Number         0  h1_alloc.o ABSOLUTE
    ../clib/heap1.c                          0x00000000   Number         0  h1_free.o ABSOLUTE
    ../clib/heap1.c                          0x00000000   Number         0  h1_alloc_mt.o ABSOLUTE
    ../clib/heap1.c                          0x00000000   Number         0  h1_free_mt.o ABSOLUTE
    ../clib/heap1.c                          0x00000000   Number         0  h1_final_mt.o ABSOLUTE
    ../clib/heap2.c                          0x00000000   Number         0  heap2.o ABSOLUTE
    ../clib/heap2.c                          0x00000000   Number         0  heap2mt.o ABSOLUTE
    ../clib/heap2.c                          0x00000000   Number         0  fdtree.o ABSOLUTE
    ../clib/heapalloc.c                      0x00000000   Number         0  hguard.o ABSOLUTE
    ../clib/heapalloc.c                      0x00000000   Number         0  maybetermalloc1.o ABSOLUTE
    ../clib/heapalloc.c                      0x00000000   Number         0  term_alloc.o ABSOLUTE
    ../clib/heapalloc.c                      0x00000000   Number         0  hrguard.o ABSOLUTE
    ../clib/heapalloc.c                      0x00000000   Number         0  maybetermalloc2.o ABSOLUTE
    ../clib/heapalloc.c                      0x00000000   Number         0  maybetermalloc2.o ABSOLUTE
    ../clib/heapalloc.c                      0x00000000   Number         0  maybetermalloc1.o ABSOLUTE
    ../clib/heapalloc.c                      0x00000000   Number         0  heapstubs.o ABSOLUTE
    ../clib/heapalloc.c                      0x00000000   Number         0  free.o ABSOLUTE
    ../clib/heapalloc.c                      0x00000000   Number         0  malloc.o ABSOLUTE
    ../clib/heapalloc.c                      0x00000000   Number         0  init_alloc.o ABSOLUTE
    ../clib/heapaux.c                        0x00000000   Number         0  heapauxa.o ABSOLUTE
    ../clib/heapaux.c                        0x00000000   Number         0  heapauxi.o ABSOLUTE
    ../clib/libinit.s                        0x00000000   Number         0  libshutdown2.o ABSOLUTE
    ../clib/libinit.s                        0x00000000   Number         0  libshutdown.o ABSOLUTE
    ../clib/libinit.s                        0x00000000   Number         0  libinit.o ABSOLUTE
    ../clib/libinit.s                        0x00000000   Number         0  libinit2.o ABSOLUTE
    ../clib/longlong.s                       0x00000000   Number         0  lludivv7m.o ABSOLUTE
    ../clib/memcpset.s                       0x00000000   Number         0  rt_memcpy_v6.o ABSOLUTE
    ../clib/memcpset.s                       0x00000000   Number         0  rt_memclr_w.o ABSOLUTE
    ../clib/memcpset.s                       0x00000000   Number         0  rt_memcpy_w.o ABSOLUTE
    ../clib/printf.c                         0x00000000   Number         0  __printf_flags_ss_wp.o ABSOLUTE
    ../clib/printf.c                         0x00000000   Number         0  __printf_wp.o ABSOLUTE
    ../clib/printf.c                         0x00000000   Number         0  _printf_intcommon.o ABSOLUTE
    ../clib/printf.c                         0x00000000   Number         0  __printf_ss.o ABSOLUTE
    ../clib/printf.c                         0x00000000   Number         0  __2printf.o ABSOLUTE
    ../clib/printf.c                         0x00000000   Number         0  noretval__2printf.o ABSOLUTE
    ../clib/printf.c                         0x00000000   Number         0  __printf_nopercent.o ABSOLUTE
    ../clib/printf.c                         0x00000000   Number         0  __printf.o ABSOLUTE
    ../clib/printf.c                         0x00000000   Number         0  __printf_flags_wp.o ABSOLUTE
    ../clib/printf.c                         0x00000000   Number         0  _printf_dec.o ABSOLUTE
    ../clib/printf.c                         0x00000000   Number         0  __printf_ss_wp.o ABSOLUTE
    ../clib/printf.c                         0x00000000   Number         0  __printf_flags.o ABSOLUTE
    ../clib/printf.c                         0x00000000   Number         0  _printf_char_common.o ABSOLUTE
    ../clib/printf.c                         0x00000000   Number         0  __printf_flags_ss.o ABSOLUTE
    ../clib/printf.c                         0x00000000   Number         0  _printf_char_file.o ABSOLUTE
    ../clib/printf_percent.s                 0x00000000   Number         0  _printf_d.o ABSOLUTE
    ../clib/printf_percent.s                 0x00000000   Number         0  _printf_percent.o ABSOLUTE
    ../clib/printf_percent.s                 0x00000000   Number         0  _printf_percent_end.o ABSOLUTE
    ../clib/signal.c                         0x00000000   Number         0  defsig_fpe_outer.o ABSOLUTE
    ../clib/signal.c                         0x00000000   Number         0  defsig_pvfn_inner.o ABSOLUTE
    ../clib/signal.c                         0x00000000   Number         0  defsig_abrt_inner.o ABSOLUTE
    ../clib/signal.c                         0x00000000   Number         0  defsig_other.o ABSOLUTE
    ../clib/signal.c                         0x00000000   Number         0  defsig_stak_inner.o ABSOLUTE
    ../clib/signal.c                         0x00000000   Number         0  defsig_rtmem_inner.o ABSOLUTE
    ../clib/signal.c                         0x00000000   Number         0  defsig_segv_inner.o ABSOLUTE
    ../clib/signal.c                         0x00000000   Number         0  defsig_exit.o ABSOLUTE
    ../clib/signal.c                         0x00000000   Number         0  defsig_rtmem_outer.o ABSOLUTE
    ../clib/signal.c                         0x00000000   Number         0  defsig_fpe_inner.o ABSOLUTE
    ../clib/signal.c                         0x00000000   Number         0  defsig_rtred_inner.o ABSOLUTE
    ../clib/signal.c                         0x00000000   Number         0  __raise.o ABSOLUTE
    ../clib/signal.c                         0x00000000   Number         0  defsig_general.o ABSOLUTE
    ../clib/signal.c                         0x00000000   Number         0  defsig_rtmem_formal.o ABSOLUTE
    ../clib/signal.c                         0x00000000   Number         0  defsig_rtred_formal.o ABSOLUTE
    ../clib/signal.c                         0x00000000   Number         0  defsig_rtred_outer.o ABSOLUTE
    ../clib/signal.c                         0x00000000   Number         0  defsig_fpe_formal.o ABSOLUTE
    ../clib/signal.c                         0x00000000   Number         0  defsig_cppl_inner.o ABSOLUTE
    ../clib/signal.s                         0x00000000   Number         0  defsig.o ABSOLUTE
    ../clib/stdio.c                          0x00000000   Number         0  initio_locked.o ABSOLUTE
    ../clib/stdio.c                          0x00000000   Number         0  ferror.o ABSOLUTE
    ../clib/stdio.c                          0x00000000   Number         0  initio.o ABSOLUTE
    ../clib/stdio.c                          0x00000000   Number         0  stdio.o ABSOLUTE
    ../clib/stdio.c                          0x00000000   Number         0  fopen.o ABSOLUTE
    ../clib/stdio.c                          0x00000000   Number         0  ftell.o ABSOLUTE
    ../clib/stdio.c                          0x00000000   Number         0  stdio_streams.o ABSOLUTE
    ../clib/stdio.c                          0x00000000   Number         0  fopen_locked.o ABSOLUTE
    ../clib/stdio.c                          0x00000000   Number         0  setvbuf_locked.o ABSOLUTE
    ../clib/stdio.c                          0x00000000   Number         0  fclose.o ABSOLUTE
    ../clib/stdio.c                          0x00000000   Number         0  streamlock.o ABSOLUTE
    ../clib/stdio.c                          0x00000000   Number         0  setvbuf.o ABSOLUTE
    ../clib/stdio.c                          0x00000000   Number         0  ferror_locked.o ABSOLUTE
    ../clib/stdio.c                          0x00000000   Number         0  fseek.o ABSOLUTE
    ../clib/stdlib.c                         0x00000000   Number         0  exit.o ABSOLUTE
    ../clib/string.c                         0x00000000   Number         0  strlen.o ABSOLUTE
    ../fplib/fpinit.s                        0x00000000   Number         0  fpinit.o ABSOLUTE
    FreeRTOS\Portable\heap_1.c               0x00000000   Number         0  heap_1.o ABSOLUTE
    FreeRTOS\Portable\port.c                 0x00000000   Number         0  port.o ABSOLUTE
    FreeRTOS\\Portable\\port.c               0x00000000   Number         0  port.o ABSOLUTE
    FreeRTOS\src\croutine.c                  0x00000000   Number         0  croutine.o ABSOLUTE
    FreeRTOS\src\event_groups.c              0x00000000   Number         0  event_groups.o ABSOLUTE
    FreeRTOS\src\list.c                      0x00000000   Number         0  list.o ABSOLUTE
    FreeRTOS\src\queue.c                     0x00000000   Number         0  queue.o ABSOLUTE
    FreeRTOS\src\stream_buffer.c             0x00000000   Number         0  stream_buffer.o ABSOLUTE
    FreeRTOS\src\tasks.c                     0x00000000   Number         0  tasks.o ABSOLUTE
    FreeRTOS\src\timers.c                    0x00000000   Number         0  timers.o ABSOLUTE
    dc.s                                     0x00000000   Number         0  dc.o ABSOLUTE
    src\User.c                               0x00000000   Number         0  user.o ABSOLUTE
    src\\User.c                              0x00000000   Number         0  user.o ABSOLUTE
    src\\main.c                              0x00000000   Number         0  main.o ABSOLUTE
    src\\system_LPC17xx.c                    0x00000000   Number         0  system_lpc17xx.o ABSOLUTE
    src\main.c                               0x00000000   Number         0  main.o ABSOLUTE
    src\system_LPC17xx.c                     0x00000000   Number         0  system_lpc17xx.o ABSOLUTE
    startup_LPC17xx.s                        0x00000000   Number         0  startup_lpc17xx.o ABSOLUTE
    !!!main                                  0x000000cc   Section        8  __main.o(!!!main)
    !!!scatter                               0x000000d4   Section       52  __scatter.o(!!!scatter)
    !!handler_copy                           0x00000108   Section       26  __scatter_copy.o(!!handler_copy)
    !!handler_zi                             0x00000124   Section       28  __scatter_zi.o(!!handler_zi)
    .ARM.Collect$$_printf_percent$$00000000  0x00000140   Section        0  _printf_percent.o(.ARM.Collect$$_printf_percent$$00000000)
    .ARM.Collect$$_printf_percent$$00000009  0x00000140   Section        6  _printf_d.o(.ARM.Collect$$_printf_percent$$00000009)
    .ARM.Collect$$_printf_percent$$00000017  0x00000146   Section        4  _printf_percent_end.o(.ARM.Collect$$_printf_percent$$00000017)
    .ARM.Collect$$libinit$$00000000          0x0000014a   Section        2  libinit.o(.ARM.Collect$$libinit$$00000000)
    .ARM.Collect$$libinit$$00000002          0x0000014c   Section        0  libinit2.o(.ARM.Collect$$libinit$$00000002)
    .ARM.Collect$$libinit$$00000004          0x0000014c   Section        0  libinit2.o(.ARM.Collect$$libinit$$00000004)
    .ARM.Collect$$libinit$$00000005          0x0000014c   Section        8  libinit2.o(.ARM.Collect$$libinit$$00000005)
    .ARM.Collect$$libinit$$0000000A          0x00000154   Section        0  libinit2.o(.ARM.Collect$$libinit$$0000000A)
    .ARM.Collect$$libinit$$0000000C          0x00000154   Section        0  libinit2.o(.ARM.Collect$$libinit$$0000000C)
    .ARM.Collect$$libinit$$0000000E          0x00000154   Section        0  libinit2.o(.ARM.Collect$$libinit$$0000000E)
    .ARM.Collect$$libinit$$00000011          0x00000154   Section        0  libinit2.o(.ARM.Collect$$libinit$$00000011)
    .ARM.Collect$$libinit$$00000013          0x00000154   Section        0  libinit2.o(.ARM.Collect$$libinit$$00000013)
    .ARM.Collect$$libinit$$00000015          0x00000154   Section        0  libinit2.o(.ARM.Collect$$libinit$$00000015)
    .ARM.Collect$$libinit$$00000017          0x00000154   Section        0  libinit2.o(.ARM.Collect$$libinit$$00000017)
    .ARM.Collect$$libinit$$00000019          0x00000154   Section        0  libinit2.o(.ARM.Collect$$libinit$$00000019)
    .ARM.Collect$$libinit$$0000001B          0x00000154   Section        0  libinit2.o(.ARM.Collect$$libinit$$0000001B)
    .ARM.Collect$$libinit$$0000001D          0x00000154   Section        0  libinit2.o(.ARM.Collect$$libinit$$0000001D)
    .ARM.Collect$$libinit$$0000001F          0x00000154   Section        0  libinit2.o(.ARM.Collect$$libinit$$0000001F)
    .ARM.Collect$$libinit$$00000021          0x00000154   Section        0  libinit2.o(.ARM.Collect$$libinit$$00000021)
    .ARM.Collect$$libinit$$00000023          0x00000154   Section        0  libinit2.o(.ARM.Collect$$libinit$$00000023)
    .ARM.Collect$$libinit$$00000024          0x00000154   Section        4  libinit2.o(.ARM.Collect$$libinit$$00000024)
    .ARM.Collect$$libinit$$00000025          0x00000158   Section        0  libinit2.o(.ARM.Collect$$libinit$$00000025)
    .ARM.Collect$$libinit$$0000002C          0x00000158   Section        0  libinit2.o(.ARM.Collect$$libinit$$0000002C)
    .ARM.Collect$$libinit$$0000002E          0x00000158   Section        0  libinit2.o(.ARM.Collect$$libinit$$0000002E)
    .ARM.Collect$$libinit$$00000030          0x00000158   Section        0  libinit2.o(.ARM.Collect$$libinit$$00000030)
    .ARM.Collect$$libinit$$00000032          0x00000158   Section        0  libinit2.o(.ARM.Collect$$libinit$$00000032)
    .ARM.Collect$$libinit$$00000033          0x00000158   Section        2  libinit2.o(.ARM.Collect$$libinit$$00000033)
    .ARM.Collect$$libshutdown$$00000000      0x0000015a   Section        2  libshutdown.o(.ARM.Collect$$libshutdown$$00000000)
    .ARM.Collect$$libshutdown$$00000002      0x0000015c   Section        0  libshutdown2.o(.ARM.Collect$$libshutdown$$00000002)
    .ARM.Collect$$libshutdown$$00000003      0x0000015c   Section        4  libshutdown2.o(.ARM.Collect$$libshutdown$$00000003)
    .ARM.Collect$$libshutdown$$00000004      0x00000160   Section        0  libshutdown2.o(.ARM.Collect$$libshutdown$$00000004)
    .ARM.Collect$$libshutdown$$00000007      0x00000160   Section        0  libshutdown2.o(.ARM.Collect$$libshutdown$$00000007)
    .ARM.Collect$$libshutdown$$0000000A      0x00000160   Section        0  libshutdown2.o(.ARM.Collect$$libshutdown$$0000000A)
    .ARM.Collect$$libshutdown$$0000000C      0x00000160   Section        0  libshutdown2.o(.ARM.Collect$$libshutdown$$0000000C)
    .ARM.Collect$$libshutdown$$0000000F      0x00000160   Section        0  libshutdown2.o(.ARM.Collect$$libshutdown$$0000000F)
    .ARM.Collect$$libshutdown$$00000010      0x00000160   Section        2  libshutdown2.o(.ARM.Collect$$libshutdown$$00000010)
    .ARM.Collect$$rtentry$$00000000          0x00000162   Section        0  __rtentry.o(.ARM.Collect$$rtentry$$00000000)
    .ARM.Collect$$rtentry$$00000002          0x00000162   Section        0  __rtentry2.o(.ARM.Collect$$rtentry$$00000002)
    .ARM.Collect$$rtentry$$00000004          0x00000162   Section        6  __rtentry4.o(.ARM.Collect$$rtentry$$00000004)
    .ARM.Collect$$rtentry$$00000009          0x00000168   Section        0  __rtentry2.o(.ARM.Collect$$rtentry$$00000009)
    .ARM.Collect$$rtentry$$0000000A          0x00000168   Section        4  __rtentry2.o(.ARM.Collect$$rtentry$$0000000A)
    .ARM.Collect$$rtentry$$0000000C          0x0000016c   Section        0  __rtentry2.o(.ARM.Collect$$rtentry$$0000000C)
    .ARM.Collect$$rtentry$$0000000D          0x0000016c   Section        8  __rtentry2.o(.ARM.Collect$$rtentry$$0000000D)
    .ARM.Collect$$rtexit$$00000000           0x00000174   Section        2  rtexit.o(.ARM.Collect$$rtexit$$00000000)
    .ARM.Collect$$rtexit$$00000002           0x00000176   Section        0  rtexit2.o(.ARM.Collect$$rtexit$$00000002)
    .ARM.Collect$$rtexit$$00000003           0x00000176   Section        4  rtexit2.o(.ARM.Collect$$rtexit$$00000003)
    .ARM.Collect$$rtexit$$00000004           0x0000017a   Section        6  rtexit2.o(.ARM.Collect$$rtexit$$00000004)
    .emb_text                                0x00000180   Section      150  port.o(.emb_text)
    .emb_text                                0x00000218   Section        0  maybetermalloc1.o(.emb_text)
    .text                                    0x00000218   Section       64  startup_lpc17xx.o(.text)
    .text                                    0x00000258   Section        0  noretval__2printf.o(.text)
    .text                                    0x00000270   Section        0  __printf.o(.text)
    .text                                    0x000002d8   Section        0  heapauxi.o(.text)
    .text                                    0x000002de   Section        0  ferror.o(.text)
    .text                                    0x000002e6   Section        0  exit.o(.text)
    .text                                    0x000002f8   Section        2  use_no_semi.o(.text)
    .text                                    0x000002fa   Section        0  indicate_semi.o(.text)
    i.vPortFree                              0x000002fa   Section        0  heap_1.o(i.vPortFree)
    .ARM.__at_0x02FC                         0x000002fc   Section        4  startup_lpc17xx.o(.ARM.__at_0x02FC)
    .text                                    0x00000300   Section        0  _printf_dec.o(.text)
    .text                                    0x00000378   Section      138  rt_memcpy_v6.o(.text)
    .text                                    0x00000402   Section       78  rt_memclr_w.o(.text)
    .text                                    0x00000450   Section        0  _printf_intcommon.o(.text)
    .text                                    0x00000504   Section        0  _printf_char_file.o(.text)
    .text                                    0x00000528   Section      100  rt_memcpy_w.o(.text)
    .text                                    0x0000058c   Section        0  _printf_char_common.o(.text)
    _printf_input_char                       0x0000058d   Thumb Code    10  _printf_char_common.o(.text)
    .text                                    0x000005bc   Section        0  initio.o(.text)
    .text                                    0x000006f4   Section        0  sys_io.o(.text)
    .text                                    0x0000075a   Section       74  sys_stackheap_outer.o(.text)
    .text                                    0x000007a4   Section        0  h1_free.o(.text)
    .text                                    0x000007f2   Section        0  setvbuf.o(.text)
    .text                                    0x00000838   Section        0  fopen.o(.text)
    _freopen_locked                          0x00000839   Thumb Code     0  fopen.o(.text)
    .text                                    0x00000924   Section        0  fclose.o(.text)
    .text                                    0x00000970   Section        0  defsig_rtred_outer.o(.text)
    .text                                    0x00000980   Section        8  libspace.o(.text)
    .text                                    0x00000988   Section        8  rt_heap_descriptor_intlibspace.o(.text)
    .text                                    0x00000990   Section        0  hguard.o(.text)
    .text                                    0x00000994   Section        0  init_alloc.o(.text)
    .text                                    0x00000a1e   Section        0  h1_alloc.o(.text)
    .text                                    0x00000a7c   Section        0  fseek.o(.text)
    .text                                    0x00000b74   Section        0  stdio.o(.text)
    .text                                    0x00000c64   Section        0  defsig_exit.o(.text)
    .text                                    0x00000c70   Section        0  defsig_rtred_inner.o(.text)
    .text                                    0x00000ca4   Section        0  strlen.o(.text)
    .text                                    0x00000ce4   Section        0  sys_exit.o(.text)
    .text                                    0x00000cf0   Section        0  h1_init.o(.text)
    .text                                    0x00000cfe   Section        0  h1_extend.o(.text)
    .text                                    0x00000d32   Section        0  ftell.o(.text)
    .text                                    0x00000d74   Section        0  defsig_general.o(.text)
    .text                                    0x00000da6   Section        0  defsig_rtmem_outer.o(.text)
    .text                                    0x00000db4   Section        0  sys_wrch.o(.text)
    .text                                    0x00000dc4   Section        8  rt_errno_addr_intlibspace.o(.text)
    .text                                    0x00000dcc   Section        0  defsig_rtmem_inner.o(.text)
    i.SysTick_Handler                        0x00000e1c   Section        0  port.o(i.SysTick_Handler)
    i.SystemInit                             0x00000e50   Section        0  system_lpc17xx.o(i.SystemInit)
    i.fputc                                  0x00000f98   Section        0  main.o(i.fputc)
    i.main                                   0x00000fd0   Section        0  main.o(i.main)
    i.myTask1                                0x0000102c   Section        0  main.o(i.myTask1)
    i.prvAddCurrentTaskToDelayedList         0x00001070   Section        0  tasks.o(i.prvAddCurrentTaskToDelayedList)
    prvAddCurrentTaskToDelayedList           0x00001071   Thumb Code   100  tasks.o(i.prvAddCurrentTaskToDelayedList)
    i.prvAddNewTaskToReadyList               0x000010ec   Section        0  tasks.o(i.prvAddNewTaskToReadyList)
    prvAddNewTaskToReadyList                 0x000010ed   Thumb Code   148  tasks.o(i.prvAddNewTaskToReadyList)
    i.prvCheckForValidListAndQueue           0x0000119c   Section        0  timers.o(i.prvCheckForValidListAndQueue)
    prvCheckForValidListAndQueue             0x0000119d   Thumb Code    72  timers.o(i.prvCheckForValidListAndQueue)
    i.prvCheckTasksWaitingTermination        0x00001200   Section        0  tasks.o(i.prvCheckTasksWaitingTermination)
    prvCheckTasksWaitingTermination          0x00001201   Thumb Code    60  tasks.o(i.prvCheckTasksWaitingTermination)
    i.prvCopyDataFromQueue                   0x00001248   Section        0  queue.o(i.prvCopyDataFromQueue)
    prvCopyDataFromQueue                     0x00001249   Thumb Code    42  queue.o(i.prvCopyDataFromQueue)
    i.prvCopyDataToQueue                     0x00001272   Section        0  queue.o(i.prvCopyDataToQueue)
    prvCopyDataToQueue                       0x00001273   Thumb Code   106  queue.o(i.prvCopyDataToQueue)
    i.prvDeleteTCB                           0x000012dc   Section        0  tasks.o(i.prvDeleteTCB)
    prvDeleteTCB                             0x000012dd   Thumb Code    18  tasks.o(i.prvDeleteTCB)
    i.prvGetNextExpireTime                   0x000012f0   Section        0  timers.o(i.prvGetNextExpireTime)
    prvGetNextExpireTime                     0x000012f1   Thumb Code    36  timers.o(i.prvGetNextExpireTime)
    i.prvIdleTask                            0x00001318   Section        0  tasks.o(i.prvIdleTask)
    prvIdleTask                              0x00001319   Thumb Code    32  tasks.o(i.prvIdleTask)
    i.prvInitialiseNewQueue                  0x00001340   Section        0  queue.o(i.prvInitialiseNewQueue)
    prvInitialiseNewQueue                    0x00001341   Thumb Code    38  queue.o(i.prvInitialiseNewQueue)
    i.prvInitialiseNewTask                   0x00001366   Section        0  tasks.o(i.prvInitialiseNewTask)
    prvInitialiseNewTask                     0x00001367   Thumb Code   148  tasks.o(i.prvInitialiseNewTask)
    i.prvInitialiseTaskLists                 0x000013fc   Section        0  tasks.o(i.prvInitialiseTaskLists)
    prvInitialiseTaskLists                   0x000013fd   Thumb Code    70  tasks.o(i.prvInitialiseTaskLists)
    i.prvInsertTimerInActiveList             0x00001464   Section        0  timers.o(i.prvInsertTimerInActiveList)
    prvInsertTimerInActiveList               0x00001465   Thumb Code    80  timers.o(i.prvInsertTimerInActiveList)
    i.prvIsQueueEmpty                        0x000014bc   Section        0  queue.o(i.prvIsQueueEmpty)
    prvIsQueueEmpty                          0x000014bd   Thumb Code    26  queue.o(i.prvIsQueueEmpty)
    i.prvIsQueueFull                         0x000014d6   Section        0  queue.o(i.prvIsQueueFull)
    prvIsQueueFull                           0x000014d7   Thumb Code    30  queue.o(i.prvIsQueueFull)
    i.prvProcessExpiredTimer                 0x000014f4   Section        0  timers.o(i.prvProcessExpiredTimer)
    prvProcessExpiredTimer                   0x000014f5   Thumb Code    70  timers.o(i.prvProcessExpiredTimer)
    i.prvProcessReceivedCommands             0x00001540   Section        0  timers.o(i.prvProcessReceivedCommands)
    prvProcessReceivedCommands               0x00001541   Thumb Code   182  timers.o(i.prvProcessReceivedCommands)
    i.prvProcessTimerOrBlockTask             0x000015fc   Section        0  timers.o(i.prvProcessTimerOrBlockTask)
    prvProcessTimerOrBlockTask               0x000015fd   Thumb Code   102  timers.o(i.prvProcessTimerOrBlockTask)
    i.prvResetNextTaskUnblockTime            0x00001670   Section        0  tasks.o(i.prvResetNextTaskUnblockTime)
    prvResetNextTaskUnblockTime              0x00001671   Thumb Code    42  tasks.o(i.prvResetNextTaskUnblockTime)
    i.prvSampleTimeNow                       0x000016a4   Section        0  timers.o(i.prvSampleTimeNow)
    prvSampleTimeNow                         0x000016a5   Thumb Code    40  timers.o(i.prvSampleTimeNow)
    i.prvSwitchTimerLists                    0x000016d0   Section        0  timers.o(i.prvSwitchTimerLists)
    prvSwitchTimerLists                      0x000016d1   Thumb Code   122  timers.o(i.prvSwitchTimerLists)
    i.prvTaskExitError                       0x00001754   Section        0  port.o(i.prvTaskExitError)
    prvTaskExitError                         0x00001755   Thumb Code    22  port.o(i.prvTaskExitError)
    i.prvTimerTask                           0x0000176a   Section        0  timers.o(i.prvTimerTask)
    prvTimerTask                             0x0000176b   Thumb Code    26  timers.o(i.prvTimerTask)
    i.prvUnlockQueue                         0x00001784   Section        0  queue.o(i.prvUnlockQueue)
    prvUnlockQueue                           0x00001785   Thumb Code   126  queue.o(i.prvUnlockQueue)
    i.pvPortMalloc                           0x00001804   Section        0  heap_1.o(i.pvPortMalloc)
    i.pxPortInitialiseStack                  0x00001874   Section        0  port.o(i.pxPortInitialiseStack)
    i.test                                   0x00001898   Section        0  main.o(i.test)
    i.uxListRemove                           0x000018b8   Section        0  list.o(i.uxListRemove)
    i.vListInitialise                        0x000018e0   Section        0  list.o(i.vListInitialise)
    i.vListInitialiseItem                    0x000018fa   Section        0  list.o(i.vListInitialiseItem)
    i.vListInsert                            0x00001900   Section        0  list.o(i.vListInsert)
    i.vListInsertEnd                         0x00001934   Section        0  list.o(i.vListInsertEnd)
    i.vPortEnterCritical                     0x0000194c   Section        0  port.o(i.vPortEnterCritical)
    i.vPortExitCritical                      0x00001970   Section        0  port.o(i.vPortExitCritical)
    i.vPortSetupTimerInterrupt               0x00001990   Section        0  port.o(i.vPortSetupTimerInterrupt)
    i.vQueueAddToRegistry                    0x000019a8   Section        0  queue.o(i.vQueueAddToRegistry)
    i.vQueueWaitForMessageRestricted         0x000019d4   Section        0  queue.o(i.vQueueWaitForMessageRestricted)
    i.vTaskDelay                             0x00001a20   Section        0  tasks.o(i.vTaskDelay)
    i.vTaskInternalSetTimeOutState           0x00001a54   Section        0  tasks.o(i.vTaskInternalSetTimeOutState)
    i.vTaskMissedYield                       0x00001a6c   Section        0  tasks.o(i.vTaskMissedYield)
    i.vTaskPlaceOnEventList                  0x00001a78   Section        0  tasks.o(i.vTaskPlaceOnEventList)
    i.vTaskPlaceOnEventListRestricted        0x00001a98   Section        0  tasks.o(i.vTaskPlaceOnEventListRestricted)
    i.vTaskStartScheduler                    0x00001ac0   Section        0  tasks.o(i.vTaskStartScheduler)
    i.vTaskSuspend                           0x00001b30   Section        0  tasks.o(i.vTaskSuspend)
    i.vTaskSuspendAll                        0x00001bd0   Section        0  tasks.o(i.vTaskSuspendAll)
    i.vTaskSwitchContext                     0x00001be0   Section        0  tasks.o(i.vTaskSwitchContext)
    i.xPortStartScheduler                    0x00001c58   Section        0  port.o(i.xPortStartScheduler)
    i.xQueueGenericCreate                    0x00001c8c   Section        0  queue.o(i.xQueueGenericCreate)
    i.xQueueGenericReset                     0x00001cc4   Section        0  queue.o(i.xQueueGenericReset)
    i.xQueueGenericSend                      0x00001d44   Section        0  queue.o(i.xQueueGenericSend)
    i.xQueueGenericSendFromISR               0x00001e5c   Section        0  queue.o(i.xQueueGenericSendFromISR)
    i.xQueueReceive                          0x00001ee4   Section        0  queue.o(i.xQueueReceive)
    i.xTaskCheckForTimeOut                   0x00001fe8   Section        0  tasks.o(i.xTaskCheckForTimeOut)
    i.xTaskCreate                            0x00002044   Section        0  tasks.o(i.xTaskCreate)
    i.xTaskGetSchedulerState                 0x000020a4   Section        0  tasks.o(i.xTaskGetSchedulerState)
    i.xTaskGetTickCount                      0x000020c4   Section        0  tasks.o(i.xTaskGetTickCount)
    i.xTaskIncrementTick                     0x000020d0   Section        0  tasks.o(i.xTaskIncrementTick)
    i.xTaskRemoveFromEventList               0x000021d4   Section        0  tasks.o(i.xTaskRemoveFromEventList)
    i.xTaskResumeAll                         0x00002254   Section        0  tasks.o(i.xTaskResumeAll)
    i.xTimerCreateTimerTask                  0x0000233c   Section        0  timers.o(i.xTimerCreateTimerTask)
    i.xTimerGenericCommand                   0x00002378   Section        0  timers.o(i.xTimerGenericCommand)
    .constdata                               0x000023e4   Section        4  sys_io.o(.constdata)
    .constdata                               0x000023e8   Section        4  sys_io.o(.constdata)
    .constdata                               0x000023ec   Section        4  sys_io.o(.constdata)
    .data                                    0x10000000   Section       60  tasks.o(.data)
    pxDelayedTaskList                        0x10000004   Data           4  tasks.o(.data)
    pxOverflowDelayedTaskList                0x10000008   Data           4  tasks.o(.data)
    uxDeletedTasksWaitingCleanUp             0x1000000c   Data           4  tasks.o(.data)
    uxCurrentNumberOfTasks                   0x10000010   Data           4  tasks.o(.data)
    xTickCount                               0x10000014   Data           4  tasks.o(.data)
    uxTopReadyPriority                       0x10000018   Data           4  tasks.o(.data)
    xSchedulerRunning                        0x1000001c   Data           4  tasks.o(.data)
    uxPendedTicks                            0x10000020   Data           4  tasks.o(.data)
    xYieldPending                            0x10000024   Data           4  tasks.o(.data)
    xNumOfOverflows                          0x10000028   Data           4  tasks.o(.data)
    uxTaskNumber                             0x1000002c   Data           4  tasks.o(.data)
    xNextTaskUnblockTime                     0x10000030   Data           4  tasks.o(.data)
    xIdleTaskHandle                          0x10000034   Data           4  tasks.o(.data)
    uxSchedulerSuspended                     0x10000038   Data           4  tasks.o(.data)
    .data                                    0x1000003c   Section        4  port.o(.data)
    uxCriticalNesting                        0x1000003c   Data           4  port.o(.data)
    .data                                    0x10000040   Section       20  timers.o(.data)
    pxCurrentTimerList                       0x10000040   Data           4  timers.o(.data)
    pxOverflowTimerList                      0x10000044   Data           4  timers.o(.data)
    xTimerQueue                              0x10000048   Data           4  timers.o(.data)
    xTimerTaskHandle                         0x1000004c   Data           4  timers.o(.data)
    xLastTime                                0x10000050   Data           4  timers.o(.data)
    .data                                    0x10000054   Section        8  heap_1.o(.data)
    xNextFreeByte                            0x10000054   Data           4  heap_1.o(.data)
    pucAlignedHeap                           0x10000058   Data           4  heap_1.o(.data)
    .data                                    0x1000005c   Section       12  main.o(.data)
    .data                                    0x10000068   Section        4  stdio_streams.o(.data)
    .data                                    0x1000006c   Section        4  stdio_streams.o(.data)
    .data                                    0x10000070   Section        4  stdio_streams.o(.data)
    .bss                                     0x10000074   Section       80  queue.o(.bss)
    .bss                                     0x100000c4   Section      200  tasks.o(.bss)
    pxReadyTasksLists                        0x100000c4   Data         100  tasks.o(.bss)
    xDelayedTaskList1                        0x10000128   Data          20  tasks.o(.bss)
    xDelayedTaskList2                        0x1000013c   Data          20  tasks.o(.bss)
    xPendingReadyList                        0x10000150   Data          20  tasks.o(.bss)
    xTasksWaitingTermination                 0x10000164   Data          20  tasks.o(.bss)
    xSuspendedTaskList                       0x10000178   Data          20  tasks.o(.bss)
    .bss                                     0x1000018c   Section       40  timers.o(.bss)
    xActiveTimerList1                        0x1000018c   Data          20  timers.o(.bss)
    xActiveTimerList2                        0x100001a0   Data          20  timers.o(.bss)
    .bss                                     0x100001b4   Section    17408  heap_1.o(.bss)
    ucHeap                                   0x100001b4   Data       17408  heap_1.o(.bss)
    .bss                                     0x100045b4   Section       84  stdio_streams.o(.bss)
    .bss                                     0x10004608   Section       84  stdio_streams.o(.bss)
    .bss                                     0x1000465c   Section       84  stdio_streams.o(.bss)
    .bss                                     0x100046b0   Section       96  libspace.o(.bss)
    HEAP                                     0x10004710   Section      512  startup_lpc17xx.o(HEAP)
    Heap_Mem                                 0x10004710   Data         512  startup_lpc17xx.o(HEAP)
    STACK                                    0x10004910   Section     1024  startup_lpc17xx.o(STACK)
    Stack_Mem                                0x10004910   Data        1024  startup_lpc17xx.o(STACK)
    __initial_sp                             0x10004d10   Data           0  startup_lpc17xx.o(STACK)
    .ARM.__AT_0x2007C000                     0x2007c000   Section     4000  user.o(.ARM.__AT_0x2007C000)

    Global Symbols

    Symbol Name                              Value     Ov Type        Size  Object(Section)

    BuildAttributes$$THM_ISAv4$P$D$K$B$S$PE$A:L22UL41UL21$X:L11$S22US41US21$IEEE1$IW$USESV6$~STKCKD$USESV7$~SHL$OTIME$ROPI$EBA8$UX$STANDARDLIB$REQ8$PRES8$EABIv2 0x00000000   Number         0  anon$$obj.o ABSOLUTE
    __ARM_use_no_argv                        0x00000000   Number         0  main.o ABSOLUTE
    __Vectors                                0x00000000   Data           4  startup_lpc17xx.o(RESET)
    __ARM_exceptions_init                     - Undefined Weak Reference
    __alloca_initialize                       - Undefined Weak Reference
    __arm_preinit_                            - Undefined Weak Reference
    __cpp_initialize__aeabi_                  - Undefined Weak Reference
    __cxa_finalize                            - Undefined Weak Reference
    __rt_locale                               - Undefined Weak Reference
    __sigvec_lookup                           - Undefined Weak Reference
    __user_heap_extent                        - Undefined Weak Reference
    _atexit_init                              - Undefined Weak Reference
    _call_atexit_fns                          - Undefined Weak Reference
    _clock_init                               - Undefined Weak Reference
    _fp_trap_init                             - Undefined Weak Reference
    _fp_trap_shutdown                         - Undefined Weak Reference
    _get_lc_collate                           - Undefined Weak Reference
    _get_lc_ctype                             - Undefined Weak Reference
    _get_lc_monetary                          - Undefined Weak Reference
    _get_lc_numeric                           - Undefined Weak Reference
    _get_lc_time                              - Undefined Weak Reference
    _getenv_init                              - Undefined Weak Reference
    _handle_redirection                       - Undefined Weak Reference
    _mutex_acquire                            - Undefined Weak Reference
    _mutex_free                               - Undefined Weak Reference
    _mutex_release                            - Undefined Weak Reference
    _printf_post_padding                      - Undefined Weak Reference
    _printf_pre_padding                       - Undefined Weak Reference
    _printf_truncate_signed                   - Undefined Weak Reference
    _printf_truncate_unsigned                 - Undefined Weak Reference
    _rand_init                                - Undefined Weak Reference
    _signal_finish                            - Undefined Weak Reference
    _signal_init                              - Undefined Weak Reference
    __main                                   0x000000cd   Thumb Code     8  __main.o(!!!main)
    __scatterload                            0x000000d5   Thumb Code     0  __scatter.o(!!!scatter)
    __scatterload_rt2                        0x000000d5   Thumb Code    44  __scatter.o(!!!scatter)
    __scatterload_rt2_thumb_only             0x000000d5   Thumb Code     0  __scatter.o(!!!scatter)
    __scatterload_null                       0x000000e3   Thumb Code     0  __scatter.o(!!!scatter)
    __scatterload_copy                       0x00000109   Thumb Code    26  __scatter_copy.o(!!handler_copy)
    __scatterload_zeroinit                   0x00000125   Thumb Code    28  __scatter_zi.o(!!handler_zi)
    _printf_d                                0x00000141   Thumb Code     0  _printf_d.o(.ARM.Collect$$_printf_percent$$00000009)
    _printf_percent                          0x00000141   Thumb Code     0  _printf_percent.o(.ARM.Collect$$_printf_percent$$00000000)
    _printf_percent_end                      0x00000147   Thumb Code     0  _printf_percent_end.o(.ARM.Collect$$_printf_percent$$00000017)
    __rt_lib_init                            0x0000014b   Thumb Code     0  libinit.o(.ARM.Collect$$libinit$$00000000)
    __rt_lib_init_fp_1                       0x0000014d   Thumb Code     0  libinit2.o(.ARM.Collect$$libinit$$00000002)
    __rt_lib_init_heap_2                     0x0000014d   Thumb Code     0  libinit2.o(.ARM.Collect$$libinit$$00000005)
    __rt_lib_init_preinit_1                  0x0000014d   Thumb Code     0  libinit2.o(.ARM.Collect$$libinit$$00000004)
    __rt_lib_init_atexit_1                   0x00000155   Thumb Code     0  libinit2.o(.ARM.Collect$$libinit$$0000001B)
    __rt_lib_init_clock_1                    0x00000155   Thumb Code     0  libinit2.o(.ARM.Collect$$libinit$$00000021)
    __rt_lib_init_fp_trap_1                  0x00000155   Thumb Code     0  libinit2.o(.ARM.Collect$$libinit$$0000001F)
    __rt_lib_init_getenv_1                   0x00000155   Thumb Code     0  libinit2.o(.ARM.Collect$$libinit$$00000023)
    __rt_lib_init_heap_1                     0x00000155   Thumb Code     0  libinit2.o(.ARM.Collect$$libinit$$0000000A)
    __rt_lib_init_lc_collate_1               0x00000155   Thumb Code     0  libinit2.o(.ARM.Collect$$libinit$$00000011)
    __rt_lib_init_lc_ctype_1                 0x00000155   Thumb Code     0  libinit2.o(.ARM.Collect$$libinit$$00000013)
    __rt_lib_init_lc_monetary_1              0x00000155   Thumb Code     0  libinit2.o(.ARM.Collect$$libinit$$00000015)
    __rt_lib_init_lc_numeric_1               0x00000155   Thumb Code     0  libinit2.o(.ARM.Collect$$libinit$$00000017)
    __rt_lib_init_lc_time_1                  0x00000155   Thumb Code     0  libinit2.o(.ARM.Collect$$libinit$$00000019)
    __rt_lib_init_rand_1                     0x00000155   Thumb Code     0  libinit2.o(.ARM.Collect$$libinit$$0000000E)
    __rt_lib_init_signal_1                   0x00000155   Thumb Code     0  libinit2.o(.ARM.Collect$$libinit$$0000001D)
    __rt_lib_init_stdio_2                    0x00000155   Thumb Code     0  libinit2.o(.ARM.Collect$$libinit$$00000024)
    __rt_lib_init_user_alloc_1               0x00000155   Thumb Code     0  libinit2.o(.ARM.Collect$$libinit$$0000000C)
    __rt_lib_init_alloca_1                   0x00000159   Thumb Code     0  libinit2.o(.ARM.Collect$$libinit$$0000002E)
    __rt_lib_init_argv_1                     0x00000159   Thumb Code     0  libinit2.o(.ARM.Collect$$libinit$$0000002C)
    __rt_lib_init_cpp_1                      0x00000159   Thumb Code     0  libinit2.o(.ARM.Collect$$libinit$$00000032)
    __rt_lib_init_exceptions_1               0x00000159   Thumb Code     0  libinit2.o(.ARM.Collect$$libinit$$00000030)
    __rt_lib_init_return                     0x00000159   Thumb Code     0  libinit2.o(.ARM.Collect$$libinit$$00000033)
    __rt_lib_init_stdio_1                    0x00000159   Thumb Code     0  libinit2.o(.ARM.Collect$$libinit$$00000025)
    __rt_lib_shutdown                        0x0000015b   Thumb Code     0  libshutdown.o(.ARM.Collect$$libshutdown$$00000000)
    __rt_lib_shutdown_cpp_1                  0x0000015d   Thumb Code     0  libshutdown2.o(.ARM.Collect$$libshutdown$$00000002)
    __rt_lib_shutdown_stdio_2                0x0000015d   Thumb Code     0  libshutdown2.o(.ARM.Collect$$libshutdown$$00000003)
    __rt_lib_shutdown_fp_trap_1              0x00000161   Thumb Code     0  libshutdown2.o(.ARM.Collect$$libshutdown$$00000007)
    __rt_lib_shutdown_heap_1                 0x00000161   Thumb Code     0  libshutdown2.o(.ARM.Collect$$libshutdown$$0000000F)
    __rt_lib_shutdown_return                 0x00000161   Thumb Code     0  libshutdown2.o(.ARM.Collect$$libshutdown$$00000010)
    __rt_lib_shutdown_signal_1               0x00000161   Thumb Code     0  libshutdown2.o(.ARM.Collect$$libshutdown$$0000000A)
    __rt_lib_shutdown_stdio_1                0x00000161   Thumb Code     0  libshutdown2.o(.ARM.Collect$$libshutdown$$00000004)
    __rt_lib_shutdown_user_alloc_1           0x00000161   Thumb Code     0  libshutdown2.o(.ARM.Collect$$libshutdown$$0000000C)
    __rt_entry                               0x00000163   Thumb Code     0  __rtentry.o(.ARM.Collect$$rtentry$$00000000)
    __rt_entry_presh_1                       0x00000163   Thumb Code     0  __rtentry2.o(.ARM.Collect$$rtentry$$00000002)
    __rt_entry_sh                            0x00000163   Thumb Code     0  __rtentry4.o(.ARM.Collect$$rtentry$$00000004)
    __rt_entry_li                            0x00000169   Thumb Code     0  __rtentry2.o(.ARM.Collect$$rtentry$$0000000A)
    __rt_entry_postsh_1                      0x00000169   Thumb Code     0  __rtentry2.o(.ARM.Collect$$rtentry$$00000009)
    __rt_entry_main                          0x0000016d   Thumb Code     0  __rtentry2.o(.ARM.Collect$$rtentry$$0000000D)
    __rt_entry_postli_1                      0x0000016d   Thumb Code     0  __rtentry2.o(.ARM.Collect$$rtentry$$0000000C)
    __rt_exit                                0x00000175   Thumb Code     0  rtexit.o(.ARM.Collect$$rtexit$$00000000)
    __rt_exit_ls                             0x00000177   Thumb Code     0  rtexit2.o(.ARM.Collect$$rtexit$$00000003)
    __rt_exit_prels_1                        0x00000177   Thumb Code     0  rtexit2.o(.ARM.Collect$$rtexit$$00000002)
    __rt_exit_exit                           0x0000017b   Thumb Code     0  rtexit2.o(.ARM.Collect$$rtexit$$00000004)
    SVC_Handler                              0x00000181   Thumb Code    32  port.o(.emb_text)
    __asm___6_port_c_39a90d8d__prvStartFirstTask 0x000001a5   Thumb Code    28  port.o(.emb_text)
    PendSV_Handler                           0x000001c5   Thumb Code    72  port.o(.emb_text)
    vPortGetIPSR                             0x00000211   Thumb Code     6  port.o(.emb_text)
    Reset_Handler                            0x00000219   Thumb Code     8  startup_lpc17xx.o(.text)
    _maybe_terminate_alloc                   0x00000219   Thumb Code     0  maybetermalloc1.o(.emb_text)
    NMI_Handler                              0x00000221   Thumb Code     2  startup_lpc17xx.o(.text)
    HardFault_Handler                        0x00000223   Thumb Code     2  startup_lpc17xx.o(.text)
    MemManage_Handler                        0x00000225   Thumb Code     2  startup_lpc17xx.o(.text)
    BusFault_Handler                         0x00000227   Thumb Code     2  startup_lpc17xx.o(.text)
    UsageFault_Handler                       0x00000229   Thumb Code     2  startup_lpc17xx.o(.text)
    DebugMon_Handler                         0x0000022d   Thumb Code     2  startup_lpc17xx.o(.text)
    ADC_IRQHandler                           0x00000233   Thumb Code     0  startup_lpc17xx.o(.text)
    BOD_IRQHandler                           0x00000233   Thumb Code     0  startup_lpc17xx.o(.text)
    CANActivity_IRQHandler                   0x00000233   Thumb Code     0  startup_lpc17xx.o(.text)
    CAN_IRQHandler                           0x00000233   Thumb Code     0  startup_lpc17xx.o(.text)
    DMA_IRQHandler                           0x00000233   Thumb Code     0  startup_lpc17xx.o(.text)
    EINT0_IRQHandler                         0x00000233   Thumb Code     0  startup_lpc17xx.o(.text)
    EINT1_IRQHandler                         0x00000233   Thumb Code     0  startup_lpc17xx.o(.text)
    EINT2_IRQHandler                         0x00000233   Thumb Code     0  startup_lpc17xx.o(.text)
    EINT3_IRQHandler                         0x00000233   Thumb Code     0  startup_lpc17xx.o(.text)
    ENET_IRQHandler                          0x00000233   Thumb Code     0  startup_lpc17xx.o(.text)
    I2C0_IRQHandler                          0x00000233   Thumb Code     0  startup_lpc17xx.o(.text)
    I2C1_IRQHandler                          0x00000233   Thumb Code     0  startup_lpc17xx.o(.text)
    I2C2_IRQHandler                          0x00000233   Thumb Code     0  startup_lpc17xx.o(.text)
    I2S_IRQHandler                           0x00000233   Thumb Code     0  startup_lpc17xx.o(.text)
    MCPWM_IRQHandler                         0x00000233   Thumb Code     0  startup_lpc17xx.o(.text)
    PLL0_IRQHandler                          0x00000233   Thumb Code     0  startup_lpc17xx.o(.text)
    PLL1_IRQHandler                          0x00000233   Thumb Code     0  startup_lpc17xx.o(.text)
    PWM1_IRQHandler                          0x00000233   Thumb Code     0  startup_lpc17xx.o(.text)
    QEI_IRQHandler                           0x00000233   Thumb Code     0  startup_lpc17xx.o(.text)
    RIT_IRQHandler                           0x00000233   Thumb Code     0  startup_lpc17xx.o(.text)
    RTC_IRQHandler                           0x00000233   Thumb Code     0  startup_lpc17xx.o(.text)
    SPI_IRQHandler                           0x00000233   Thumb Code     0  startup_lpc17xx.o(.text)
    SSP0_IRQHandler                          0x00000233   Thumb Code     0  startup_lpc17xx.o(.text)
    SSP1_IRQHandler                          0x00000233   Thumb Code     0  startup_lpc17xx.o(.text)
    TIMER0_IRQHandler                        0x00000233   Thumb Code     0  startup_lpc17xx.o(.text)
    TIMER1_IRQHandler                        0x00000233   Thumb Code     0  startup_lpc17xx.o(.text)
    TIMER2_IRQHandler                        0x00000233   Thumb Code     0  startup_lpc17xx.o(.text)
    TIMER3_IRQHandler                        0x00000233   Thumb Code     0  startup_lpc17xx.o(.text)
    UART0_IRQHandler                         0x00000233   Thumb Code     0  startup_lpc17xx.o(.text)
    UART1_IRQHandler                         0x00000233   Thumb Code     0  startup_lpc17xx.o(.text)
    UART2_IRQHandler                         0x00000233   Thumb Code     0  startup_lpc17xx.o(.text)
    UART3_IRQHandler                         0x00000233   Thumb Code     0  startup_lpc17xx.o(.text)
    USBActivity_IRQHandler                   0x00000233   Thumb Code     0  startup_lpc17xx.o(.text)
    USB_IRQHandler                           0x00000233   Thumb Code     0  startup_lpc17xx.o(.text)
    WDT_IRQHandler                           0x00000233   Thumb Code     0  startup_lpc17xx.o(.text)
    __user_initial_stackheap                 0x00000235   Thumb Code     0  startup_lpc17xx.o(.text)
    __2printf                                0x00000259   Thumb Code    20  noretval__2printf.o(.text)
    __printf                                 0x00000271   Thumb Code   104  __printf.o(.text)
    __use_two_region_memory                  0x000002d9   Thumb Code     2  heapauxi.o(.text)
    __rt_heap_escrow                         0x000002db   Thumb Code     2  heapauxi.o(.text)
    __rt_heap_expand                         0x000002dd   Thumb Code     2  heapauxi.o(.text)
    ferror                                   0x000002df   Thumb Code     8  ferror.o(.text)
    exit                                     0x000002e7   Thumb Code    18  exit.o(.text)
    __I$use$semihosting                      0x000002f9   Thumb Code     0  use_no_semi.o(.text)
    __use_no_semihosting_swi                 0x000002f9   Thumb Code     2  use_no_semi.o(.text)
    __semihosting_library_function           0x000002fb   Thumb Code     0  indicate_semi.o(.text)
    vPortFree                                0x000002fb   Thumb Code     2  heap_1.o(i.vPortFree)
    _printf_int_dec                          0x00000301   Thumb Code   104  _printf_dec.o(.text)
    __aeabi_memcpy                           0x00000379   Thumb Code     0  rt_memcpy_v6.o(.text)
    __rt_memcpy                              0x00000379   Thumb Code   138  rt_memcpy_v6.o(.text)
    _memcpy_lastbytes                        0x000003df   Thumb Code     0  rt_memcpy_v6.o(.text)
    __aeabi_memclr4                          0x00000403   Thumb Code     0  rt_memclr_w.o(.text)
    __aeabi_memclr8                          0x00000403   Thumb Code     0  rt_memclr_w.o(.text)
    __rt_memclr_w                            0x00000403   Thumb Code    78  rt_memclr_w.o(.text)
    _memset_w                                0x00000407   Thumb Code     0  rt_memclr_w.o(.text)
    _printf_int_common                       0x00000451   Thumb Code   178  _printf_intcommon.o(.text)
    _printf_char_file                        0x00000505   Thumb Code    32  _printf_char_file.o(.text)
    __aeabi_memcpy4                          0x00000529   Thumb Code     0  rt_memcpy_w.o(.text)
    __aeabi_memcpy8                          0x00000529   Thumb Code     0  rt_memcpy_w.o(.text)
    __rt_memcpy_w                            0x00000529   Thumb Code   100  rt_memcpy_w.o(.text)
    _memcpy_lastbytes_aligned                0x00000571   Thumb Code     0  rt_memcpy_w.o(.text)
    _printf_char_common                      0x00000597   Thumb Code    32  _printf_char_common.o(.text)
    _initio                                  0x000005bd   Thumb Code   210  initio.o(.text)
    _terminateio                             0x0000068f   Thumb Code    56  initio.o(.text)
    _sys_open                                0x000006f5   Thumb Code    20  sys_io.o(.text)
    _sys_close                               0x00000709   Thumb Code    12  sys_io.o(.text)
    _sys_write                               0x00000715   Thumb Code    16  sys_io.o(.text)
    _sys_read                                0x00000725   Thumb Code    14  sys_io.o(.text)
    _sys_istty                               0x00000733   Thumb Code    12  sys_io.o(.text)
    _sys_seek                                0x0000073f   Thumb Code    14  sys_io.o(.text)
    _sys_ensure                              0x0000074d   Thumb Code     2  sys_io.o(.text)
    _sys_flen                                0x0000074f   Thumb Code    12  sys_io.o(.text)
    __user_setup_stackheap                   0x0000075b   Thumb Code    74  sys_stackheap_outer.o(.text)
    free                                     0x000007a5   Thumb Code    78  h1_free.o(.text)
    setvbuf                                  0x000007f3   Thumb Code    70  setvbuf.o(.text)
    freopen                                  0x00000839   Thumb Code   158  fopen.o(.text)
    fopen                                    0x000008d7   Thumb Code    74  fopen.o(.text)
    _fclose_internal                         0x00000925   Thumb Code    76  fclose.o(.text)
    fclose                                   0x00000925   Thumb Code     0  fclose.o(.text)
    __rt_SIGRTRED                            0x00000971   Thumb Code    14  defsig_rtred_outer.o(.text)
    __user_libspace                          0x00000981   Thumb Code     8  libspace.o(.text)
    __user_perproc_libspace                  0x00000981   Thumb Code     0  libspace.o(.text)
    __user_perthread_libspace                0x00000981   Thumb Code     0  libspace.o(.text)
    __rt_heap_descriptor                     0x00000989   Thumb Code     8  rt_heap_descriptor_intlibspace.o(.text)
    __use_no_heap                            0x00000991   Thumb Code     2  hguard.o(.text)
    __heap$guard                             0x00000993   Thumb Code     2  hguard.o(.text)
    _terminate_user_alloc                    0x00000995   Thumb Code     2  init_alloc.o(.text)
    _init_user_alloc                         0x00000997   Thumb Code     2  init_alloc.o(.text)
    __Heap_Full                              0x00000999   Thumb Code    34  init_alloc.o(.text)
    __Heap_Broken                            0x000009bb   Thumb Code     6  init_alloc.o(.text)
    _init_alloc                              0x000009c1   Thumb Code    94  init_alloc.o(.text)
    malloc                                   0x00000a1f   Thumb Code    94  h1_alloc.o(.text)
    _fseek                                   0x00000a7d   Thumb Code   242  fseek.o(.text)
    fseek                                    0x00000a7d   Thumb Code     0  fseek.o(.text)
    _seterr                                  0x00000b75   Thumb Code    20  stdio.o(.text)
    _writebuf                                0x00000b89   Thumb Code    84  stdio.o(.text)
    _fflush                                  0x00000bdd   Thumb Code    70  stdio.o(.text)
    _deferredlazyseek                        0x00000c23   Thumb Code    60  stdio.o(.text)
    __sig_exit                               0x00000c65   Thumb Code    10  defsig_exit.o(.text)
    __rt_SIGRTRED_inner                      0x00000c71   Thumb Code    14  defsig_rtred_inner.o(.text)
    strlen                                   0x00000ca5   Thumb Code    62  strlen.o(.text)
    _sys_exit                                0x00000ce5   Thumb Code     8  sys_exit.o(.text)
    __Heap_Initialize                        0x00000cf1   Thumb Code    10  h1_init.o(.text)
    __Heap_DescSize                          0x00000cfb   Thumb Code     4  h1_init.o(.text)
    __Heap_ProvideMemory                     0x00000cff   Thumb Code    52  h1_extend.o(.text)
    _ftell_internal                          0x00000d33   Thumb Code    66  ftell.o(.text)
    ftell                                    0x00000d33   Thumb Code     0  ftell.o(.text)
    __default_signal_display                 0x00000d75   Thumb Code    50  defsig_general.o(.text)
    __rt_SIGRTMEM                            0x00000da7   Thumb Code    14  defsig_rtmem_outer.o(.text)
    _ttywrch                                 0x00000db5   Thumb Code    14  sys_wrch.o(.text)
    __aeabi_errno_addr                       0x00000dc5   Thumb Code     8  rt_errno_addr_intlibspace.o(.text)
    __errno$intlibspace                      0x00000dc5   Thumb Code     0  rt_errno_addr_intlibspace.o(.text)
    __rt_errno_addr$intlibspace              0x00000dc5   Thumb Code     0  rt_errno_addr_intlibspace.o(.text)
    __rt_SIGRTMEM_inner                      0x00000dcd   Thumb Code    22  defsig_rtmem_inner.o(.text)
    SysTick_Handler                          0x00000e1d   Thumb Code    46  port.o(i.SysTick_Handler)
    SystemInit                               0x00000e51   Thumb Code   308  system_lpc17xx.o(i.SystemInit)
    fputc                                    0x00000f99   Thumb Code    50  main.o(i.fputc)
    main                                     0x00000fd1   Thumb Code    64  main.o(i.main)
    myTask1                                  0x0000102d   Thumb Code    36  main.o(i.myTask1)
    pvPortMalloc                             0x00001805   Thumb Code    98  heap_1.o(i.pvPortMalloc)
    pxPortInitialiseStack                    0x00001875   Thumb Code    30  port.o(i.pxPortInitialiseStack)
    test                                     0x00001899   Thumb Code    16  main.o(i.test)
    uxListRemove                             0x000018b9   Thumb Code    40  list.o(i.uxListRemove)
    vListInitialise                          0x000018e1   Thumb Code    26  list.o(i.vListInitialise)
    vListInitialiseItem                      0x000018fb   Thumb Code     6  list.o(i.vListInitialiseItem)
    vListInsert                              0x00001901   Thumb Code    52  list.o(i.vListInsert)
    vListInsertEnd                           0x00001935   Thumb Code    24  list.o(i.vListInsertEnd)
    vPortEnterCritical                       0x0000194d   Thumb Code    30  port.o(i.vPortEnterCritical)
    vPortExitCritical                        0x00001971   Thumb Code    28  port.o(i.vPortExitCritical)
    vPortSetupTimerInterrupt                 0x00001991   Thumb Code    20  port.o(i.vPortSetupTimerInterrupt)
    vQueueAddToRegistry                      0x000019a9   Thumb Code    38  queue.o(i.vQueueAddToRegistry)
    vQueueWaitForMessageRestricted           0x000019d5   Thumb Code    74  queue.o(i.vQueueWaitForMessageRestricted)
    vTaskDelay                               0x00001a21   Thumb Code    46  tasks.o(i.vTaskDelay)
    vTaskInternalSetTimeOutState             0x00001a55   Thumb Code    14  tasks.o(i.vTaskInternalSetTimeOutState)
    vTaskMissedYield                         0x00001a6d   Thumb Code     8  tasks.o(i.vTaskMissedYield)
    vTaskPlaceOnEventList                    0x00001a79   Thumb Code    28  tasks.o(i.vTaskPlaceOnEventList)
    vTaskPlaceOnEventListRestricted          0x00001a99   Thumb Code    36  tasks.o(i.vTaskPlaceOnEventListRestricted)
    vTaskStartScheduler                      0x00001ac1   Thumb Code    82  tasks.o(i.vTaskStartScheduler)
    vTaskSuspend                             0x00001b31   Thumb Code   140  tasks.o(i.vTaskSuspend)
    vTaskSuspendAll                          0x00001bd1   Thumb Code    12  tasks.o(i.vTaskSuspendAll)
    vTaskSwitchContext                       0x00001be1   Thumb Code    98  tasks.o(i.vTaskSwitchContext)
    xPortStartScheduler                      0x00001c59   Thumb Code    42  port.o(i.xPortStartScheduler)
    xQueueGenericCreate                      0x00001c8d   Thumb Code    56  queue.o(i.xQueueGenericCreate)
    xQueueGenericReset                       0x00001cc5   Thumb Code   122  queue.o(i.xQueueGenericReset)
    xQueueGenericSend                        0x00001d45   Thumb Code   276  queue.o(i.xQueueGenericSend)
    xQueueGenericSendFromISR                 0x00001e5d   Thumb Code   134  queue.o(i.xQueueGenericSendFromISR)
    xQueueReceive                            0x00001ee5   Thumb Code   256  queue.o(i.xQueueReceive)
    xTaskCheckForTimeOut                     0x00001fe9   Thumb Code    84  tasks.o(i.xTaskCheckForTimeOut)
    xTaskCreate                              0x00002045   Thumb Code    96  tasks.o(i.xTaskCreate)
    xTaskGetSchedulerState                   0x000020a5   Thumb Code    24  tasks.o(i.xTaskGetSchedulerState)
    xTaskGetTickCount                        0x000020c5   Thumb Code     6  tasks.o(i.xTaskGetTickCount)
    xTaskIncrementTick                       0x000020d1   Thumb Code   214  tasks.o(i.xTaskIncrementTick)
    xTaskRemoveFromEventList                 0x000021d5   Thumb Code   102  tasks.o(i.xTaskRemoveFromEventList)
    xTaskResumeAll                           0x00002255   Thumb Code   194  tasks.o(i.xTaskResumeAll)
    xTimerCreateTimerTask                    0x0000233d   Thumb Code    40  timers.o(i.xTimerCreateTimerTask)
    xTimerGenericCommand                     0x00002379   Thumb Code   102  timers.o(i.xTimerGenericCommand)
    __stdin_name                             0x000023e4   Data           4  sys_io.o(.constdata)
    __stdout_name                            0x000023e8   Data           4  sys_io.o(.constdata)
    __stderr_name                            0x000023ec   Data           4  sys_io.o(.constdata)
    Region$$Table$$Base                      0x000023f0   Number         0  anon$$obj.o(Region$$Table)
    Region$$Table$$Limit                     0x00002410   Number         0  anon$$obj.o(Region$$Table)
    pxCurrentTCB                             0x10000000   Data           4  tasks.o(.data)
    myTask1Handle                            0x1000005c   Data           4  main.o(.data)
    myTask2Handle                            0x10000060   Data           4  main.o(.data)
    myTask3Handle                            0x10000064   Data           4  main.o(.data)
    __aeabi_stdin                            0x10000068   Data           4  stdio_streams.o(.data)
    __aeabi_stdout                           0x1000006c   Data           4  stdio_streams.o(.data)
    __aeabi_stderr                           0x10000070   Data           4  stdio_streams.o(.data)
    xQueueRegistry                           0x10000074   Data          80  queue.o(.bss)
    __stdin                                  0x100045b4   Data          84  stdio_streams.o(.bss)
    __stdout                                 0x10004608   Data          84  stdio_streams.o(.bss)
    __stderr                                 0x1000465c   Data          84  stdio_streams.o(.bss)
    __libspace_start                         0x100046b0   Data          96  libspace.o(.bss)
    __temporary_stack_top$libspace           0x10004710   Data           0  libspace.o(.bss)
    Buffer_RAM2                              0x2007c000   Data        4000  user.o(.ARM.__AT_0x2007C000)



==============================================================================

Memory Map of the image

  Image Entry point : 0x000000cd

  Load Region LR_IROM1 (Base: 0x00000000, Size: 0x00002484, Max: 0x00080000, ABSOLUTE)

    Execution Region ER_IROM1 (Exec base: 0x00000000, Load base: 0x00000000, Size: 0x00002410, Max: 0x00080000, ABSOLUTE)

    Exec Addr    Load Addr    Size         Type   Attr      Idx    E Section Name        Object

    0x00000000   0x00000000   0x000000cc   Data   RO         1012    RESET               startup_lpc17xx.o
    0x000000cc   0x000000cc   0x00000008   Code   RO         1209  * !!!main             c_w.l(__main.o)
    0x000000d4   0x000000d4   0x00000034   Code   RO         1540    !!!scatter          c_w.l(__scatter.o)
    0x00000108   0x00000108   0x0000001a   Code   RO         1542    !!handler_copy      c_w.l(__scatter_copy.o)
    0x00000122   0x00000122   0x00000002   PAD
    0x00000124   0x00000124   0x0000001c   Code   RO         1544    !!handler_zi        c_w.l(__scatter_zi.o)
    0x00000140   0x00000140   0x00000000   Code   RO         1202    .ARM.Collect$$_printf_percent$$00000000  c_w.l(_printf_percent.o)
    0x00000140   0x00000140   0x00000006   Code   RO         1201    .ARM.Collect$$_printf_percent$$00000009  c_w.l(_printf_d.o)
    0x00000146   0x00000146   0x00000004   Code   RO         1220    .ARM.Collect$$_printf_percent$$00000017  c_w.l(_printf_percent_end.o)
    0x0000014a   0x0000014a   0x00000002   Code   RO         1349    .ARM.Collect$$libinit$$00000000  c_w.l(libinit.o)
    0x0000014c   0x0000014c   0x00000000   Code   RO         1351    .ARM.Collect$$libinit$$00000002  c_w.l(libinit2.o)
    0x0000014c   0x0000014c   0x00000000   Code   RO         1353    .ARM.Collect$$libinit$$00000004  c_w.l(libinit2.o)
    0x0000014c   0x0000014c   0x00000008   Code   RO         1354    .ARM.Collect$$libinit$$00000005  c_w.l(libinit2.o)
    0x00000154   0x00000154   0x00000000   Code   RO         1356    .ARM.Collect$$libinit$$0000000A  c_w.l(libinit2.o)
    0x00000154   0x00000154   0x00000000   Code   RO         1358    .ARM.Collect$$libinit$$0000000C  c_w.l(libinit2.o)
    0x00000154   0x00000154   0x00000000   Code   RO         1360    .ARM.Collect$$libinit$$0000000E  c_w.l(libinit2.o)
    0x00000154   0x00000154   0x00000000   Code   RO         1363    .ARM.Collect$$libinit$$00000011  c_w.l(libinit2.o)
    0x00000154   0x00000154   0x00000000   Code   RO         1365    .ARM.Collect$$libinit$$00000013  c_w.l(libinit2.o)
    0x00000154   0x00000154   0x00000000   Code   RO         1367    .ARM.Collect$$libinit$$00000015  c_w.l(libinit2.o)
    0x00000154   0x00000154   0x00000000   Code   RO         1369    .ARM.Collect$$libinit$$00000017  c_w.l(libinit2.o)
    0x00000154   0x00000154   0x00000000   Code   RO         1371    .ARM.Collect$$libinit$$00000019  c_w.l(libinit2.o)
    0x00000154   0x00000154   0x00000000   Code   RO         1373    .ARM.Collect$$libinit$$0000001B  c_w.l(libinit2.o)
    0x00000154   0x00000154   0x00000000   Code   RO         1375    .ARM.Collect$$libinit$$0000001D  c_w.l(libinit2.o)
    0x00000154   0x00000154   0x00000000   Code   RO         1377    .ARM.Collect$$libinit$$0000001F  c_w.l(libinit2.o)
    0x00000154   0x00000154   0x00000000   Code   RO         1379    .ARM.Collect$$libinit$$00000021  c_w.l(libinit2.o)
    0x00000154   0x00000154   0x00000000   Code   RO         1381    .ARM.Collect$$libinit$$00000023  c_w.l(libinit2.o)
    0x00000154   0x00000154   0x00000004   Code   RO         1382    .ARM.Collect$$libinit$$00000024  c_w.l(libinit2.o)
    0x00000158   0x00000158   0x00000000   Code   RO         1383    .ARM.Collect$$libinit$$00000025  c_w.l(libinit2.o)
    0x00000158   0x00000158   0x00000000   Code   RO         1387    .ARM.Collect$$libinit$$0000002C  c_w.l(libinit2.o)
    0x00000158   0x00000158   0x00000000   Code   RO         1389    .ARM.Collect$$libinit$$0000002E  c_w.l(libinit2.o)
    0x00000158   0x00000158   0x00000000   Code   RO         1391    .ARM.Collect$$libinit$$00000030  c_w.l(libinit2.o)
    0x00000158   0x00000158   0x00000000   Code   RO         1393    .ARM.Collect$$libinit$$00000032  c_w.l(libinit2.o)
    0x00000158   0x00000158   0x00000002   Code   RO         1394    .ARM.Collect$$libinit$$00000033  c_w.l(libinit2.o)
    0x0000015a   0x0000015a   0x00000002   Code   RO         1521    .ARM.Collect$$libshutdown$$00000000  c_w.l(libshutdown.o)
    0x0000015c   0x0000015c   0x00000000   Code   RO         1396    .ARM.Collect$$libshutdown$$00000002  c_w.l(libshutdown2.o)
    0x0000015c   0x0000015c   0x00000004   Code   RO         1397    .ARM.Collect$$libshutdown$$00000003  c_w.l(libshutdown2.o)
    0x00000160   0x00000160   0x00000000   Code   RO         1398    .ARM.Collect$$libshutdown$$00000004  c_w.l(libshutdown2.o)
    0x00000160   0x00000160   0x00000000   Code   RO         1401    .ARM.Collect$$libshutdown$$00000007  c_w.l(libshutdown2.o)
    0x00000160   0x00000160   0x00000000   Code   RO         1404    .ARM.Collect$$libshutdown$$0000000A  c_w.l(libshutdown2.o)
    0x00000160   0x00000160   0x00000000   Code   RO         1406    .ARM.Collect$$libshutdown$$0000000C  c_w.l(libshutdown2.o)
    0x00000160   0x00000160   0x00000000   Code   RO         1409    .ARM.Collect$$libshutdown$$0000000F  c_w.l(libshutdown2.o)
    0x00000160   0x00000160   0x00000002   Code   RO         1410    .ARM.Collect$$libshutdown$$00000010  c_w.l(libshutdown2.o)
    0x00000162   0x00000162   0x00000000   Code   RO         1211    .ARM.Collect$$rtentry$$00000000  c_w.l(__rtentry.o)
    0x00000162   0x00000162   0x00000000   Code   RO         1230    .ARM.Collect$$rtentry$$00000002  c_w.l(__rtentry2.o)
    0x00000162   0x00000162   0x00000006   Code   RO         1242    .ARM.Collect$$rtentry$$00000004  c_w.l(__rtentry4.o)
    0x00000168   0x00000168   0x00000000   Code   RO         1232    .ARM.Collect$$rtentry$$00000009  c_w.l(__rtentry2.o)
    0x00000168   0x00000168   0x00000004   Code   RO         1233    .ARM.Collect$$rtentry$$0000000A  c_w.l(__rtentry2.o)
    0x0000016c   0x0000016c   0x00000000   Code   RO         1235    .ARM.Collect$$rtentry$$0000000C  c_w.l(__rtentry2.o)
    0x0000016c   0x0000016c   0x00000008   Code   RO         1236    .ARM.Collect$$rtentry$$0000000D  c_w.l(__rtentry2.o)
    0x00000174   0x00000174   0x00000002   Code   RO         1417    .ARM.Collect$$rtexit$$00000000  c_w.l(rtexit.o)
    0x00000176   0x00000176   0x00000000   Code   RO         1467    .ARM.Collect$$rtexit$$00000002  c_w.l(rtexit2.o)
    0x00000176   0x00000176   0x00000004   Code   RO         1468    .ARM.Collect$$rtexit$$00000003  c_w.l(rtexit2.o)
    0x0000017a   0x0000017a   0x00000006   Code   RO         1469    .ARM.Collect$$rtexit$$00000004  c_w.l(rtexit2.o)
    0x00000180   0x00000180   0x00000096   Code   RO          786    .emb_text           port.o
    0x00000216   0x00000216   0x00000002   PAD
    0x00000218   0x00000218   0x00000000   Code   RO         1473    .emb_text           c_w.l(maybetermalloc1.o)
    0x00000218   0x00000218   0x00000040   Code   RO         1014    .text               startup_lpc17xx.o
    0x00000258   0x00000258   0x00000018   Code   RO         1175    .text               c_w.l(noretval__2printf.o)
    0x00000270   0x00000270   0x00000068   Code   RO         1177    .text               c_w.l(__printf.o)
    0x000002d8   0x000002d8   0x00000006   Code   RO         1207    .text               c_w.l(heapauxi.o)
    0x000002de   0x000002de   0x00000008   Code   RO         1248    .text               c_w.l(ferror.o)
    0x000002e6   0x000002e6   0x00000012   Code   RO         1334    .text               c_w.l(exit.o)
    0x000002f8   0x000002f8   0x00000002   Code   RO         1414    .text               c_w.l(use_no_semi.o)
    0x000002fa   0x000002fa   0x00000000   Code   RO         1416    .text               c_w.l(indicate_semi.o)
    0x000002fa   0x000002fa   0x00000002   Code   RO          978    i.vPortFree         heap_1.o
    0x000002fc   0x000002fc   0x00000004   Code   RO         1013    .ARM.__at_0x02FC    startup_lpc17xx.o
    0x00000300   0x00000300   0x00000078   Code   RO         1179    .text               c_w.l(_printf_dec.o)
    0x00000378   0x00000378   0x0000008a   Code   RO         1203    .text               c_w.l(rt_memcpy_v6.o)
    0x00000402   0x00000402   0x0000004e   Code   RO         1205    .text               c_w.l(rt_memclr_w.o)
    0x00000450   0x00000450   0x000000b2   Code   RO         1216    .text               c_w.l(_printf_intcommon.o)
    0x00000502   0x00000502   0x00000002   PAD
    0x00000504   0x00000504   0x00000024   Code   RO         1218    .text               c_w.l(_printf_char_file.o)
    0x00000528   0x00000528   0x00000064   Code   RO         1227    .text               c_w.l(rt_memcpy_w.o)
    0x0000058c   0x0000058c   0x00000030   Code   RO         1246    .text               c_w.l(_printf_char_common.o)
    0x000005bc   0x000005bc   0x00000138   Code   RO         1250    .text               c_w.l(initio.o)
    0x000006f4   0x000006f4   0x00000066   Code   RO         1256    .text               c_w.l(sys_io.o)
    0x0000075a   0x0000075a   0x0000004a   Code   RO         1263    .text               c_w.l(sys_stackheap_outer.o)
    0x000007a4   0x000007a4   0x0000004e   Code   RO         1267    .text               c_w.l(h1_free.o)
    0x000007f2   0x000007f2   0x00000046   Code   RO         1323    .text               c_w.l(setvbuf.o)
    0x00000838   0x00000838   0x000000ec   Code   RO         1326    .text               c_w.l(fopen.o)
    0x00000924   0x00000924   0x0000004c   Code   RO         1328    .text               c_w.l(fclose.o)
    0x00000970   0x00000970   0x0000000e   Code   RO         1340    .text               c_w.l(defsig_rtred_outer.o)
    0x0000097e   0x0000097e   0x00000002   PAD
    0x00000980   0x00000980   0x00000008   Code   RO         1411    .text               c_w.l(libspace.o)
    0x00000988   0x00000988   0x00000008   Code   RO         1424    .text               c_w.l(rt_heap_descriptor_intlibspace.o)
    0x00000990   0x00000990   0x00000004   Code   RO         1426    .text               c_w.l(hguard.o)
    0x00000994   0x00000994   0x0000008a   Code   RO         1428    .text               c_w.l(init_alloc.o)
    0x00000a1e   0x00000a1e   0x0000005e   Code   RO         1434    .text               c_w.l(h1_alloc.o)
    0x00000a7c   0x00000a7c   0x000000f8   Code   RO         1448    .text               c_w.l(fseek.o)
    0x00000b74   0x00000b74   0x000000f0   Code   RO         1450    .text               c_w.l(stdio.o)
    0x00000c64   0x00000c64   0x0000000a   Code   RO         1452    .text               c_w.l(defsig_exit.o)
    0x00000c6e   0x00000c6e   0x00000002   PAD
    0x00000c70   0x00000c70   0x00000034   Code   RO         1456    .text               c_w.l(defsig_rtred_inner.o)
    0x00000ca4   0x00000ca4   0x0000003e   Code   RO         1458    .text               c_w.l(strlen.o)
    0x00000ce2   0x00000ce2   0x00000002   PAD
    0x00000ce4   0x00000ce4   0x0000000c   Code   RO         1464    .text               c_w.l(sys_exit.o)
    0x00000cf0   0x00000cf0   0x0000000e   Code   RO         1475    .text               c_w.l(h1_init.o)
    0x00000cfe   0x00000cfe   0x00000034   Code   RO         1477    .text               c_w.l(h1_extend.o)
    0x00000d32   0x00000d32   0x00000042   Code   RO         1483    .text               c_w.l(ftell.o)
    0x00000d74   0x00000d74   0x00000032   Code   RO         1487    .text               c_w.l(defsig_general.o)
    0x00000da6   0x00000da6   0x0000000e   Code   RO         1489    .text               c_w.l(defsig_rtmem_outer.o)
    0x00000db4   0x00000db4   0x0000000e   Code   RO         1502    .text               c_w.l(sys_wrch.o)
    0x00000dc2   0x00000dc2   0x00000002   PAD
    0x00000dc4   0x00000dc4   0x00000008   Code   RO         1509    .text               c_w.l(rt_errno_addr_intlibspace.o)
    0x00000dcc   0x00000dcc   0x00000050   Code   RO         1515    .text               c_w.l(defsig_rtmem_inner.o)
    0x00000e1c   0x00000e1c   0x00000034   Code   RO          787    i.SysTick_Handler   port.o
    0x00000e50   0x00000e50   0x00000148   Code   RO         1023    i.SystemInit        system_lpc17xx.o
    0x00000f98   0x00000f98   0x00000038   Code   RO         1067    i.fputc             main.o
    0x00000fd0   0x00000fd0   0x0000005c   Code   RO         1068    i.main              main.o
    0x0000102c   0x0000102c   0x00000044   Code   RO         1069    i.myTask1           main.o
    0x00001070   0x00001070   0x0000007c   Code   RO          477    i.prvAddCurrentTaskToDelayedList  tasks.o
    0x000010ec   0x000010ec   0x000000b0   Code   RO          478    i.prvAddNewTaskToReadyList  tasks.o
    0x0000119c   0x0000119c   0x00000064   Code   RO          859    i.prvCheckForValidListAndQueue  timers.o
    0x00001200   0x00001200   0x00000048   Code   RO          479    i.prvCheckTasksWaitingTermination  tasks.o
    0x00001248   0x00001248   0x0000002a   Code   RO          177    i.prvCopyDataFromQueue  queue.o
    0x00001272   0x00001272   0x0000006a   Code   RO          178    i.prvCopyDataToQueue  queue.o
    0x000012dc   0x000012dc   0x00000012   Code   RO          480    i.prvDeleteTCB      tasks.o
    0x000012ee   0x000012ee   0x00000002   PAD
    0x000012f0   0x000012f0   0x00000028   Code   RO          860    i.prvGetNextExpireTime  timers.o
    0x00001318   0x00001318   0x00000028   Code   RO          481    i.prvIdleTask       tasks.o
    0x00001340   0x00001340   0x00000026   Code   RO          179    i.prvInitialiseNewQueue  queue.o
    0x00001366   0x00001366   0x00000094   Code   RO          482    i.prvInitialiseNewTask  tasks.o
    0x000013fa   0x000013fa   0x00000002   PAD
    0x000013fc   0x000013fc   0x00000068   Code   RO          483    i.prvInitialiseTaskLists  tasks.o
    0x00001464   0x00001464   0x00000058   Code   RO          862    i.prvInsertTimerInActiveList  timers.o
    0x000014bc   0x000014bc   0x0000001a   Code   RO          180    i.prvIsQueueEmpty   queue.o
    0x000014d6   0x000014d6   0x0000001e   Code   RO          181    i.prvIsQueueFull    queue.o
    0x000014f4   0x000014f4   0x0000004c   Code   RO          863    i.prvProcessExpiredTimer  timers.o
    0x00001540   0x00001540   0x000000bc   Code   RO          864    i.prvProcessReceivedCommands  timers.o
    0x000015fc   0x000015fc   0x00000074   Code   RO          865    i.prvProcessTimerOrBlockTask  timers.o
    0x00001670   0x00001670   0x00000034   Code   RO          484    i.prvResetNextTaskUnblockTime  tasks.o
    0x000016a4   0x000016a4   0x0000002c   Code   RO          866    i.prvSampleTimeNow  timers.o
    0x000016d0   0x000016d0   0x00000084   Code   RO          867    i.prvSwitchTimerLists  timers.o
    0x00001754   0x00001754   0x00000016   Code   RO          788    i.prvTaskExitError  port.o
    0x0000176a   0x0000176a   0x0000001a   Code   RO          868    i.prvTimerTask      timers.o
    0x00001784   0x00001784   0x0000007e   Code   RO          182    i.prvUnlockQueue    queue.o
    0x00001802   0x00001802   0x00000002   PAD
    0x00001804   0x00001804   0x00000070   Code   RO          977    i.pvPortMalloc      heap_1.o
    0x00001874   0x00001874   0x00000024   Code   RO          789    i.pxPortInitialiseStack  port.o
    0x00001898   0x00001898   0x00000020   Code   RO         1070    i.test              main.o
    0x000018b8   0x000018b8   0x00000028   Code   RO          137    i.uxListRemove      list.o
    0x000018e0   0x000018e0   0x0000001a   Code   RO          138    i.vListInitialise   list.o
    0x000018fa   0x000018fa   0x00000006   Code   RO          139    i.vListInitialiseItem  list.o
    0x00001900   0x00001900   0x00000034   Code   RO          140    i.vListInsert       list.o
    0x00001934   0x00001934   0x00000018   Code   RO          141    i.vListInsertEnd    list.o
    0x0000194c   0x0000194c   0x00000024   Code   RO          791    i.vPortEnterCritical  port.o
    0x00001970   0x00001970   0x00000020   Code   RO          792    i.vPortExitCritical  port.o
    0x00001990   0x00001990   0x00000018   Code   RO          793    i.vPortSetupTimerInterrupt  port.o
    0x000019a8   0x000019a8   0x0000002c   Code   RO          186    i.vQueueAddToRegistry  queue.o
    0x000019d4   0x000019d4   0x0000004a   Code   RO          189    i.vQueueWaitForMessageRestricted  queue.o
    0x00001a1e   0x00001a1e   0x00000002   PAD
    0x00001a20   0x00001a20   0x00000034   Code   RO          492    i.vTaskDelay        tasks.o
    0x00001a54   0x00001a54   0x00000018   Code   RO          496    i.vTaskInternalSetTimeOutState  tasks.o
    0x00001a6c   0x00001a6c   0x0000000c   Code   RO          497    i.vTaskMissedYield  tasks.o
    0x00001a78   0x00001a78   0x00000020   Code   RO          499    i.vTaskPlaceOnEventList  tasks.o
    0x00001a98   0x00001a98   0x00000028   Code   RO          500    i.vTaskPlaceOnEventListRestricted  tasks.o
    0x00001ac0   0x00001ac0   0x00000070   Code   RO          507    i.vTaskStartScheduler  tasks.o
    0x00001b30   0x00001b30   0x000000a0   Code   RO          508    i.vTaskSuspend      tasks.o
    0x00001bd0   0x00001bd0   0x00000010   Code   RO          509    i.vTaskSuspendAll   tasks.o
    0x00001be0   0x00001be0   0x00000078   Code   RO          510    i.vTaskSwitchContext  tasks.o
    0x00001c58   0x00001c58   0x00000034   Code   RO          794    i.xPortStartScheduler  port.o
    0x00001c8c   0x00001c8c   0x00000038   Code   RO          190    i.xQueueGenericCreate  queue.o
    0x00001cc4   0x00001cc4   0x00000080   Code   RO          191    i.xQueueGenericReset  queue.o
    0x00001d44   0x00001d44   0x00000118   Code   RO          192    i.xQueueGenericSend  queue.o
    0x00001e5c   0x00001e5c   0x00000086   Code   RO          193    i.xQueueGenericSendFromISR  queue.o
    0x00001ee2   0x00001ee2   0x00000002   PAD
    0x00001ee4   0x00001ee4   0x00000104   Code   RO          199    i.xQueueReceive     queue.o
    0x00001fe8   0x00001fe8   0x0000005c   Code   RO          511    i.xTaskCheckForTimeOut  tasks.o
    0x00002044   0x00002044   0x00000060   Code   RO          512    i.xTaskCreate       tasks.o
    0x000020a4   0x000020a4   0x00000020   Code   RO          516    i.xTaskGetSchedulerState  tasks.o
    0x000020c4   0x000020c4   0x0000000c   Code   RO          517    i.xTaskGetTickCount  tasks.o
    0x000020d0   0x000020d0   0x00000104   Code   RO          519    i.xTaskIncrementTick  tasks.o
    0x000021d4   0x000021d4   0x00000080   Code   RO          522    i.xTaskRemoveFromEventList  tasks.o
    0x00002254   0x00002254   0x000000e8   Code   RO          523    i.xTaskResumeAll    tasks.o
    0x0000233c   0x0000233c   0x0000003c   Code   RO          872    i.xTimerCreateTimerTask  timers.o
    0x00002378   0x00002378   0x0000006c   Code   RO          873    i.xTimerGenericCommand  timers.o
    0x000023e4   0x000023e4   0x00000004   Data   RO         1257    .constdata          c_w.l(sys_io.o)
    0x000023e8   0x000023e8   0x00000004   Data   RO         1258    .constdata          c_w.l(sys_io.o)
    0x000023ec   0x000023ec   0x00000004   Data   RO         1259    .constdata          c_w.l(sys_io.o)
    0x000023f0   0x000023f0   0x00000020   Data   RO         1538    Region$$Table       anon$$obj.o


    Execution Region RW_IRAM1 (Exec base: 0x10000000, Load base: 0x00002410, Size: 0x00004d10, Max: 0x00008000, ABSOLUTE)

    Exec Addr    Load Addr    Size         Type   Attr      Idx    E Section Name        Object

    0x10000000   0x00002410   0x0000003c   Data   RW          526    .data               tasks.o
    0x1000003c   0x0000244c   0x00000004   Data   RW          795    .data               port.o
    0x10000040   0x00002450   0x00000014   Data   RW          879    .data               timers.o
    0x10000054   0x00002464   0x00000008   Data   RW          982    .data               heap_1.o
    0x1000005c   0x0000246c   0x0000000c   Data   RW         1071    .data               main.o
    0x10000068   0x00002478   0x00000004   Data   RW         1224    .data               c_w.l(stdio_streams.o)
    0x1000006c   0x0000247c   0x00000004   Data   RW         1225    .data               c_w.l(stdio_streams.o)
    0x10000070   0x00002480   0x00000004   Data   RW         1226    .data               c_w.l(stdio_streams.o)
    0x10000074        -       0x00000050   Zero   RW          202    .bss                queue.o
    0x100000c4        -       0x000000c8   Zero   RW          525    .bss                tasks.o
    0x1000018c        -       0x00000028   Zero   RW          878    .bss                timers.o
    0x100001b4        -       0x00004400   Zero   RW          981    .bss                heap_1.o
    0x100045b4        -       0x00000054   Zero   RW         1221    .bss                c_w.l(stdio_streams.o)
    0x10004608        -       0x00000054   Zero   RW         1222    .bss                c_w.l(stdio_streams.o)
    0x1000465c        -       0x00000054   Zero   RW         1223    .bss                c_w.l(stdio_streams.o)
    0x100046b0        -       0x00000060   Zero   RW         1412    .bss                c_w.l(libspace.o)
    0x10004710        -       0x00000200   Zero   RW         1011    HEAP                startup_lpc17xx.o
    0x10004910        -       0x00000400   Zero   RW         1010    STACK               startup_lpc17xx.o



  Load Region LR$$.ARM.__AT_0x2007C000 (Base: 0x2007c000, Size: 0x00000000, Max: 0x00000fa0, ABSOLUTE)

    Execution Region ER$$.ARM.__AT_0x2007C000 (Exec base: 0x2007c000, Load base: 0x2007c000, Size: 0x00000fa0, Max: 0x00000fa0, ABSOLUTE, UNINIT)

    Exec Addr    Load Addr    Size         Type   Attr      Idx    E Section Name        Object

    0x2007c000        -       0x00000fa0   Zero   RW         1149    .ARM.__AT_0x2007C000  user.o


==============================================================================

Image component sizes


      Code (inc. data)   RO Data    RW Data    ZI Data      Debug   Object Name

         0          0          0          0          0      13976   croutine.o
         0          0          0          0          0      11140   event_groups.o
       114         14          0          8      17408       1887   heap_1.o
       148          0          0          0          0       3010   list.o
       248         82          0         12          0      27903   main.o
       404         48          0          4          0       8180   port.o
      1344         20          0          0         80      13578   queue.o
        68         30        204          0       1536        936   startup_lpc17xx.o
       328         20          0          0          0      17213   system_lpc17xx.o
      2154        352          0         60        200      25371   tasks.o
       978        116          0         20         40       8083   timers.o
         0          0          0          0       4000        526   user.o

    ----------------------------------------------------------------------
      5798        682        236        104      23264     131803   Object Totals
         0          0         32          0          0          0   (incl. Generated)
        12          0          0          0          0          0   (incl. Padding)

    ----------------------------------------------------------------------

      Code (inc. data)   RO Data    RW Data    ZI Data      Debug   Library Member Name

         8          0          0          0          0         68   __main.o
       104          0          0          0          0         84   __printf.o
         0          0          0          0          0          0   __rtentry.o
        12          0          0          0          0          0   __rtentry2.o
         6          0          0          0          0          0   __rtentry4.o
        52          8          0          0          0          0   __scatter.o
        26          0          0          0          0          0   __scatter_copy.o
        28          0          0          0          0          0   __scatter_zi.o
        48          6          0          0          0         96   _printf_char_common.o
        36          4          0          0          0         80   _printf_char_file.o
         6          0          0          0          0          0   _printf_d.o
       120         16          0          0          0         92   _printf_dec.o
       178          0          0          0          0         88   _printf_intcommon.o
         0          0          0          0          0          0   _printf_percent.o
         4          0          0          0          0          0   _printf_percent_end.o
        10          0          0          0          0         68   defsig_exit.o
        50          0          0          0          0         88   defsig_general.o
        80         58          0          0          0         76   defsig_rtmem_inner.o
        14          0          0          0          0         80   defsig_rtmem_outer.o
        52         38          0          0          0         76   defsig_rtred_inner.o
        14          0          0          0          0         80   defsig_rtred_outer.o
        18          0          0          0          0         80   exit.o
        76          0          0          0          0         88   fclose.o
         8          0          0          0          0         68   ferror.o
       236          4          0          0          0        128   fopen.o
       248          6          0          0          0         84   fseek.o
        66          0          0          0          0         76   ftell.o
        94          0          0          0          0         80   h1_alloc.o
        52          0          0          0          0         68   h1_extend.o
        78          0          0          0          0         80   h1_free.o
        14          0          0          0          0         84   h1_init.o
         6          0          0          0          0        152   heapauxi.o
         4          0          0          0          0        136   hguard.o
         0          0          0          0          0          0   indicate_semi.o
       138          0          0          0          0        168   init_alloc.o
       312         46          0          0          0        112   initio.o
         2          0          0          0          0          0   libinit.o
        14          0          0          0          0          0   libinit2.o
         2          0          0          0          0          0   libshutdown.o
         6          0          0          0          0          0   libshutdown2.o
         8          4          0          0         96         68   libspace.o
         0          0          0          0          0          0   maybetermalloc1.o
        24          4          0          0          0         84   noretval__2printf.o
         8          4          0          0          0         68   rt_errno_addr_intlibspace.o
         8          4          0          0          0         68   rt_heap_descriptor_intlibspace.o
        78          0          0          0          0         80   rt_memclr_w.o
       138          0          0          0          0         68   rt_memcpy_v6.o
       100          0          0          0          0         80   rt_memcpy_w.o
         2          0          0          0          0          0   rtexit.o
        10          0          0          0          0          0   rtexit2.o
        70          0          0          0          0         80   setvbuf.o
       240          6          0          0          0        156   stdio.o
         0          0          0         12        252          0   stdio_streams.o
        62          0          0          0          0         76   strlen.o
        12          4          0          0          0         68   sys_exit.o
       102          0         12          0          0        240   sys_io.o
        74          0          0          0          0         80   sys_stackheap_outer.o
        14          0          0          0          0         76   sys_wrch.o
         2          0          0          0          0         68   use_no_semi.o

    ----------------------------------------------------------------------
      3186        212         12         12        348       3740   Library Totals
        12          0          0          0          0          0   (incl. Padding)

    ----------------------------------------------------------------------

      Code (inc. data)   RO Data    RW Data    ZI Data      Debug   Library Name

      3174        212         12         12        348       3740   c_w.l

    ----------------------------------------------------------------------
      3186        212         12         12        348       3740   Library Totals

    ----------------------------------------------------------------------

==============================================================================


      Code (inc. data)   RO Data    RW Data    ZI Data      Debug   

      8984        894        248        116      23612     130235   Grand Totals
      8984        894        248        116      23612     130235   ELF Image Totals
      8984        894        248        116          0          0   ROM Totals

==============================================================================

    Total RO  Size (Code + RO Data)                 9232 (   9.02kB)
    Total RW  Size (RW Data + ZI Data)             23728 (  23.17kB)
    Total ROM Size (Code + RO Data + RW Data)       9348 (   9.13kB)

==============================================================================

