Component: ARM Compiler 5.06 update 5 (build 528) Tool: armlink [4d35e2]

==============================================================================

Section Cross References

    startup_lpc17xx.o(STACK) refers (Special) to heapauxi.o(.text) for __use_two_region_memory
    startup_lpc17xx.o(HEAP) refers (Special) to heapauxi.o(.text) for __use_two_region_memory
    startup_lpc17xx.o(RESET) refers (Special) to heapauxi.o(.text) for __use_two_region_memory
    startup_lpc17xx.o(RESET) refers to startup_lpc17xx.o(STACK) for __initial_sp
    startup_lpc17xx.o(RESET) refers to startup_lpc17xx.o(.text) for Reset_Handler
    startup_lpc17xx.o(RESET) refers to usbh_ohci_lpc17xx.o(i.USB_IRQHandler) for USB_IRQHandler
    startup_lpc17xx.o(.ARM.__at_0x02FC) refers (Special) to heapauxi.o(.text) for __use_two_region_memory
    startup_lpc17xx.o(.text) refers (Special) to heapauxi.o(.text) for __use_two_region_memory
    startup_lpc17xx.o(.text) refers to system_lpc17xx.o(i.SystemInit) for SystemInit
    startup_lpc17xx.o(.text) refers to __main.o(!!!main) for __main
    startup_lpc17xx.o(.text) refers to startup_lpc17xx.o(HEAP) for Heap_Mem
    startup_lpc17xx.o(.text) refers to startup_lpc17xx.o(STACK) for Stack_Mem
    system_lpc17xx.o(i.SystemCoreClockUpdate) refers to lludivv7m.o(.text) for __aeabi_uldivmod
    system_lpc17xx.o(i.SystemCoreClockUpdate) refers to system_lpc17xx.o(.data) for SystemCoreClock
    main.o(i.InitUart1_9600) refers to main.o(i.DeInitUart1) for DeInitUart1
    main.o(i.UART_putString) refers to main.o(i.UART_putChar) for UART_putChar
    file_config.o(i.fs_config) refers to file_config.o(.bss) for .bss
    file_config.o(i.fs_config) refers to fs_usbh_msc.o(.constdata) for usb0_drv
    file_config.o(.constdata) refers to file_config.o(.bss) for usb0_vol
    fs_usbh_msc.o(i.DeviceCtrl) refers to usbh_core.o(i.usbh_engine) for usbh_engine
    fs_usbh_msc.o(i.DeviceCtrl) refers to usbh_msc.o(i.usbh_msc_status) for usbh_msc_status
    fs_usbh_msc.o(i.DeviceCtrl) refers to fs_usbh_msc.o(.data) for media_ok
    fs_usbh_msc.o(i.Init) refers to usbh_core.o(i.usbh_init) for usbh_init
    fs_usbh_msc.o(i.Init) refers to usbh_core.o(i.usbh_engine) for usbh_engine
    fs_usbh_msc.o(i.Init) refers to usbh_msc.o(i.usbh_msc_status) for usbh_msc_status
    fs_usbh_msc.o(i.Init) refers to fs_usbh_msc.o(i.Delay) for Delay
    fs_usbh_msc.o(i.Init) refers to fs_usbh_msc.o(.data) for media_ok
    fs_usbh_msc.o(i.ReadInfo) refers to usbh_msc.o(i.usbh_msc_read_config) for usbh_msc_read_config
    fs_usbh_msc.o(i.ReadSector) refers to usbh_msc.o(i.usbh_msc_read) for usbh_msc_read
    fs_usbh_msc.o(i.UnInit) refers to usbh_core.o(i.usbh_uninit) for usbh_uninit
    fs_usbh_msc.o(i.WriteSector) refers to usbh_msc.o(i.usbh_msc_write) for usbh_msc_write
    fs_usbh_msc.o(.constdata) refers to fs_usbh_msc.o(i.Init) for Init
    fs_usbh_msc.o(.constdata) refers to fs_usbh_msc.o(i.UnInit) for UnInit
    fs_usbh_msc.o(.constdata) refers to fs_usbh_msc.o(i.ReadSector) for ReadSector
    fs_usbh_msc.o(.constdata) refers to fs_usbh_msc.o(i.WriteSector) for WriteSector
    fs_usbh_msc.o(.constdata) refers to fs_usbh_msc.o(i.ReadInfo) for ReadInfo
    fs_usbh_msc.o(.constdata) refers to fs_usbh_msc.o(i.DeviceCtrl) for DeviceCtrl
    usb_config.o(.data) refers to usbh_ohci.o(.data) for usbh0_hcd_ohci
    usb_config.o(.data) refers to usbh_ohci_lpc17xx.o(.data) for usbh0_hwd_ohci
    usb_config.o(.data) refers to usbh_msc.o(.data) for usbh_dcd_msc
    usb_config.o(.data) refers to usb_config.o(.bss) for usbh_dci_msc
    usbh_ohci_lpc17xx.o(i.USB_IRQHandler) refers to usbh_ohci.o(i.USBH_OHCI_IRQHandler) for USBH_OHCI_IRQHandler
    usbh_ohci_lpc17xx.o(i.usbh_ohci_hw_init) refers to usbh_core.o(i.usbh_mem_init) for usbh_mem_init
    usbh_ohci_lpc17xx.o(i.usbh_ohci_hw_init) refers to usbh_ohci_lpc17xx.o(.ARM.__AT_0x20080140) for usbh_ohci_mpool
    usbh_ohci_lpc17xx.o(.data) refers to usbh_ohci_lpc17xx.o(.ARM.__AT_0x20080000) for usbh_ohci_hcca
    usbh_ohci_lpc17xx.o(.data) refers to usbh_ohci_lpc17xx.o(.ARM.__AT_0x20080100) for usbh_ohci_ed
    usbh_ohci_lpc17xx.o(.data) refers to usbh_ohci_lpc17xx.o(.ARM.__AT_0x20080130) for usbh_ohci_td
    usbh_ohci_lpc17xx.o(.data) refers to usbh_ohci_lpc17xx.o(i.usbh_ohci_hw_get_capabilities) for usbh_ohci_hw_get_capabilities
    usbh_ohci_lpc17xx.o(.data) refers to usbh_ohci_lpc17xx.o(i.usbh_ohci_hw_delay_ms) for usbh_ohci_hw_delay_ms
    usbh_ohci_lpc17xx.o(.data) refers to usbh_ohci_lpc17xx.o(i.usbh_ohci_hw_reg_wr) for usbh_ohci_hw_reg_wr
    usbh_ohci_lpc17xx.o(.data) refers to usbh_ohci_lpc17xx.o(i.usbh_ohci_hw_reg_rd) for usbh_ohci_hw_reg_rd
    usbh_ohci_lpc17xx.o(.data) refers to usbh_ohci_lpc17xx.o(i.usbh_ohci_hw_pins_config) for usbh_ohci_hw_pins_config
    usbh_ohci_lpc17xx.o(.data) refers to usbh_ohci_lpc17xx.o(i.usbh_ohci_hw_init) for usbh_ohci_hw_init
    usbh_ohci_lpc17xx.o(.data) refers to usbh_ohci_lpc17xx.o(i.usbh_ohci_hw_port_power) for usbh_ohci_hw_port_power
[...]
    usbh_ohci.o(i.USBH_OHCI_EP_Remove) refers to usbh_ohci.o(i.USBH_OHCI_ED_Stop) for USBH_OHCI_ED_Stop
    usbh_ohci.o(i.USBH_OHCI_EP_Remove) refers to usbh_ohci.o(i.USBH_OHCI_Delay_ms) for USBH_OHCI_Delay_ms
    usbh_ohci.o(i.USBH_OHCI_EP_Remove) refers to usbh_ohci.o(i.USBH_OHCI_TDURB_FindTD) for USBH_OHCI_TDURB_FindTD
    usbh_ohci.o(i.USBH_OHCI_EP_Remove) refers to usbh_ohci.o(i.USBH_OHCI_TDURB_Clear) for USBH_OHCI_TDURB_Clear
    usbh_ohci.o(i.USBH_OHCI_EP_Remove) refers to usbh_ohci.o(i.USBH_OHCI_TD_Clear) for USBH_OHCI_TD_Clear
    usbh_ohci.o(i.USBH_OHCI_EP_Remove) refers to usbh_ohci.o(i.USBH_OHCI_ED_Clear) for USBH_OHCI_ED_Clear
    usbh_ohci.o(i.USBH_OHCI_EP_Remove) refers to usbh_ohci.o(.data) for .data
    usbh_ohci.o(i.USBH_OHCI_EP_Remove) refers to usb_config.o(.data) for usbh_hwd_ohci_ptr
    usbh_ohci.o(i.USBH_OHCI_EP_Remove) refers to usbh_ohci.o(.constdata) for .constdata
    usbh_ohci.o(i.USBH_OHCI_Get_Capabilities) refers to usb_config.o(.data) for usbh_hwd_ohci_ptr
    usbh_ohci.o(i.USBH_OHCI_Get_Connect) refers to usbh_ohci.o(i.USBH_OHCI_Delay_ms) for USBH_OHCI_Delay_ms
    usbh_ohci.o(i.USBH_OHCI_Get_Connect) refers to usb_config.o(.data) for usbh_hwd_ohci_ptr
    usbh_ohci.o(i.USBH_OHCI_Get_Connect) refers to usbh_ohci.o(.data) for .data
    usbh_ohci.o(i.USBH_OHCI_Get_Speed) refers to usbh_ohci.o(.data) for .data
    usbh_ohci.o(i.USBH_OHCI_IRQHandler) refers to usbh_ohci.o(i.USBH_OHCI_TDURB_FindTD) for USBH_OHCI_TDURB_FindTD
    usbh_ohci.o(i.USBH_OHCI_IRQHandler) refers to usbh_ohci.o(i.USBH_OHCI_URB_Cancel) for USBH_OHCI_URB_Cancel
    usbh_ohci.o(i.USBH_OHCI_IRQHandler) refers to rt_memclr.o(.text) for __aeabi_memclr
    usbh_ohci.o(i.USBH_OHCI_IRQHandler) refers to usb_config.o(.data) for usbh_hwd_ohci_ptr
    usbh_ohci.o(i.USBH_OHCI_IRQHandler) refers to usbh_ohci.o(.data) for .data
    usbh_ohci.o(i.USBH_OHCI_Init) refers to rt_memclr_w.o(.text) for __aeabi_memclr4
    usbh_ohci.o(i.USBH_OHCI_Init) refers to usbh_ohci.o(i.USBH_OHCI_ED_Clear) for USBH_OHCI_ED_Clear
    usbh_ohci.o(i.USBH_OHCI_Init) refers to usbh_ohci.o(i.USBH_OHCI_TD_Clear) for USBH_OHCI_TD_Clear
    usbh_ohci.o(i.USBH_OHCI_Init) refers to rt_memclr.o(.text) for __aeabi_memclr
    usbh_ohci.o(i.USBH_OHCI_Init) refers to usb_config.o(.data) for usbh_hwd_ohci_ptr
    usbh_ohci.o(i.USBH_OHCI_Pins_Config) refers to usb_config.o(.data) for usbh_hwd_ohci_ptr
    usbh_ohci.o(i.USBH_OHCI_Port_Power) refers to usb_config.o(.data) for usbh_hwd_ohci_ptr
    usbh_ohci.o(i.USBH_OHCI_Port_Reset) refers to usbh_ohci.o(i.USBH_OHCI_Delay_ms) for USBH_OHCI_Delay_ms
    usbh_ohci.o(i.USBH_OHCI_Port_Reset) refers to usb_config.o(.data) for usbh_hwd_ohci_ptr
    usbh_ohci.o(i.USBH_OHCI_TDURB_FindTD) refers to usb_config.o(.data) for usbh_hwd_ohci_ptr
    usbh_ohci.o(i.USBH_OHCI_TDURB_FindURB) refers to usb_config.o(.data) for usbh_hwd_ohci_ptr
    usbh_ohci.o(i.USBH_OHCI_TDURB_GetFree) refers to usb_config.o(.data) for usbh_hwd_ohci_ptr
    usbh_ohci.o(i.USBH_OHCI_TD_Clear) refers to rt_memclr.o(.text) for __aeabi_memclr
    usbh_ohci.o(i.USBH_OHCI_TD_Dequeue) refers to usbh_ohci.o(i.USBH_OHCI_TD_Clear) for USBH_OHCI_TD_Clear
    usbh_ohci.o(i.USBH_OHCI_TD_Dequeue) refers to usb_config.o(.data) for usbh_hwd_ohci_ptr
    usbh_ohci.o(i.USBH_OHCI_TD_Enqueue) refers to usb_config.o(.data) for usbh_hwd_ohci_ptr
    usbh_ohci.o(i.USBH_OHCI_URB_Cancel) refers to usbh_ohci.o(i.USBH_OHCI_ED_Stop) for USBH_OHCI_ED_Stop
    usbh_ohci.o(i.USBH_OHCI_URB_Cancel) refers to usbh_ohci.o(i.USBH_OHCI_TDURB_FindURB) for USBH_OHCI_TDURB_FindURB
    usbh_ohci.o(i.USBH_OHCI_URB_Cancel) refers to usbh_ohci.o(i.USBH_OHCI_TD_Dequeue) for USBH_OHCI_TD_Dequeue
    usbh_ohci.o(i.USBH_OHCI_URB_Cancel) refers to usbh_ohci.o(i.USBH_OHCI_TDURB_Clear) for USBH_OHCI_TDURB_Clear
    usbh_ohci.o(i.USBH_OHCI_URB_Cancel) refers to usbh_ohci.o(i.USBH_OHCI_ED_Start) for USBH_OHCI_ED_Start
    usbh_ohci.o(i.USBH_OHCI_URB_Submit) refers to usbh_ohci.o(i.USBH_OHCI_Delay_ms) for USBH_OHCI_Delay_ms
    usbh_ohci.o(i.USBH_OHCI_URB_Submit) refers to usbh_ohci.o(i.USBH_OHCI_TD_Enqueue) for USBH_OHCI_TD_Enqueue
    usbh_ohci.o(i.USBH_OHCI_URB_Submit) refers to usbh_ohci.o(i.USBH_OHCI_TDURB_GetFree) for USBH_OHCI_TDURB_GetFree
    usbh_ohci.o(i.USBH_OHCI_URB_Submit) refers to usbh_ohci.o(i.USBH_OHCI_ED_Start) for USBH_OHCI_ED_Start
    usbh_ohci.o(i.USBH_OHCI_URB_Submit) refers to usbh_ohci.o(.data) for .data
    usbh_ohci.o(.data) refers to usbh_ohci.o(i.USBH_OHCI_Get_Capabilities) for USBH_OHCI_Get_Capabilities
    usbh_ohci.o(.data) refers to usbh_ohci.o(i.USBH_OHCI_Delay_ms) for USBH_OHCI_Delay_ms
    usbh_ohci.o(.data) refers to usbh_ohci.o(i.USBH_OHCI_Pins_Config) for USBH_OHCI_Pins_Config
    usbh_ohci.o(.data) refers to usbh_ohci.o(i.USBH_OHCI_Init) for USBH_OHCI_Init
    usbh_ohci.o(.data) refers to usbh_ohci.o(i.USBH_OHCI_Port_Power) for USBH_OHCI_Port_Power
    usbh_ohci.o(.data) refers to usbh_ohci.o(i.USBH_OHCI_Port_Reset) for USBH_OHCI_Port_Reset
    usbh_ohci.o(.data) refers to usbh_ohci.o(i.USBH_OHCI_Get_Connect) for USBH_OHCI_Get_Connect
    usbh_ohci.o(.data) refers to usbh_ohci.o(i.USBH_OHCI_Get_Speed) for USBH_OHCI_Get_Speed
    usbh_ohci.o(.data) refers to usbh_ohci.o(i.USBH_OHCI_EP_Add) for USBH_OHCI_EP_Add
    usbh_ohci.o(.data) refers to usbh_ohci.o(i.USBH_OHCI_EP_Config) for USBH_OHCI_EP_Config
    usbh_ohci.o(.data) refers to usbh_ohci.o(i.USBH_OHCI_EP_Remove) for USBH_OHCI_EP_Remove
    usbh_ohci.o(.data) refers to usbh_ohci.o(i.USBH_OHCI_URB_Submit) for USBH_OHCI_URB_Submit
    usbh_ohci.o(.data) refers to usbh_ohci.o(i.USBH_OHCI_URB_Cancel) for USBH_OHCI_URB_Cancel
    usbh_mem.o(i.usbh_mem_alloc_lib) refers to usbh_mem.o(.data) for .data
    usbh_mem.o(i.usbh_mem_free_lib) refers to usbh_mem.o(.data) for .data
    usbh_mem.o(i.usbh_mem_init_lib) refers to rt_memclr_w.o(.text) for __aeabi_memclr4
    usbh_mem.o(i.usbh_mem_init_lib) refers to usbh_mem.o(.data) for .data
    rt_memcpy_v6.o(.text) refers to rt_memcpy_w.o(.text) for __aeabi_memcpy4
    rt_memclr.o(.text) refers to rt_memclr_w.o(.text) for _memset_w
    __main.o(!!!main) refers to __rtentry.o(.ARM.Collect$$rtentry$$00000000) for __rt_entry
    __rtentry.o(.ARM.Collect$$rtentry$$00000000) refers (Special) to __rtentry2.o(.ARM.Collect$$rtentry$$0000000A) for __rt_entry_li
    __rtentry.o(.ARM.Collect$$rtentry$$00000000) refers (Special) to __rtentry2.o(.ARM.Collect$$rtentry$$0000000D) for __rt_entry_main
    __rtentry.o(.ARM.Collect$$rtentry$$00000000) refers (Special) to __rtentry2.o(.ARM.Collect$$rtentry$$0000000C) for __rt_entry_postli_1
    __rtentry.o(.ARM.Collect$$rtentry$$00000000) refers (Special) to __rtentry2.o(.ARM.Collect$$rtentry$$00000009) for __rt_entry_postsh_1
    __rtentry.o(.ARM.Collect$$rtentry$$00000000) refers (Special) to __rtentry2.o(.ARM.Collect$$rtentry$$00000002) for __rt_entry_presh_1
    __rtentry.o(.ARM.Collect$$rtentry$$00000000) refers (Special) to __rtentry4.o(.ARM.Collect$$rtentry$$00000004) for __rt_entry_sh
    aeabi_ldiv0_sigfpe.o(.text) refers to rt_div0.o(.text) for __rt_div0
    __rtentry2.o(.ARM.Collect$$rtentry$$00000008) refers to boardinit2.o(.text) for _platform_post_stackheap_init
    __rtentry2.o(.ARM.Collect$$rtentry$$0000000A) refers to libinit.o(.ARM.Collect$$libinit$$00000000) for __rt_lib_init
    __rtentry2.o(.ARM.Collect$$rtentry$$0000000B) refers to boardinit3.o(.text) for _platform_post_lib_init
    __rtentry2.o(.ARM.Collect$$rtentry$$0000000D) refers to main.o(i.main) for main
    __rtentry2.o(.ARM.Collect$$rtentry$$0000000D) refers to exit.o(.text) for exit
    __rtentry2.o(.ARM.exidx) refers to __rtentry2.o(.ARM.Collect$$rtentry$$00000001) for .ARM.Collect$$rtentry$$00000001
    __rtentry2.o(.ARM.exidx) refers to __rtentry2.o(.ARM.Collect$$rtentry$$00000008) for .ARM.Collect$$rtentry$$00000008
    __rtentry2.o(.ARM.exidx) refers to __rtentry2.o(.ARM.Collect$$rtentry$$0000000A) for .ARM.Collect$$rtentry$$0000000A
    __rtentry2.o(.ARM.exidx) refers to __rtentry2.o(.ARM.Collect$$rtentry$$0000000B) for .ARM.Collect$$rtentry$$0000000B
    __rtentry2.o(.ARM.exidx) refers to __rtentry2.o(.ARM.Collect$$rtentry$$0000000D) for .ARM.Collect$$rtentry$$0000000D
    __rtentry4.o(.ARM.Collect$$rtentry$$00000004) refers to sys_stackheap_outer.o(.text) for __user_setup_stackheap
    __rtentry4.o(.ARM.exidx) refers to __rtentry4.o(.ARM.Collect$$rtentry$$00000004) for .ARM.Collect$$rtentry$$00000004
    rt_div0.o(.text) refers to defsig_fpe_outer.o(.text) for __rt_SIGFPE
    sys_stackheap_outer.o(.text) refers to libspace.o(.text) for __user_perproc_libspace
    sys_stackheap_outer.o(.text) refers to startup_lpc17xx.o(.text) for __user_initial_stackheap
    exit.o(.text) refers to rtexit.o(.ARM.Collect$$rtexit$$00000000) for __rt_exit
    defsig_fpe_outer.o(.text) refers to defsig_fpe_inner.o(.text) for __rt_SIGFPE_inner
    defsig_fpe_outer.o(.text) refers to defsig_exit.o(.text) for __sig_exit
    defsig_fpe_formal.o(.text) refers to rt_raise.o(.text) for __rt_raise
    libinit.o(.ARM.Collect$$libinit$$00000000) refers (Special) to libinit2.o(.ARM.Collect$$libinit$$0000002E) for __rt_lib_init_alloca_1
    libinit.o(.ARM.Collect$$libinit$$00000000) refers (Special) to libinit2.o(.ARM.Collect$$libinit$$0000002C) for __rt_lib_init_argv_1
    libinit.o(.ARM.Collect$$libinit$$00000000) refers (Special) to libinit2.o(.ARM.Collect$$libinit$$0000001B) for __rt_lib_init_atexit_1
    libinit.o(.ARM.Collect$$libinit$$00000000) refers (Special) to libinit2.o(.ARM.Collect$$libinit$$00000021) for __rt_lib_init_clock_1
    libinit.o(.ARM.Collect$$libinit$$00000000) refers (Special) to libinit2.o(.ARM.Collect$$libinit$$00000032) for __rt_lib_init_cpp_1
    libinit.o(.ARM.Collect$$libinit$$00000000) refers (Special) to libinit2.o(.ARM.Collect$$libinit$$00000030) for __rt_lib_init_exceptions_1
    libinit.o(.ARM.Collect$$libinit$$00000000) refers (Special) to libinit2.o(.ARM.Collect$$libinit$$00000002) for __rt_lib_init_fp_1
    libinit.o(.ARM.Collect$$libinit$$00000000) refers (Special) to libinit2.o(.ARM.Collect$$libinit$$0000001F) for __rt_lib_init_fp_trap_1
    libinit.o(.ARM.Collect$$libinit$$00000000) refers (Special) to libinit2.o(.ARM.Collect$$libinit$$00000023) for __rt_lib_init_getenv_1
    libinit.o(.ARM.Collect$$libinit$$00000000) refers (Special) to libinit2.o(.ARM.Collect$$libinit$$0000000A) for __rt_lib_init_heap_1
    libinit.o(.ARM.Collect$$libinit$$00000000) refers (Special) to libinit2.o(.ARM.Collect$$libinit$$00000011) for __rt_lib_init_lc_collate_1
    libinit.o(.ARM.Collect$$libinit$$00000000) refers (Special) to libinit2.o(.ARM.Collect$$libinit$$00000013) for __rt_lib_init_lc_ctype_1
    libinit.o(.ARM.Collect$$libinit$$00000000) refers (Special) to libinit2.o(.ARM.Collect$$libinit$$00000015) for __rt_lib_init_lc_monetary_1
    libinit.o(.ARM.Collect$$libinit$$00000000) refers (Special) to libinit2.o(.ARM.Collect$$libinit$$00000017) for __rt_lib_init_lc_numeric_1
    libinit.o(.ARM.Collect$$libinit$$00000000) refers (Special) to libinit2.o(.ARM.Collect$$libinit$$00000019) for __rt_lib_init_lc_time_1
    libinit.o(.ARM.Collect$$libinit$$00000000) refers (Special) to libinit2.o(.ARM.Collect$$libinit$$00000004) for __rt_lib_init_preinit_1
    libinit.o(.ARM.Collect$$libinit$$00000000) refers (Special) to libinit2.o(.ARM.Collect$$libinit$$0000000E) for __rt_lib_init_rand_1
    libinit.o(.ARM.Collect$$libinit$$00000000) refers (Special) to libinit2.o(.ARM.Collect$$libinit$$00000033) for __rt_lib_init_return
    libinit.o(.ARM.Collect$$libinit$$00000000) refers (Special) to libinit2.o(.ARM.Collect$$libinit$$0000001D) for __rt_lib_init_signal_1
    libinit.o(.ARM.Collect$$libinit$$00000000) refers (Special) to libinit2.o(.ARM.Collect$$libinit$$00000025) for __rt_lib_init_stdio_1
    libinit.o(.ARM.Collect$$libinit$$00000000) refers (Special) to libinit2.o(.ARM.Collect$$libinit$$0000000C) for __rt_lib_init_user_alloc_1
    libspace.o(.text) refers to libspace.o(.bss) for __libspace_start
    rtexit.o(.ARM.Collect$$rtexit$$00000000) refers (Special) to rtexit2.o(.ARM.Collect$$rtexit$$00000004) for __rt_exit_exit
    rtexit.o(.ARM.Collect$$rtexit$$00000000) refers (Special) to rtexit2.o(.ARM.Collect$$rtexit$$00000003) for __rt_exit_ls
    rtexit.o(.ARM.Collect$$rtexit$$00000000) refers (Special) to rtexit2.o(.ARM.Collect$$rtexit$$00000002) for __rt_exit_prels_1
    rtexit.o(.ARM.exidx) refers (Special) to rtexit2.o(.ARM.Collect$$rtexit$$00000004) for __rt_exit_exit
    rtexit.o(.ARM.exidx) refers (Special) to rtexit2.o(.ARM.Collect$$rtexit$$00000003) for __rt_exit_ls
    rtexit.o(.ARM.exidx) refers (Special) to rtexit2.o(.ARM.Collect$$rtexit$$00000002) for __rt_exit_prels_1
    rtexit.o(.ARM.exidx) refers to rtexit.o(.ARM.Collect$$rtexit$$00000000) for .ARM.Collect$$rtexit$$00000000
    rt_raise.o(.text) refers to __raise.o(.text) for __raise
    rt_raise.o(.text) refers to sys_exit.o(.text) for _sys_exit
    defsig_exit.o(.text) refers to sys_exit.o(.text) for _sys_exit
    defsig_fpe_inner.o(.text) refers to defsig_general.o(.text) for __default_signal_display
    libinit2.o(.ARM.Collect$$libinit$$00000010) refers to libinit2.o(.ARM.Collect$$libinit$$0000000F) for .ARM.Collect$$libinit$$0000000F
    libinit2.o(.ARM.Collect$$libinit$$00000012) refers to libinit2.o(.ARM.Collect$$libinit$$0000000F) for .ARM.Collect$$libinit$$0000000F
    libinit2.o(.ARM.Collect$$libinit$$00000014) refers to libinit2.o(.ARM.Collect$$libinit$$0000000F) for .ARM.Collect$$libinit$$0000000F
    libinit2.o(.ARM.Collect$$libinit$$00000016) refers to libinit2.o(.ARM.Collect$$libinit$$0000000F) for .ARM.Collect$$libinit$$0000000F
    libinit2.o(.ARM.Collect$$libinit$$00000018) refers to libinit2.o(.ARM.Collect$$libinit$$0000000F) for .ARM.Collect$$libinit$$0000000F
    libinit2.o(.ARM.Collect$$libinit$$00000026) refers to argv_veneer.o(.emb_text) for __ARM_argv_veneer
    libinit2.o(.ARM.Collect$$libinit$$00000027) refers to argv_veneer.o(.emb_text) for __ARM_argv_veneer
    sys_exit.o(.text) refers (Special) to use_no_semi.o(.text) for __I$use$semihosting
    sys_exit.o(.text) refers (Special) to indicate_semi.o(.text) for __semihosting_library_function
    rtexit2.o(.ARM.Collect$$rtexit$$00000003) refers to libshutdown.o(.ARM.Collect$$libshutdown$$00000000) for __rt_lib_shutdown
    rtexit2.o(.ARM.Collect$$rtexit$$00000004) refers to sys_exit.o(.text) for _sys_exit
    rtexit2.o(.ARM.exidx) refers to rtexit2.o(.ARM.Collect$$rtexit$$00000001) for .ARM.Collect$$rtexit$$00000001
    rtexit2.o(.ARM.exidx) refers to rtexit2.o(.ARM.Collect$$rtexit$$00000003) for .ARM.Collect$$rtexit$$00000003
    rtexit2.o(.ARM.exidx) refers to rtexit2.o(.ARM.Collect$$rtexit$$00000004) for .ARM.Collect$$rtexit$$00000004
    __raise.o(.text) refers to defsig.o(CL$$defsig) for __default_signal_handler
    defsig_general.o(.text) refers to sys_wrch.o(.text) for _ttywrch
    argv_veneer.o(.emb_text) refers to no_argv.o(.text) for __ARM_get_argv
    sys_wrch.o(.text) refers (Special) to use_no_semi.o(.text) for __I$use$semihosting
    sys_wrch.o(.text) refers (Special) to indicate_semi.o(.text) for __semihosting_library_function
    defsig.o(CL$$defsig) refers to defsig_fpe_inner.o(.text) for __rt_SIGFPE_inner
    defsig.o(CL$$defsig) refers to defsig_rtmem_inner.o(.text) for __rt_SIGRTMEM_inner
    _get_argv_nomalloc.o(.text) refers (Special) to hrguard.o(.text) for __heap_region$guard
    _get_argv_nomalloc.o(.text) refers to defsig_rtmem_outer.o(.text) for __rt_SIGRTMEM
    _get_argv_nomalloc.o(.text) refers to sys_command.o(.text) for _sys_command_string
    libshutdown.o(.ARM.Collect$$libshutdown$$00000000) refers (Special) to libshutdown2.o(.ARM.Collect$$libshutdown$$00000002) for __rt_lib_shutdown_cpp_1
    libshutdown.o(.ARM.Collect$$libshutdown$$00000000) refers (Special) to libshutdown2.o(.ARM.Collect$$libshutdown$$00000007) for __rt_lib_shutdown_fp_trap_1
    libshutdown.o(.ARM.Collect$$libshutdown$$00000000) refers (Special) to libshutdown2.o(.ARM.Collect$$libshutdown$$0000000F) for __rt_lib_shutdown_heap_1
    libshutdown.o(.ARM.Collect$$libshutdown$$00000000) refers (Special) to libshutdown2.o(.ARM.Collect$$libshutdown$$00000010) for __rt_lib_shutdown_return
    libshutdown.o(.ARM.Collect$$libshutdown$$00000000) refers (Special) to libshutdown2.o(.ARM.Collect$$libshutdown$$0000000A) for __rt_lib_shutdown_signal_1
    libshutdown.o(.ARM.Collect$$libshutdown$$00000000) refers (Special) to libshutdown2.o(.ARM.Collect$$libshutdown$$00000004) for __rt_lib_shutdown_stdio_1
    libshutdown.o(.ARM.Collect$$libshutdown$$00000000) refers (Special) to libshutdown2.o(.ARM.Collect$$libshutdown$$0000000C) for __rt_lib_shutdown_user_alloc_1
    sys_command.o(.text) refers (Special) to use_no_semi.o(.text) for __I$use$semihosting
    sys_command.o(.text) refers (Special) to indicate_semi.o(.text) for __semihosting_library_function
    defsig_abrt_inner.o(.text) refers to defsig_general.o(.text) for __default_signal_display
    defsig_rtred_inner.o(.text) refers to defsig_general.o(.text) for __default_signal_display
    defsig_rtmem_inner.o(.text) refers to defsig_general.o(.text) for __default_signal_display
    defsig_rtmem_outer.o(.text) refers to defsig_rtmem_inner.o(.text) for __rt_SIGRTMEM_inner
    defsig_rtmem_outer.o(.text) refers to defsig_exit.o(.text) for __sig_exit
    defsig_rtmem_formal.o(.text) refers to rt_raise.o(.text) for __rt_raise
    defsig_stak_inner.o(.text) refers to defsig_general.o(.text) for __default_signal_display
    defsig_pvfn_inner.o(.text) refers to defsig_general.o(.text) for __default_signal_display
    defsig_cppl_inner.o(.text) refers to defsig_general.o(.text) for __default_signal_display
    defsig_segv_inner.o(.text) refers to defsig_general.o(.text) for __default_signal_display
    defsig_other.o(.text) refers to defsig_general.o(.text) for __default_signal_display
    usbh_mem.o(.ARM.RL_ARM1) refers to usbh_mem.o(.ARM.RL_ARM2) for .ARM.RL_ARM2
    usbh_mem.o(.ARM.RL_ARM2) refers to usbh_mem.o(.ARM.RL_ARM3) for .ARM.RL_ARM3
    usbh_mem.o(.ARM.RL_ARM3) refers to usbh_mem.o(.ARM.RL_ARM4) for .ARM.RL_ARM4
    usbh_mem.o(.ARM.RL_ARM4) refers to usbh_mem.o(.ARM.RL_ARM5) for .ARM.RL_ARM5
    usbh_mem.o(.ARM.RL_ARM5) refers to usbh_mem.o(.ARM.RL_ARM6) for .ARM.RL_ARM6
    usbh_mem.o(.ARM.RL_ARM6) refers to usbh_mem.o(.ARM.RL_ARM1) for .ARM.RL_ARM1


==============================================================================

Removing Unused input sections from the image.

    Removing system_lpc17xx.o(.rev16_text), (4 bytes).
    Removing system_lpc17xx.o(.revsh_text), (4 bytes).
    Removing system_lpc17xx.o(i.SystemCoreClockUpdate), (424 bytes).
    Removing system_lpc17xx.o(.data), (4 bytes).
    Removing main.o(.rev16_text), (4 bytes).
    Removing main.o(.revsh_text), (4 bytes).
    Removing main.o(i.DeInitUart1), (48 bytes).
    Removing main.o(i.InitUart1_9600), (80 bytes).
    Removing main.o(i.SER_getChar), (24 bytes).
    Removing main.o(i.UART_putChar), (24 bytes).
    Removing main.o(i.UART_putString), (22 bytes).
    Removing main.o(.bss), (160 bytes).
    Removing file_config.o(i.efs_analyse), (4 bytes).
    Removing file_config.o(i.efs_check), (4 bytes).
    Removing file_config.o(i.efs_create), (4 bytes).
    Removing file_config.o(i.efs_defrag), (4 bytes).
    Removing file_config.o(i.efs_delete), (4 bytes).
    Removing file_config.o(i.efs_ensure), (4 bytes).
    Removing file_config.o(i.efs_ffind), (4 bytes).
    Removing file_config.o(i.efs_find), (4 bytes).
    Removing file_config.o(i.efs_format), (4 bytes).
    Removing file_config.o(i.efs_free), (4 bytes).
    Removing file_config.o(i.efs_fsize), (2 bytes).
    Removing file_config.o(i.efs_read), (4 bytes).
    Removing file_config.o(i.efs_rename), (4 bytes).
    Removing file_config.o(i.efs_seek), (4 bytes).
    Removing file_config.o(i.efs_wclose), (4 bytes).
    Removing file_config.o(i.efs_write), (4 bytes).
    Removing file_config.o(i.elink_cmd), (4 bytes).
    Removing file_config.o(i.elink_delete), (4 bytes).
    Removing file_config.o(i.elink_flush), (4 bytes).
    Removing file_config.o(i.elink_init), (4 bytes).
    Removing file_config.o(i.elink_init_path), (4 bytes).
    Removing file_config.o(i.elink_insert), (4 bytes).
    Removing file_config.o(i.elink_scan), (4 bytes).
    Removing file_config.o(i.fat_jour_init), (4 bytes).
    Removing file_config.o(i.fat_jour_prep), (4 bytes).
    Removing file_config.o(i.fs_config), (32 bytes).
    Removing file_config.o(i.fsj_init), (4 bytes).
    Removing file_config.o(i.fsj_set_space), (4 bytes).
    Removing file_config.o(i.fsj_write), (4 bytes).
    Removing file_config.o(.bss), (5524 bytes).
    Removing file_config.o(.constdata), (24 bytes).
    Removing fs_usbh_msc.o(i.Delay), (16 bytes).
    Removing fs_usbh_msc.o(i.DeviceCtrl), (52 bytes).
    Removing fs_usbh_msc.o(i.Init), (76 bytes).
    Removing fs_usbh_msc.o(i.ReadInfo), (34 bytes).
    Removing fs_usbh_msc.o(i.ReadSector), (26 bytes).
    Removing fs_usbh_msc.o(i.UnInit), (26 bytes).
    Removing fs_usbh_msc.o(i.WriteSector), (26 bytes).
    Removing fs_usbh_msc.o(.constdata), (24 bytes).
    Removing fs_usbh_msc.o(.data), (1 bytes).
    Removing usbh_ohci_lpc17xx.o(.rev16_text), (4 bytes).
    Removing usbh_ohci_lpc17xx.o(.revsh_text), (4 bytes).
    Removing usbh_core.o(.emb_text), (0 bytes).
    Removing usbh_core.o(i.USBH_ClearFeature), (82 bytes).
    Removing usbh_core.o(i.USBH_EP0_SetAddress), (76 bytes).
    Removing usbh_core.o(i.USBH_EP0_SetMaxPacketSize), (80 bytes).
    Removing usbh_core.o(i.USBH_EP0_Setup), (104 bytes).
    Removing usbh_core.o(i.USBH_EnumerateDevice), (516 bytes).
    Removing usbh_core.o(i.USBH_GetClassDriverIdx), (44 bytes).
    Removing usbh_core.o(i.USBH_GetConfiguration), (94 bytes).
    Removing usbh_core.o(i.USBH_GetDescriptor), (116 bytes).
    Removing usbh_core.o(i.USBH_GetInterface), (94 bytes).
    Removing usbh_core.o(i.USBH_GetLastError), (36 bytes).
    Removing usbh_core.o(i.USBH_GetStatus), (98 bytes).
    Removing usbh_core.o(i.USBH_SetAddress), (70 bytes).
    Removing usbh_core.o(i.USBH_SetConfiguration), (70 bytes).
    Removing usbh_core.o(i.USBH_SetDescriptor), (112 bytes).
    Removing usbh_core.o(i.USBH_SetFeature), (82 bytes).
    Removing usbh_core.o(i.USBH_SetInterface), (72 bytes).
    Removing usbh_core.o(i.USBH_SyncFrame), (94 bytes).
    Removing usbh_core.o(i.USBH_UninitDevices), (496 bytes).
    Removing usbh_core.o(i.usbh_engine), (336 bytes).
    Removing usbh_core.o(i.usbh_engine_all), (36 bytes).
    Removing usbh_core.o(i.usbh_get_error_string), (768 bytes).
    Removing usbh_core.o(i.usbh_get_last_error), (20 bytes).
    Removing usbh_core.o(i.usbh_init), (104 bytes).
    Removing usbh_core.o(i.usbh_init_all), (36 bytes).
    Removing usbh_core.o(i.usbh_uninit), (108 bytes).
    Removing usbh_core.o(i.usbh_uninit_all), (36 bytes).
    Removing usbh_msc.o(i.USBH_MSC_ClearSTALL), (10 bytes).
    Removing usbh_msc.o(i.USBH_MSC_Read10), (440 bytes).
    Removing usbh_msc.o(i.USBH_MSC_Write10), (424 bytes).
    Removing usbh_msc.o(i.usbh_msc_get_last_error), (36 bytes).
    Removing usbh_msc.o(i.usbh_msc_read), (60 bytes).
    Removing usbh_msc.o(i.usbh_msc_read_config), (148 bytes).
    Removing usbh_msc.o(i.usbh_msc_status), (80 bytes).
    Removing usbh_msc.o(i.usbh_msc_write), (60 bytes).
    Removing usbh_mem.o(.ARM.RL_ARM1), (82 bytes).
    Removing usbh_mem.o(.ARM.RL_ARM2), (76 bytes).
    Removing usbh_mem.o(.ARM.RL_ARM3), (45 bytes).
    Removing usbh_mem.o(.ARM.RL_ARM4), (65 bytes).
    Removing usbh_mem.o(.ARM.RL_ARM5), (82 bytes).
    Removing usbh_mem.o(.ARM.RL_ARM6), (77 bytes).

95 unused section(s) (total 12246 bytes) removed from the image.

==============================================================================

Image Symbol Table

    Local Symbols

    Symbol Name                              Value     Ov Type        Size  Object(Section)

    RESET                                    0x00000000   Section      204  startup_lpc17xx.o(RESET)
    ../clib/angel/boardlib.s                 0x00000000   Number         0  boardinit1.o ABSOLUTE
    ../clib/angel/boardlib.s                 0x00000000   Number         0  boardinit2.o ABSOLUTE
    ../clib/angel/boardlib.s                 0x00000000   Number         0  boardinit3.o ABSOLUTE
    ../clib/angel/boardlib.s                 0x00000000   Number         0  boardshut.o ABSOLUTE
    ../clib/angel/handlers.s                 0x00000000   Number         0  __scatter_zi.o ABSOLUTE
    ../clib/angel/handlers.s                 0x00000000   Number         0  __scatter_copy.o ABSOLUTE
    ../clib/angel/kernel.s                   0x00000000   Number         0  __rtentry2.o ABSOLUTE
    ../clib/angel/kernel.s                   0x00000000   Number         0  __rtentry4.o ABSOLUTE
    ../clib/angel/kernel.s                   0x00000000   Number         0  rtexit.o ABSOLUTE
    ../clib/angel/kernel.s                   0x00000000   Number         0  __rtentry.o ABSOLUTE
    ../clib/angel/kernel.s                   0x00000000   Number         0  rtexit2.o ABSOLUTE
    ../clib/angel/rt.s                       0x00000000   Number         0  aeabi_ldiv0_sigfpe.o ABSOLUTE
    ../clib/angel/rt.s                       0x00000000   Number         0  rt_div0.o ABSOLUTE
    ../clib/angel/rt.s                       0x00000000   Number         0  aeabi_ldiv0.o ABSOLUTE
    ../clib/angel/rt.s                       0x00000000   Number         0  rt_raise.o ABSOLUTE
    ../clib/angel/scatter.s                  0x00000000   Number         0  __scatter.o ABSOLUTE
    ../clib/angel/startup.s                  0x00000000   Number         0  __main.o ABSOLUTE
    ../clib/angel/sys.s                      0x00000000   Number         0  sys_stackheap_outer.o ABSOLUTE
    ../clib/angel/sys.s                      0x00000000   Number         0  libspace.o ABSOLUTE
    ../clib/angel/sys.s                      0x00000000   Number         0  indicate_semi.o ABSOLUTE
    ../clib/angel/sys.s                      0x00000000   Number         0  use_no_semi.o ABSOLUTE
    ../clib/angel/sysapp.c                   0x00000000   Number         0  sys_wrch.o ABSOLUTE
    ../clib/angel/sysapp.c                   0x00000000   Number         0  sys_exit.o ABSOLUTE
    ../clib/angel/sysapp.c                   0x00000000   Number         0  sys_command.o ABSOLUTE
    ../clib/armsys.c                         0x00000000   Number         0  _get_argv_nomalloc.o ABSOLUTE
    ../clib/armsys.c                         0x00000000   Number         0  argv_veneer.o ABSOLUTE
    ../clib/armsys.c                         0x00000000   Number         0  argv_veneer.o ABSOLUTE
    ../clib/armsys.c                         0x00000000   Number         0  no_argv.o ABSOLUTE
    ../clib/heapalloc.c                      0x00000000   Number         0  hrguard.o ABSOLUTE
    ../clib/heapaux.c                        0x00000000   Number         0  heapauxi.o ABSOLUTE
    ../clib/libinit.s                        0x00000000   Number         0  libinit2.o ABSOLUTE
    ../clib/libinit.s                        0x00000000   Number         0  libshutdown2.o ABSOLUTE
    ../clib/libinit.s                        0x00000000   Number         0  libshutdown.o ABSOLUTE
    ../clib/libinit.s                        0x00000000   Number         0  libinit.o ABSOLUTE
    ../clib/longlong.s                       0x00000000   Number         0  lludivv7m.o ABSOLUTE
    ../clib/memcpset.s                       0x00000000   Number         0  rt_memclr.o ABSOLUTE
    ../clib/memcpset.s                       0x00000000   Number         0  rt_memclr_w.o ABSOLUTE
    ../clib/memcpset.s                       0x00000000   Number         0  rt_memcpy_w.o ABSOLUTE
    ../clib/memcpset.s                       0x00000000   Number         0  rt_memcpy_v6.o ABSOLUTE
    ../clib/signal.c                         0x00000000   Number         0  defsig_other.o ABSOLUTE
    ../clib/signal.c                         0x00000000   Number         0  defsig_general.o ABSOLUTE
    ../clib/signal.c                         0x00000000   Number         0  defsig_rtmem_inner.o ABSOLUTE
    ../clib/signal.c                         0x00000000   Number         0  defsig_segv_inner.o ABSOLUTE
    ../clib/signal.c                         0x00000000   Number         0  defsig_rtmem_formal.o ABSOLUTE
    ../clib/signal.c                         0x00000000   Number         0  defsig_fpe_outer.o ABSOLUTE
    ../clib/signal.c                         0x00000000   Number         0  defsig_fpe_formal.o ABSOLUTE
    ../clib/signal.c                         0x00000000   Number         0  defsig_rtred_inner.o ABSOLUTE
    ../clib/signal.c                         0x00000000   Number         0  defsig_abrt_inner.o ABSOLUTE
    ../clib/signal.c                         0x00000000   Number         0  defsig_exit.o ABSOLUTE
    ../clib/signal.c                         0x00000000   Number         0  defsig_cppl_inner.o ABSOLUTE
    ../clib/signal.c                         0x00000000   Number         0  defsig_pvfn_inner.o ABSOLUTE
    ../clib/signal.c                         0x00000000   Number         0  defsig_stak_inner.o ABSOLUTE
    ../clib/signal.c                         0x00000000   Number         0  __raise.o ABSOLUTE
    ../clib/signal.c                         0x00000000   Number         0  defsig_fpe_inner.o ABSOLUTE
    ../clib/signal.c                         0x00000000   Number         0  defsig_rtmem_outer.o ABSOLUTE
    ../clib/signal.s                         0x00000000   Number         0  defsig.o ABSOLUTE
    ../clib/stdlib.c                         0x00000000   Number         0  exit.o ABSOLUTE
    ../fplib/fpinit.s                        0x00000000   Number         0  fpinit.o ABSOLUTE
    Lib\\src\\system_LPC17xx.c               0x00000000   Number         0  system_lpc17xx.o ABSOLUTE
    Lib\\src\\usbh_ohci_lpc17xx.c            0x00000000   Number         0  usbh_ohci_lpc17xx.o ABSOLUTE
    Lib\src\File_Config.c                    0x00000000   Number         0  file_config.o ABSOLUTE
    Lib\src\fs_usbh_msc.c                    0x00000000   Number         0  fs_usbh_msc.o ABSOLUTE
    Lib\src\system_LPC17xx.c                 0x00000000   Number         0  system_lpc17xx.o ABSOLUTE
    Lib\src\usb_config.c                     0x00000000   Number         0  usb_config.o ABSOLUTE
    Lib\src\usbh_ohci_lpc17xx.c              0x00000000   Number         0  usbh_ohci_lpc17xx.o ABSOLUTE
    RL_ARM.s                                 0x00000000   Number         0  usbh_mem.o ABSOLUTE
    RL_ARM.s                                 0x00000000   Number         0  usbh_core.o ABSOLUTE
    RL_ARM.s                                 0x00000000   Number         0  usbh_msc.o ABSOLUTE
    RL_ARM.s                                 0x00000000   Number         0  usbh_ohci.o ABSOLUTE
    SRC\\usbh_core.c                         0x00000000   Number         0  usbh_core.o ABSOLUTE
    SRC\usbh_core.c                          0x00000000   Number         0  usbh_core.o ABSOLUTE
    SRC\usbh_mem.c                           0x00000000   Number         0  usbh_mem.o ABSOLUTE
    SRC\usbh_msc.c                           0x00000000   Number         0  usbh_msc.o ABSOLUTE
    SRC\usbh_ohci.c                          0x00000000   Number         0  usbh_ohci.o ABSOLUTE
    Src\\main.c                              0x00000000   Number         0  main.o ABSOLUTE
    Src\main.c                               0x00000000   Number         0  main.o ABSOLUTE
    dc.s                                     0x00000000   Number         0  dc.o ABSOLUTE
    startup_LPC17xx.s                        0x00000000   Number         0  startup_lpc17xx.o ABSOLUTE
    !!!main                                  0x000000cc   Section        8  __main.o(!!!main)
    !!!scatter                               0x000000d4   Section       52  __scatter.o(!!!scatter)
    !!handler_copy                           0x00000108   Section       26  __scatter_copy.o(!!handler_copy)
    !!handler_zi                             0x00000124   Section       28  __scatter_zi.o(!!handler_zi)
    .ARM.Collect$$libinit$$00000000          0x00000140   Section        2  libinit.o(.ARM.Collect$$libinit$$00000000)
    .ARM.Collect$$libinit$$00000002          0x00000142   Section        0  libinit2.o(.ARM.Collect$$libinit$$00000002)
    .ARM.Collect$$libinit$$00000004          0x00000142   Section        0  libinit2.o(.ARM.Collect$$libinit$$00000004)
    .ARM.Collect$$libinit$$0000000A          0x00000142   Section        0  libinit2.o(.ARM.Collect$$libinit$$0000000A)
    .ARM.Collect$$libinit$$0000000C          0x00000142   Section        0  libinit2.o(.ARM.Collect$$libinit$$0000000C)
    .ARM.Collect$$libinit$$0000000E          0x00000142   Section        0  libinit2.o(.ARM.Collect$$libinit$$0000000E)
    .ARM.Collect$$libinit$$00000011          0x00000142   Section        0  libinit2.o(.ARM.Collect$$libinit$$00000011)
    .ARM.Collect$$libinit$$00000013          0x00000142   Section        0  libinit2.o(.ARM.Collect$$libinit$$00000013)
    .ARM.Collect$$libinit$$00000015          0x00000142   Section        0  libinit2.o(.ARM.Collect$$libinit$$00000015)
    .ARM.Collect$$libinit$$00000017          0x00000142   Section        0  libinit2.o(.ARM.Collect$$libinit$$00000017)
    .ARM.Collect$$libinit$$00000019          0x00000142   Section        0  libinit2.o(.ARM.Collect$$libinit$$00000019)
    .ARM.Collect$$libinit$$0000001B          0x00000142   Section        0  libinit2.o(.ARM.Collect$$libinit$$0000001B)
    .ARM.Collect$$libinit$$0000001D          0x00000142   Section        0  libinit2.o(.ARM.Collect$$libinit$$0000001D)
    .ARM.Collect$$libinit$$0000001F          0x00000142   Section        0  libinit2.o(.ARM.Collect$$libinit$$0000001F)
    .ARM.Collect$$libinit$$00000021          0x00000142   Section        0  libinit2.o(.ARM.Collect$$libinit$$00000021)
    .ARM.Collect$$libinit$$00000023          0x00000142   Section        0  libinit2.o(.ARM.Collect$$libinit$$00000023)
    .ARM.Collect$$libinit$$00000025          0x00000142   Section        0  libinit2.o(.ARM.Collect$$libinit$$00000025)
    .ARM.Collect$$libinit$$0000002C          0x00000142   Section        0  libinit2.o(.ARM.Collect$$libinit$$0000002C)
    .ARM.Collect$$libinit$$0000002E          0x00000142   Section        0  libinit2.o(.ARM.Collect$$libinit$$0000002E)
    .ARM.Collect$$libinit$$00000030          0x00000142   Section        0  libinit2.o(.ARM.Collect$$libinit$$00000030)
    .ARM.Collect$$libinit$$00000032          0x00000142   Section        0  libinit2.o(.ARM.Collect$$libinit$$00000032)
    .ARM.Collect$$libinit$$00000033          0x00000142   Section        2  libinit2.o(.ARM.Collect$$libinit$$00000033)
    .ARM.Collect$$libshutdown$$00000000      0x00000144   Section        2  libshutdown.o(.ARM.Collect$$libshutdown$$00000000)
    .ARM.Collect$$libshutdown$$00000002      0x00000146   Section        0  libshutdown2.o(.ARM.Collect$$libshutdown$$00000002)
    .ARM.Collect$$libshutdown$$00000004      0x00000146   Section        0  libshutdown2.o(.ARM.Collect$$libshutdown$$00000004)
    .ARM.Collect$$libshutdown$$00000007      0x00000146   Section        0  libshutdown2.o(.ARM.Collect$$libshutdown$$00000007)
    .ARM.Collect$$libshutdown$$0000000A      0x00000146   Section        0  libshutdown2.o(.ARM.Collect$$libshutdown$$0000000A)
    .ARM.Collect$$libshutdown$$0000000C      0x00000146   Section        0  libshutdown2.o(.ARM.Collect$$libshutdown$$0000000C)
    .ARM.Collect$$libshutdown$$0000000F      0x00000146   Section        0  libshutdown2.o(.ARM.Collect$$libshutdown$$0000000F)
    .ARM.Collect$$libshutdown$$00000010      0x00000146   Section        2  libshutdown2.o(.ARM.Collect$$libshutdown$$00000010)
    .ARM.Collect$$rtentry$$00000000          0x00000148   Section        0  __rtentry.o(.ARM.Collect$$rtentry$$00000000)
    .ARM.Collect$$rtentry$$00000002          0x00000148   Section        0  __rtentry2.o(.ARM.Collect$$rtentry$$00000002)
    .ARM.Collect$$rtentry$$00000004          0x00000148   Section        6  __rtentry4.o(.ARM.Collect$$rtentry$$00000004)
    .ARM.Collect$$rtentry$$00000009          0x0000014e   Section        0  __rtentry2.o(.ARM.Collect$$rtentry$$00000009)
    .ARM.Collect$$rtentry$$0000000A          0x0000014e   Section        4  __rtentry2.o(.ARM.Collect$$rtentry$$0000000A)
    .ARM.Collect$$rtentry$$0000000C          0x00000152   Section        0  __rtentry2.o(.ARM.Collect$$rtentry$$0000000C)
    .ARM.Collect$$rtentry$$0000000D          0x00000152   Section        8  __rtentry2.o(.ARM.Collect$$rtentry$$0000000D)
    .ARM.Collect$$rtexit$$00000000           0x0000015a   Section        2  rtexit.o(.ARM.Collect$$rtexit$$00000000)
    .ARM.Collect$$rtexit$$00000002           0x0000015c   Section        0  rtexit2.o(.ARM.Collect$$rtexit$$00000002)
    .ARM.Collect$$rtexit$$00000003           0x0000015c   Section        4  rtexit2.o(.ARM.Collect$$rtexit$$00000003)
    .ARM.Collect$$rtexit$$00000004           0x00000160   Section        6  rtexit2.o(.ARM.Collect$$rtexit$$00000004)
    .text                                    0x00000168   Section       60  startup_lpc17xx.o(.text)
    .text                                    0x000001a4   Section       68  rt_memclr.o(.text)
    .text                                    0x000001e8   Section       78  rt_memclr_w.o(.text)
    .text                                    0x00000236   Section        0  heapauxi.o(.text)
    .text                                    0x0000023c   Section       74  sys_stackheap_outer.o(.text)
    .text                                    0x00000286   Section        0  exit.o(.text)
    .text                                    0x00000298   Section        8  libspace.o(.text)
    .text                                    0x000002a0   Section        0  sys_exit.o(.text)
    .text                                    0x000002ac   Section        2  use_no_semi.o(.text)
    .text                                    0x000002ae   Section        0  indicate_semi.o(.text)
    i.USBH_MSC_GetLastError                  0x000002b0   Section        0  usbh_msc.o(i.USBH_MSC_GetLastError)
    USBH_MSC_GetLastError                    0x000002b1   Thumb Code    40  usbh_msc.o(i.USBH_MSC_GetLastError)
    i.USBH_OHCI_Delay_ms                     0x000002e4   Section        0  usbh_ohci.o(i.USBH_OHCI_Delay_ms)
    i.USBH_OHCI_Get_Capabilities             0x000002f0   Section        0  usbh_ohci.o(i.USBH_OHCI_Get_Capabilities)
    .ARM.__at_0x02FC                         0x000002fc   Section        4  startup_lpc17xx.o(.ARM.__at_0x02FC)
    i.SystemInit                             0x00000300   Section        0  system_lpc17xx.o(i.SystemInit)
    i.USBH_MSC_Config                        0x00000440   Section        0  usbh_msc.o(i.USBH_MSC_Config)
    i.USBH_MSC_GetMaxLUN                     0x0000059c   Section        0  usbh_msc.o(i.USBH_MSC_GetMaxLUN)
    USBH_MSC_GetMaxLUN                       0x0000059d   Thumb Code   102  usbh_msc.o(i.USBH_MSC_GetMaxLUN)
    i.USBH_MSC_Init                          0x00000604   Section        0  usbh_msc.o(i.USBH_MSC_Init)
    i.USBH_MSC_Inquiry                       0x00000738   Section        0  usbh_msc.o(i.USBH_MSC_Inquiry)
    USBH_MSC_Inquiry                         0x00000739   Thumb Code   280  usbh_msc.o(i.USBH_MSC_Inquiry)
    i.USBH_MSC_ReadCapacity                  0x00000860   Section        0  usbh_msc.o(i.USBH_MSC_ReadCapacity)
    USBH_MSC_ReadCapacity                    0x00000861   Thumb Code   290  usbh_msc.o(i.USBH_MSC_ReadCapacity)
    i.USBH_MSC_Rece_Data                     0x00000994   Section        0  usbh_msc.o(i.USBH_MSC_Rece_Data)
    USBH_MSC_Rece_Data                       0x00000995   Thumb Code   216  usbh_msc.o(i.USBH_MSC_Rece_Data)
    i.USBH_MSC_RequestSense                  0x00000a78   Section        0  usbh_msc.o(i.USBH_MSC_RequestSense)
    USBH_MSC_RequestSense                    0x00000a79   Thumb Code   280  usbh_msc.o(i.USBH_MSC_RequestSense)
    i.USBH_MSC_Send_Data                     0x00000ba0   Section        0  usbh_msc.o(i.USBH_MSC_Send_Data)
    USBH_MSC_Send_Data                       0x00000ba1   Thumb Code   360  usbh_msc.o(i.USBH_MSC_Send_Data)
    i.USBH_MSC_SetLastError                  0x00000d14   Section        0  usbh_msc.o(i.USBH_MSC_SetLastError)
    USBH_MSC_SetLastError                    0x00000d15   Thumb Code    18  usbh_msc.o(i.USBH_MSC_SetLastError)
    i.USBH_MSC_TestUnitReady                 0x00000d30   Section        0  usbh_msc.o(i.USBH_MSC_TestUnitReady)
    USBH_MSC_TestUnitReady                   0x00000d31   Thumb Code   254  usbh_msc.o(i.USBH_MSC_TestUnitReady)
    i.USBH_MSC_UnConfig                      0x00000e40   Section        0  usbh_msc.o(i.USBH_MSC_UnConfig)
    i.USBH_MSC_UnInit                        0x00000ee8   Section        0  usbh_msc.o(i.USBH_MSC_UnInit)
    i.USBH_OHCI_ED_Clear                     0x00000f18   Section        0  usbh_ohci.o(i.USBH_OHCI_ED_Clear)
    USBH_OHCI_ED_Clear                       0x00000f19   Thumb Code    26  usbh_ohci.o(i.USBH_OHCI_ED_Clear)
    i.USBH_OHCI_ED_GetLast                   0x00000f32   Section        0  usbh_ohci.o(i.USBH_OHCI_ED_GetLast)
    USBH_OHCI_ED_GetLast                     0x00000f33   Thumb Code    16  usbh_ohci.o(i.USBH_OHCI_ED_GetLast)
    i.USBH_OHCI_ED_IntFindSlot               0x00000f44   Section        0  usbh_ohci.o(i.USBH_OHCI_ED_IntFindSlot)
    USBH_OHCI_ED_IntFindSlot                 0x00000f45   Thumb Code   136  usbh_ohci.o(i.USBH_OHCI_ED_IntFindSlot)
    i.USBH_OHCI_ED_Start                     0x00000fd4   Section        0  usbh_ohci.o(i.USBH_OHCI_ED_Start)
    USBH_OHCI_ED_Start                       0x00000fd5   Thumb Code   150  usbh_ohci.o(i.USBH_OHCI_ED_Start)
    i.USBH_OHCI_ED_Stop                      0x00001070   Section        0  usbh_ohci.o(i.USBH_OHCI_ED_Stop)
    USBH_OHCI_ED_Stop                        0x00001071   Thumb Code   160  usbh_ohci.o(i.USBH_OHCI_ED_Stop)
    i.USBH_OHCI_EP_Add                       0x00001118   Section        0  usbh_ohci.o(i.USBH_OHCI_EP_Add)
    i.USBH_OHCI_EP_Config                    0x0000125c   Section        0  usbh_ohci.o(i.USBH_OHCI_EP_Config)
    i.USBH_OHCI_EP_Remove                    0x00001310   Section        0  usbh_ohci.o(i.USBH_OHCI_EP_Remove)
    i.USBH_OHCI_Get_Connect                  0x000014b0   Section        0  usbh_ohci.o(i.USBH_OHCI_Get_Connect)
    i.USBH_OHCI_Get_Speed                    0x0000153c   Section        0  usbh_ohci.o(i.USBH_OHCI_Get_Speed)
    i.USBH_OHCI_IRQHandler                   0x00001548   Section        0  usbh_ohci.o(i.USBH_OHCI_IRQHandler)
    i.USBH_OHCI_Init                         0x000016ec   Section        0  usbh_ohci.o(i.USBH_OHCI_Init)
    i.USBH_OHCI_Pins_Config                  0x000018a8   Section        0  usbh_ohci.o(i.USBH_OHCI_Pins_Config)
    i.USBH_OHCI_Port_Power                   0x000018bc   Section        0  usbh_ohci.o(i.USBH_OHCI_Port_Power)
    i.USBH_OHCI_Port_Reset                   0x000018f4   Section        0  usbh_ohci.o(i.USBH_OHCI_Port_Reset)
    i.USBH_OHCI_TDURB_Clear                  0x0000193c   Section        0  usbh_ohci.o(i.USBH_OHCI_TDURB_Clear)
    USBH_OHCI_TDURB_Clear                    0x0000193d   Thumb Code    14  usbh_ohci.o(i.USBH_OHCI_TDURB_Clear)
    i.USBH_OHCI_TDURB_FindTD                 0x0000194c   Section        0  usbh_ohci.o(i.USBH_OHCI_TDURB_FindTD)
    USBH_OHCI_TDURB_FindTD                   0x0000194d   Thumb Code    52  usbh_ohci.o(i.USBH_OHCI_TDURB_FindTD)
    i.USBH_OHCI_TDURB_FindURB                0x00001984   Section        0  usbh_ohci.o(i.USBH_OHCI_TDURB_FindURB)
    USBH_OHCI_TDURB_FindURB                  0x00001985   Thumb Code    48  usbh_ohci.o(i.USBH_OHCI_TDURB_FindURB)
    i.USBH_OHCI_TDURB_GetFree                0x000019b8   Section        0  usbh_ohci.o(i.USBH_OHCI_TDURB_GetFree)
    USBH_OHCI_TDURB_GetFree                  0x000019b9   Thumb Code    42  usbh_ohci.o(i.USBH_OHCI_TDURB_GetFree)
    i.USBH_OHCI_TD_Clear                     0x000019e8   Section        0  usbh_ohci.o(i.USBH_OHCI_TD_Clear)
    USBH_OHCI_TD_Clear                       0x000019e9   Thumb Code    18  usbh_ohci.o(i.USBH_OHCI_TD_Clear)
    i.USBH_OHCI_TD_Dequeue                   0x000019fc   Section        0  usbh_ohci.o(i.USBH_OHCI_TD_Dequeue)
    USBH_OHCI_TD_Dequeue                     0x000019fd   Thumb Code    80  usbh_ohci.o(i.USBH_OHCI_TD_Dequeue)
    i.USBH_OHCI_TD_Enqueue                   0x00001a50   Section        0  usbh_ohci.o(i.USBH_OHCI_TD_Enqueue)
    USBH_OHCI_TD_Enqueue                     0x00001a51   Thumb Code   178  usbh_ohci.o(i.USBH_OHCI_TD_Enqueue)
    i.USBH_OHCI_URB_Cancel                   0x00001b0c   Section        0  usbh_ohci.o(i.USBH_OHCI_URB_Cancel)
    i.USBH_OHCI_URB_Submit                   0x00001b70   Section        0  usbh_ohci.o(i.USBH_OHCI_URB_Submit)
    i.USBH_Rece_Data                         0x00001bd4   Section        0  usbh_core.o(i.USBH_Rece_Data)
    i.USBH_Send_Data                         0x00001c98   Section        0  usbh_core.o(i.USBH_Send_Data)
    i.USBH_Send_Setup                        0x00001d5c   Section        0  usbh_core.o(i.USBH_Send_Setup)
    i.USBH_SetLastError                      0x00001dd8   Section        0  usbh_core.o(i.USBH_SetLastError)
    USBH_SetLastError                        0x00001dd9   Thumb Code    14  usbh_core.o(i.USBH_SetLastError)
    i.USB_IRQHandler                         0x00001dec   Section        0  usbh_ohci_lpc17xx.o(i.USB_IRQHandler)
    i.main                                   0x00001df4   Section        0  main.o(i.main)
    i.usbh_mem_alloc                         0x00001df8   Section        0  usbh_core.o(i.usbh_mem_alloc)
    i.usbh_mem_alloc_lib                     0x00001e18   Section        0  usbh_mem.o(i.usbh_mem_alloc_lib)
    i.usbh_mem_free                          0x00001e5c   Section        0  usbh_core.o(i.usbh_mem_free)
    i.usbh_mem_free_lib                      0x00001e78   Section        0  usbh_mem.o(i.usbh_mem_free_lib)
    i.usbh_mem_init                          0x00001eb4   Section        0  usbh_core.o(i.usbh_mem_init)
    i.usbh_mem_init_lib                      0x00001ed0   Section        0  usbh_mem.o(i.usbh_mem_init_lib)
    i.usbh_ohci_hw_delay_ms                  0x00001f10   Section        0  usbh_ohci_lpc17xx.o(i.usbh_ohci_hw_delay_ms)
    i.usbh_ohci_hw_get_capabilities          0x00001f30   Section        0  usbh_ohci_lpc17xx.o(i.usbh_ohci_hw_get_capabilities)
    i.usbh_ohci_hw_init                      0x00001f48   Section        0  usbh_ohci_lpc17xx.o(i.usbh_ohci_hw_init)
    i.usbh_ohci_hw_irq_en                    0x00002038   Section        0  usbh_ohci_lpc17xx.o(i.usbh_ohci_hw_irq_en)
    i.usbh_ohci_hw_pins_config               0x00002070   Section        0  usbh_ohci_lpc17xx.o(i.usbh_ohci_hw_pins_config)
    i.usbh_ohci_hw_port_power                0x000020cc   Section        0  usbh_ohci_lpc17xx.o(i.usbh_ohci_hw_port_power)
    i.usbh_ohci_hw_reg_rd                    0x000020d4   Section        0  usbh_ohci_lpc17xx.o(i.usbh_ohci_hw_reg_rd)
    i.usbh_ohci_hw_reg_wr                    0x000020e0   Section        0  usbh_ohci_lpc17xx.o(i.usbh_ohci_hw_reg_wr)
    i.usbh_transfer                          0x000020ec   Section        0  usbh_core.o(i.usbh_transfer)
    .constdata                               0x000021ac   Section        8  usb_config.o(.constdata)
    .constdata                               0x000021b4   Section       32  usbh_ohci.o(.constdata)
    INT_EP_SCHEME                            0x000021b4   Data          32  usbh_ohci.o(.constdata)
    .data                                    0x10000000   Section       24  usb_config.o(.data)
    .data                                    0x10000018   Section       72  usbh_ohci_lpc17xx.o(.data)
    .data                                    0x10000060   Section       24  usbh_msc.o(.data)
    .data                                    0x10000078   Section       52  usbh_ohci.o(.data)
    .data                                    0x100000ac   Section       20  usbh_ohci.o(.data)
    cntDebounce                              0x100000ac   Data           2  usbh_ohci.o(.data)
    USBH_OHCI_Port_Discon_Evt                0x100000b0   Data           4  usbh_ohci.o(.data)
    USBH_OHCI_Port_Con                       0x100000b4   Data           4  usbh_ohci.o(.data)
    USBH_OHCI_Port_Speed                     0x100000b8   Data           4  usbh_ohci.o(.data)
    ohci_processing                          0x100000bc   Data           4  usbh_ohci.o(.data)
    .data                                    0x100000c0   Section       16  usbh_mem.o(.data)
    MemPool                                  0x100000c0   Data           8  usbh_mem.o(.data)
    MemPoolSize                              0x100000c8   Data           8  usbh_mem.o(.data)
    .bss                                     0x100000d0   Section       92  usb_config.o(.bss)
    .bss                                     0x1000012c   Section       96  libspace.o(.bss)
    HEAP                                     0x10000190   Section        0  startup_lpc17xx.o(HEAP)
    STACK                                    0x10000190   Section      512  startup_lpc17xx.o(STACK)
    Heap_Mem                                 0x10000190   Data           0  startup_lpc17xx.o(HEAP)
    Stack_Mem                                0x10000190   Data         512  startup_lpc17xx.o(STACK)
    __initial_sp                             0x10000390   Data           0  startup_lpc17xx.o(STACK)
    .ARM.__AT_0x20080000                     0x20080000   Section      256  usbh_ohci_lpc17xx.o(.ARM.__AT_0x20080000)
    .ARM.__AT_0x20080100                     0x20080100   Section       48  usbh_ohci_lpc17xx.o(.ARM.__AT_0x20080100)
    .ARM.__AT_0x20080130                     0x20080130   Section       16  usbh_ohci_lpc17xx.o(.ARM.__AT_0x20080130)
    .ARM.__AT_0x20080140                     0x20080140   Section     4108  usbh_ohci_lpc17xx.o(.ARM.__AT_0x20080140)

    Global Symbols

    Symbol Name                              Value     Ov Type        Size  Object(Section)

    BuildAttributes$$THM_ISAv4$P$D$K$B$S$PE$A:L22UL41UL21$X:L11$S22US41US21$IEEE1$IW$~IW$USESV6$~STKCKD$USESV7$~SHL$OSPACE$ROPI$EBA8$UX$STANDARDLIB$REQ8$PRES8$EABIv2 0x00000000   Number         0  anon$$obj.o ABSOLUTE
    __ARM_use_no_argv                        0x00000000   Number         0  main.o ABSOLUTE
    __Vectors                                0x00000000   Data           4  startup_lpc17xx.o(RESET)
    __ARM_exceptions_init                     - Undefined Weak Reference
    __alloca_initialize                       - Undefined Weak Reference
    __arm_preinit_                            - Undefined Weak Reference
    __cpp_initialize__aeabi_                  - Undefined Weak Reference
    __cxa_finalize                            - Undefined Weak Reference
    __rt_locale                               - Undefined Weak Reference
    __sigvec_lookup                           - Undefined Weak Reference
    _atexit_init                              - Undefined Weak Reference
    _call_atexit_fns                          - Undefined Weak Reference
    _clock_init                               - Undefined Weak Reference
    _fp_trap_init                             - Undefined Weak Reference
    _fp_trap_shutdown                         - Undefined Weak Reference
    _get_lc_collate                           - Undefined Weak Reference
    _get_lc_ctype                             - Undefined Weak Reference
    _get_lc_monetary                          - Undefined Weak Reference
    _get_lc_numeric                           - Undefined Weak Reference
    _get_lc_time                              - Undefined Weak Reference
    _getenv_init                              - Undefined Weak Reference
    _handle_redirection                       - Undefined Weak Reference
    _init_alloc                               - Undefined Weak Reference
    _init_user_alloc                          - Undefined Weak Reference
    _initio                                   - Undefined Weak Reference
    _rand_init                                - Undefined Weak Reference
    _signal_finish                            - Undefined Weak Reference
    _signal_init                              - Undefined Weak Reference
    _terminate_alloc                          - Undefined Weak Reference
    _terminate_user_alloc                     - Undefined Weak Reference
    _terminateio                              - Undefined Weak Reference
    __main                                   0x000000cd   Thumb Code     8  __main.o(!!!main)
    __scatterload                            0x000000d5   Thumb Code     0  __scatter.o(!!!scatter)
    __scatterload_rt2                        0x000000d5   Thumb Code    44  __scatter.o(!!!scatter)
    __scatterload_rt2_thumb_only             0x000000d5   Thumb Code     0  __scatter.o(!!!scatter)
    __scatterload_null                       0x000000e3   Thumb Code     0  __scatter.o(!!!scatter)
    __scatterload_copy                       0x00000109   Thumb Code    26  __scatter_copy.o(!!handler_copy)
    __scatterload_zeroinit                   0x00000125   Thumb Code    28  __scatter_zi.o(!!handler_zi)
    __rt_lib_init                            0x00000141   Thumb Code     0  libinit.o(.ARM.Collect$$libinit$$00000000)
    __rt_lib_init_alloca_1                   0x00000143   Thumb Code     0  libinit2.o(.ARM.Collect$$libinit$$0000002E)
    __rt_lib_init_argv_1                     0x00000143   Thumb Code     0  libinit2.o(.ARM.Collect$$libinit$$0000002C)
    __rt_lib_init_atexit_1                   0x00000143   Thumb Code     0  libinit2.o(.ARM.Collect$$libinit$$0000001B)
    __rt_lib_init_clock_1                    0x00000143   Thumb Code     0  libinit2.o(.ARM.Collect$$libinit$$00000021)
    __rt_lib_init_cpp_1                      0x00000143   Thumb Code     0  libinit2.o(.ARM.Collect$$libinit$$00000032)
    __rt_lib_init_exceptions_1               0x00000143   Thumb Code     0  libinit2.o(.ARM.Collect$$libinit$$00000030)
    __rt_lib_init_fp_1                       0x00000143   Thumb Code     0  libinit2.o(.ARM.Collect$$libinit$$00000002)
    __rt_lib_init_fp_trap_1                  0x00000143   Thumb Code     0  libinit2.o(.ARM.Collect$$libinit$$0000001F)
    __rt_lib_init_getenv_1                   0x00000143   Thumb Code     0  libinit2.o(.ARM.Collect$$libinit$$00000023)
    __rt_lib_init_heap_1                     0x00000143   Thumb Code     0  libinit2.o(.ARM.Collect$$libinit$$0000000A)
    __rt_lib_init_lc_collate_1               0x00000143   Thumb Code     0  libinit2.o(.ARM.Collect$$libinit$$00000011)
    __rt_lib_init_lc_ctype_1                 0x00000143   Thumb Code     0  libinit2.o(.ARM.Collect$$libinit$$00000013)
    __rt_lib_init_lc_monetary_1              0x00000143   Thumb Code     0  libinit2.o(.ARM.Collect$$libinit$$00000015)
    __rt_lib_init_lc_numeric_1               0x00000143   Thumb Code     0  libinit2.o(.ARM.Collect$$libinit$$00000017)
    __rt_lib_init_lc_time_1                  0x00000143   Thumb Code     0  libinit2.o(.ARM.Collect$$libinit$$00000019)
    __rt_lib_init_preinit_1                  0x00000143   Thumb Code     0  libinit2.o(.ARM.Collect$$libinit$$00000004)
    __rt_lib_init_rand_1                     0x00000143   Thumb Code     0  libinit2.o(.ARM.Collect$$libinit$$0000000E)
    __rt_lib_init_return                     0x00000143   Thumb Code     0  libinit2.o(.ARM.Collect$$libinit$$00000033)
    __rt_lib_init_signal_1                   0x00000143   Thumb Code     0  libinit2.o(.ARM.Collect$$libinit$$0000001D)
    __rt_lib_init_stdio_1                    0x00000143   Thumb Code     0  libinit2.o(.ARM.Collect$$libinit$$00000025)
    __rt_lib_init_user_alloc_1               0x00000143   Thumb Code     0  libinit2.o(.ARM.Collect$$libinit$$0000000C)
    __rt_lib_shutdown                        0x00000145   Thumb Code     0  libshutdown.o(.ARM.Collect$$libshutdown$$00000000)
    __rt_lib_shutdown_cpp_1                  0x00000147   Thumb Code     0  libshutdown2.o(.ARM.Collect$$libshutdown$$00000002)
    __rt_lib_shutdown_fp_trap_1              0x00000147   Thumb Code     0  libshutdown2.o(.ARM.Collect$$libshutdown$$00000007)
    __rt_lib_shutdown_heap_1                 0x00000147   Thumb Code     0  libshutdown2.o(.ARM.Collect$$libshutdown$$0000000F)
    __rt_lib_shutdown_return                 0x00000147   Thumb Code     0  libshutdown2.o(.ARM.Collect$$libshutdown$$00000010)
    __rt_lib_shutdown_signal_1               0x00000147   Thumb Code     0  libshutdown2.o(.ARM.Collect$$libshutdown$$0000000A)
    __rt_lib_shutdown_stdio_1                0x00000147   Thumb Code     0  libshutdown2.o(.ARM.Collect$$libshutdown$$00000004)
    __rt_lib_shutdown_user_alloc_1           0x00000147   Thumb Code     0  libshutdown2.o(.ARM.Collect$$libshutdown$$0000000C)
    __rt_entry                               0x00000149   Thumb Code     0  __rtentry.o(.ARM.Collect$$rtentry$$00000000)
    __rt_entry_presh_1                       0x00000149   Thumb Code     0  __rtentry2.o(.ARM.Collect$$rtentry$$00000002)
    __rt_entry_sh                            0x00000149   Thumb Code     0  __rtentry4.o(.ARM.Collect$$rtentry$$00000004)
    __rt_entry_li                            0x0000014f   Thumb Code     0  __rtentry2.o(.ARM.Collect$$rtentry$$0000000A)
    __rt_entry_postsh_1                      0x0000014f   Thumb Code     0  __rtentry2.o(.ARM.Collect$$rtentry$$00000009)
    __rt_entry_main                          0x00000153   Thumb Code     0  __rtentry2.o(.ARM.Collect$$rtentry$$0000000D)
    __rt_entry_postli_1                      0x00000153   Thumb Code     0  __rtentry2.o(.ARM.Collect$$rtentry$$0000000C)
    __rt_exit                                0x0000015b   Thumb Code     0  rtexit.o(.ARM.Collect$$rtexit$$00000000)
    __rt_exit_ls                             0x0000015d   Thumb Code     0  rtexit2.o(.ARM.Collect$$rtexit$$00000003)
    __rt_exit_prels_1                        0x0000015d   Thumb Code     0  rtexit2.o(.ARM.Collect$$rtexit$$00000002)
    __rt_exit_exit                           0x00000161   Thumb Code     0  rtexit2.o(.ARM.Collect$$rtexit$$00000004)
    Reset_Handler                            0x00000169   Thumb Code     8  startup_lpc17xx.o(.text)
    NMI_Handler                              0x00000171   Thumb Code     2  startup_lpc17xx.o(.text)
    HardFault_Handler                        0x00000173   Thumb Code     2  startup_lpc17xx.o(.text)
    MemManage_Handler                        0x00000175   Thumb Code     2  startup_lpc17xx.o(.text)
    BusFault_Handler                         0x00000177   Thumb Code     2  startup_lpc17xx.o(.text)
    UsageFault_Handler                       0x00000179   Thumb Code     2  startup_lpc17xx.o(.text)
    SVC_Handler                              0x0000017b   Thumb Code     2  startup_lpc17xx.o(.text)
    DebugMon_Handler                         0x0000017d   Thumb Code     2  startup_lpc17xx.o(.text)
    PendSV_Handler                           0x0000017f   Thumb Code     2  startup_lpc17xx.o(.text)
    SysTick_Handler                          0x00000181   Thumb Code     2  startup_lpc17xx.o(.text)
    ADC_IRQHandler                           0x00000183   Thumb Code     0  startup_lpc17xx.o(.text)
    BOD_IRQHandler                           0x00000183   Thumb Code     0  startup_lpc17xx.o(.text)
    CANActivity_IRQHandler                   0x00000183   Thumb Code     0  startup_lpc17xx.o(.text)
    CAN_IRQHandler                           0x00000183   Thumb Code     0  startup_lpc17xx.o(.text)
    DMA_IRQHandler                           0x00000183   Thumb Code     0  startup_lpc17xx.o(.text)
    EINT0_IRQHandler                         0x00000183   Thumb Code     0  startup_lpc17xx.o(.text)
    EINT1_IRQHandler                         0x00000183   Thumb Code     0  startup_lpc17xx.o(.text)
    EINT2_IRQHandler                         0x00000183   Thumb Code     0  startup_lpc17xx.o(.text)
    EINT3_IRQHandler                         0x00000183   Thumb Code     0  startup_lpc17xx.o(.text)
    ENET_IRQHandler                          0x00000183   Thumb Code     0  startup_lpc17xx.o(.text)
    I2C0_IRQHandler                          0x00000183   Thumb Code     0  startup_lpc17xx.o(.text)
    I2C1_IRQHandler                          0x00000183   Thumb Code     0  startup_lpc17xx.o(.text)
    I2C2_IRQHandler                          0x00000183   Thumb Code     0  startup_lpc17xx.o(.text)
    I2S_IRQHandler                           0x00000183   Thumb Code     0  startup_lpc17xx.o(.text)
    MCPWM_IRQHandler                         0x00000183   Thumb Code     0  startup_lpc17xx.o(.text)
    PLL0_IRQHandler                          0x00000183   Thumb Code     0  startup_lpc17xx.o(.text)
    PLL1_IRQHandler                          0x00000183   Thumb Code     0  startup_lpc17xx.o(.text)
    PWM1_IRQHandler                          0x00000183   Thumb Code     0  startup_lpc17xx.o(.text)
    QEI_IRQHandler                           0x00000183   Thumb Code     0  startup_lpc17xx.o(.text)
    RIT_IRQHandler                           0x00000183   Thumb Code     0  startup_lpc17xx.o(.text)
    RTC_IRQHandler                           0x00000183   Thumb Code     0  startup_lpc17xx.o(.text)
    SPI_IRQHandler                           0x00000183   Thumb Code     0  startup_lpc17xx.o(.text)
    SSP0_IRQHandler                          0x00000183   Thumb Code     0  startup_lpc17xx.o(.text)
    SSP1_IRQHandler                          0x00000183   Thumb Code     0  startup_lpc17xx.o(.text)
    TIMER0_IRQHandler                        0x00000183   Thumb Code     0  startup_lpc17xx.o(.text)
    TIMER1_IRQHandler                        0x00000183   Thumb Code     0  startup_lpc17xx.o(.text)
    TIMER2_IRQHandler                        0x00000183   Thumb Code     0  startup_lpc17xx.o(.text)
    TIMER3_IRQHandler                        0x00000183   Thumb Code     0  startup_lpc17xx.o(.text)
    UART0_IRQHandler                         0x00000183   Thumb Code     0  startup_lpc17xx.o(.text)
    UART1_IRQHandler                         0x00000183   Thumb Code     0  startup_lpc17xx.o(.text)
    UART2_IRQHandler                         0x00000183   Thumb Code     0  startup_lpc17xx.o(.text)
    UART3_IRQHandler                         0x00000183   Thumb Code     0  startup_lpc17xx.o(.text)
    USBActivity_IRQHandler                   0x00000183   Thumb Code     0  startup_lpc17xx.o(.text)
    WDT_IRQHandler                           0x00000183   Thumb Code     0  startup_lpc17xx.o(.text)
    __user_initial_stackheap                 0x00000185   Thumb Code     0  startup_lpc17xx.o(.text)
    __aeabi_memclr                           0x000001a5   Thumb Code     0  rt_memclr.o(.text)
    __rt_memclr                              0x000001a5   Thumb Code    68  rt_memclr.o(.text)
    _memset                                  0x000001a9   Thumb Code     0  rt_memclr.o(.text)
    __aeabi_memclr4                          0x000001e9   Thumb Code     0  rt_memclr_w.o(.text)
    __aeabi_memclr8                          0x000001e9   Thumb Code     0  rt_memclr_w.o(.text)
    __rt_memclr_w                            0x000001e9   Thumb Code    78  rt_memclr_w.o(.text)
    _memset_w                                0x000001ed   Thumb Code     0  rt_memclr_w.o(.text)
    __use_two_region_memory                  0x00000237   Thumb Code     2  heapauxi.o(.text)
    __rt_heap_escrow$2region                 0x00000239   Thumb Code     2  heapauxi.o(.text)
    __rt_heap_expand$2region                 0x0000023b   Thumb Code     2  heapauxi.o(.text)
    __user_setup_stackheap                   0x0000023d   Thumb Code    74  sys_stackheap_outer.o(.text)
    exit                                     0x00000287   Thumb Code    18  exit.o(.text)
    __user_libspace                          0x00000299   Thumb Code     8  libspace.o(.text)
    __user_perproc_libspace                  0x00000299   Thumb Code     0  libspace.o(.text)
    __user_perthread_libspace                0x00000299   Thumb Code     0  libspace.o(.text)
    _sys_exit                                0x000002a1   Thumb Code     8  sys_exit.o(.text)
    __I$use$semihosting                      0x000002ad   Thumb Code     0  use_no_semi.o(.text)
    __use_no_semihosting_swi                 0x000002ad   Thumb Code     2  use_no_semi.o(.text)
    __semihosting_library_function           0x000002af   Thumb Code     0  indicate_semi.o(.text)
    USBH_OHCI_Delay_ms                       0x000002e5   Thumb Code     8  usbh_ohci.o(i.USBH_OHCI_Delay_ms)
    USBH_OHCI_Get_Capabilities               0x000002f1   Thumb Code     8  usbh_ohci.o(i.USBH_OHCI_Get_Capabilities)
    SystemInit                               0x00000301   Thumb Code   302  system_lpc17xx.o(i.SystemInit)
    USBH_MSC_Config                          0x00000441   Thumb Code   328  usbh_msc.o(i.USBH_MSC_Config)
    __RL_USBH_VER                            0x00000470   Number         0  usbh_core.o ABSOLUTE
    USBH_MSC_Init                            0x00000605   Thumb Code   292  usbh_msc.o(i.USBH_MSC_Init)
    USBH_MSC_UnConfig                        0x00000e41   Thumb Code   150  usbh_msc.o(i.USBH_MSC_UnConfig)
    USBH_MSC_UnInit                          0x00000ee9   Thumb Code    40  usbh_msc.o(i.USBH_MSC_UnInit)
    USBH_OHCI_EP_Add                         0x00001119   Thumb Code   314  usbh_ohci.o(i.USBH_OHCI_EP_Add)
    USBH_OHCI_EP_Config                      0x0000125d   Thumb Code   174  usbh_ohci.o(i.USBH_OHCI_EP_Config)
    USBH_OHCI_EP_Remove                      0x00001311   Thumb Code   402  usbh_ohci.o(i.USBH_OHCI_EP_Remove)
    USBH_OHCI_Get_Connect                    0x000014b1   Thumb Code   132  usbh_ohci.o(i.USBH_OHCI_Get_Connect)
    USBH_OHCI_Get_Speed                      0x0000153d   Thumb Code     6  usbh_ohci.o(i.USBH_OHCI_Get_Speed)
    USBH_OHCI_IRQHandler                     0x00001549   Thumb Code   412  usbh_ohci.o(i.USBH_OHCI_IRQHandler)
    USBH_OHCI_Init                           0x000016ed   Thumb Code   428  usbh_ohci.o(i.USBH_OHCI_Init)
    USBH_OHCI_Pins_Config                    0x000018a9   Thumb Code    14  usbh_ohci.o(i.USBH_OHCI_Pins_Config)
    USBH_OHCI_Port_Power                     0x000018bd   Thumb Code    50  usbh_ohci.o(i.USBH_OHCI_Port_Power)
    USBH_OHCI_Port_Reset                     0x000018f5   Thumb Code    68  usbh_ohci.o(i.USBH_OHCI_Port_Reset)
    USBH_OHCI_URB_Cancel                     0x00001b0d   Thumb Code   100  usbh_ohci.o(i.USBH_OHCI_URB_Cancel)
    USBH_OHCI_URB_Submit                     0x00001b71   Thumb Code    94  usbh_ohci.o(i.USBH_OHCI_URB_Submit)
    USBH_Rece_Data                           0x00001bd5   Thumb Code   192  usbh_core.o(i.USBH_Rece_Data)
    USBH_Send_Data                           0x00001c99   Thumb Code   192  usbh_core.o(i.USBH_Send_Data)
    USBH_Send_Setup                          0x00001d5d   Thumb Code   118  usbh_core.o(i.USBH_Send_Setup)
    USB_IRQHandler                           0x00001ded   Thumb Code     8  usbh_ohci_lpc17xx.o(i.USB_IRQHandler)
    main                                     0x00001df5   Thumb Code     4  main.o(i.main)
    usbh_mem_alloc                           0x00001df9   Thumb Code    32  usbh_core.o(i.usbh_mem_alloc)
    usbh_mem_alloc_lib                       0x00001e19   Thumb Code    64  usbh_mem.o(i.usbh_mem_alloc_lib)
    usbh_mem_free                            0x00001e5d   Thumb Code    26  usbh_core.o(i.usbh_mem_free)
    usbh_mem_free_lib                        0x00001e79   Thumb Code    54  usbh_mem.o(i.usbh_mem_free_lib)
    usbh_mem_init                            0x00001eb5   Thumb Code    26  usbh_core.o(i.usbh_mem_init)
    usbh_mem_init_lib                        0x00001ed1   Thumb Code    58  usbh_mem.o(i.usbh_mem_init_lib)
    usbh_ohci_hw_delay_ms                    0x00001f11   Thumb Code    32  usbh_ohci_lpc17xx.o(i.usbh_ohci_hw_delay_ms)
    usbh_ohci_hw_get_capabilities            0x00001f31   Thumb Code    20  usbh_ohci_lpc17xx.o(i.usbh_ohci_hw_get_capabilities)
    usbh_ohci_hw_init                        0x00001f49   Thumb Code   212  usbh_ohci_lpc17xx.o(i.usbh_ohci_hw_init)
    usbh_ohci_hw_irq_en                      0x00002039   Thumb Code    50  usbh_ohci_lpc17xx.o(i.usbh_ohci_hw_irq_en)
    usbh_ohci_hw_pins_config                 0x00002071   Thumb Code    78  usbh_ohci_lpc17xx.o(i.usbh_ohci_hw_pins_config)
    usbh_ohci_hw_port_power                  0x000020cd   Thumb Code     6  usbh_ohci_lpc17xx.o(i.usbh_ohci_hw_port_power)
    usbh_ohci_hw_reg_rd                      0x000020d5   Thumb Code     8  usbh_ohci_lpc17xx.o(i.usbh_ohci_hw_reg_rd)
    usbh_ohci_hw_reg_wr                      0x000020e1   Thumb Code     6  usbh_ohci_lpc17xx.o(i.usbh_ohci_hw_reg_wr)
    usbh_transfer                            0x000020ed   Thumb Code   182  usbh_core.o(i.usbh_transfer)
    usbh_hc_num                              0x000021ac   Data           1  usb_config.o(.constdata)
    usbh_hc_msk                              0x000021ad   Data           1  usb_config.o(.constdata)
    usbh_ohci_num                            0x000021ae   Data           1  usb_config.o(.constdata)
    usbh_ehci_NXP_num                        0x000021af   Data           1  usb_config.o(.constdata)
    usbh_dcd_num                             0x000021b0   Data           1  usb_config.o(.constdata)
    usbh_msc_num                             0x000021b1   Data           1  usb_config.o(.constdata)
    usbh_hid_num                             0x000021b2   Data           1  usb_config.o(.constdata)
    usbh_cls_num                             0x000021b3   Data           1  usb_config.o(.constdata)
    Region$$Table$$Base                      0x000021d4   Number         0  anon$$obj.o(Region$$Table)
    Region$$Table$$Limit                     0x000021f4   Number         0  anon$$obj.o(Region$$Table)
    usbh_hcd_ptr                             0x10000000   Data           4  usb_config.o(.data)
    usbh_hwd_ohci_ptr                        0x10000004   Data           4  usb_config.o(.data)
    usbh_dcd_ptr                             0x10000008   Data           4  usb_config.o(.data)
    usbh_dci_ptr                             0x1000000c   Data          12  usb_config.o(.data)
    usbh_ohci_tdurb                          0x10000018   Data           8  usbh_ohci_lpc17xx.o(.data)
    usbh0_hwd_ohci                           0x10000020   Data          64  usbh_ohci_lpc17xx.o(.data)
    usbh_dcd_msc                             0x10000060   Data          24  usbh_msc.o(.data)
    usbh0_hcd_ohci                           0x10000078   Data          52  usbh_ohci.o(.data)
    usbh_hci                                 0x100000d0   Data          40  usb_config.o(.bss)
    usbh_dci_msc                             0x100000f8   Data          16  usb_config.o(.bss)
    usbh_msc                                 0x10000108   Data          36  usb_config.o(.bss)
    __libspace_start                         0x1000012c   Data          96  libspace.o(.bss)
    __temporary_stack_top$libspace           0x1000018c   Data           0  libspace.o(.bss)
    usbh_ohci_hcca                           0x20080000   Data         256  usbh_ohci_lpc17xx.o(.ARM.__AT_0x20080000)
    usbh_ohci_ed                             0x20080100   Data          48  usbh_ohci_lpc17xx.o(.ARM.__AT_0x20080100)
    usbh_ohci_td                             0x20080130   Data          16  usbh_ohci_lpc17xx.o(.ARM.__AT_0x20080130)
    usbh_ohci_mpool                          0x20080140   Data        4108  usbh_ohci_lpc17xx.o(.ARM.__AT_0x20080140)



==============================================================================

Memory Map of the image

  Image Entry point : 0x000000cd

  Load Region LR_IROM1 (Base: 0x00000000, Size: 0x000022c4, Max: 0x00080000, ABSOLUTE)

    Execution Region ER_IROM1 (Exec base: 0x00000000, Load base: 0x00000000, Size: 0x000021f4, Max: 0x00080000, ABSOLUTE)

    Exec Addr    Load Addr    Size         Type   Attr      Idx    E Section Name        Object

    0x00000000   0x00000000   0x000000cc   Data   RO            3    RESET               startup_lpc17xx.o
    0x000000cc   0x000000cc   0x00000008   Code   RO          744  * !!!main             c_w.l(__main.o)
    0x000000d4   0x000000d4   0x00000034   Code   RO          912    !!!scatter          c_w.l(__scatter.o)
    0x00000108   0x00000108   0x0000001a   Code   RO          914    !!handler_copy      c_w.l(__scatter_copy.o)
    0x00000122   0x00000122   0x00000002   PAD
    0x00000124   0x00000124   0x0000001c   Code   RO          916    !!handler_zi        c_w.l(__scatter_zi.o)
    0x00000140   0x00000140   0x00000002   Code   RO          783    .ARM.Collect$$libinit$$00000000  c_w.l(libinit.o)
    0x00000142   0x00000142   0x00000000   Code   RO          796    .ARM.Collect$$libinit$$00000002  c_w.l(libinit2.o)
    0x00000142   0x00000142   0x00000000   Code   RO          798    .ARM.Collect$$libinit$$00000004  c_w.l(libinit2.o)
    0x00000142   0x00000142   0x00000000   Code   RO          801    .ARM.Collect$$libinit$$0000000A  c_w.l(libinit2.o)
    0x00000142   0x00000142   0x00000000   Code   RO          803    .ARM.Collect$$libinit$$0000000C  c_w.l(libinit2.o)
    0x00000142   0x00000142   0x00000000   Code   RO          805    .ARM.Collect$$libinit$$0000000E  c_w.l(libinit2.o)
    0x00000142   0x00000142   0x00000000   Code   RO          808    .ARM.Collect$$libinit$$00000011  c_w.l(libinit2.o)
    0x00000142   0x00000142   0x00000000   Code   RO          810    .ARM.Collect$$libinit$$00000013  c_w.l(libinit2.o)
    0x00000142   0x00000142   0x00000000   Code   RO          812    .ARM.Collect$$libinit$$00000015  c_w.l(libinit2.o)
    0x00000142   0x00000142   0x00000000   Code   RO          814    .ARM.Collect$$libinit$$00000017  c_w.l(libinit2.o)
    0x00000142   0x00000142   0x00000000   Code   RO          816    .ARM.Collect$$libinit$$00000019  c_w.l(libinit2.o)
    0x00000142   0x00000142   0x00000000   Code   RO          818    .ARM.Collect$$libinit$$0000001B  c_w.l(libinit2.o)
    0x00000142   0x00000142   0x00000000   Code   RO          820    .ARM.Collect$$libinit$$0000001D  c_w.l(libinit2.o)
    0x00000142   0x00000142   0x00000000   Code   RO          822    .ARM.Collect$$libinit$$0000001F  c_w.l(libinit2.o)
    0x00000142   0x00000142   0x00000000   Code   RO          824    .ARM.Collect$$libinit$$00000021  c_w.l(libinit2.o)
    0x00000142   0x00000142   0x00000000   Code   RO          826    .ARM.Collect$$libinit$$00000023  c_w.l(libinit2.o)
    0x00000142   0x00000142   0x00000000   Code   RO          828    .ARM.Collect$$libinit$$00000025  c_w.l(libinit2.o)
    0x00000142   0x00000142   0x00000000   Code   RO          832    .ARM.Collect$$libinit$$0000002C  c_w.l(libinit2.o)
    0x00000142   0x00000142   0x00000000   Code   RO          834    .ARM.Collect$$libinit$$0000002E  c_w.l(libinit2.o)
    0x00000142   0x00000142   0x00000000   Code   RO          836    .ARM.Collect$$libinit$$00000030  c_w.l(libinit2.o)
    0x00000142   0x00000142   0x00000000   Code   RO          838    .ARM.Collect$$libinit$$00000032  c_w.l(libinit2.o)
    0x00000142   0x00000142   0x00000002   Code   RO          839    .ARM.Collect$$libinit$$00000033  c_w.l(libinit2.o)
    0x00000144   0x00000144   0x00000002   Code   RO          870    .ARM.Collect$$libshutdown$$00000000  c_w.l(libshutdown.o)
    0x00000146   0x00000146   0x00000000   Code   RO          896    .ARM.Collect$$libshutdown$$00000002  c_w.l(libshutdown2.o)
    0x00000146   0x00000146   0x00000000   Code   RO          898    .ARM.Collect$$libshutdown$$00000004  c_w.l(libshutdown2.o)
    0x00000146   0x00000146   0x00000000   Code   RO          901    .ARM.Collect$$libshutdown$$00000007  c_w.l(libshutdown2.o)
    0x00000146   0x00000146   0x00000000   Code   RO          904    .ARM.Collect$$libshutdown$$0000000A  c_w.l(libshutdown2.o)
    0x00000146   0x00000146   0x00000000   Code   RO          906    .ARM.Collect$$libshutdown$$0000000C  c_w.l(libshutdown2.o)
    0x00000146   0x00000146   0x00000000   Code   RO          909    .ARM.Collect$$libshutdown$$0000000F  c_w.l(libshutdown2.o)
    0x00000146   0x00000146   0x00000002   Code   RO          910    .ARM.Collect$$libshutdown$$00000010  c_w.l(libshutdown2.o)
    0x00000148   0x00000148   0x00000000   Code   RO          746    .ARM.Collect$$rtentry$$00000000  c_w.l(__rtentry.o)
    0x00000148   0x00000148   0x00000000   Code   RO          754    .ARM.Collect$$rtentry$$00000002  c_w.l(__rtentry2.o)
    0x00000148   0x00000148   0x00000006   Code   RO          766    .ARM.Collect$$rtentry$$00000004  c_w.l(__rtentry4.o)
    0x0000014e   0x0000014e   0x00000000   Code   RO          756    .ARM.Collect$$rtentry$$00000009  c_w.l(__rtentry2.o)
    0x0000014e   0x0000014e   0x00000004   Code   RO          757    .ARM.Collect$$rtentry$$0000000A  c_w.l(__rtentry2.o)
    0x00000152   0x00000152   0x00000000   Code   RO          759    .ARM.Collect$$rtentry$$0000000C  c_w.l(__rtentry2.o)
    0x00000152   0x00000152   0x00000008   Code   RO          760    .ARM.Collect$$rtentry$$0000000D  c_w.l(__rtentry2.o)
    0x0000015a   0x0000015a   0x00000002   Code   RO          787    .ARM.Collect$$rtexit$$00000000  c_w.l(rtexit.o)
    0x0000015c   0x0000015c   0x00000000   Code   RO          843    .ARM.Collect$$rtexit$$00000002  c_w.l(rtexit2.o)
    0x0000015c   0x0000015c   0x00000004   Code   RO          844    .ARM.Collect$$rtexit$$00000003  c_w.l(rtexit2.o)
    0x00000160   0x00000160   0x00000006   Code   RO          845    .ARM.Collect$$rtexit$$00000004  c_w.l(rtexit2.o)
    0x00000166   0x00000166   0x00000002   PAD
    0x00000168   0x00000168   0x0000003c   Code   RO            5    .text               startup_lpc17xx.o
    0x000001a4   0x000001a4   0x00000044   Code   RO          738    .text               c_w.l(rt_memclr.o)
    0x000001e8   0x000001e8   0x0000004e   Code   RO          740    .text               c_w.l(rt_memclr_w.o)
    0x00000236   0x00000236   0x00000006   Code   RO          742    .text               c_w.l(heapauxi.o)
    0x0000023c   0x0000023c   0x0000004a   Code   RO          770    .text               c_w.l(sys_stackheap_outer.o)
    0x00000286   0x00000286   0x00000012   Code   RO          772    .text               c_w.l(exit.o)
    0x00000298   0x00000298   0x00000008   Code   RO          784    .text               c_w.l(libspace.o)
    0x000002a0   0x000002a0   0x0000000c   Code   RO          840    .text               c_w.l(sys_exit.o)
    0x000002ac   0x000002ac   0x00000002   Code   RO          859    .text               c_w.l(use_no_semi.o)
    0x000002ae   0x000002ae   0x00000000   Code   RO          861    .text               c_w.l(indicate_semi.o)
    0x000002ae   0x000002ae   0x00000002   PAD
    0x000002b0   0x000002b0   0x00000034   Code   RO          610    i.USBH_MSC_GetLastError  USB_CM3.lib(usbh_msc.o)
    0x000002e4   0x000002e4   0x0000000c   Code   RO          658    i.USBH_OHCI_Delay_ms  USB_CM3.lib(usbh_ohci.o)
    0x000002f0   0x000002f0   0x0000000c   Code   RO          667    i.USBH_OHCI_Get_Capabilities  USB_CM3.lib(usbh_ohci.o)
    0x000002fc   0x000002fc   0x00000004   Code   RO            4    .ARM.__at_0x02FC    startup_lpc17xx.o
    0x00000300   0x00000300   0x00000140   Code   RO           16    i.SystemInit        system_lpc17xx.o
    0x00000440   0x00000440   0x0000015c   Code   RO          609    i.USBH_MSC_Config   USB_CM3.lib(usbh_msc.o)
    0x0000059c   0x0000059c   0x00000066   Code   RO          611    i.USBH_MSC_GetMaxLUN  USB_CM3.lib(usbh_msc.o)
    0x00000602   0x00000602   0x00000002   PAD
    0x00000604   0x00000604   0x00000134   Code   RO          612    i.USBH_MSC_Init     USB_CM3.lib(usbh_msc.o)
    0x00000738   0x00000738   0x00000128   Code   RO          613    i.USBH_MSC_Inquiry  USB_CM3.lib(usbh_msc.o)
    0x00000860   0x00000860   0x00000134   Code   RO          615    i.USBH_MSC_ReadCapacity  USB_CM3.lib(usbh_msc.o)
    0x00000994   0x00000994   0x000000e4   Code   RO          616    i.USBH_MSC_Rece_Data  USB_CM3.lib(usbh_msc.o)
    0x00000a78   0x00000a78   0x00000128   Code   RO          617    i.USBH_MSC_RequestSense  USB_CM3.lib(usbh_msc.o)
    0x00000ba0   0x00000ba0   0x00000174   Code   RO          618    i.USBH_MSC_Send_Data  USB_CM3.lib(usbh_msc.o)
    0x00000d14   0x00000d14   0x0000001c   Code   RO          619    i.USBH_MSC_SetLastError  USB_CM3.lib(usbh_msc.o)
    0x00000d30   0x00000d30   0x00000110   Code   RO          620    i.USBH_MSC_TestUnitReady  USB_CM3.lib(usbh_msc.o)
    0x00000e40   0x00000e40   0x000000a8   Code   RO          621    i.USBH_MSC_UnConfig  USB_CM3.lib(usbh_msc.o)
    0x00000ee8   0x00000ee8   0x00000030   Code   RO          622    i.USBH_MSC_UnInit   USB_CM3.lib(usbh_msc.o)
    0x00000f18   0x00000f18   0x0000001a   Code   RO          659    i.USBH_OHCI_ED_Clear  USB_CM3.lib(usbh_ohci.o)
    0x00000f32   0x00000f32   0x00000010   Code   RO          660    i.USBH_OHCI_ED_GetLast  USB_CM3.lib(usbh_ohci.o)
    0x00000f42   0x00000f42   0x00000002   PAD
    0x00000f44   0x00000f44   0x00000090   Code   RO          661    i.USBH_OHCI_ED_IntFindSlot  USB_CM3.lib(usbh_ohci.o)
    0x00000fd4   0x00000fd4   0x0000009c   Code   RO          662    i.USBH_OHCI_ED_Start  USB_CM3.lib(usbh_ohci.o)
    0x00001070   0x00001070   0x000000a8   Code   RO          663    i.USBH_OHCI_ED_Stop  USB_CM3.lib(usbh_ohci.o)
    0x00001118   0x00001118   0x00000144   Code   RO          664    i.USBH_OHCI_EP_Add  USB_CM3.lib(usbh_ohci.o)
    0x0000125c   0x0000125c   0x000000b4   Code   RO          665    i.USBH_OHCI_EP_Config  USB_CM3.lib(usbh_ohci.o)
    0x00001310   0x00001310   0x000001a0   Code   RO          666    i.USBH_OHCI_EP_Remove  USB_CM3.lib(usbh_ohci.o)
    0x000014b0   0x000014b0   0x0000008c   Code   RO          668    i.USBH_OHCI_Get_Connect  USB_CM3.lib(usbh_ohci.o)
    0x0000153c   0x0000153c   0x0000000c   Code   RO          669    i.USBH_OHCI_Get_Speed  USB_CM3.lib(usbh_ohci.o)
    0x00001548   0x00001548   0x000001a4   Code   RO          670    i.USBH_OHCI_IRQHandler  USB_CM3.lib(usbh_ohci.o)
    0x000016ec   0x000016ec   0x000001bc   Code   RO          671    i.USBH_OHCI_Init    USB_CM3.lib(usbh_ohci.o)
    0x000018a8   0x000018a8   0x00000014   Code   RO          672    i.USBH_OHCI_Pins_Config  USB_CM3.lib(usbh_ohci.o)
    0x000018bc   0x000018bc   0x00000038   Code   RO          673    i.USBH_OHCI_Port_Power  USB_CM3.lib(usbh_ohci.o)
    0x000018f4   0x000018f4   0x00000048   Code   RO          674    i.USBH_OHCI_Port_Reset  USB_CM3.lib(usbh_ohci.o)
    0x0000193c   0x0000193c   0x0000000e   Code   RO          675    i.USBH_OHCI_TDURB_Clear  USB_CM3.lib(usbh_ohci.o)
    0x0000194a   0x0000194a   0x00000002   PAD
    0x0000194c   0x0000194c   0x00000038   Code   RO          676    i.USBH_OHCI_TDURB_FindTD  USB_CM3.lib(usbh_ohci.o)
    0x00001984   0x00001984   0x00000034   Code   RO          677    i.USBH_OHCI_TDURB_FindURB  USB_CM3.lib(usbh_ohci.o)
    0x000019b8   0x000019b8   0x00000030   Code   RO          678    i.USBH_OHCI_TDURB_GetFree  USB_CM3.lib(usbh_ohci.o)
    0x000019e8   0x000019e8   0x00000012   Code   RO          679    i.USBH_OHCI_TD_Clear  USB_CM3.lib(usbh_ohci.o)
    0x000019fa   0x000019fa   0x00000002   PAD
    0x000019fc   0x000019fc   0x00000054   Code   RO          680    i.USBH_OHCI_TD_Dequeue  USB_CM3.lib(usbh_ohci.o)
    0x00001a50   0x00001a50   0x000000bc   Code   RO          681    i.USBH_OHCI_TD_Enqueue  USB_CM3.lib(usbh_ohci.o)
    0x00001b0c   0x00001b0c   0x00000064   Code   RO          682    i.USBH_OHCI_URB_Cancel  USB_CM3.lib(usbh_ohci.o)
    0x00001b70   0x00001b70   0x00000064   Code   RO          683    i.USBH_OHCI_URB_Submit  USB_CM3.lib(usbh_ohci.o)
    0x00001bd4   0x00001bd4   0x000000c4   Code   RO          545    i.USBH_Rece_Data    USB_CM3.lib(usbh_core.o)
    0x00001c98   0x00001c98   0x000000c4   Code   RO          546    i.USBH_Send_Data    USB_CM3.lib(usbh_core.o)
    0x00001d5c   0x00001d5c   0x0000007c   Code   RO          547    i.USBH_Send_Setup   USB_CM3.lib(usbh_core.o)
    0x00001dd8   0x00001dd8   0x00000014   Code   RO          553    i.USBH_SetLastError  USB_CM3.lib(usbh_core.o)
    0x00001dec   0x00001dec   0x00000008   Code   RO          456    i.USB_IRQHandler    usbh_ohci_lpc17xx.o
    0x00001df4   0x00001df4   0x00000004   Code   RO           69    i.main              main.o
    0x00001df8   0x00001df8   0x00000020   Code   RO          562    i.usbh_mem_alloc    USB_CM3.lib(usbh_core.o)
    0x00001e18   0x00001e18   0x00000044   Code   RO          719    i.usbh_mem_alloc_lib  USB_CM3.lib(usbh_mem.o)
    0x00001e5c   0x00001e5c   0x0000001a   Code   RO          563    i.usbh_mem_free     USB_CM3.lib(usbh_core.o)
    0x00001e76   0x00001e76   0x00000002   PAD
    0x00001e78   0x00001e78   0x0000003c   Code   RO          720    i.usbh_mem_free_lib  USB_CM3.lib(usbh_mem.o)
    0x00001eb4   0x00001eb4   0x0000001a   Code   RO          564    i.usbh_mem_init     USB_CM3.lib(usbh_core.o)
    0x00001ece   0x00001ece   0x00000002   PAD
    0x00001ed0   0x00001ed0   0x00000040   Code   RO          721    i.usbh_mem_init_lib  USB_CM3.lib(usbh_mem.o)
    0x00001f10   0x00001f10   0x00000020   Code   RO          457    i.usbh_ohci_hw_delay_ms  usbh_ohci_lpc17xx.o
    0x00001f30   0x00001f30   0x00000018   Code   RO          458    i.usbh_ohci_hw_get_capabilities  usbh_ohci_lpc17xx.o
    0x00001f48   0x00001f48   0x000000f0   Code   RO          459    i.usbh_ohci_hw_init  usbh_ohci_lpc17xx.o
    0x00002038   0x00002038   0x00000038   Code   RO          460    i.usbh_ohci_hw_irq_en  usbh_ohci_lpc17xx.o
    0x00002070   0x00002070   0x0000005c   Code   RO          461    i.usbh_ohci_hw_pins_config  usbh_ohci_lpc17xx.o
    0x000020cc   0x000020cc   0x00000006   Code   RO          462    i.usbh_ohci_hw_port_power  usbh_ohci_lpc17xx.o
    0x000020d2   0x000020d2   0x00000002   PAD
    0x000020d4   0x000020d4   0x0000000c   Code   RO          463    i.usbh_ohci_hw_reg_rd  usbh_ohci_lpc17xx.o
    0x000020e0   0x000020e0   0x0000000c   Code   RO          464    i.usbh_ohci_hw_reg_wr  usbh_ohci_lpc17xx.o
    0x000020ec   0x000020ec   0x000000c0   Code   RO          565    i.usbh_transfer     USB_CM3.lib(usbh_core.o)
    0x000021ac   0x000021ac   0x00000008   Data   RO          440    .constdata          usb_config.o
    0x000021b4   0x000021b4   0x00000020   Data   RO          684    .constdata          USB_CM3.lib(usbh_ohci.o)
    0x000021d4   0x000021d4   0x00000020   Data   RO          911    Region$$Table       anon$$obj.o


    Execution Region RW_IRAM1 (Exec base: 0x10000000, Load base: 0x000021f4, Size: 0x00000390, Max: 0x00008000, ABSOLUTE)

    Exec Addr    Load Addr    Size         Type   Attr      Idx    E Section Name        Object

    0x10000000   0x000021f4   0x00000018   Data   RW          441    .data               usb_config.o
    0x10000018   0x0000220c   0x00000048   Data   RW          469    .data               usbh_ohci_lpc17xx.o
    0x10000060   0x00002254   0x00000018   Data   RW          629    .data               USB_CM3.lib(usbh_msc.o)
    0x10000078   0x0000226c   0x00000034   Data   RW          685    .data               USB_CM3.lib(usbh_ohci.o)
    0x100000ac   0x000022a0   0x00000014   Data   RW          686    .data               USB_CM3.lib(usbh_ohci.o)
    0x100000c0   0x000022b4   0x00000010   Data   RW          722    .data               USB_CM3.lib(usbh_mem.o)
    0x100000d0        -       0x0000005c   Zero   RW          439    .bss                usb_config.o
    0x1000012c        -       0x00000060   Zero   RW          785    .bss                c_w.l(libspace.o)
    0x1000018c   0x000022c4   0x00000004   PAD
    0x10000190        -       0x00000000   Zero   RW            2    HEAP                startup_lpc17xx.o
    0x10000190        -       0x00000200   Zero   RW            1    STACK               startup_lpc17xx.o



  Load Region LR$$.ARM.__AT_0x20080000 (Base: 0x20080000, Size: 0x00000000, Max: 0x00000100, ABSOLUTE)

    Execution Region ER$$.ARM.__AT_0x20080000 (Exec base: 0x20080000, Load base: 0x20080000, Size: 0x00000100, Max: 0x00000100, ABSOLUTE, UNINIT)

    Exec Addr    Load Addr    Size         Type   Attr      Idx    E Section Name        Object

    0x20080000        -       0x00000100   Zero   RW          465    .ARM.__AT_0x20080000  usbh_ohci_lpc17xx.o



  Load Region LR$$.ARM.__AT_0x20080100 (Base: 0x20080100, Size: 0x00000000, Max: 0x00000030, ABSOLUTE)

    Execution Region ER$$.ARM.__AT_0x20080100 (Exec base: 0x20080100, Load base: 0x20080100, Size: 0x00000030, Max: 0x00000030, ABSOLUTE, UNINIT)

    Exec Addr    Load Addr    Size         Type   Attr      Idx    E Section Name        Object

    0x20080100        -       0x00000030   Zero   RW          466    .ARM.__AT_0x20080100  usbh_ohci_lpc17xx.o



  Load Region LR$$.ARM.__AT_0x20080130 (Base: 0x20080130, Size: 0x00000000, Max: 0x00000010, ABSOLUTE)

    Execution Region ER$$.ARM.__AT_0x20080130 (Exec base: 0x20080130, Load base: 0x20080130, Size: 0x00000010, Max: 0x00000010, ABSOLUTE, UNINIT)

    Exec Addr    Load Addr    Size         Type   Attr      Idx    E Section Name        Object

    0x20080130        -       0x00000010   Zero   RW          467    .ARM.__AT_0x20080130  usbh_ohci_lpc17xx.o



  Load Region LR$$.ARM.__AT_0x20080140 (Base: 0x20080140, Size: 0x00000000, Max: 0x0000100c, ABSOLUTE)

    Execution Region ER$$.ARM.__AT_0x20080140 (Exec base: 0x20080140, Load base: 0x20080140, Size: 0x0000100c, Max: 0x0000100c, ABSOLUTE, UNINIT)

    Exec Addr    Load Addr    Size         Type   Attr      Idx    E Section Name        Object

    0x20080140        -       0x0000100c   Zero   RW          468    .ARM.__AT_0x20080140  usbh_ohci_lpc17xx.o


==============================================================================

Image component sizes


      Code (inc. data)   RO Data    RW Data    ZI Data      Debug   Object Name

         4          0          0          0          0      20123   main.o
        64         26        204          0        512        952   startup_lpc17xx.o
       320         18          0          0          0      21717   system_lpc17xx.o
         0          0          8         24         92       1755   usb_config.o
       482         62          0         72       4428      30193   usbh_ohci_lpc17xx.o

    ----------------------------------------------------------------------
       872        106        244         96       5032      74740   Object Totals
         0          0         32          0          0          0   (incl. Generated)
         2          0          0          0          0          0   (incl. Padding)

    ----------------------------------------------------------------------

      Code (inc. data)   RO Data    RW Data    ZI Data      Debug   Library Member Name

       812         30          0          0          0        684   usbh_core.o
       192         16          0         16          0        232   usbh_mem.o
      2826        176          0         24          0       1164   usbh_msc.o
      3278        148         32         72          0       2016   usbh_ohci.o
         8          0          0          0          0         68   __main.o
         0          0          0          0          0          0   __rtentry.o
        12          0          0          0          0          0   __rtentry2.o
         6          0          0          0          0          0   __rtentry4.o
        52          8          0          0          0          0   __scatter.o
        26          0          0          0          0          0   __scatter_copy.o
        28          0          0          0          0          0   __scatter_zi.o
        18          0          0          0          0         80   exit.o
         6          0          0          0          0        152   heapauxi.o
         0          0          0          0          0          0   indicate_semi.o
         2          0          0          0          0          0   libinit.o
         2          0          0          0          0          0   libinit2.o
         2          0          0          0          0          0   libshutdown.o
         2          0          0          0          0          0   libshutdown2.o
         8          4          0          0         96         68   libspace.o
        68          0          0          0          0         68   rt_memclr.o
        78          0          0          0          0         80   rt_memclr_w.o
         2          0          0          0          0          0   rtexit.o
        10          0          0          0          0          0   rtexit2.o
        12          4          0          0          0         68   sys_exit.o
        74          0          0          0          0         80   sys_stackheap_outer.o
         2          0          0          0          0         68   use_no_semi.o

    ----------------------------------------------------------------------
      7544        386         32        112        100       4828   Library Totals
        18          0          0          0          4          0   (incl. Padding)

    ----------------------------------------------------------------------

      Code (inc. data)   RO Data    RW Data    ZI Data      Debug   Library Name

      7108        370         32        112          0       4096   USB_CM3.lib
       418         16          0          0         96        732   c_w.l

    ----------------------------------------------------------------------
      7544        386         32        112        100       4828   Library Totals

    ----------------------------------------------------------------------

==============================================================================


      Code (inc. data)   RO Data    RW Data    ZI Data      Debug   

      8416        492        276        208       5132      76444   Grand Totals
      8416        492        276        208       5132      76444   ELF Image Totals
      8416        492        276        208          0          0   ROM Totals

==============================================================================

    Total RO  Size (Code + RO Data)                 8692 (   8.49kB)
    Total RW  Size (RW Data + ZI Data)              5340 (   5.21kB)
    Total ROM Size (Code + RO Data + RW Data)       8900 (   8.69kB)

==============================================================================

