<html>
<body>
<pre>
<h1>µVision Build Log</h1>
<h2>Tool Versions:</h2>
IDE-Version: µVision V5.25.2.0
Copyright (C) 2018 ARM Ltd and ARM Germany GmbH. All rights reserved.
License Information: Renato Del Castillo, Renato, LIC=KRMHL-024RX-M96GG-VXLLM-AYNS9-Q5VGM
 
Tool Versions:
Toolchain:       MDK-ARM Plus  Version: 5.25.2.0
Toolchain Path:  C:\Keil_v5\ARM\ARMCC\Bin
C Compiler:      Armcc.exe V5.06 update 6 (build 750)
Assembler:       Armasm.exe V5.06 update 6 (build 750)
Linker/Locator:  ArmLink.exe V5.06 update 6 (build 750)
Library Manager: ArmAr.exe V5.06 update 6 (build 750)
Hex Converter:   FromElf.exe V5.06 update 6 (build 750)
CPU DLL:         SARMCM3.DLL V5.25.2.0
Dialog DLL:      DARMP1.DLL V1.27.0.0
Target DLL:      UL2CM3.DLL V1.160.12.0
Dialog DLL:      TARMP1.DLL V1.26.0.0
 
<h2>Project:</h2>
E:\Keil_Workbench\LPC\LPC17xx_FreeRTOS\ByRenato.uvproj
Project File Date:  04/10/2018

<h2>Output:</h2>
*** Using Compiler 'V5.06 update 6 (build 750)', folder: 'C:\Keil_v5\ARM\ARMCC\Bin'
Build target 'LPC17xx'
compiling User.c...
compiling main.c...
src\main.c(16): warning:  #144-D: a value of type "int *" cannot be used to initialize an entity of type "int"
  	int c = (int *) p;
src\main.c: 2 warnings, 0 errors
  	xTaskCreate(myTask1, "Task1", 200, StartValue, tskIDLE_PRIORITY, &myTask1Handle);
linking...
Program Size: Code=8984 RO-data=248 RW-data=116 ZI-data=23612  
".\Objects\ByRenato.axf" - 0 Error(s), 1 Warning(s).
Build Time Elapsed:  00:00:02
</pre>
</body>
</html>
