<html>
<body>
<pre>
<h1>µVision Build Log</h1>
<h2>Tool Versions:</h2>
IDE-Version: µVision V5.25.2.0
Copyright (C) 2018 ARM Ltd and ARM Germany GmbH. All rights reserved.
License Information: Renato Del Castillo, Renato, LIC=KRMHL-024RX-M96GG-VXLLM-AYNS9-Q5VGM
 
Tool Versions:
Toolchain:       MDK-ARM Plus  Version: 5.25.2.0
Toolchain Path:  C:\Keil_v5\ARM\ARMCC\Bin
C Compiler:      Armcc.exe V5.06 update 6 (build 750)
Assembler:       Armasm.exe V5.06 update 6 (build 750)
Linker/Locator:  ArmLink.exe V5.06 update 6 (build 750)
Library Manager: ArmAr.exe V5.06 update 6 (build 750)
Hex Converter:   FromElf.exe V5.06 update 6 (build 750)
CPU DLL:         SARMCM3.DLL V5.25.2.0
Dialog DLL:      DARMP1.DLL V1.27.0.0
Target DLL:      UL2CM3.DLL V1.160.12.0
Dialog DLL:      TARMP1.DLL V1.26.0.0
 
<h2>Project:</h2>
E:\Keil_Workbench\LPC\Template\ByRenato.uvproj
Project File Date:  05/04/2018

<h2>Output:</h2>
*** Using Compiler 'V5.06 update 6 (build 750)', folder: 'C:\Keil_v5\ARM\ARMCC\Bin'
Build target 'LPC17xx'
compiling system_LPC17xx.c...
compiling LPC17xx_it.c...
compiling main.c...
compiling Events.c...
compiling Peripheral.c...
Components\src\Peripheral.c(61): warning:  #177-D: variable "PinStruct"  was declared but never referenced
  	PINSEL_InitTypeDef   PinStruct;
Components\src\Peripheral.c: 1 warning, 0 errors
compiling User.c...
compiling cdcuser.c...
compiling uart.c...
compiling Handlers.c...
compiling usbcore.c...
compiling usbdesc.c...
compiling usbuser.c...
compiling usbhw.c...
compiling lpc17xx_adc.c...
compiling lpc17xx_dac.c...
compiling lpc17xx_can.c...
compiling lpc17xx_emac.c...
compiling lpc17xx_exti.c...
compiling lpc17xx_gpdma.c...
compiling lpc17xx_iap.c...
compiling lpc17xx_i2s.c...
compiling lpc17xx_i2c.c...
compiling lpc17xx_mcpwm.c...
compiling lpc17xx_nvic.c...
compiling lpc17xx_pwm.c...
compiling lpc17xx_rit.c...
compiling lpc17xx_qei.c...
compiling lpc17xx_rtc.c...
compiling lpc17xx_spi.c...
compiling lpc17xx_ssp.c...
compiling lpc17xx_systick.c...
compiling lpc17xx_timer.c...
compiling lpc17xx_uart.c...
compiling lpc17xx_wdt.c...
compiling Bool.c...
compiling Button.c...
compiling Bytes.c...
compiling Capture.c...
compiling Fifo.c...
compiling Parameters.c...
compiling Pulse.c...
compiling Serial.c...
compiling Str.c...
compiling SytemTime.c...
compiling Timer.c...
compiling Utils.c...
compiling Uint32.c...
linking...
Program Size: Code=9456 RO-data=524 RW-data=88 ZI-data=10696  
FromELF: creating hex file...
".\Flash\ByRenato.axf" - 0 Error(s), 1 Warning(s).
Build Time Elapsed:  00:00:16
</pre>
</body>
</html>
