Component: ARM Compiler 5.06 update 6 (build 750) Tool: armlink [4d35ed]

==============================================================================

Section Cross References

    startup_lpc17xx.o(STACK) refers (Special) to heapauxi.o(.text) for __use_two_region_memory
    startup_lpc17xx.o(HEAP) refers (Special) to heapauxi.o(.text) for __use_two_region_memory
    startup_lpc17xx.o(RESET) refers (Special) to heapauxi.o(.text) for __use_two_region_memory
    startup_lpc17xx.o(RESET) refers to startup_lpc17xx.o(STACK) for __initial_sp
    startup_lpc17xx.o(RESET) refers to startup_lpc17xx.o(.text) for Reset_Handler
    startup_lpc17xx.o(RESET) refers to lpc17xx_it.o(i.SysTick_Handler) for SysTick_Handler
    startup_lpc17xx.o(RESET) refers to uart.o(i.UART0_IRQHandler) for UART0_IRQHandler
    startup_lpc17xx.o(RESET) refers to uart.o(i.UART1_IRQHandler) for UART1_IRQHandler
    startup_lpc17xx.o(RESET) refers to usbhw.o(i.USB_IRQHandler) for USB_IRQHandler
    startup_lpc17xx.o(.ARM.__at_0x02FC) refers (Special) to heapauxi.o(.text) for __use_two_region_memory
    startup_lpc17xx.o(.text) refers (Special) to heapauxi.o(.text) for __use_two_region_memory
    startup_lpc17xx.o(.text) refers to system_lpc17xx.o(i.SystemInit) for SystemInit
    startup_lpc17xx.o(.text) refers to __main.o(!!!main) for __main
    startup_lpc17xx.o(.text) refers to startup_lpc17xx.o(HEAP) for Heap_Mem
    startup_lpc17xx.o(.text) refers to startup_lpc17xx.o(STACK) for Stack_Mem
    system_lpc17xx.o(i.SystemCoreClockUpdate) refers to lludivv7m.o(.text) for __aeabi_uldivmod
    system_lpc17xx.o(i.SystemCoreClockUpdate) refers to system_lpc17xx.o(.data) for SystemCoreClock
    lpc17xx_it.o(i.SysTick_Handler) refers to lpc17xx_systick.o(i.SYSTICK_ClearCounterFlag) for SYSTICK_ClearCounterFlag
    main.o(i.main) refers to peripheral.o(i.Peripheral) for Peripheral
    main.o(i.main) refers to user.o(i.Variables) for Variables
    main.o(i.main) refers to user.o(i.Loop) for Loop
    main.o(i.main) refers to lpc17xx_wdt.o(i.WDT_Feed) for WDT_Feed
    user.o(i.Loop) refers to aeabi_memset.o(.text) for __aeabi_memset
    user.o(i.Loop) refers to __2printf.o(.text) for __2printf
    user.o(i.Loop) refers to peripheral.o(.emb_text) for delay
    user.o(i.Loop) refers to user.o(.bss) for buf
    peripheral.o(i.CLKPOWER_Config) refers to lpc17xx_clkpwr.o(i.CLKPWR_ConfigPPWR) for CLKPWR_ConfigPPWR
    peripheral.o(i.GPIO_Config) refers to peripheral.o(i.GPIO_Init) for GPIO_Init
    peripheral.o(i.IWDT_Config) refers to lpc17xx_wdt.o(i.WDT_Init) for WDT_Init
    peripheral.o(i.NVIC_Config) refers to lpc17xx_nvic.o(i.NVIC_Init) for NVIC_Init
    peripheral.o(i.NVIC_Config) refers to lpc17xx_uart.o(i.UART_IntConfig) for UART_IntConfig
    peripheral.o(i.Peripheral) refers to peripheral.o(i.CLKPOWER_Config) for CLKPOWER_Config
    peripheral.o(i.Peripheral) refers to peripheral.o(i.GPIO_Config) for GPIO_Config
    peripheral.o(i.Send_Uart_Format) refers to vsnprintf.o(.text) for vsnprintf
    peripheral.o(i.Send_Uart_Format) refers to strlen.o(.text) for strlen
    peripheral.o(i.Send_Uart_Format) refers to lpc17xx_uart.o(i.UART_Send) for UART_Send
    peripheral.o(i.Send_Uart_Format) refers to peripheral.o(.bss) for UART_Buffer
    peripheral.o(i.TIM_Config) refers to lpc17xx_timer.o(i.TIM_Init) for TIM_Init
    peripheral.o(i.TIM_Config) refers to lpc17xx_timer.o(i.TIM_ConfigMatch) for TIM_ConfigMatch
    peripheral.o(i.UART_Config) refers to lpc17xx_uart.o(i.UART_Init) for UART_Init
    peripheral.o(i.UART_Config) refers to lpc17xx_uart.o(i.UART_FIFOConfig) for UART_FIFOConfig
    peripheral.o(i.UART_Config) refers to lpc17xx_uart.o(i.UART_TxCmd) for UART_TxCmd
    cdcuser.o(i.CDC_BulkIn) refers to uart.o(i.ser_AvailChar) for ser_AvailChar
    cdcuser.o(i.CDC_BulkIn) refers to uart.o(i.ser_Read) for ser_Read
    cdcuser.o(i.CDC_BulkIn) refers to usbhw.o(i.USB_WriteEP) for USB_WriteEP
    cdcuser.o(i.CDC_BulkIn) refers to cdcuser.o(.bss) for BulkBufIn
    cdcuser.o(i.CDC_BulkIn) refers to cdcuser.o(.data) for CDC_DepInEmpty
    cdcuser.o(i.CDC_BulkOut) refers to usbhw.o(i.USB_ReadEP) for USB_ReadEP
    cdcuser.o(i.CDC_BulkOut) refers to cdcuser.o(i.CDC_WrOutBuf) for CDC_WrOutBuf
    cdcuser.o(i.CDC_BulkOut) refers to cdcuser.o(.bss) for BulkBufOut
    cdcuser.o(i.CDC_GetLineCoding) refers to cdcuser.o(.data) for CDC_LineCoding
    cdcuser.o(i.CDC_GetLineCoding) refers to usbcore.o(.data) for EP0Buf
    cdcuser.o(i.CDC_GetSerialState) refers to uart.o(i.ser_LineState) for ser_LineState
    cdcuser.o(i.CDC_GetSerialState) refers to cdcuser.o(.data) for CDC_SerialState
    cdcuser.o(i.CDC_Init) refers to uart.o(i.ser_OpenPort) for ser_OpenPort
    cdcuser.o(i.CDC_Init) refers to uart.o(i.ser_InitPort0) for ser_InitPort0
    cdcuser.o(i.CDC_Init) refers to uart.o(i.ser_InitPort1) for ser_InitPort1
    cdcuser.o(i.CDC_Init) refers to cdcuser.o(i.CDC_GetSerialState) for CDC_GetSerialState
[...]
    ../clib/string.c                         0x00000000   Number         0  strcpy.o ABSOLUTE
    ../fplib/dretinf.s                       0x00000000   Number         0  dretinf.o ABSOLUTE
    ../fplib/f2d.s                           0x00000000   Number         0  f2d.o ABSOLUTE
    ../fplib/fcmpi.s                         0x00000000   Number         0  fcmpi.o ABSOLUTE
    ../fplib/fflt.s                          0x00000000   Number         0  fflt_clz.o ABSOLUTE
    ../fplib/fleqf.s                         0x00000000   Number         0  fleqf.o ABSOLUTE
    ../fplib/fnaninf.s                       0x00000000   Number         0  fnaninf.o ABSOLUTE
    ../fplib/fpinit.s                        0x00000000   Number         0  fpinit.o ABSOLUTE
    ../fplib/frleqf.s                        0x00000000   Number         0  frleqf.o ABSOLUTE
    ../fplib/istatus.s                       0x00000000   Number         0  istatus.o ABSOLUTE
    ../fplib/printf1.s                       0x00000000   Number         0  printf1.o ABSOLUTE
    ../fplib/printf2.s                       0x00000000   Number         0  printf2.o ABSOLUTE
    ../fplib/printf2a.s                      0x00000000   Number         0  printf2a.o ABSOLUTE
    ../fplib/printf2b.s                      0x00000000   Number         0  printf2b.o ABSOLUTE
    ../fplib/usenofp.s                       0x00000000   Number         0  usenofp.o ABSOLUTE
    ../mathlib/fpclassify.c                  0x00000000   Number         0  fpclassify.o ABSOLUTE
    Components\\src\\Peripheral.c            0x00000000   Number         0  peripheral.o ABSOLUTE
    Components\src\Peripheral.c              0x00000000   Number         0  peripheral.o ABSOLUTE
    Lib\CLib__1_0_0_4\src\Bool.c             0x00000000   Number         0  bool.o ABSOLUTE
    Lib\CLib__1_0_0_4\src\Button.c           0x00000000   Number         0  button.o ABSOLUTE
    Lib\CLib__1_0_0_4\src\Bytes.c            0x00000000   Number         0  bytes.o ABSOLUTE
    Lib\CLib__1_0_0_4\src\Capture.c          0x00000000   Number         0  capture.o ABSOLUTE
    Lib\CLib__1_0_0_4\src\Fifo.c             0x00000000   Number         0  fifo.o ABSOLUTE
    Lib\CLib__1_0_0_4\src\Parameters.c       0x00000000   Number         0  parameters.o ABSOLUTE
    Lib\CLib__1_0_0_4\src\Pulse.c            0x00000000   Number         0  pulse.o ABSOLUTE
    Lib\CLib__1_0_0_4\src\Serial.c           0x00000000   Number         0  serial.o ABSOLUTE
    Lib\CLib__1_0_0_4\src\Str.c              0x00000000   Number         0  str.o ABSOLUTE
    Lib\CLib__1_0_0_4\src\SytemTime.c        0x00000000   Number         0  sytemtime.o ABSOLUTE
    Lib\CLib__1_0_0_4\src\Timer.c            0x00000000   Number         0  timer.o ABSOLUTE
    Lib\CLib__1_0_0_4\src\Uint32.c           0x00000000   Number         0  uint32.o ABSOLUTE
    Lib\CLib__1_0_0_4\src\Utils.c            0x00000000   Number         0  utils.o ABSOLUTE
    Lib\Drivers\source\lpc17xx_adc.c         0x00000000   Number         0  lpc17xx_adc.o ABSOLUTE
    Lib\Drivers\source\lpc17xx_can.c         0x00000000   Number         0  lpc17xx_can.o ABSOLUTE
    Lib\Drivers\source\lpc17xx_clkpwr.c      0x00000000   Number         0  lpc17xx_clkpwr.o ABSOLUTE
    Lib\Drivers\source\lpc17xx_dac.c         0x00000000   Number         0  lpc17xx_dac.o ABSOLUTE
    Lib\Drivers\source\lpc17xx_emac.c        0x00000000   Number         0  lpc17xx_emac.o ABSOLUTE
    Lib\Drivers\source\lpc17xx_exti.c        0x00000000   Number         0  lpc17xx_exti.o ABSOLUTE
    Lib\Drivers\source\lpc17xx_gpdma.c       0x00000000   Number         0  lpc17xx_gpdma.o ABSOLUTE
    Lib\Drivers\source\lpc17xx_i2c.c         0x00000000   Number         0  lpc17xx_i2c.o ABSOLUTE
    Lib\Drivers\source\lpc17xx_i2s.c         0x00000000   Number         0  lpc17xx_i2s.o ABSOLUTE
    Lib\Drivers\source\lpc17xx_iap.c         0x00000000   Number         0  lpc17xx_iap.o ABSOLUTE
    Lib\Drivers\source\lpc17xx_mcpwm.c       0x00000000   Number         0  lpc17xx_mcpwm.o ABSOLUTE
    Lib\Drivers\source\lpc17xx_nvic.c        0x00000000   Number         0  lpc17xx_nvic.o ABSOLUTE
    Lib\Drivers\source\lpc17xx_pwm.c         0x00000000   Number         0  lpc17xx_pwm.o ABSOLUTE
    Lib\Drivers\source\lpc17xx_qei.c         0x00000000   Number         0  lpc17xx_qei.o ABSOLUTE
    Lib\Drivers\source\lpc17xx_rit.c         0x00000000   Number         0  lpc17xx_rit.o ABSOLUTE
    Lib\Drivers\source\lpc17xx_rtc.c         0x00000000   Number         0  lpc17xx_rtc.o ABSOLUTE
    Lib\Drivers\source\lpc17xx_spi.c         0x00000000   Number         0  lpc17xx_spi.o ABSOLUTE
    Lib\Drivers\source\lpc17xx_ssp.c         0x00000000   Number         0  lpc17xx_ssp.o ABSOLUTE
    Lib\Drivers\source\lpc17xx_systick.c     0x00000000   Number         0  lpc17xx_systick.o ABSOLUTE
    Lib\Drivers\source\lpc17xx_timer.c       0x00000000   Number         0  lpc17xx_timer.o ABSOLUTE
    Lib\Drivers\source\lpc17xx_uart.c        0x00000000   Number         0  lpc17xx_uart.o ABSOLUTE
    Lib\Drivers\source\lpc17xx_wdt.c         0x00000000   Number         0  lpc17xx_wdt.o ABSOLUTE
    Lib\Usb_Drivers\Src\cdcuser.c            0x00000000   Number         0  cdcuser.o ABSOLUTE
    Lib\Usb_Drivers\Src\uart.c               0x00000000   Number         0  uart.o ABSOLUTE
    Lib\Usb_Drivers\Src\usbcore.c            0x00000000   Number         0  usbcore.o ABSOLUTE
    Lib\Usb_Drivers\Src\usbdesc.c            0x00000000   Number         0  usbdesc.o ABSOLUTE
    Lib\Usb_Drivers\Src\usbhw.c              0x00000000   Number         0  usbhw.o ABSOLUTE
    Lib\Usb_Drivers\Src\usbuser.c            0x00000000   Number         0  usbuser.o ABSOLUTE
    Lib\\CLib__1_0_0_4\\src\\Bool.c          0x00000000   Number         0  bool.o ABSOLUTE
    Lib\\CLib__1_0_0_4\\src\\Button.c        0x00000000   Number         0  button.o ABSOLUTE
    Lib\\CLib__1_0_0_4\\src\\Bytes.c         0x00000000   Number         0  bytes.o ABSOLUTE
    Lib\\CLib__1_0_0_4\\src\\Capture.c       0x00000000   Number         0  capture.o ABSOLUTE
    Lib\\CLib__1_0_0_4\\src\\Fifo.c          0x00000000   Number         0  fifo.o ABSOLUTE
    Lib\\CLib__1_0_0_4\\src\\Parameters.c    0x00000000   Number         0  parameters.o ABSOLUTE
    Lib\\CLib__1_0_0_4\\src\\Pulse.c         0x00000000   Number         0  pulse.o ABSOLUTE
    Lib\\CLib__1_0_0_4\\src\\Serial.c        0x00000000   Number         0  serial.o ABSOLUTE
    Lib\\CLib__1_0_0_4\\src\\Str.c           0x00000000   Number         0  str.o ABSOLUTE
    Lib\\CLib__1_0_0_4\\src\\SytemTime.c     0x00000000   Number         0  sytemtime.o ABSOLUTE
    Lib\\CLib__1_0_0_4\\src\\Timer.c         0x00000000   Number         0  timer.o ABSOLUTE
    Lib\\CLib__1_0_0_4\\src\\Uint32.c        0x00000000   Number         0  uint32.o ABSOLUTE
    Lib\\CLib__1_0_0_4\\src\\Utils.c         0x00000000   Number         0  utils.o ABSOLUTE
    Lib\\Drivers\\source\\lpc17xx_adc.c      0x00000000   Number         0  lpc17xx_adc.o ABSOLUTE
    Lib\\Drivers\\source\\lpc17xx_can.c      0x00000000   Number         0  lpc17xx_can.o ABSOLUTE
    Lib\\Drivers\\source\\lpc17xx_clkpwr.c   0x00000000   Number         0  lpc17xx_clkpwr.o ABSOLUTE
    Lib\\Drivers\\source\\lpc17xx_dac.c      0x00000000   Number         0  lpc17xx_dac.o ABSOLUTE
    Lib\\Drivers\\source\\lpc17xx_emac.c     0x00000000   Number         0  lpc17xx_emac.o ABSOLUTE
    Lib\\Drivers\\source\\lpc17xx_exti.c     0x00000000   Number         0  lpc17xx_exti.o ABSOLUTE
    Lib\\Drivers\\source\\lpc17xx_gpdma.c    0x00000000   Number         0  lpc17xx_gpdma.o ABSOLUTE
    Lib\\Drivers\\source\\lpc17xx_i2c.c      0x00000000   Number         0  lpc17xx_i2c.o ABSOLUTE
    Lib\\Drivers\\source\\lpc17xx_i2s.c      0x00000000   Number         0  lpc17xx_i2s.o ABSOLUTE
    Lib\\Drivers\\source\\lpc17xx_mcpwm.c    0x00000000   Number         0  lpc17xx_mcpwm.o ABSOLUTE
    Lib\\Drivers\\source\\lpc17xx_nvic.c     0x00000000   Number         0  lpc17xx_nvic.o ABSOLUTE
    Lib\\Drivers\\source\\lpc17xx_pwm.c      0x00000000   Number         0  lpc17xx_pwm.o ABSOLUTE
    Lib\\Drivers\\source\\lpc17xx_qei.c      0x00000000   Number         0  lpc17xx_qei.o ABSOLUTE
    Lib\\Drivers\\source\\lpc17xx_rit.c      0x00000000   Number         0  lpc17xx_rit.o ABSOLUTE
    Lib\\Drivers\\source\\lpc17xx_rtc.c      0x00000000   Number         0  lpc17xx_rtc.o ABSOLUTE
    Lib\\Drivers\\source\\lpc17xx_spi.c      0x00000000   Number         0  lpc17xx_spi.o ABSOLUTE
    Lib\\Drivers\\source\\lpc17xx_ssp.c      0x00000000   Number         0  lpc17xx_ssp.o ABSOLUTE
    Lib\\Drivers\\source\\lpc17xx_systick.c  0x00000000   Number         0  lpc17xx_systick.o ABSOLUTE
    Lib\\Drivers\\source\\lpc17xx_timer.c    0x00000000   Number         0  lpc17xx_timer.o ABSOLUTE
    Lib\\Drivers\\source\\lpc17xx_uart.c     0x00000000   Number         0  lpc17xx_uart.o ABSOLUTE
    Lib\\Drivers\\source\\lpc17xx_wdt.c      0x00000000   Number         0  lpc17xx_wdt.o ABSOLUTE
    Lib\\Usb_Drivers\\Src\\uart.c            0x00000000   Number         0  uart.o ABSOLUTE
    Lib\\Usb_Drivers\\Src\\usbhw.c           0x00000000   Number         0  usbhw.o ABSOLUTE
    Src\User.c                               0x00000000   Number         0  user.o ABSOLUTE
    Src\\User.c                              0x00000000   Number         0  user.o ABSOLUTE
    Src\\main.c                              0x00000000   Number         0  main.o ABSOLUTE
    Src\\system_LPC17xx.c                    0x00000000   Number         0  system_lpc17xx.o ABSOLUTE
    Src\main.c                               0x00000000   Number         0  main.o ABSOLUTE
    Src\system_LPC17xx.c                     0x00000000   Number         0  system_lpc17xx.o ABSOLUTE
    dc.s                                     0x00000000   Number         0  dc.o ABSOLUTE
    src\Events.c                             0x00000000   Number         0  events.o ABSOLUTE
    src\Handlers.c                           0x00000000   Number         0  handlers.o ABSOLUTE
    src\LPC17xx_it.c                         0x00000000   Number         0  lpc17xx_it.o ABSOLUTE
    src\\Events.c                            0x00000000   Number         0  events.o ABSOLUTE
    src\\Handlers.c                          0x00000000   Number         0  handlers.o ABSOLUTE
    src\\LPC17xx_it.c                        0x00000000   Number         0  lpc17xx_it.o ABSOLUTE
    startup_LPC17xx.s                        0x00000000   Number         0  startup_lpc17xx.o ABSOLUTE
    !!!main                                  0x000000cc   Section        8  __main.o(!!!main)
    !!!scatter                               0x000000d4   Section       52  __scatter.o(!!!scatter)
    !!handler_copy                           0x00000108   Section       26  __scatter_copy.o(!!handler_copy)
    !!handler_zi                             0x00000124   Section       28  __scatter_zi.o(!!handler_zi)
    .ARM.Collect$$_printf_percent$$00000000  0x00000140   Section        0  _printf_percent.o(.ARM.Collect$$_printf_percent$$00000000)
    .ARM.Collect$$_printf_percent$$00000017  0x00000140   Section        4  _printf_percent_end.o(.ARM.Collect$$_printf_percent$$00000017)
    .ARM.Collect$$libinit$$00000000          0x00000144   Section        2  libinit.o(.ARM.Collect$$libinit$$00000000)
    .ARM.Collect$$libinit$$00000002          0x00000146   Section        0  libinit2.o(.ARM.Collect$$libinit$$00000002)
    .ARM.Collect$$libinit$$00000004          0x00000146   Section        0  libinit2.o(.ARM.Collect$$libinit$$00000004)
    .ARM.Collect$$libinit$$00000005          0x00000146   Section        8  libinit2.o(.ARM.Collect$$libinit$$00000005)
    .ARM.Collect$$libinit$$0000000A          0x0000014e   Section        0  libinit2.o(.ARM.Collect$$libinit$$0000000A)
    .ARM.Collect$$libinit$$0000000C          0x0000014e   Section        0  libinit2.o(.ARM.Collect$$libinit$$0000000C)
    .ARM.Collect$$libinit$$0000000E          0x0000014e   Section        0  libinit2.o(.ARM.Collect$$libinit$$0000000E)
    .ARM.Collect$$libinit$$00000011          0x0000014e   Section        0  libinit2.o(.ARM.Collect$$libinit$$00000011)
    .ARM.Collect$$libinit$$00000013          0x0000014e   Section        0  libinit2.o(.ARM.Collect$$libinit$$00000013)
    .ARM.Collect$$libinit$$00000015          0x0000014e   Section        0  libinit2.o(.ARM.Collect$$libinit$$00000015)
    .ARM.Collect$$libinit$$00000017          0x0000014e   Section        0  libinit2.o(.ARM.Collect$$libinit$$00000017)
    .ARM.Collect$$libinit$$00000019          0x0000014e   Section        0  libinit2.o(.ARM.Collect$$libinit$$00000019)
    .ARM.Collect$$libinit$$0000001B          0x0000014e   Section        0  libinit2.o(.ARM.Collect$$libinit$$0000001B)
    .ARM.Collect$$libinit$$0000001D          0x0000014e   Section        0  libinit2.o(.ARM.Collect$$libinit$$0000001D)
    .ARM.Collect$$libinit$$0000001F          0x0000014e   Section        0  libinit2.o(.ARM.Collect$$libinit$$0000001F)
    .ARM.Collect$$libinit$$00000021          0x0000014e   Section        0  libinit2.o(.ARM.Collect$$libinit$$00000021)
    .ARM.Collect$$libinit$$00000023          0x0000014e   Section        0  libinit2.o(.ARM.Collect$$libinit$$00000023)
    .ARM.Collect$$libinit$$00000024          0x0000014e   Section        4  libinit2.o(.ARM.Collect$$libinit$$00000024)
    .ARM.Collect$$libinit$$00000025          0x00000152   Section        0  libinit2.o(.ARM.Collect$$libinit$$00000025)
    .ARM.Collect$$libinit$$0000002C          0x00000152   Section        0  libinit2.o(.ARM.Collect$$libinit$$0000002C)
    .ARM.Collect$$libinit$$0000002E          0x00000152   Section        0  libinit2.o(.ARM.Collect$$libinit$$0000002E)
    .ARM.Collect$$libinit$$00000030          0x00000152   Section        0  libinit2.o(.ARM.Collect$$libinit$$00000030)
    .ARM.Collect$$libinit$$00000032          0x00000152   Section        0  libinit2.o(.ARM.Collect$$libinit$$00000032)
    .ARM.Collect$$libinit$$00000033          0x00000152   Section        2  libinit2.o(.ARM.Collect$$libinit$$00000033)
    .ARM.Collect$$libshutdown$$00000000      0x00000154   Section        2  libshutdown.o(.ARM.Collect$$libshutdown$$00000000)
    .ARM.Collect$$libshutdown$$00000002      0x00000156   Section        0  libshutdown2.o(.ARM.Collect$$libshutdown$$00000002)
    .ARM.Collect$$libshutdown$$00000003      0x00000156   Section        4  libshutdown2.o(.ARM.Collect$$libshutdown$$00000003)
    .ARM.Collect$$libshutdown$$00000004      0x0000015a   Section        0  libshutdown2.o(.ARM.Collect$$libshutdown$$00000004)
    .ARM.Collect$$libshutdown$$00000007      0x0000015a   Section        0  libshutdown2.o(.ARM.Collect$$libshutdown$$00000007)
    .ARM.Collect$$libshutdown$$0000000A      0x0000015a   Section        0  libshutdown2.o(.ARM.Collect$$libshutdown$$0000000A)
    .ARM.Collect$$libshutdown$$0000000C      0x0000015a   Section        0  libshutdown2.o(.ARM.Collect$$libshutdown$$0000000C)
    .ARM.Collect$$libshutdown$$0000000F      0x0000015a   Section        0  libshutdown2.o(.ARM.Collect$$libshutdown$$0000000F)
    .ARM.Collect$$libshutdown$$00000010      0x0000015a   Section        2  libshutdown2.o(.ARM.Collect$$libshutdown$$00000010)
    .ARM.Collect$$rtentry$$00000000          0x0000015c   Section        0  __rtentry.o(.ARM.Collect$$rtentry$$00000000)
    .ARM.Collect$$rtentry$$00000002          0x0000015c   Section        0  __rtentry2.o(.ARM.Collect$$rtentry$$00000002)
    .ARM.Collect$$rtentry$$00000004          0x0000015c   Section        6  __rtentry4.o(.ARM.Collect$$rtentry$$00000004)
    .ARM.Collect$$rtentry$$00000009          0x00000162   Section        0  __rtentry2.o(.ARM.Collect$$rtentry$$00000009)
    .ARM.Collect$$rtentry$$0000000A          0x00000162   Section        4  __rtentry2.o(.ARM.Collect$$rtentry$$0000000A)
    .ARM.Collect$$rtentry$$0000000C          0x00000166   Section        0  __rtentry2.o(.ARM.Collect$$rtentry$$0000000C)
    .ARM.Collect$$rtentry$$0000000D          0x00000166   Section        8  __rtentry2.o(.ARM.Collect$$rtentry$$0000000D)
    .ARM.Collect$$rtexit$$00000000           0x0000016e   Section        2  rtexit.o(.ARM.Collect$$rtexit$$00000000)
    .ARM.Collect$$rtexit$$00000002           0x00000170   Section        0  rtexit2.o(.ARM.Collect$$rtexit$$00000002)
    .ARM.Collect$$rtexit$$00000003           0x00000170   Section        4  rtexit2.o(.ARM.Collect$$rtexit$$00000003)
    .ARM.Collect$$rtexit$$00000004           0x00000174   Section        6  rtexit2.o(.ARM.Collect$$rtexit$$00000004)
    .emb_text                                0x0000017c   Section       14  peripheral.o(.emb_text)
    .emb_text                                0x0000018c   Section        0  maybetermalloc1.o(.emb_text)
    .text                                    0x0000018c   Section       64  startup_lpc17xx.o(.text)
    .text                                    0x000001cc   Section        0  __2printf.o(.text)
    .text                                    0x000001e4   Section        0  strlen.o(.text)
    .text                                    0x00000222   Section       16  aeabi_memset.o(.text)
    .text                                    0x00000232   Section       78  rt_memclr_w.o(.text)
    .text                                    0x00000280   Section        0  heapauxi.o(.text)
    .text                                    0x00000288   Section        0  _printf_char_common.o(.text)
    _printf_input_char                       0x00000289   Thumb Code    10  _printf_char_common.o(.text)
    .text                                    0x000002b8   Section        0  _printf_char_file.o(.text)
    .text                                    0x000002dc   Section        0  ferror.o(.text)
    .text                                    0x000002e4   Section        8  libspace.o(.text)
    .text                                    0x000002ec   Section        0  defsig_rtred_outer.o(.text)
    .text                                    0x000002fa   Section        2  use_no_semi.o(.text)
    .ARM.__at_0x02FC                         0x000002fc   Section        4  startup_lpc17xx.o(.ARM.__at_0x02FC)
    .text                                    0x00000300   Section        0  __printf_flags_ss_wp.o(.text)
    .text                                    0x00000488   Section       68  rt_memclr.o(.text)
    .text                                    0x000004cc   Section        0  initio.o(.text)
    .text                                    0x00000604   Section        0  sys_io.o(.text)
    .text                                    0x0000066a   Section       74  sys_stackheap_outer.o(.text)
    .text                                    0x000006b4   Section        0  h1_free.o(.text)
    .text                                    0x00000702   Section        0  setvbuf.o(.text)
    .text                                    0x00000748   Section        0  fopen.o(.text)
    _freopen_locked                          0x00000749   Thumb Code     0  fopen.o(.text)
    .text                                    0x00000834   Section        0  fclose.o(.text)
    .text                                    0x00000880   Section        0  exit.o(.text)
    .text                                    0x00000892   Section        0  indicate_semi.o(.text)
    .text                                    0x00000894   Section        8  rt_heap_descriptor_intlibspace.o(.text)
    .text                                    0x0000089c   Section        0  hguard.o(.text)
    .text                                    0x000008a0   Section        0  init_alloc.o(.text)
    .text                                    0x0000092a   Section        0  h1_alloc.o(.text)
    .text                                    0x00000988   Section        0  fseek.o(.text)
    .text                                    0x00000a80   Section        0  stdio.o(.text)
    .text                                    0x00000b70   Section        0  defsig_exit.o(.text)
    .text                                    0x00000b7c   Section        0  defsig_rtred_inner.o(.text)
    .text                                    0x00000bb0   Section        0  sys_exit.o(.text)
    .text                                    0x00000bbc   Section        0  h1_init.o(.text)
    .text                                    0x00000bca   Section        0  h1_extend.o(.text)
    .text                                    0x00000bfe   Section        0  ftell.o(.text)
    .text                                    0x00000c40   Section        0  defsig_general.o(.text)
    .text                                    0x00000c72   Section        0  defsig_rtmem_outer.o(.text)
    .text                                    0x00000c80   Section        0  sys_wrch.o(.text)
    .text                                    0x00000c90   Section        8  rt_errno_addr_intlibspace.o(.text)
    .text                                    0x00000c98   Section        0  defsig_rtmem_inner.o(.text)
    i.CDC_BulkIn                             0x00000ce8   Section        0  cdcuser.o(i.CDC_BulkIn)
    i.CDC_BulkOut                            0x00000d1c   Section        0  cdcuser.o(i.CDC_BulkOut)
    i.CDC_ClearCommFeature                   0x00000d38   Section        0  cdcuser.o(i.CDC_ClearCommFeature)
    i.CDC_GetCommFeature                     0x00000d3e   Section        0  cdcuser.o(i.CDC_GetCommFeature)
    i.CDC_GetEncapsulatedResponse            0x00000d44   Section        0  cdcuser.o(i.CDC_GetEncapsulatedResponse)
    i.CDC_GetLineCoding                      0x00000d48   Section        0  cdcuser.o(i.CDC_GetLineCoding)
    i.CDC_GetSerialState                     0x00000d88   Section        0  cdcuser.o(i.CDC_GetSerialState)
    i.CDC_NotificationIn                     0x00000e3c   Section        0  cdcuser.o(i.CDC_NotificationIn)
    i.CDC_SendBreak                          0x00000e7c   Section        0  cdcuser.o(i.CDC_SendBreak)
    i.CDC_SendEncapsulatedCommand            0x00000e82   Section        0  cdcuser.o(i.CDC_SendEncapsulatedCommand)
    i.CDC_SetCommFeature                     0x00000e86   Section        0  cdcuser.o(i.CDC_SetCommFeature)
    i.CDC_SetControlLineState                0x00000e8c   Section        0  cdcuser.o(i.CDC_SetControlLineState)
    i.CDC_SetLineCoding                      0x00000e94   Section        0  cdcuser.o(i.CDC_SetLineCoding)
    i.CDC_WrOutBuf                           0x00000ef0   Section        0  cdcuser.o(i.CDC_WrOutBuf)
    i.CLKPOWER_Config                        0x00000f20   Section        0  peripheral.o(i.CLKPOWER_Config)
    i.CLKPWR_ConfigPPWR                      0x00000f40   Section        0  lpc17xx_clkpwr.o(i.CLKPWR_ConfigPPWR)
    i.EPAdr                                  0x00000f78   Section        0  usbhw.o(i.EPAdr)
    i.GPIO_Config                            0x00000f88   Section        0  peripheral.o(i.GPIO_Config)
    i.GPIO_Init                              0x00000fcc   Section        0  peripheral.o(i.GPIO_Init)
    GPIO_Init                                0x00000fcd   Thumb Code   366  peripheral.o(i.GPIO_Init)
    i.Loop                                   0x00001144   Section        0  user.o(i.Loop)
    i.NVIC_DisableIRQ                        0x00001170   Section        0  uart.o(i.NVIC_DisableIRQ)
    NVIC_DisableIRQ                          0x00001171   Thumb Code    18  uart.o(i.NVIC_DisableIRQ)
    i.NVIC_EnableIRQ                         0x00001188   Section        0  uart.o(i.NVIC_EnableIRQ)
    NVIC_EnableIRQ                           0x00001189   Thumb Code    22  uart.o(i.NVIC_EnableIRQ)
    i.Peripheral                             0x0000119e   Section        0  peripheral.o(i.Peripheral)
    i.RdCmdDat                               0x000011ac   Section        0  usbhw.o(i.RdCmdDat)
    i.SYSTICK_ClearCounterFlag               0x000011dc   Section        0  lpc17xx_systick.o(i.SYSTICK_ClearCounterFlag)
    i.SysTick_Handler                        0x000011f0   Section        0  lpc17xx_it.o(i.SysTick_Handler)
    i.SystemInit                             0x00001208   Section        0  system_lpc17xx.o(i.SystemInit)
    i.UART0_IRQHandler                       0x00001350   Section        0  uart.o(i.UART0_IRQHandler)
    i.UART1_IRQHandler                       0x00001400   Section        0  uart.o(i.UART1_IRQHandler)
    i.USB_ClrStallEP                         0x000014b8   Section        0  usbhw.o(i.USB_ClrStallEP)
    i.USB_ConfigEP                           0x000014d8   Section        0  usbhw.o(i.USB_ConfigEP)
    i.USB_Configure                          0x00001524   Section        0  usbhw.o(i.USB_Configure)
    i.USB_Configure_Event                    0x00001568   Section        0  usbuser.o(i.USB_Configure_Event)
    i.USB_DataInStage                        0x0000156c   Section        0  usbcore.o(i.USB_DataInStage)
    i.USB_DataOutStage                       0x000015a4   Section        0  usbcore.o(i.USB_DataOutStage)
    i.USB_DirCtrlEP                          0x000015cc   Section        0  usbhw.o(i.USB_DirCtrlEP)
    i.USB_DisableEP                          0x000015d0   Section        0  usbhw.o(i.USB_DisableEP)
    i.USB_EnableEP                           0x000015f4   Section        0  usbhw.o(i.USB_EnableEP)
    i.USB_EndPoint0                          0x00001614   Section        0  usbcore.o(i.USB_EndPoint0)
    i.USB_EndPoint1                          0x00001980   Section        0  usbuser.o(i.USB_EndPoint1)
    i.USB_EndPoint2                          0x000019a8   Section        0  usbuser.o(i.USB_EndPoint2)
    i.USB_IRQHandler                         0x000019c8   Section        0  usbhw.o(i.USB_IRQHandler)
    i.USB_ReadEP                             0x00001acc   Section        0  usbhw.o(i.USB_ReadEP)
    i.USB_ReqGetDescriptor                   0x00001b38   Section        0  usbcore.o(i.USB_ReqGetDescriptor)
    USB_ReqGetDescriptor                     0x00001b39   Thumb Code   164  usbcore.o(i.USB_ReqGetDescriptor)
    i.USB_ReqGetStatus                       0x00001bf0   Section        0  usbcore.o(i.USB_ReqGetStatus)
    USB_ReqGetStatus                         0x00001bf1   Thumb Code   180  usbcore.o(i.USB_ReqGetStatus)
    i.USB_ReqSetClrFeature                   0x00001cc4   Section        0  usbcore.o(i.USB_ReqSetClrFeature)
    USB_ReqSetClrFeature                     0x00001cc5   Thumb Code   210  usbcore.o(i.USB_ReqSetClrFeature)
    i.USB_ReqSetConfiguration                0x00001db0   Section        0  usbcore.o(i.USB_ReqSetConfiguration)
    USB_ReqSetConfiguration                  0x00001db1   Thumb Code   412  usbcore.o(i.USB_ReqSetConfiguration)
    i.USB_ReqSetInterface                    0x00001f70   Section        0  usbcore.o(i.USB_ReqSetInterface)
    USB_ReqSetInterface                      0x00001f71   Thumb Code   298  usbcore.o(i.USB_ReqSetInterface)
    i.USB_Reset                              0x000020b4   Section        0  usbhw.o(i.USB_Reset)
    i.USB_ResetCore                          0x00002108   Section        0  usbcore.o(i.USB_ResetCore)
    i.USB_ResetEP                            0x00002144   Section        0  usbhw.o(i.USB_ResetEP)
    i.USB_Reset_Event                        0x00002164   Section        0  usbuser.o(i.USB_Reset_Event)
    i.USB_Resume                             0x0000216c   Section        0  usbhw.o(i.USB_Resume)
    i.USB_SetAddress                         0x00002170   Section        0  usbhw.o(i.USB_SetAddress)
    i.USB_SetStallEP                         0x000021a0   Section        0  usbhw.o(i.USB_SetStallEP)
    i.USB_SetupStage                         0x000021c4   Section        0  usbcore.o(i.USB_SetupStage)
    i.USB_StatusInStage                      0x000021d4   Section        0  usbcore.o(i.USB_StatusInStage)
    i.USB_StatusOutStage                     0x000021e4   Section        0  usbcore.o(i.USB_StatusOutStage)
    i.USB_Suspend                            0x000021f4   Section        0  usbhw.o(i.USB_Suspend)
    i.USB_WakeUpCfg                          0x000021f6   Section        0  usbhw.o(i.USB_WakeUpCfg)
    i.USB_WriteEP                            0x000021f8   Section        0  usbhw.o(i.USB_WriteEP)
    i.Variables                              0x0000224c   Section        0  user.o(i.Variables)
    i.WDT_Feed                               0x0000224e   Section        0  lpc17xx_wdt.o(i.WDT_Feed)
    i.WrCmd                                  0x00002260   Section        0  usbhw.o(i.WrCmd)
    i.WrCmdDat                               0x00002288   Section        0  usbhw.o(i.WrCmdDat)
    i.WrCmdEP                                0x000022cc   Section        0  usbhw.o(i.WrCmdEP)
    i._is_digit                              0x00002324   Section        0  __printf_wp.o(i._is_digit)
    i.fputc                                  0x00002334   Section        0  peripheral.o(i.fputc)
    i.main                                   0x0000236c   Section        0  main.o(i.main)
    i.ser_AvailChar                          0x00002380   Section        0  uart.o(i.ser_AvailChar)
    i.ser_ClosePort                          0x0000239c   Section        0  uart.o(i.ser_ClosePort)
    i.ser_InitPort1                          0x000023e4   Section        0  uart.o(i.ser_InitPort1)
    i.ser_LineState                          0x00002508   Section        0  uart.o(i.ser_LineState)
    i.ser_OpenPort                           0x0000251c   Section        0  uart.o(i.ser_OpenPort)
    i.ser_Read                               0x00002564   Section        0  uart.o(i.ser_Read)
    .constdata                               0x000025bc   Section      190  usbdesc.o(.constdata)
    .constdata                               0x0000267c   Section       64  usbuser.o(.constdata)
    .constdata                               0x000026bc   Section       17  __printf_flags_ss_wp.o(.constdata)
    maptable                                 0x000026bc   Data          17  __printf_flags_ss_wp.o(.constdata)
    .constdata                               0x000026cd   Section        4  sys_io.o(.constdata)
    .constdata                               0x000026d1   Section        4  sys_io.o(.constdata)
    .constdata                               0x000026d5   Section        4  sys_io.o(.constdata)
    .data                                    0x10000000   Section        4  system_lpc17xx.o(.data)
    .data                                    0x10000004   Section       12  cdcuser.o(.data)
    .data                                    0x10000010   Section        6  uart.o(.data)
    .data                                    0x10000018   Section       48  usbcore.o(.data)
    .data                                    0x10000048   Section        2  usbuser.o(.data)
    serialState                              0x10000048   Data           2  usbuser.o(.data)
    .data                                    0x1000004c   Section        4  stdio_streams.o(.data)
    .data                                    0x10000050   Section        4  stdio_streams.o(.data)
    .data                                    0x10000054   Section        4  stdio_streams.o(.data)
    .bss                                     0x10000058   Section     4328  user.o(.bss)
    .bss                                     0x10001140   Section      212  cdcuser.o(.bss)
    .bss                                     0x10001214   Section      272  uart.o(.bss)
    .bss                                     0x10001324   Section       84  stdio_streams.o(.bss)
    .bss                                     0x10001378   Section       84  stdio_streams.o(.bss)
    .bss                                     0x100013cc   Section       84  stdio_streams.o(.bss)
    .bss                                     0x10001420   Section       96  libspace.o(.bss)
    HEAP                                     0x10001480   Section      512  startup_lpc17xx.o(HEAP)
    Heap_Mem                                 0x10001480   Data         512  startup_lpc17xx.o(HEAP)
    STACK                                    0x10001680   Section     1024  startup_lpc17xx.o(STACK)
    Stack_Mem                                0x10001680   Data        1024  startup_lpc17xx.o(STACK)
    __initial_sp                             0x10001a80   Data           0  startup_lpc17xx.o(STACK)
    .ARM.__AT_0x2007C000                     0x2007c000   Section     4000  user.o(.ARM.__AT_0x2007C000)

    Global Symbols

    Symbol Name                              Value     Ov Type        Size  Object(Section)

    BuildAttributes$$THM_ISAv4$P$D$K$B$S$PE$A:L22UL41UL21$X:L11$S22US41US21$IEEE1$IW$USESV6$~STKCKD$USESV7$~SHL$OTIME$ROPI$IEEEJ$EBA8$UX$STANDARDLIB$REQ8$PRES8$EABIv2 0x00000000   Number         0  anon$$obj.o ABSOLUTE
    __ARM_use_no_argv                        0x00000000   Number         0  main.o ABSOLUTE
    __Vectors                                0x00000000   Data           4  startup_lpc17xx.o(RESET)
    _printf_flags                            0x00000000   Number         0  printf_stubs.o ABSOLUTE
    _printf_return_value                     0x00000000   Number         0  printf_stubs.o ABSOLUTE
    _printf_sizespec                         0x00000000   Number         0  printf_stubs.o ABSOLUTE
    _printf_widthprec                        0x00000000   Number         0  printf_stubs.o ABSOLUTE
    __ARM_exceptions_init                     - Undefined Weak Reference
    __alloca_initialize                       - Undefined Weak Reference
    __arm_preinit_                            - Undefined Weak Reference
    __cpp_initialize__aeabi_                  - Undefined Weak Reference
    __cxa_finalize                            - Undefined Weak Reference
    __sigvec_lookup                           - Undefined Weak Reference
    __user_heap_extent                        - Undefined Weak Reference
    _atexit_init                              - Undefined Weak Reference
    _call_atexit_fns                          - Undefined Weak Reference
    _clock_init                               - Undefined Weak Reference
    _fp_trap_init                             - Undefined Weak Reference
    _fp_trap_shutdown                         - Undefined Weak Reference
    _get_lc_collate                           - Undefined Weak Reference
    _get_lc_monetary                          - Undefined Weak Reference
    _get_lc_time                              - Undefined Weak Reference
    _getenv_init                              - Undefined Weak Reference
    _handle_redirection                       - Undefined Weak Reference
    _mutex_acquire                            - Undefined Weak Reference
    _mutex_free                               - Undefined Weak Reference
    _mutex_release                            - Undefined Weak Reference
    _printf_mbtowc                            - Undefined Weak Reference
    _printf_wc                                - Undefined Weak Reference
    _rand_init                                - Undefined Weak Reference
    _signal_finish                            - Undefined Weak Reference
    _signal_init                              - Undefined Weak Reference
    __main                                   0x000000cd   Thumb Code     8  __main.o(!!!main)
    __scatterload                            0x000000d5   Thumb Code     0  __scatter.o(!!!scatter)
    __scatterload_rt2                        0x000000d5   Thumb Code    44  __scatter.o(!!!scatter)
    __scatterload_rt2_thumb_only             0x000000d5   Thumb Code     0  __scatter.o(!!!scatter)
    __scatterload_null                       0x000000e3   Thumb Code     0  __scatter.o(!!!scatter)
    __scatterload_copy                       0x00000109   Thumb Code    26  __scatter_copy.o(!!handler_copy)
    __scatterload_zeroinit                   0x00000125   Thumb Code    28  __scatter_zi.o(!!handler_zi)
    _printf_percent                          0x00000141   Thumb Code     0  _printf_percent.o(.ARM.Collect$$_printf_percent$$00000000)
    _printf_percent_end                      0x00000141   Thumb Code     0  _printf_percent_end.o(.ARM.Collect$$_printf_percent$$00000017)
    __rt_lib_init                            0x00000145   Thumb Code     0  libinit.o(.ARM.Collect$$libinit$$00000000)
    __rt_lib_init_fp_1                       0x00000147   Thumb Code     0  libinit2.o(.ARM.Collect$$libinit$$00000002)
    __rt_lib_init_heap_2                     0x00000147   Thumb Code     0  libinit2.o(.ARM.Collect$$libinit$$00000005)
    __rt_lib_init_preinit_1                  0x00000147   Thumb Code     0  libinit2.o(.ARM.Collect$$libinit$$00000004)
    __rt_lib_init_atexit_1                   0x0000014f   Thumb Code     0  libinit2.o(.ARM.Collect$$libinit$$0000001B)
    __rt_lib_init_clock_1                    0x0000014f   Thumb Code     0  libinit2.o(.ARM.Collect$$libinit$$00000021)
    __rt_lib_init_fp_trap_1                  0x0000014f   Thumb Code     0  libinit2.o(.ARM.Collect$$libinit$$0000001F)
    __rt_lib_init_getenv_1                   0x0000014f   Thumb Code     0  libinit2.o(.ARM.Collect$$libinit$$00000023)
    __rt_lib_init_heap_1                     0x0000014f   Thumb Code     0  libinit2.o(.ARM.Collect$$libinit$$0000000A)
    __rt_lib_init_lc_collate_1               0x0000014f   Thumb Code     0  libinit2.o(.ARM.Collect$$libinit$$00000011)
    __rt_lib_init_lc_ctype_1                 0x0000014f   Thumb Code     0  libinit2.o(.ARM.Collect$$libinit$$00000013)
    __rt_lib_init_lc_monetary_1              0x0000014f   Thumb Code     0  libinit2.o(.ARM.Collect$$libinit$$00000015)
    __rt_lib_init_lc_numeric_1               0x0000014f   Thumb Code     0  libinit2.o(.ARM.Collect$$libinit$$00000017)
    __rt_lib_init_lc_time_1                  0x0000014f   Thumb Code     0  libinit2.o(.ARM.Collect$$libinit$$00000019)
    __rt_lib_init_rand_1                     0x0000014f   Thumb Code     0  libinit2.o(.ARM.Collect$$libinit$$0000000E)
    __rt_lib_init_signal_1                   0x0000014f   Thumb Code     0  libinit2.o(.ARM.Collect$$libinit$$0000001D)
    __rt_lib_init_stdio_2                    0x0000014f   Thumb Code     0  libinit2.o(.ARM.Collect$$libinit$$00000024)
    __rt_lib_init_user_alloc_1               0x0000014f   Thumb Code     0  libinit2.o(.ARM.Collect$$libinit$$0000000C)
    __rt_lib_init_alloca_1                   0x00000153   Thumb Code     0  libinit2.o(.ARM.Collect$$libinit$$0000002E)
    __rt_lib_init_argv_1                     0x00000153   Thumb Code     0  libinit2.o(.ARM.Collect$$libinit$$0000002C)
    __rt_lib_init_cpp_1                      0x00000153   Thumb Code     0  libinit2.o(.ARM.Collect$$libinit$$00000032)
    __rt_lib_init_exceptions_1               0x00000153   Thumb Code     0  libinit2.o(.ARM.Collect$$libinit$$00000030)
    __rt_lib_init_return                     0x00000153   Thumb Code     0  libinit2.o(.ARM.Collect$$libinit$$00000033)
    __rt_lib_init_stdio_1                    0x00000153   Thumb Code     0  libinit2.o(.ARM.Collect$$libinit$$00000025)
    __rt_lib_shutdown                        0x00000155   Thumb Code     0  libshutdown.o(.ARM.Collect$$libshutdown$$00000000)
    __rt_lib_shutdown_cpp_1                  0x00000157   Thumb Code     0  libshutdown2.o(.ARM.Collect$$libshutdown$$00000002)
    __rt_lib_shutdown_stdio_2                0x00000157   Thumb Code     0  libshutdown2.o(.ARM.Collect$$libshutdown$$00000003)
    __rt_lib_shutdown_fp_trap_1              0x0000015b   Thumb Code     0  libshutdown2.o(.ARM.Collect$$libshutdown$$00000007)
    __rt_lib_shutdown_heap_1                 0x0000015b   Thumb Code     0  libshutdown2.o(.ARM.Collect$$libshutdown$$0000000F)
    __rt_lib_shutdown_return                 0x0000015b   Thumb Code     0  libshutdown2.o(.ARM.Collect$$libshutdown$$00000010)
    __rt_lib_shutdown_signal_1               0x0000015b   Thumb Code     0  libshutdown2.o(.ARM.Collect$$libshutdown$$0000000A)
    __rt_lib_shutdown_stdio_1                0x0000015b   Thumb Code     0  libshutdown2.o(.ARM.Collect$$libshutdown$$00000004)
    __rt_lib_shutdown_user_alloc_1           0x0000015b   Thumb Code     0  libshutdown2.o(.ARM.Collect$$libshutdown$$0000000C)
    __rt_entry                               0x0000015d   Thumb Code     0  __rtentry.o(.ARM.Collect$$rtentry$$00000000)
    __rt_entry_presh_1                       0x0000015d   Thumb Code     0  __rtentry2.o(.ARM.Collect$$rtentry$$00000002)
    __rt_entry_sh                            0x0000015d   Thumb Code     0  __rtentry4.o(.ARM.Collect$$rtentry$$00000004)
    __rt_entry_li                            0x00000163   Thumb Code     0  __rtentry2.o(.ARM.Collect$$rtentry$$0000000A)
    __rt_entry_postsh_1                      0x00000163   Thumb Code     0  __rtentry2.o(.ARM.Collect$$rtentry$$00000009)
    __rt_entry_main                          0x00000167   Thumb Code     0  __rtentry2.o(.ARM.Collect$$rtentry$$0000000D)
    __rt_entry_postli_1                      0x00000167   Thumb Code     0  __rtentry2.o(.ARM.Collect$$rtentry$$0000000C)
    __rt_exit                                0x0000016f   Thumb Code     0  rtexit.o(.ARM.Collect$$rtexit$$00000000)
    __rt_exit_ls                             0x00000171   Thumb Code     0  rtexit2.o(.ARM.Collect$$rtexit$$00000003)
    __rt_exit_prels_1                        0x00000171   Thumb Code     0  rtexit2.o(.ARM.Collect$$rtexit$$00000002)
    __rt_exit_exit                           0x00000175   Thumb Code     0  rtexit2.o(.ARM.Collect$$rtexit$$00000004)
    delay                                    0x0000017d   Thumb Code    14  peripheral.o(.emb_text)
    Reset_Handler                            0x0000018d   Thumb Code     8  startup_lpc17xx.o(.text)
    _maybe_terminate_alloc                   0x0000018d   Thumb Code     0  maybetermalloc1.o(.emb_text)
    NMI_Handler                              0x00000195   Thumb Code     2  startup_lpc17xx.o(.text)
    HardFault_Handler                        0x00000197   Thumb Code     2  startup_lpc17xx.o(.text)
    MemManage_Handler                        0x00000199   Thumb Code     2  startup_lpc17xx.o(.text)
    BusFault_Handler                         0x0000019b   Thumb Code     2  startup_lpc17xx.o(.text)
    UsageFault_Handler                       0x0000019d   Thumb Code     2  startup_lpc17xx.o(.text)
    SVC_Handler                              0x0000019f   Thumb Code     2  startup_lpc17xx.o(.text)
    DebugMon_Handler                         0x000001a1   Thumb Code     2  startup_lpc17xx.o(.text)
    PendSV_Handler                           0x000001a3   Thumb Code     2  startup_lpc17xx.o(.text)
    ADC_IRQHandler                           0x000001a7   Thumb Code     0  startup_lpc17xx.o(.text)
    BOD_IRQHandler                           0x000001a7   Thumb Code     0  startup_lpc17xx.o(.text)
    CANActivity_IRQHandler                   0x000001a7   Thumb Code     0  startup_lpc17xx.o(.text)
    CAN_IRQHandler                           0x000001a7   Thumb Code     0  startup_lpc17xx.o(.text)
    DMA_IRQHandler                           0x000001a7   Thumb Code     0  startup_lpc17xx.o(.text)
    EINT0_IRQHandler                         0x000001a7   Thumb Code     0  startup_lpc17xx.o(.text)
    EINT1_IRQHandler                         0x000001a7   Thumb Code     0  startup_lpc17xx.o(.text)
    EINT2_IRQHandler                         0x000001a7   Thumb Code     0  startup_lpc17xx.o(.text)
    EINT3_IRQHandler                         0x000001a7   Thumb Code     0  startup_lpc17xx.o(.text)
    ENET_IRQHandler                          0x000001a7   Thumb Code     0  startup_lpc17xx.o(.text)
    I2C0_IRQHandler                          0x000001a7   Thumb Code     0  startup_lpc17xx.o(.text)
    I2C1_IRQHandler                          0x000001a7   Thumb Code     0  startup_lpc17xx.o(.text)
    I2C2_IRQHandler                          0x000001a7   Thumb Code     0  startup_lpc17xx.o(.text)
    I2S_IRQHandler                           0x000001a7   Thumb Code     0  startup_lpc17xx.o(.text)
    MCPWM_IRQHandler                         0x000001a7   Thumb Code     0  startup_lpc17xx.o(.text)
    PLL0_IRQHandler                          0x000001a7   Thumb Code     0  startup_lpc17xx.o(.text)
    PLL1_IRQHandler                          0x000001a7   Thumb Code     0  startup_lpc17xx.o(.text)
    PWM1_IRQHandler                          0x000001a7   Thumb Code     0  startup_lpc17xx.o(.text)
    QEI_IRQHandler                           0x000001a7   Thumb Code     0  startup_lpc17xx.o(.text)
    RIT_IRQHandler                           0x000001a7   Thumb Code     0  startup_lpc17xx.o(.text)
    RTC_IRQHandler                           0x000001a7   Thumb Code     0  startup_lpc17xx.o(.text)
    SPI_IRQHandler                           0x000001a7   Thumb Code     0  startup_lpc17xx.o(.text)
    SSP0_IRQHandler                          0x000001a7   Thumb Code     0  startup_lpc17xx.o(.text)
    SSP1_IRQHandler                          0x000001a7   Thumb Code     0  startup_lpc17xx.o(.text)
    TIMER0_IRQHandler                        0x000001a7   Thumb Code     0  startup_lpc17xx.o(.text)
    TIMER1_IRQHandler                        0x000001a7   Thumb Code     0  startup_lpc17xx.o(.text)
    TIMER2_IRQHandler                        0x000001a7   Thumb Code     0  startup_lpc17xx.o(.text)
    TIMER3_IRQHandler                        0x000001a7   Thumb Code     0  startup_lpc17xx.o(.text)
    UART2_IRQHandler                         0x000001a7   Thumb Code     0  startup_lpc17xx.o(.text)
    UART3_IRQHandler                         0x000001a7   Thumb Code     0  startup_lpc17xx.o(.text)
    USBActivity_IRQHandler                   0x000001a7   Thumb Code     0  startup_lpc17xx.o(.text)
    WDT_IRQHandler                           0x000001a7   Thumb Code     0  startup_lpc17xx.o(.text)
    __user_initial_stackheap                 0x000001a9   Thumb Code     0  startup_lpc17xx.o(.text)
    __2printf                                0x000001cd   Thumb Code    20  __2printf.o(.text)
    strlen                                   0x000001e5   Thumb Code    62  strlen.o(.text)
    __aeabi_memset                           0x00000223   Thumb Code    16  aeabi_memset.o(.text)
    __aeabi_memclr4                          0x00000233   Thumb Code     0  rt_memclr_w.o(.text)
    __aeabi_memclr8                          0x00000233   Thumb Code     0  rt_memclr_w.o(.text)
    __rt_memclr_w                            0x00000233   Thumb Code    78  rt_memclr_w.o(.text)
    _memset_w                                0x00000237   Thumb Code     0  rt_memclr_w.o(.text)
    __use_two_region_memory                  0x00000281   Thumb Code     2  heapauxi.o(.text)
    __rt_heap_escrow                         0x00000283   Thumb Code     2  heapauxi.o(.text)
    __rt_heap_expand                         0x00000285   Thumb Code     2  heapauxi.o(.text)
    _printf_char_common                      0x00000293   Thumb Code    32  _printf_char_common.o(.text)
    _printf_char_file                        0x000002b9   Thumb Code    32  _printf_char_file.o(.text)
    ferror                                   0x000002dd   Thumb Code     8  ferror.o(.text)
    __user_libspace                          0x000002e5   Thumb Code     8  libspace.o(.text)
    __user_perproc_libspace                  0x000002e5   Thumb Code     0  libspace.o(.text)
    __user_perthread_libspace                0x000002e5   Thumb Code     0  libspace.o(.text)
    __rt_SIGRTRED                            0x000002ed   Thumb Code    14  defsig_rtred_outer.o(.text)
    __I$use$semihosting                      0x000002fb   Thumb Code     0  use_no_semi.o(.text)
    __use_no_semihosting_swi                 0x000002fb   Thumb Code     2  use_no_semi.o(.text)
    __printf                                 0x00000301   Thumb Code   388  __printf_flags_ss_wp.o(.text)
    __aeabi_memclr                           0x00000489   Thumb Code     0  rt_memclr.o(.text)
    __rt_memclr                              0x00000489   Thumb Code    68  rt_memclr.o(.text)
    _memset                                  0x0000048d   Thumb Code     0  rt_memclr.o(.text)
    _initio                                  0x000004cd   Thumb Code   210  initio.o(.text)
    _terminateio                             0x0000059f   Thumb Code    56  initio.o(.text)
    _sys_open                                0x00000605   Thumb Code    20  sys_io.o(.text)
    _sys_close                               0x00000619   Thumb Code    12  sys_io.o(.text)
    _sys_write                               0x00000625   Thumb Code    16  sys_io.o(.text)
    _sys_read                                0x00000635   Thumb Code    14  sys_io.o(.text)
    _sys_istty                               0x00000643   Thumb Code    12  sys_io.o(.text)
    _sys_seek                                0x0000064f   Thumb Code    14  sys_io.o(.text)
    _sys_ensure                              0x0000065d   Thumb Code     2  sys_io.o(.text)
    _sys_flen                                0x0000065f   Thumb Code    12  sys_io.o(.text)
    __user_setup_stackheap                   0x0000066b   Thumb Code    74  sys_stackheap_outer.o(.text)
    free                                     0x000006b5   Thumb Code    78  h1_free.o(.text)
    setvbuf                                  0x00000703   Thumb Code    70  setvbuf.o(.text)
    freopen                                  0x00000749   Thumb Code   158  fopen.o(.text)
    fopen                                    0x000007e7   Thumb Code    74  fopen.o(.text)
    _fclose_internal                         0x00000835   Thumb Code    76  fclose.o(.text)
    fclose                                   0x00000835   Thumb Code     0  fclose.o(.text)
    exit                                     0x00000881   Thumb Code    18  exit.o(.text)
    __semihosting_library_function           0x00000893   Thumb Code     0  indicate_semi.o(.text)
    __rt_heap_descriptor                     0x00000895   Thumb Code     8  rt_heap_descriptor_intlibspace.o(.text)
    __use_no_heap                            0x0000089d   Thumb Code     2  hguard.o(.text)
    __heap$guard                             0x0000089f   Thumb Code     2  hguard.o(.text)
    _terminate_user_alloc                    0x000008a1   Thumb Code     2  init_alloc.o(.text)
    _init_user_alloc                         0x000008a3   Thumb Code     2  init_alloc.o(.text)
    __Heap_Full                              0x000008a5   Thumb Code    34  init_alloc.o(.text)
    __Heap_Broken                            0x000008c7   Thumb Code     6  init_alloc.o(.text)
    _init_alloc                              0x000008cd   Thumb Code    94  init_alloc.o(.text)
    malloc                                   0x0000092b   Thumb Code    94  h1_alloc.o(.text)
    _fseek                                   0x00000989   Thumb Code   242  fseek.o(.text)
    fseek                                    0x00000989   Thumb Code     0  fseek.o(.text)
    _seterr                                  0x00000a81   Thumb Code    20  stdio.o(.text)
    _writebuf                                0x00000a95   Thumb Code    84  stdio.o(.text)
    _fflush                                  0x00000ae9   Thumb Code    70  stdio.o(.text)
    _deferredlazyseek                        0x00000b2f   Thumb Code    60  stdio.o(.text)
    __sig_exit                               0x00000b71   Thumb Code    10  defsig_exit.o(.text)
    __rt_SIGRTRED_inner                      0x00000b7d   Thumb Code    14  defsig_rtred_inner.o(.text)
    _sys_exit                                0x00000bb1   Thumb Code     8  sys_exit.o(.text)
    __Heap_Initialize                        0x00000bbd   Thumb Code    10  h1_init.o(.text)
    __Heap_DescSize                          0x00000bc7   Thumb Code     4  h1_init.o(.text)
    __Heap_ProvideMemory                     0x00000bcb   Thumb Code    52  h1_extend.o(.text)
    _ftell_internal                          0x00000bff   Thumb Code    66  ftell.o(.text)
    ftell                                    0x00000bff   Thumb Code     0  ftell.o(.text)
    __default_signal_display                 0x00000c41   Thumb Code    50  defsig_general.o(.text)
    __rt_SIGRTMEM                            0x00000c73   Thumb Code    14  defsig_rtmem_outer.o(.text)
    _ttywrch                                 0x00000c81   Thumb Code    14  sys_wrch.o(.text)
    __aeabi_errno_addr                       0x00000c91   Thumb Code     8  rt_errno_addr_intlibspace.o(.text)
    __errno$intlibspace                      0x00000c91   Thumb Code     0  rt_errno_addr_intlibspace.o(.text)
    __rt_errno_addr$intlibspace              0x00000c91   Thumb Code     0  rt_errno_addr_intlibspace.o(.text)
    __rt_SIGRTMEM_inner                      0x00000c99   Thumb Code    22  defsig_rtmem_inner.o(.text)
    CDC_BulkIn                               0x00000ce9   Thumb Code    42  cdcuser.o(i.CDC_BulkIn)
    CDC_BulkOut                              0x00000d1d   Thumb Code    22  cdcuser.o(i.CDC_BulkOut)
    CDC_ClearCommFeature                     0x00000d39   Thumb Code     6  cdcuser.o(i.CDC_ClearCommFeature)
    CDC_GetCommFeature                       0x00000d3f   Thumb Code     6  cdcuser.o(i.CDC_GetCommFeature)
    CDC_GetEncapsulatedResponse              0x00000d45   Thumb Code     4  cdcuser.o(i.CDC_GetEncapsulatedResponse)
    CDC_GetLineCoding                        0x00000d49   Thumb Code    54  cdcuser.o(i.CDC_GetLineCoding)
    CDC_GetSerialState                       0x00000d89   Thumb Code   174  cdcuser.o(i.CDC_GetSerialState)
    CDC_NotificationIn                       0x00000e3d   Thumb Code    54  cdcuser.o(i.CDC_NotificationIn)
    CDC_SendBreak                            0x00000e7d   Thumb Code     6  cdcuser.o(i.CDC_SendBreak)
    CDC_SendEncapsulatedCommand              0x00000e83   Thumb Code     4  cdcuser.o(i.CDC_SendEncapsulatedCommand)
    CDC_SetCommFeature                       0x00000e87   Thumb Code     6  cdcuser.o(i.CDC_SetCommFeature)
    CDC_SetControlLineState                  0x00000e8d   Thumb Code     6  cdcuser.o(i.CDC_SetControlLineState)
    CDC_SetLineCoding                        0x00000e95   Thumb Code    82  cdcuser.o(i.CDC_SetLineCoding)
    CDC_WrOutBuf                             0x00000ef1   Thumb Code    42  cdcuser.o(i.CDC_WrOutBuf)
    CLKPOWER_Config                          0x00000f21   Thumb Code    28  peripheral.o(i.CLKPOWER_Config)
    CLKPWR_ConfigPPWR                        0x00000f41   Thumb Code    46  lpc17xx_clkpwr.o(i.CLKPWR_ConfigPPWR)
    EPAdr                                    0x00000f79   Thumb Code    16  usbhw.o(i.EPAdr)
    GPIO_Config                              0x00000f89   Thumb Code    64  peripheral.o(i.GPIO_Config)
    Loop                                     0x00001145   Thumb Code    28  user.o(i.Loop)
    Peripheral                               0x0000119f   Thumb Code    12  peripheral.o(i.Peripheral)
    RdCmdDat                                 0x000011ad   Thumb Code    38  usbhw.o(i.RdCmdDat)
    SYSTICK_ClearCounterFlag                 0x000011dd   Thumb Code    18  lpc17xx_systick.o(i.SYSTICK_ClearCounterFlag)
    SysTick_Handler                          0x000011f1   Thumb Code    20  lpc17xx_it.o(i.SysTick_Handler)
    SystemInit                               0x00001209   Thumb Code   308  system_lpc17xx.o(i.SystemInit)
    UART0_IRQHandler                         0x00001351   Thumb Code   154  uart.o(i.UART0_IRQHandler)
    UART1_IRQHandler                         0x00001401   Thumb Code   164  uart.o(i.UART1_IRQHandler)
    USB_ClrStallEP                           0x000014b9   Thumb Code    26  usbhw.o(i.USB_ClrStallEP)
    USB_ConfigEP                             0x000014d9   Thumb Code    68  usbhw.o(i.USB_ConfigEP)
    USB_Configure                            0x00001525   Thumb Code    60  usbhw.o(i.USB_Configure)
    USB_Configure_Event                      0x00001569   Thumb Code     2  usbuser.o(i.USB_Configure_Event)
    USB_DataInStage                          0x0000156d   Thumb Code    52  usbcore.o(i.USB_DataInStage)
    USB_DataOutStage                         0x000015a5   Thumb Code    34  usbcore.o(i.USB_DataOutStage)
    USB_DirCtrlEP                            0x000015cd   Thumb Code     2  usbhw.o(i.USB_DirCtrlEP)
    USB_DisableEP                            0x000015d1   Thumb Code    26  usbhw.o(i.USB_DisableEP)
    USB_EnableEP                             0x000015f5   Thumb Code    26  usbhw.o(i.USB_EnableEP)
    USB_EndPoint0                            0x00001615   Thumb Code   846  usbcore.o(i.USB_EndPoint0)
    USB_EndPoint1                            0x00001981   Thumb Code    36  usbuser.o(i.USB_EndPoint1)
    USB_EndPoint2                            0x000019a9   Thumb Code    30  usbuser.o(i.USB_EndPoint2)
    USB_IRQHandler                           0x000019c9   Thumb Code   244  usbhw.o(i.USB_IRQHandler)
    USB_ReadEP                               0x00001acd   Thumb Code    94  usbhw.o(i.USB_ReadEP)
    USB_Reset                                0x000020b5   Thumb Code    76  usbhw.o(i.USB_Reset)
    USB_ResetCore                            0x00002109   Thumb Code    34  usbcore.o(i.USB_ResetCore)
    USB_ResetEP                              0x00002145   Thumb Code    26  usbhw.o(i.USB_ResetEP)
    USB_Reset_Event                          0x00002165   Thumb Code     8  usbuser.o(i.USB_Reset_Event)
    USB_Resume                               0x0000216d   Thumb Code     2  usbhw.o(i.USB_Resume)
    USB_SetAddress                           0x00002171   Thumb Code    42  usbhw.o(i.USB_SetAddress)
    USB_SetStallEP                           0x000021a1   Thumb Code    26  usbhw.o(i.USB_SetStallEP)
    USB_SetupStage                           0x000021c5   Thumb Code    12  usbcore.o(i.USB_SetupStage)
    USB_StatusInStage                        0x000021d5   Thumb Code    14  usbcore.o(i.USB_StatusInStage)
    USB_StatusOutStage                       0x000021e5   Thumb Code    12  usbcore.o(i.USB_StatusOutStage)
    USB_Suspend                              0x000021f5   Thumb Code     2  usbhw.o(i.USB_Suspend)
    USB_WakeUpCfg                            0x000021f7   Thumb Code     2  usbhw.o(i.USB_WakeUpCfg)
    USB_WriteEP                              0x000021f9   Thumb Code    70  usbhw.o(i.USB_WriteEP)
    Variables                                0x0000224d   Thumb Code     2  user.o(i.Variables)
    WDT_Feed                                 0x0000224f   Thumb Code    16  lpc17xx_wdt.o(i.WDT_Feed)
    WrCmd                                    0x00002261   Thumb Code    30  usbhw.o(i.WrCmd)
    WrCmdDat                                 0x00002289   Thumb Code    58  usbhw.o(i.WrCmdDat)
    WrCmdEP                                  0x000022cd   Thumb Code    78  usbhw.o(i.WrCmdEP)
    _is_digit                                0x00002325   Thumb Code    14  __printf_wp.o(i._is_digit)
    fputc                                    0x00002335   Thumb Code    50  peripheral.o(i.fputc)
    main                                     0x0000236d   Thumb Code    20  main.o(i.main)
    ser_AvailChar                            0x00002381   Thumb Code    22  uart.o(i.ser_AvailChar)
    ser_ClosePort                            0x0000239d   Thumb Code    58  uart.o(i.ser_ClosePort)
    ser_InitPort1                            0x000023e5   Thumb Code   268  uart.o(i.ser_InitPort1)
    ser_LineState                            0x00002509   Thumb Code    14  uart.o(i.ser_LineState)
    ser_OpenPort                             0x0000251d   Thumb Code    66  uart.o(i.ser_OpenPort)
    ser_Read                                 0x00002565   Thumb Code    82  uart.o(i.ser_Read)
    USB_DeviceDescriptor                     0x000025bc   Data          18  usbdesc.o(.constdata)
    USB_ConfigDescriptor                     0x000025ce   Data          68  usbdesc.o(.constdata)
    USB_StringDescriptor                     0x00002612   Data         104  usbdesc.o(.constdata)
    USB_P_EP                                 0x0000267c   Data          64  usbuser.o(.constdata)
    __stdin_name                             0x000026cd   Data           4  sys_io.o(.constdata)
    __stdout_name                            0x000026d1   Data           4  sys_io.o(.constdata)
    __stderr_name                            0x000026d5   Data           4  sys_io.o(.constdata)
    Region$$Table$$Base                      0x000026dc   Number         0  anon$$obj.o(Region$$Table)
    Region$$Table$$Limit                     0x000026fc   Number         0  anon$$obj.o(Region$$Table)
    SystemCoreClock                          0x10000000   Data           4  system_lpc17xx.o(.data)
    CDC_LineCoding                           0x10000004   Data           7  cdcuser.o(.data)
    CDC_SerialState                          0x1000000c   Data           2  cdcuser.o(.data)
    CDC_DepInEmpty                           0x1000000e   Data           2  cdcuser.o(.data)
    ser_txRestart                            0x10000010   Data           4  uart.o(.data)
    ser_lineState                            0x10000014   Data           2  uart.o(.data)
    USB_DeviceStatus                         0x10000018   Data           2  usbcore.o(.data)
    USB_DeviceAddress                        0x1000001a   Data           1  usbcore.o(.data)
    USB_Configuration                        0x1000001b   Data           1  usbcore.o(.data)
    USB_EndPointMask                         0x1000001c   Data           4  usbcore.o(.data)
    USB_EndPointHalt                         0x10000020   Data           4  usbcore.o(.data)
    USB_EndPointStall                        0x10000024   Data           4  usbcore.o(.data)
    USB_NumInterfaces                        0x10000028   Data           1  usbcore.o(.data)
    USB_AltSetting                           0x10000029   Data           4  usbcore.o(.data)
    EP0Buf                                   0x1000002d   Data           8  usbcore.o(.data)
    EP0Data                                  0x10000038   Data           8  usbcore.o(.data)
    SetupPacket                              0x10000040   Data           8  usbcore.o(.data)
    __aeabi_stdin                            0x1000004c   Data           4  stdio_streams.o(.data)
    __aeabi_stdout                           0x10000050   Data           4  stdio_streams.o(.data)
    __aeabi_stderr                           0x10000054   Data           4  stdio_streams.o(.data)
    fsf                                      0x10000058   Data        2121  user.o(.bss)
    buf                                      0x100008a1   Data        2121  user.o(.bss)
    hola                                     0x100010ec   Data          84  user.o(.bss)
    BulkBufIn                                0x10001140   Data          64  cdcuser.o(.bss)
    BulkBufOut                               0x10001180   Data          64  cdcuser.o(.bss)
    NotificationBuf                          0x100011c0   Data          10  cdcuser.o(.bss)
    CDC_OutBuf                               0x100011cc   Data          72  cdcuser.o(.bss)
    ser_out                                  0x10001214   Data         136  uart.o(.bss)
    ser_in                                   0x1000129c   Data         136  uart.o(.bss)
    __stdin                                  0x10001324   Data          84  stdio_streams.o(.bss)
    __stdout                                 0x10001378   Data          84  stdio_streams.o(.bss)
    __stderr                                 0x100013cc   Data          84  stdio_streams.o(.bss)
    __libspace_start                         0x10001420   Data          96  libspace.o(.bss)
    __temporary_stack_top$libspace           0x10001480   Data           0  libspace.o(.bss)
    Buffer_RAM2                              0x2007c000   Data        4000  user.o(.ARM.__AT_0x2007C000)



==============================================================================

Memory Map of the image

  Image Entry point : 0x000000cd

  Load Region LR_IROM1 (Base: 0x00000000, Size: 0x00002754, Max: 0x00080000, ABSOLUTE)

    Execution Region ER_IROM1 (Exec base: 0x00000000, Load base: 0x00000000, Size: 0x000026fc, Max: 0x00080000, ABSOLUTE)

    Exec Addr    Load Addr    Size         Type   Attr      Idx    E Section Name        Object

    0x00000000   0x00000000   0x000000cc   Data   RO            3    RESET               startup_lpc17xx.o
    0x000000cc   0x000000cc   0x00000008   Code   RO         3861  * !!!main             c_w.l(__main.o)
    0x000000d4   0x000000d4   0x00000034   Code   RO         4322    !!!scatter          c_w.l(__scatter.o)
    0x00000108   0x00000108   0x0000001a   Code   RO         4324    !!handler_copy      c_w.l(__scatter_copy.o)
    0x00000122   0x00000122   0x00000002   PAD
    0x00000124   0x00000124   0x0000001c   Code   RO         4326    !!handler_zi        c_w.l(__scatter_zi.o)
    0x00000140   0x00000140   0x00000000   Code   RO         3839    .ARM.Collect$$_printf_percent$$00000000  c_w.l(_printf_percent.o)
    0x00000140   0x00000140   0x00000004   Code   RO         3919    .ARM.Collect$$_printf_percent$$00000017  c_w.l(_printf_percent_end.o)
    0x00000144   0x00000144   0x00000002   Code   RO         4131    .ARM.Collect$$libinit$$00000000  c_w.l(libinit.o)
    0x00000146   0x00000146   0x00000000   Code   RO         4133    .ARM.Collect$$libinit$$00000002  c_w.l(libinit2.o)
    0x00000146   0x00000146   0x00000000   Code   RO         4135    .ARM.Collect$$libinit$$00000004  c_w.l(libinit2.o)
    0x00000146   0x00000146   0x00000008   Code   RO         4136    .ARM.Collect$$libinit$$00000005  c_w.l(libinit2.o)
    0x0000014e   0x0000014e   0x00000000   Code   RO         4138    .ARM.Collect$$libinit$$0000000A  c_w.l(libinit2.o)
    0x0000014e   0x0000014e   0x00000000   Code   RO         4140    .ARM.Collect$$libinit$$0000000C  c_w.l(libinit2.o)
    0x0000014e   0x0000014e   0x00000000   Code   RO         4142    .ARM.Collect$$libinit$$0000000E  c_w.l(libinit2.o)
    0x0000014e   0x0000014e   0x00000000   Code   RO         4145    .ARM.Collect$$libinit$$00000011  c_w.l(libinit2.o)
    0x0000014e   0x0000014e   0x00000000   Code   RO         4147    .ARM.Collect$$libinit$$00000013  c_w.l(libinit2.o)
    0x0000014e   0x0000014e   0x00000000   Code   RO         4149    .ARM.Collect$$libinit$$00000015  c_w.l(libinit2.o)
    0x0000014e   0x0000014e   0x00000000   Code   RO         4151    .ARM.Collect$$libinit$$00000017  c_w.l(libinit2.o)
    0x0000014e   0x0000014e   0x00000000   Code   RO         4153    .ARM.Collect$$libinit$$00000019  c_w.l(libinit2.o)
    0x0000014e   0x0000014e   0x00000000   Code   RO         4155    .ARM.Collect$$libinit$$0000001B  c_w.l(libinit2.o)
    0x0000014e   0x0000014e   0x00000000   Code   RO         4157    .ARM.Collect$$libinit$$0000001D  c_w.l(libinit2.o)
    0x0000014e   0x0000014e   0x00000000   Code   RO         4159    .ARM.Collect$$libinit$$0000001F  c_w.l(libinit2.o)
    0x0000014e   0x0000014e   0x00000000   Code   RO         4161    .ARM.Collect$$libinit$$00000021  c_w.l(libinit2.o)
    0x0000014e   0x0000014e   0x00000000   Code   RO         4163    .ARM.Collect$$libinit$$00000023  c_w.l(libinit2.o)
    0x0000014e   0x0000014e   0x00000004   Code   RO         4164    .ARM.Collect$$libinit$$00000024  c_w.l(libinit2.o)
    0x00000152   0x00000152   0x00000000   Code   RO         4165    .ARM.Collect$$libinit$$00000025  c_w.l(libinit2.o)
    0x00000152   0x00000152   0x00000000   Code   RO         4169    .ARM.Collect$$libinit$$0000002C  c_w.l(libinit2.o)
    0x00000152   0x00000152   0x00000000   Code   RO         4171    .ARM.Collect$$libinit$$0000002E  c_w.l(libinit2.o)
    0x00000152   0x00000152   0x00000000   Code   RO         4173    .ARM.Collect$$libinit$$00000030  c_w.l(libinit2.o)
    0x00000152   0x00000152   0x00000000   Code   RO         4175    .ARM.Collect$$libinit$$00000032  c_w.l(libinit2.o)
    0x00000152   0x00000152   0x00000002   Code   RO         4176    .ARM.Collect$$libinit$$00000033  c_w.l(libinit2.o)
    0x00000154   0x00000154   0x00000002   Code   RO         4303    .ARM.Collect$$libshutdown$$00000000  c_w.l(libshutdown.o)
    0x00000156   0x00000156   0x00000000   Code   RO         4178    .ARM.Collect$$libshutdown$$00000002  c_w.l(libshutdown2.o)
    0x00000156   0x00000156   0x00000004   Code   RO         4179    .ARM.Collect$$libshutdown$$00000003  c_w.l(libshutdown2.o)
    0x0000015a   0x0000015a   0x00000000   Code   RO         4180    .ARM.Collect$$libshutdown$$00000004  c_w.l(libshutdown2.o)
    0x0000015a   0x0000015a   0x00000000   Code   RO         4183    .ARM.Collect$$libshutdown$$00000007  c_w.l(libshutdown2.o)
    0x0000015a   0x0000015a   0x00000000   Code   RO         4186    .ARM.Collect$$libshutdown$$0000000A  c_w.l(libshutdown2.o)
    0x0000015a   0x0000015a   0x00000000   Code   RO         4188    .ARM.Collect$$libshutdown$$0000000C  c_w.l(libshutdown2.o)
    0x0000015a   0x0000015a   0x00000000   Code   RO         4191    .ARM.Collect$$libshutdown$$0000000F  c_w.l(libshutdown2.o)
    0x0000015a   0x0000015a   0x00000002   Code   RO         4192    .ARM.Collect$$libshutdown$$00000010  c_w.l(libshutdown2.o)
    0x0000015c   0x0000015c   0x00000000   Code   RO         3875    .ARM.Collect$$rtentry$$00000000  c_w.l(__rtentry.o)
    0x0000015c   0x0000015c   0x00000000   Code   RO         3953    .ARM.Collect$$rtentry$$00000002  c_w.l(__rtentry2.o)
    0x0000015c   0x0000015c   0x00000006   Code   RO         3965    .ARM.Collect$$rtentry$$00000004  c_w.l(__rtentry4.o)
    0x00000162   0x00000162   0x00000000   Code   RO         3955    .ARM.Collect$$rtentry$$00000009  c_w.l(__rtentry2.o)
    0x00000162   0x00000162   0x00000004   Code   RO         3956    .ARM.Collect$$rtentry$$0000000A  c_w.l(__rtentry2.o)
    0x00000166   0x00000166   0x00000000   Code   RO         3958    .ARM.Collect$$rtentry$$0000000C  c_w.l(__rtentry2.o)
    0x00000166   0x00000166   0x00000008   Code   RO         3959    .ARM.Collect$$rtentry$$0000000D  c_w.l(__rtentry2.o)
    0x0000016e   0x0000016e   0x00000002   Code   RO         4196    .ARM.Collect$$rtexit$$00000000  c_w.l(rtexit.o)
    0x00000170   0x00000170   0x00000000   Code   RO         4249    .ARM.Collect$$rtexit$$00000002  c_w.l(rtexit2.o)
    0x00000170   0x00000170   0x00000004   Code   RO         4250    .ARM.Collect$$rtexit$$00000003  c_w.l(rtexit2.o)
    0x00000174   0x00000174   0x00000006   Code   RO         4251    .ARM.Collect$$rtexit$$00000004  c_w.l(rtexit2.o)
    0x0000017a   0x0000017a   0x00000002   PAD
    0x0000017c   0x0000017c   0x0000000e   Code   RO          325    .emb_text           peripheral.o
    0x0000018a   0x0000018a   0x00000002   PAD
    0x0000018c   0x0000018c   0x00000000   Code   RO         4255    .emb_text           c_w.l(maybetermalloc1.o)
    0x0000018c   0x0000018c   0x00000040   Code   RO            5    .text               startup_lpc17xx.o
    0x000001cc   0x000001cc   0x00000018   Code   RO         3781    .text               c_w.l(__2printf.o)
    0x000001e4   0x000001e4   0x0000003e   Code   RO         3849    .text               c_w.l(strlen.o)
    0x00000222   0x00000222   0x00000010   Code   RO         3853    .text               c_w.l(aeabi_memset.o)
    0x00000232   0x00000232   0x0000004e   Code   RO         3855    .text               c_w.l(rt_memclr_w.o)
    0x00000280   0x00000280   0x00000006   Code   RO         3859    .text               c_w.l(heapauxi.o)
    0x00000286   0x00000286   0x00000002   PAD
    0x00000288   0x00000288   0x00000030   Code   RO         3890    .text               c_w.l(_printf_char_common.o)
    0x000002b8   0x000002b8   0x00000024   Code   RO         3896    .text               c_w.l(_printf_char_file.o)
    0x000002dc   0x000002dc   0x00000008   Code   RO         4012    .text               c_w.l(ferror.o)
    0x000002e4   0x000002e4   0x00000008   Code   RO         4040    .text               c_w.l(libspace.o)
    0x000002ec   0x000002ec   0x0000000e   Code   RO         4122    .text               c_w.l(defsig_rtred_outer.o)
    0x000002fa   0x000002fa   0x00000002   Code   RO         4193    .text               c_w.l(use_no_semi.o)
    0x000002fc   0x000002fc   0x00000004   Code   RO            4    .ARM.__at_0x02FC    startup_lpc17xx.o
    0x00000300   0x00000300   0x00000188   Code   RO         3833    .text               c_w.l(__printf_flags_ss_wp.o)
    0x00000488   0x00000488   0x00000044   Code   RO         3937    .text               c_w.l(rt_memclr.o)
    0x000004cc   0x000004cc   0x00000138   Code   RO         4014    .text               c_w.l(initio.o)
    0x00000604   0x00000604   0x00000066   Code   RO         4035    .text               c_w.l(sys_io.o)
    0x0000066a   0x0000066a   0x0000004a   Code   RO         4045    .text               c_w.l(sys_stackheap_outer.o)
    0x000006b4   0x000006b4   0x0000004e   Code   RO         4051    .text               c_w.l(h1_free.o)
    0x00000702   0x00000702   0x00000046   Code   RO         4105    .text               c_w.l(setvbuf.o)
    0x00000748   0x00000748   0x000000ec   Code   RO         4108    .text               c_w.l(fopen.o)
    0x00000834   0x00000834   0x0000004c   Code   RO         4110    .text               c_w.l(fclose.o)
    0x00000880   0x00000880   0x00000012   Code   RO         4116    .text               c_w.l(exit.o)
    0x00000892   0x00000892   0x00000000   Code   RO         4195    .text               c_w.l(indicate_semi.o)
    0x00000892   0x00000892   0x00000002   PAD
    0x00000894   0x00000894   0x00000008   Code   RO         4203    .text               c_w.l(rt_heap_descriptor_intlibspace.o)
    0x0000089c   0x0000089c   0x00000004   Code   RO         4205    .text               c_w.l(hguard.o)
    0x000008a0   0x000008a0   0x0000008a   Code   RO         4207    .text               c_w.l(init_alloc.o)
    0x0000092a   0x0000092a   0x0000005e   Code   RO         4213    .text               c_w.l(h1_alloc.o)
    0x00000988   0x00000988   0x000000f8   Code   RO         4227    .text               c_w.l(fseek.o)
    0x00000a80   0x00000a80   0x000000f0   Code   RO         4229    .text               c_w.l(stdio.o)
    0x00000b70   0x00000b70   0x0000000a   Code   RO         4234    .text               c_w.l(defsig_exit.o)
    0x00000b7a   0x00000b7a   0x00000002   PAD
    0x00000b7c   0x00000b7c   0x00000034   Code   RO         4238    .text               c_w.l(defsig_rtred_inner.o)
    0x00000bb0   0x00000bb0   0x0000000c   Code   RO         4246    .text               c_w.l(sys_exit.o)
    0x00000bbc   0x00000bbc   0x0000000e   Code   RO         4257    .text               c_w.l(h1_init.o)
    0x00000bca   0x00000bca   0x00000034   Code   RO         4259    .text               c_w.l(h1_extend.o)
    0x00000bfe   0x00000bfe   0x00000042   Code   RO         4265    .text               c_w.l(ftell.o)
    0x00000c40   0x00000c40   0x00000032   Code   RO         4269    .text               c_w.l(defsig_general.o)
    0x00000c72   0x00000c72   0x0000000e   Code   RO         4271    .text               c_w.l(defsig_rtmem_outer.o)
    0x00000c80   0x00000c80   0x0000000e   Code   RO         4284    .text               c_w.l(sys_wrch.o)
    0x00000c8e   0x00000c8e   0x00000002   PAD
    0x00000c90   0x00000c90   0x00000008   Code   RO         4291    .text               c_w.l(rt_errno_addr_intlibspace.o)
    0x00000c98   0x00000c98   0x00000050   Code   RO         4297    .text               c_w.l(defsig_rtmem_inner.o)
    0x00000ce8   0x00000ce8   0x00000034   Code   RO          451    i.CDC_BulkIn        cdcuser.o
    0x00000d1c   0x00000d1c   0x0000001c   Code   RO          452    i.CDC_BulkOut       cdcuser.o
    0x00000d38   0x00000d38   0x00000006   Code   RO          453    i.CDC_ClearCommFeature  cdcuser.o
    0x00000d3e   0x00000d3e   0x00000006   Code   RO          454    i.CDC_GetCommFeature  cdcuser.o
    0x00000d44   0x00000d44   0x00000004   Code   RO          455    i.CDC_GetEncapsulatedResponse  cdcuser.o
    0x00000d48   0x00000d48   0x00000040   Code   RO          456    i.CDC_GetLineCoding  cdcuser.o
    0x00000d88   0x00000d88   0x000000b4   Code   RO          457    i.CDC_GetSerialState  cdcuser.o
    0x00000e3c   0x00000e3c   0x00000040   Code   RO          459    i.CDC_NotificationIn  cdcuser.o
    0x00000e7c   0x00000e7c   0x00000006   Code   RO          462    i.CDC_SendBreak     cdcuser.o
    0x00000e82   0x00000e82   0x00000004   Code   RO          463    i.CDC_SendEncapsulatedCommand  cdcuser.o
    0x00000e86   0x00000e86   0x00000006   Code   RO          464    i.CDC_SetCommFeature  cdcuser.o
    0x00000e8c   0x00000e8c   0x00000006   Code   RO          465    i.CDC_SetControlLineState  cdcuser.o
    0x00000e92   0x00000e92   0x00000002   PAD
    0x00000e94   0x00000e94   0x0000005c   Code   RO          466    i.CDC_SetLineCoding  cdcuser.o
    0x00000ef0   0x00000ef0   0x00000030   Code   RO          467    i.CDC_WrOutBuf      cdcuser.o
    0x00000f20   0x00000f20   0x00000020   Code   RO          326    i.CLKPOWER_Config   peripheral.o
    0x00000f40   0x00000f40   0x00000038   Code   RO         1292    i.CLKPWR_ConfigPPWR  lpc17xx_clkpwr.o
    0x00000f78   0x00000f78   0x00000010   Code   RO          759    i.EPAdr             usbhw.o
    0x00000f88   0x00000f88   0x00000044   Code   RO          327    i.GPIO_Config       peripheral.o
    0x00000fcc   0x00000fcc   0x00000178   Code   RO          328    i.GPIO_Init         peripheral.o
    0x00001144   0x00001144   0x0000002c   Code   RO          245    i.Loop              user.o
    0x00001170   0x00001170   0x00000018   Code   RO          568    i.NVIC_DisableIRQ   uart.o
    0x00001188   0x00001188   0x00000016   Code   RO          569    i.NVIC_EnableIRQ    uart.o
    0x0000119e   0x0000119e   0x0000000c   Code   RO          331    i.Peripheral        peripheral.o
    0x000011aa   0x000011aa   0x00000002   PAD
    0x000011ac   0x000011ac   0x00000030   Code   RO          760    i.RdCmdDat          usbhw.o
    0x000011dc   0x000011dc   0x00000012   Code   RO         2807    i.SYSTICK_ClearCounterFlag  lpc17xx_systick.o
    0x000011ee   0x000011ee   0x00000002   PAD
    0x000011f0   0x000011f0   0x00000018   Code   RO           64    i.SysTick_Handler   lpc17xx_it.o
    0x00001208   0x00001208   0x00000148   Code   RO           16    i.SystemInit        system_lpc17xx.o
    0x00001350   0x00001350   0x000000b0   Code   RO          570    i.UART0_IRQHandler  uart.o
    0x00001400   0x00001400   0x000000b8   Code   RO          571    i.UART1_IRQHandler  uart.o
    0x000014b8   0x000014b8   0x00000020   Code   RO          762    i.USB_ClrStallEP    usbhw.o
    0x000014d8   0x000014d8   0x0000004c   Code   RO          763    i.USB_ConfigEP      usbhw.o
    0x00001524   0x00001524   0x00000044   Code   RO          764    i.USB_Configure     usbhw.o
    0x00001568   0x00001568   0x00000002   Code   RO          934    i.USB_Configure_Event  usbuser.o
    0x0000156a   0x0000156a   0x00000002   PAD
    0x0000156c   0x0000156c   0x00000038   Code   RO          658    i.USB_DataInStage   usbcore.o
    0x000015a4   0x000015a4   0x00000028   Code   RO          659    i.USB_DataOutStage  usbcore.o
    0x000015cc   0x000015cc   0x00000002   Code   RO          766    i.USB_DirCtrlEP     usbhw.o
    0x000015ce   0x000015ce   0x00000002   PAD
    0x000015d0   0x000015d0   0x00000024   Code   RO          767    i.USB_DisableEP     usbhw.o
    0x000015f4   0x000015f4   0x00000020   Code   RO          768    i.USB_EnableEP      usbhw.o
    0x00001614   0x00001614   0x0000036c   Code   RO          660    i.USB_EndPoint0     usbcore.o
    0x00001980   0x00001980   0x00000028   Code   RO          935    i.USB_EndPoint1     usbuser.o
    0x000019a8   0x000019a8   0x0000001e   Code   RO          942    i.USB_EndPoint2     usbuser.o
    0x000019c6   0x000019c6   0x00000002   PAD
    0x000019c8   0x000019c8   0x00000104   Code   RO          770    i.USB_IRQHandler    usbhw.o
    0x00001acc   0x00001acc   0x0000006c   Code   RO          772    i.USB_ReadEP        usbhw.o
    0x00001b38   0x00001b38   0x000000b8   Code   RO          661    i.USB_ReqGetDescriptor  usbcore.o
    0x00001bf0   0x00001bf0   0x000000d4   Code   RO          662    i.USB_ReqGetStatus  usbcore.o
    0x00001cc4   0x00001cc4   0x000000ec   Code   RO          663    i.USB_ReqSetClrFeature  usbcore.o
    0x00001db0   0x00001db0   0x000001c0   Code   RO          664    i.USB_ReqSetConfiguration  usbcore.o
    0x00001f70   0x00001f70   0x00000144   Code   RO          665    i.USB_ReqSetInterface  usbcore.o
    0x000020b4   0x000020b4   0x00000054   Code   RO          773    i.USB_Reset         usbhw.o
    0x00002108   0x00002108   0x0000003c   Code   RO          666    i.USB_ResetCore     usbcore.o
    0x00002144   0x00002144   0x00000020   Code   RO          774    i.USB_ResetEP       usbhw.o
    0x00002164   0x00002164   0x00000008   Code   RO          950    i.USB_Reset_Event   usbuser.o
    0x0000216c   0x0000216c   0x00000002   Code   RO          775    i.USB_Resume        usbhw.o
    0x0000216e   0x0000216e   0x00000002   PAD
    0x00002170   0x00002170   0x00000030   Code   RO          776    i.USB_SetAddress    usbhw.o
    0x000021a0   0x000021a0   0x00000024   Code   RO          777    i.USB_SetStallEP    usbhw.o
    0x000021c4   0x000021c4   0x00000010   Code   RO          667    i.USB_SetupStage    usbcore.o
    0x000021d4   0x000021d4   0x0000000e   Code   RO          668    i.USB_StatusInStage  usbcore.o
    0x000021e2   0x000021e2   0x00000002   PAD
    0x000021e4   0x000021e4   0x00000010   Code   RO          669    i.USB_StatusOutStage  usbcore.o
    0x000021f4   0x000021f4   0x00000002   Code   RO          778    i.USB_Suspend       usbhw.o
    0x000021f6   0x000021f6   0x00000002   Code   RO          780    i.USB_WakeUpCfg     usbhw.o
    0x000021f8   0x000021f8   0x00000054   Code   RO          781    i.USB_WriteEP       usbhw.o
    0x0000224c   0x0000224c   0x00000002   Code   RO          246    i.Variables         user.o
    0x0000224e   0x0000224e   0x00000010   Code   RO         3133    i.WDT_Feed          lpc17xx_wdt.o
    0x0000225e   0x0000225e   0x00000002   PAD
    0x00002260   0x00002260   0x00000028   Code   RO          782    i.WrCmd             usbhw.o
    0x00002288   0x00002288   0x00000044   Code   RO          783    i.WrCmdDat          usbhw.o
    0x000022cc   0x000022cc   0x00000058   Code   RO          784    i.WrCmdEP           usbhw.o
    0x00002324   0x00002324   0x0000000e   Code   RO         3826    i._is_digit         c_w.l(__printf_wp.o)
    0x00002332   0x00002332   0x00000002   PAD
    0x00002334   0x00002334   0x00000038   Code   RO          336    i.fputc             peripheral.o
    0x0000236c   0x0000236c   0x00000014   Code   RO          224    i.main              main.o
    0x00002380   0x00002380   0x0000001c   Code   RO          572    i.ser_AvailChar     uart.o
    0x0000239c   0x0000239c   0x00000048   Code   RO          573    i.ser_ClosePort     uart.o
    0x000023e4   0x000023e4   0x00000124   Code   RO          575    i.ser_InitPort1     uart.o
    0x00002508   0x00002508   0x00000014   Code   RO          576    i.ser_LineState     uart.o
    0x0000251c   0x0000251c   0x00000048   Code   RO          577    i.ser_OpenPort      uart.o
    0x00002564   0x00002564   0x00000058   Code   RO          578    i.ser_Read          uart.o
    0x000025bc   0x000025bc   0x000000be   Data   RO          745    .constdata          usbdesc.o
    0x0000267a   0x0000267a   0x00000002   PAD
    0x0000267c   0x0000267c   0x00000040   Data   RO          951    .constdata          usbuser.o
    0x000026bc   0x000026bc   0x00000011   Data   RO         3834    .constdata          c_w.l(__printf_flags_ss_wp.o)
    0x000026cd   0x000026cd   0x00000004   Data   RO         4036    .constdata          c_w.l(sys_io.o)
    0x000026d1   0x000026d1   0x00000004   Data   RO         4037    .constdata          c_w.l(sys_io.o)
    0x000026d5   0x000026d5   0x00000004   Data   RO         4038    .constdata          c_w.l(sys_io.o)
    0x000026d9   0x000026d9   0x00000003   PAD
    0x000026dc   0x000026dc   0x00000020   Data   RO         4320    Region$$Table       anon$$obj.o


    Execution Region RW_IRAM1 (Exec base: 0x10000000, Load base: 0x000026fc, Size: 0x00001a80, Max: 0x00008000, ABSOLUTE)

    Exec Addr    Load Addr    Size         Type   Attr      Idx    E Section Name        Object

    0x10000000   0x000026fc   0x00000004   Data   RW           17    .data               system_lpc17xx.o
    0x10000004   0x00002700   0x0000000c   Data   RW          469    .data               cdcuser.o
    0x10000010   0x0000270c   0x00000006   Data   RW          581    .data               uart.o
    0x10000016   0x00002712   0x00000002   PAD
    0x10000018   0x00002714   0x00000030   Data   RW          670    .data               usbcore.o
    0x10000048   0x00002744   0x00000002   Data   RW          952    .data               usbuser.o
    0x1000004a   0x00002746   0x00000002   PAD
    0x1000004c   0x00002748   0x00000004   Data   RW         3932    .data               c_w.l(stdio_streams.o)
    0x10000050   0x0000274c   0x00000004   Data   RW         3933    .data               c_w.l(stdio_streams.o)
    0x10000054   0x00002750   0x00000004   Data   RW         3934    .data               c_w.l(stdio_streams.o)
    0x10000058        -       0x000010e8   Zero   RW          248    .bss                user.o
    0x10001140        -       0x000000d4   Zero   RW          468    .bss                cdcuser.o
    0x10001214        -       0x00000110   Zero   RW          580    .bss                uart.o
    0x10001324        -       0x00000054   Zero   RW         3929    .bss                c_w.l(stdio_streams.o)
    0x10001378        -       0x00000054   Zero   RW         3930    .bss                c_w.l(stdio_streams.o)
    0x100013cc        -       0x00000054   Zero   RW         3931    .bss                c_w.l(stdio_streams.o)
    0x10001420        -       0x00000060   Zero   RW         4041    .bss                c_w.l(libspace.o)
    0x10001480        -       0x00000200   Zero   RW            2    HEAP                startup_lpc17xx.o
    0x10001680        -       0x00000400   Zero   RW            1    STACK               startup_lpc17xx.o



  Load Region LR$$.ARM.__AT_0x2007C000 (Base: 0x2007c000, Size: 0x00000000, Max: 0x00000fa0, ABSOLUTE)

    Execution Region ER$$.ARM.__AT_0x2007C000 (Exec base: 0x2007c000, Load base: 0x2007c000, Size: 0x00000fa0, Max: 0x00000fa0, ABSOLUTE, UNINIT)

    Exec Addr    Load Addr    Size         Type   Attr      Idx    E Section Name        Object

    0x2007c000        -       0x00000fa0   Zero   RW          247    .ARM.__AT_0x2007C000  user.o


==============================================================================

Image component sizes


      Code (inc. data)   RO Data    RW Data    ZI Data      Debug   Object Name

       566         58          0         12        212       8675   cdcuser.o
        56         10          0          0          0        520   lpc17xx_clkpwr.o
        24          4          0          0          0      11838   lpc17xx_it.o
        18          0          0          0          0        447   lpc17xx_systick.o
        16          0          0          0          0        411   lpc17xx_wdt.o
        20          0          0          0          0        395   main.o
       558         24          0          0          0      29956   peripheral.o
        68         30        204          0       1536        952   startup_lpc17xx.o
       328         20          0          4          0      21919   system_lpc17xx.o
       978        116          0          6        272      30420   uart.o
      2482        234          0         48          0       9602   usbcore.o
         0          0        190          0          0        737   usbdesc.o
      1164        152          0          0          0      11058   usbhw.o
        80          4         64          2          0       2583   usbuser.o
        46         16          0          0       8328       1314   user.o

    ----------------------------------------------------------------------
      6424        668        492         76      10348     130827   Object Totals
         0          0         32          0          0          0   (incl. Generated)
        20          0          2          4          0          0   (incl. Padding)

    ----------------------------------------------------------------------

      Code (inc. data)   RO Data    RW Data    ZI Data      Debug   Library Member Name

        24          4          0          0          0         84   __2printf.o
         8          0          0          0          0         68   __main.o
       392          4         17          0          0         92   __printf_flags_ss_wp.o
        14          0          0          0          0         68   __printf_wp.o
         0          0          0          0          0          0   __rtentry.o
        12          0          0          0          0          0   __rtentry2.o
         6          0          0          0          0          0   __rtentry4.o
        52          8          0          0          0          0   __scatter.o
        26          0          0          0          0          0   __scatter_copy.o
        28          0          0          0          0          0   __scatter_zi.o
        48          6          0          0          0         96   _printf_char_common.o
        36          4          0          0          0         80   _printf_char_file.o
         0          0          0          0          0          0   _printf_percent.o
         4          0          0          0          0          0   _printf_percent_end.o
        16          0          0          0          0         68   aeabi_memset.o
        10          0          0          0          0         68   defsig_exit.o
        50          0          0          0          0         88   defsig_general.o
        80         58          0          0          0         76   defsig_rtmem_inner.o
        14          0          0          0          0         80   defsig_rtmem_outer.o
        52         38          0          0          0         76   defsig_rtred_inner.o
        14          0          0          0          0         80   defsig_rtred_outer.o
        18          0          0          0          0         80   exit.o
        76          0          0          0          0         88   fclose.o
         8          0          0          0          0         68   ferror.o
       236          4          0          0          0        128   fopen.o
       248          6          0          0          0         84   fseek.o
        66          0          0          0          0         76   ftell.o
        94          0          0          0          0         80   h1_alloc.o
        52          0          0          0          0         68   h1_extend.o
        78          0          0          0          0         80   h1_free.o
        14          0          0          0          0         84   h1_init.o
         6          0          0          0          0        152   heapauxi.o
         4          0          0          0          0        136   hguard.o
         0          0          0          0          0          0   indicate_semi.o
       138          0          0          0          0        168   init_alloc.o
       312         46          0          0          0        112   initio.o
         2          0          0          0          0          0   libinit.o
        14          0          0          0          0          0   libinit2.o
         2          0          0          0          0          0   libshutdown.o
         6          0          0          0          0          0   libshutdown2.o
         8          4          0          0         96         68   libspace.o
         0          0          0          0          0          0   maybetermalloc1.o
         8          4          0          0          0         68   rt_errno_addr_intlibspace.o
         8          4          0          0          0         68   rt_heap_descriptor_intlibspace.o
        68          0          0          0          0         68   rt_memclr.o
        78          0          0          0          0         80   rt_memclr_w.o
         2          0          0          0          0          0   rtexit.o
        10          0          0          0          0          0   rtexit2.o
        70          0          0          0          0         80   setvbuf.o
       240          6          0          0          0        156   stdio.o
         0          0          0         12        252          0   stdio_streams.o
        62          0          0          0          0         76   strlen.o
        12          4          0          0          0         68   sys_exit.o
       102          0         12          0          0        240   sys_io.o
        74          0          0          0          0         80   sys_stackheap_outer.o
        14          0          0          0          0         76   sys_wrch.o
         2          0          0          0          0         68   use_no_semi.o

    ----------------------------------------------------------------------
      3032        200         32         12        348       3624   Library Totals
        14          0          3          0          0          0   (incl. Padding)

    ----------------------------------------------------------------------

      Code (inc. data)   RO Data    RW Data    ZI Data      Debug   Library Name

      3018        200         29         12        348       3624   c_w.l

    ----------------------------------------------------------------------
      3032        200         32         12        348       3624   Library Totals

    ----------------------------------------------------------------------

==============================================================================


      Code (inc. data)   RO Data    RW Data    ZI Data      Debug   

      9456        868        524         88      10696     128883   Grand Totals
      9456        868        524         88      10696     128883   ELF Image Totals
      9456        868        524         88          0          0   ROM Totals

==============================================================================

    Total RO  Size (Code + RO Data)                 9980 (   9.75kB)
    Total RW  Size (RW Data + ZI Data)             10784 (  10.53kB)
    Total ROM Size (Code + RO Data + RW Data)      10068 (   9.83kB)

==============================================================================

