Component: ARM Compiler 5.06 update 6 (build 750) Tool: armlink [4d35ed]

==============================================================================

Section Cross References

    startup_lpc17xx.o(STACK) refers (Special) to heapauxi.o(.text) for __use_two_region_memory
    startup_lpc17xx.o(HEAP) refers (Special) to heapauxi.o(.text) for __use_two_region_memory
    startup_lpc17xx.o(RESET) refers (Special) to heapauxi.o(.text) for __use_two_region_memory
    startup_lpc17xx.o(RESET) refers to startup_lpc17xx.o(STACK) for __initial_sp
    startup_lpc17xx.o(RESET) refers to startup_lpc17xx.o(.text) for Reset_Handler
    startup_lpc17xx.o(RESET) refers to lpc17xx_it.o(i.SysTick_Handler) for SysTick_Handler
    startup_lpc17xx.o(RESET) refers to lpc17xx_it.o(i.TIMER0_IRQHandler) for TIMER0_IRQHandler
    startup_lpc17xx.o(RESET) refers to uart_1.o(i.UART1_IRQHandler) for UART1_IRQHandler
    startup_lpc17xx.o(RESET) refers to lpc17xx_it.o(i.EINT3_IRQHandler) for EINT3_IRQHandler
    startup_lpc17xx.o(RESET) refers to usbhw_1.o(i.USB_IRQHandler) for USB_IRQHandler
    startup_lpc17xx.o(RESET) refers to lpc17xx_it.o(i.QEI_IRQHandler) for QEI_IRQHandler
    startup_lpc17xx.o(.text) refers (Special) to heapauxi.o(.text) for __use_two_region_memory
    startup_lpc17xx.o(.text) refers to system_lpc17xx.o(i.SystemInit) for SystemInit
    startup_lpc17xx.o(.text) refers to __main.o(!!!main) for __main
    startup_lpc17xx.o(.text) refers to startup_lpc17xx.o(HEAP) for Heap_Mem
    startup_lpc17xx.o(.text) refers to startup_lpc17xx.o(STACK) for Stack_Mem
    system_lpc17xx.o(i.SystemCoreClockUpdate) refers to lludivv7m.o(.text) for __aeabi_uldivmod
    system_lpc17xx.o(i.SystemCoreClockUpdate) refers to system_lpc17xx.o(.data) for SystemCoreClock
    lpc17xx_it.o(i.EINT3_IRQHandler) refers to lpc17xx_exti.o(i.EXTI_ClearEXTIFlag) for EXTI_ClearEXTIFlag
    lpc17xx_it.o(i.QEI_IRQHandler) refers to lpc17xx_qei.o(i.QEI_GetIntStatus) for QEI_GetIntStatus
    lpc17xx_it.o(i.QEI_IRQHandler) refers to lpc17xx_qei.o(i.QEI_GetVelocityCap) for QEI_GetVelocityCap
    lpc17xx_it.o(i.QEI_IRQHandler) refers to lludivv7m.o(.text) for __aeabi_uldivmod
    lpc17xx_it.o(i.QEI_IRQHandler) refers to lpc17xx_qei.o(i.QEI_CalculateRPM) for QEI_CalculateRPM
    lpc17xx_it.o(i.QEI_IRQHandler) refers to peripheral.o(i.UART_Trace) for UART_Trace
    lpc17xx_it.o(i.QEI_IRQHandler) refers to lpc17xx_qei.o(i.QEI_IntClear) for QEI_IntClear
    lpc17xx_it.o(i.QEI_IRQHandler) refers to main.o(.data) for VeloAccFlag
    lpc17xx_it.o(i.QEI_IRQHandler) refers to main.o(.bss) for Eje
    lpc17xx_it.o(i.SysTick_Handler) refers to sytemtime.o(i.SystemTime_Timer) for SystemTime_Timer
    lpc17xx_it.o(i.SysTick_Handler) refers to peripheral.o(.data) for DelayC
    lpc17xx_it.o(i.TIMER0_IRQHandler) refers to lpc17xx_timer.o(i.TIM_GetIntStatus) for TIM_GetIntStatus
    lpc17xx_it.o(i.TIMER0_IRQHandler) refers to peripheral.o(i.UART_Trace) for UART_Trace
    lpc17xx_it.o(i.TIMER0_IRQHandler) refers to lpc17xx_timer.o(i.TIM_ClearIntPending) for TIM_ClearIntPending
    lpc17xx_it.o(i.TIMER0_IRQHandler) refers to main.o(.bss) for Eje
    main.o(i.Led_Tick) refers to timer.o(i.Timer_Elapsed) for Timer_Elapsed
    main.o(i.Led_Tick) refers to timer.o(i.Timer_Start) for Timer_Start
    main.o(i.Led_Tick) refers to main.o(.bss) for Led_Tmr
    main.o(i.main) refers to peripheral.o(i.Systick_Config) for Systick_Config
    main.o(i.main) refers to peripheral.o(i.IO_Config) for IO_Config
    main.o(i.main) refers to peripheral.o(i.PWM_Config) for PWM_Config
    main.o(i.main) refers to peripheral.o(i.QEI_Config) for QEI_Config
    main.o(i.main) refers to peripheral.o(i.TIM_Config) for TIM_Config
    main.o(i.main) refers to peripheral.o(i.USB_Config) for USB_Config
    main.o(i.main) refers to peripheral.o(i.UART_Config) for UART_Config
    main.o(i.main) refers to peripheral.o(i.Delay) for Delay
    main.o(i.main) refers to peripheral.o(i.USB_Trace) for USB_Trace
    main.o(i.main) refers to build_time.o(i.get_version) for get_version
    main.o(i.main) refers to build_time.o(i.get_build_date_time) for get_build_date_time
    main.o(i.main) refers to fifo.o(i.Fifo_Init) for Fifo_Init
    main.o(i.main) refers to button.o(i.Button_Init) for Button_Init
    main.o(i.main) refers to timer.o(i.Timer_Init) for Timer_Init
    main.o(i.main) refers to timer.o(i.Timer_Start) for Timer_Start
    main.o(i.main) refers to dev.o(i.Pos_Init) for Pos_Init
    main.o(i.main) refers to serial.o(i.Serial_Events) for Serial_Events
    main.o(i.main) refers to main.o(i.Led_Tick) for Led_Tick
    main.o(i.main) refers to button.o(i.Button_Fsm) for Button_Fsm
    main.o(i.main) refers to button.o(i.Button_Events) for Button_Events
    main.o(i.main) refers to main.o(.data) for init
    main.o(i.main) refers to main.o(.bss) for Usb
    main.o(i.main) refers to handlers.o(i.USB_Receiver_Handler) for USB_Receiver_Handler
[...]
    i.USB_Transmit                           0x000069a4   Section        0  peripheral.o(i.USB_Transmit)
    USB_Transmit                             0x000069a5   Thumb Code   104  peripheral.o(i.USB_Transmit)
    i.USB_WakeUpCfg                          0x00006a10   Section        0  usbhw_1.o(i.USB_WakeUpCfg)
    i.USB_WriteEP                            0x00006a14   Section        0  usbhw_1.o(i.USB_WriteEP)
    i.WrCmd                                  0x00006a68   Section        0  usbhw_1.o(i.WrCmd)
    i.WrCmdDat                               0x00006a90   Section        0  usbhw_1.o(i.WrCmdDat)
    i.WrCmdEP                                0x00006ad4   Section        0  usbhw_1.o(i.WrCmdEP)
    i.__ARM_fpclassify                       0x00006b2c   Section        0  fpclassify.o(i.__ARM_fpclassify)
    i._is_digit                              0x00006b54   Section        0  __printf_wp.o(i._is_digit)
    i.check_failed                           0x00006b62   Section        0  lpc17xx_pwm.o(i.check_failed)
    check_failed                             0x00006b63   Thumb Code     4  lpc17xx_pwm.o(i.check_failed)
    i.check_failed                           0x00006b66   Section        0  lpc17xx_uart.o(i.check_failed)
    check_failed                             0x00006b67   Thumb Code     4  lpc17xx_uart.o(i.check_failed)
    i.get_build_date_time                    0x00006b6c   Section        0  build_time.o(i.get_build_date_time)
    i.get_version                            0x00006b74   Section        0  build_time.o(i.get_version)
    i.main                                   0x00006b7c   Section        0  main.o(i.main)
    i.uart_set_divisors                      0x00006dbc   Section        0  lpc17xx_uart.o(i.uart_set_divisors)
    uart_set_divisors                        0x00006dbd   Thumb Code   464  lpc17xx_uart.o(i.uart_set_divisors)
    locale$$code                             0x00006f9c   Section       44  lc_numeric_c.o(locale$$code)
    locale$$code                             0x00006fc8   Section       44  lc_ctype_c.o(locale$$code)
    x$fpl$printf1                            0x00006ff4   Section        4  printf1.o(x$fpl$printf1)
    x$fpl$printf2                            0x00006ff8   Section        4  printf2.o(x$fpl$printf2)
    .constdata                               0x00006ffc   Section      190  usbdesc_1.o(.constdata)
    x$fpl$usenofp                            0x00006ffc   Section        0  usenofp.o(x$fpl$usenofp)
    .constdata                               0x000070bc   Section       64  usbuser_1.o(.constdata)
    .constdata                               0x000070fc   Section       40  _printf_hex_int_ll_ptr.o(.constdata)
    uc_hextab                                0x000070fc   Data          20  _printf_hex_int_ll_ptr.o(.constdata)
    lc_hextab                                0x00007110   Data          20  _printf_hex_int_ll_ptr.o(.constdata)
    .constdata                               0x00007124   Section       17  __printf_flags_ss_wp.o(.constdata)
    maptable                                 0x00007124   Data          17  __printf_flags_ss_wp.o(.constdata)
    .constdata                               0x00007138   Section        8  _printf_wctomb.o(.constdata)
    initial_mbstate                          0x00007138   Data           8  _printf_wctomb.o(.constdata)
    .constdata                               0x00007140   Section       38  _printf_fp_hex.o(.constdata)
    lc_hextab                                0x00007140   Data          19  _printf_fp_hex.o(.constdata)
    uc_hextab                                0x00007153   Data          19  _printf_fp_hex.o(.constdata)
    .constdata                               0x00007168   Section      148  bigflt0.o(.constdata)
    tenpwrs_x                                0x00007168   Data          60  bigflt0.o(.constdata)
    tenpwrs_i                                0x000071a4   Data          64  bigflt0.o(.constdata)
    locale$$data                             0x0000721c   Section       28  lc_numeric_c.o(locale$$data)
    __lcnum_c_name                           0x00007220   Data           2  lc_numeric_c.o(locale$$data)
    __lcnum_c_start                          0x00007228   Data           0  lc_numeric_c.o(locale$$data)
    __lcnum_c_point                          0x00007234   Data           0  lc_numeric_c.o(locale$$data)
    __lcnum_c_thousands                      0x00007236   Data           0  lc_numeric_c.o(locale$$data)
    __lcnum_c_grouping                       0x00007237   Data           0  lc_numeric_c.o(locale$$data)
    locale$$data                             0x00007238   Section      272  lc_ctype_c.o(locale$$data)
    __lcnum_c_end                            0x00007238   Data           0  lc_numeric_c.o(locale$$data)
    __lcctype_c_name                         0x0000723c   Data           2  lc_ctype_c.o(locale$$data)
    __lcctype_c_start                        0x00007244   Data           0  lc_ctype_c.o(locale$$data)
    __lcctype_c_end                          0x00007348   Data           0  lc_ctype_c.o(locale$$data)
    .data                                    0x10000000   Section        4  system_lpc17xx.o(.data)
    .data                                    0x10000008   Section       25  main.o(.data)
    .data                                    0x10000024   Section        4  peripheral.o(.data)
    .data                                    0x10000028   Section       37  build_time.o(.data)
    build_bin_date_time_str                  0x10000028   Data          20  build_time.o(.data)
    build_lib_date_time_str                  0x1000003c   Data           1  build_time.o(.data)
    version_soft_str                         0x1000003d   Data          16  build_time.o(.data)
    .data                                    0x10000050   Section        4  sytemtime.o(.data)
    .data                                    0x10000054   Section       12  cdcuser_1.o(.data)
    .data                                    0x10000060   Section       48  usbcore_1.o(.data)
    .data                                    0x10000090   Section        2  usbuser_1.o(.data)
    serialState                              0x10000090   Data           2  usbuser_1.o(.data)
    .data                                    0x10000094   Section        6  uart_1.o(.data)
    .bss                                     0x1000009c   Section     1168  main.o(.bss)
    .bss                                     0x1000052c   Section     2000  peripheral.o(.bss)
    .bss                                     0x10000cfc   Section      212  cdcuser_1.o(.bss)
    .bss                                     0x10000dd0   Section      272  uart_1.o(.bss)
    .bss                                     0x10000ee0   Section       96  libspace.o(.bss)
    HEAP                                     0x10000f40   Section      512  startup_lpc17xx.o(HEAP)
    Heap_Mem                                 0x10000f40   Data         512  startup_lpc17xx.o(HEAP)
    STACK                                    0x10001140   Section     1024  startup_lpc17xx.o(STACK)
    Stack_Mem                                0x10001140   Data        1024  startup_lpc17xx.o(STACK)
    __initial_sp                             0x10001540   Data           0  startup_lpc17xx.o(STACK)

    Global Symbols

    Symbol Name                              Value     Ov Type        Size  Object(Section)

    BuildAttributes$$THM_ISAv4$P$D$K$B$S$PE$A:L22UL41UL21$X:L11$S22US41US21$IEEE1$IW$USESV6$~STKCKD$USESV7$~SHL$OTIME$ROPI$IEEEJ$EBA8$UX$STANDARDLIB$REQ8$PRES8$EABIv2 0x00000000   Number         0  anon$$obj.o ABSOLUTE
    __ARM_use_no_argv                        0x00000000   Number         0  main.o ABSOLUTE
    _printf_flags                            0x00000000   Number         0  printf_stubs.o ABSOLUTE
    _printf_return_value                     0x00000000   Number         0  printf_stubs.o ABSOLUTE
    _printf_sizespec                         0x00000000   Number         0  printf_stubs.o ABSOLUTE
    _printf_widthprec                        0x00000000   Number         0  printf_stubs.o ABSOLUTE
    __ARM_exceptions_init                     - Undefined Weak Reference
    __alloca_initialize                       - Undefined Weak Reference
    __arm_preinit_                            - Undefined Weak Reference
    __cpp_initialize__aeabi_                  - Undefined Weak Reference
    __cxa_finalize                            - Undefined Weak Reference
    __sigvec_lookup                           - Undefined Weak Reference
    _atexit_init                              - Undefined Weak Reference
    _call_atexit_fns                          - Undefined Weak Reference
    _clock_init                               - Undefined Weak Reference
    _fp_trap_init                             - Undefined Weak Reference
    _fp_trap_shutdown                         - Undefined Weak Reference
    _get_lc_collate                           - Undefined Weak Reference
    _get_lc_monetary                          - Undefined Weak Reference
    _get_lc_time                              - Undefined Weak Reference
    _getenv_init                              - Undefined Weak Reference
    _handle_redirection                       - Undefined Weak Reference
    _init_alloc                               - Undefined Weak Reference
    _init_user_alloc                          - Undefined Weak Reference
    _initio                                   - Undefined Weak Reference
    _printf_mbtowc                            - Undefined Weak Reference
    _printf_wc                                - Undefined Weak Reference
    _rand_init                                - Undefined Weak Reference
    _signal_finish                            - Undefined Weak Reference
    _signal_init                              - Undefined Weak Reference
    _terminate_alloc                          - Undefined Weak Reference
    _terminate_user_alloc                     - Undefined Weak Reference
    _terminateio                              - Undefined Weak Reference
    __Vectors                                0x00002000   Data           4  startup_lpc17xx.o(RESET)
    __main                                   0x000020cd   Thumb Code     8  __main.o(!!!main)
    __scatterload                            0x000020d5   Thumb Code     0  __scatter.o(!!!scatter)
    __scatterload_rt2                        0x000020d5   Thumb Code    44  __scatter.o(!!!scatter)
    __scatterload_rt2_thumb_only             0x000020d5   Thumb Code     0  __scatter.o(!!!scatter)
    __scatterload_null                       0x000020e3   Thumb Code     0  __scatter.o(!!!scatter)
    __scatterload_copy                       0x00002109   Thumb Code    26  __scatter_copy.o(!!handler_copy)
    __scatterload_zeroinit                   0x00002125   Thumb Code    28  __scatter_zi.o(!!handler_zi)
    _printf_n                                0x00002141   Thumb Code     0  _printf_n.o(.ARM.Collect$$_printf_percent$$00000001)
    _printf_percent                          0x00002141   Thumb Code     0  _printf_percent.o(.ARM.Collect$$_printf_percent$$00000000)
    _printf_p                                0x00002147   Thumb Code     0  _printf_p.o(.ARM.Collect$$_printf_percent$$00000002)
    _printf_f                                0x0000214d   Thumb Code     0  _printf_f.o(.ARM.Collect$$_printf_percent$$00000003)
    _printf_e                                0x00002153   Thumb Code     0  _printf_e.o(.ARM.Collect$$_printf_percent$$00000004)
    _printf_g                                0x00002159   Thumb Code     0  _printf_g.o(.ARM.Collect$$_printf_percent$$00000005)
    _printf_a                                0x0000215f   Thumb Code     0  _printf_a.o(.ARM.Collect$$_printf_percent$$00000006)
    _printf_ll                               0x00002165   Thumb Code     0  _printf_ll.o(.ARM.Collect$$_printf_percent$$00000007)
    _printf_i                                0x0000216f   Thumb Code     0  _printf_i.o(.ARM.Collect$$_printf_percent$$00000008)
    _printf_d                                0x00002175   Thumb Code     0  _printf_d.o(.ARM.Collect$$_printf_percent$$00000009)
    _printf_u                                0x0000217b   Thumb Code     0  _printf_u.o(.ARM.Collect$$_printf_percent$$0000000A)
    _printf_o                                0x00002181   Thumb Code     0  _printf_o.o(.ARM.Collect$$_printf_percent$$0000000B)
    _printf_x                                0x00002187   Thumb Code     0  _printf_x.o(.ARM.Collect$$_printf_percent$$0000000C)
    _printf_lli                              0x0000218d   Thumb Code     0  _printf_lli.o(.ARM.Collect$$_printf_percent$$0000000D)
    _printf_lld                              0x00002193   Thumb Code     0  _printf_lld.o(.ARM.Collect$$_printf_percent$$0000000E)
    _printf_llu                              0x00002199   Thumb Code     0  _printf_llu.o(.ARM.Collect$$_printf_percent$$0000000F)
    _printf_llo                              0x0000219f   Thumb Code     0  _printf_llo.o(.ARM.Collect$$_printf_percent$$00000010)
    _printf_llx                              0x000021a5   Thumb Code     0  _printf_llx.o(.ARM.Collect$$_printf_percent$$00000011)
    _printf_l                                0x000021ab   Thumb Code     0  _printf_l.o(.ARM.Collect$$_printf_percent$$00000012)
    _printf_c                                0x000021b5   Thumb Code     0  _printf_c.o(.ARM.Collect$$_printf_percent$$00000013)
    _printf_s                                0x000021bb   Thumb Code     0  _printf_s.o(.ARM.Collect$$_printf_percent$$00000014)
    _printf_lc                               0x000021c1   Thumb Code     0  _printf_lc.o(.ARM.Collect$$_printf_percent$$00000015)
    _printf_ls                               0x000021c7   Thumb Code     0  _printf_ls.o(.ARM.Collect$$_printf_percent$$00000016)
    _printf_percent_end                      0x000021cd   Thumb Code     0  _printf_percent_end.o(.ARM.Collect$$_printf_percent$$00000017)
    __rt_lib_init                            0x000021d1   Thumb Code     0  libinit.o(.ARM.Collect$$libinit$$00000000)
    __rt_lib_init_fp_1                       0x000021d3   Thumb Code     0  libinit2.o(.ARM.Collect$$libinit$$00000002)
    __rt_lib_init_heap_1                     0x000021d3   Thumb Code     0  libinit2.o(.ARM.Collect$$libinit$$0000000A)
    __rt_lib_init_lc_common                  0x000021d3   Thumb Code     0  libinit2.o(.ARM.Collect$$libinit$$0000000F)
    __rt_lib_init_preinit_1                  0x000021d3   Thumb Code     0  libinit2.o(.ARM.Collect$$libinit$$00000004)
    __rt_lib_init_rand_1                     0x000021d3   Thumb Code     0  libinit2.o(.ARM.Collect$$libinit$$0000000E)
    __rt_lib_init_user_alloc_1               0x000021d3   Thumb Code     0  libinit2.o(.ARM.Collect$$libinit$$0000000C)
    __rt_lib_init_lc_collate_1               0x000021d9   Thumb Code     0  libinit2.o(.ARM.Collect$$libinit$$00000011)
    __rt_lib_init_lc_ctype_2                 0x000021d9   Thumb Code     0  libinit2.o(.ARM.Collect$$libinit$$00000012)
    __rt_lib_init_lc_ctype_1                 0x000021e5   Thumb Code     0  libinit2.o(.ARM.Collect$$libinit$$00000013)
    __rt_lib_init_lc_monetary_1              0x000021e5   Thumb Code     0  libinit2.o(.ARM.Collect$$libinit$$00000015)
    __rt_lib_init_lc_numeric_2               0x000021e5   Thumb Code     0  libinit2.o(.ARM.Collect$$libinit$$00000016)
    __rt_lib_init_alloca_1                   0x000021ef   Thumb Code     0  libinit2.o(.ARM.Collect$$libinit$$0000002E)
    __rt_lib_init_argv_1                     0x000021ef   Thumb Code     0  libinit2.o(.ARM.Collect$$libinit$$0000002C)
    __rt_lib_init_atexit_1                   0x000021ef   Thumb Code     0  libinit2.o(.ARM.Collect$$libinit$$0000001B)
    __rt_lib_init_clock_1                    0x000021ef   Thumb Code     0  libinit2.o(.ARM.Collect$$libinit$$00000021)
    __rt_lib_init_cpp_1                      0x000021ef   Thumb Code     0  libinit2.o(.ARM.Collect$$libinit$$00000032)
    __rt_lib_init_exceptions_1               0x000021ef   Thumb Code     0  libinit2.o(.ARM.Collect$$libinit$$00000030)
    __rt_lib_init_fp_trap_1                  0x000021ef   Thumb Code     0  libinit2.o(.ARM.Collect$$libinit$$0000001F)
    __rt_lib_init_getenv_1                   0x000021ef   Thumb Code     0  libinit2.o(.ARM.Collect$$libinit$$00000023)
    __rt_lib_init_lc_numeric_1               0x000021ef   Thumb Code     0  libinit2.o(.ARM.Collect$$libinit$$00000017)
    __rt_lib_init_lc_time_1                  0x000021ef   Thumb Code     0  libinit2.o(.ARM.Collect$$libinit$$00000019)
    __rt_lib_init_return                     0x000021ef   Thumb Code     0  libinit2.o(.ARM.Collect$$libinit$$00000033)
    __rt_lib_init_signal_1                   0x000021ef   Thumb Code     0  libinit2.o(.ARM.Collect$$libinit$$0000001D)
    __rt_lib_init_stdio_1                    0x000021ef   Thumb Code     0  libinit2.o(.ARM.Collect$$libinit$$00000025)
    __rt_lib_shutdown                        0x000021f1   Thumb Code     0  libshutdown.o(.ARM.Collect$$libshutdown$$00000000)
    __rt_lib_shutdown_cpp_1                  0x000021f3   Thumb Code     0  libshutdown2.o(.ARM.Collect$$libshutdown$$00000002)
    __rt_lib_shutdown_fp_trap_1              0x000021f3   Thumb Code     0  libshutdown2.o(.ARM.Collect$$libshutdown$$00000007)
    __rt_lib_shutdown_heap_1                 0x000021f3   Thumb Code     0  libshutdown2.o(.ARM.Collect$$libshutdown$$0000000F)
    __rt_lib_shutdown_return                 0x000021f3   Thumb Code     0  libshutdown2.o(.ARM.Collect$$libshutdown$$00000010)
    __rt_lib_shutdown_signal_1               0x000021f3   Thumb Code     0  libshutdown2.o(.ARM.Collect$$libshutdown$$0000000A)
    __rt_lib_shutdown_stdio_1                0x000021f3   Thumb Code     0  libshutdown2.o(.ARM.Collect$$libshutdown$$00000004)
    __rt_lib_shutdown_user_alloc_1           0x000021f3   Thumb Code     0  libshutdown2.o(.ARM.Collect$$libshutdown$$0000000C)
    __rt_entry                               0x000021f5   Thumb Code     0  __rtentry.o(.ARM.Collect$$rtentry$$00000000)
    __rt_entry_presh_1                       0x000021f5   Thumb Code     0  __rtentry2.o(.ARM.Collect$$rtentry$$00000002)
    __rt_entry_sh                            0x000021f5   Thumb Code     0  __rtentry4.o(.ARM.Collect$$rtentry$$00000004)
    __rt_entry_li                            0x000021fb   Thumb Code     0  __rtentry2.o(.ARM.Collect$$rtentry$$0000000A)
    __rt_entry_postsh_1                      0x000021fb   Thumb Code     0  __rtentry2.o(.ARM.Collect$$rtentry$$00000009)
    __rt_entry_main                          0x000021ff   Thumb Code     0  __rtentry2.o(.ARM.Collect$$rtentry$$0000000D)
    __rt_entry_postli_1                      0x000021ff   Thumb Code     0  __rtentry2.o(.ARM.Collect$$rtentry$$0000000C)
    __rt_exit                                0x00002207   Thumb Code     0  rtexit.o(.ARM.Collect$$rtexit$$00000000)
    __rt_exit_ls                             0x00002209   Thumb Code     0  rtexit2.o(.ARM.Collect$$rtexit$$00000003)
    __rt_exit_prels_1                        0x00002209   Thumb Code     0  rtexit2.o(.ARM.Collect$$rtexit$$00000002)
    __rt_exit_exit                           0x0000220d   Thumb Code     0  rtexit2.o(.ARM.Collect$$rtexit$$00000004)
    delay                                    0x00002215   Thumb Code    14  peripheral.o(.emb_text)
    Reset_Handler                            0x00002225   Thumb Code     8  startup_lpc17xx.o(.text)
    NMI_Handler                              0x0000222d   Thumb Code     2  startup_lpc17xx.o(.text)
    HardFault_Handler                        0x0000222f   Thumb Code     2  startup_lpc17xx.o(.text)
    MemManage_Handler                        0x00002231   Thumb Code     2  startup_lpc17xx.o(.text)
    BusFault_Handler                         0x00002233   Thumb Code     2  startup_lpc17xx.o(.text)
    UsageFault_Handler                       0x00002235   Thumb Code     2  startup_lpc17xx.o(.text)
    SVC_Handler                              0x00002237   Thumb Code     2  startup_lpc17xx.o(.text)
    DebugMon_Handler                         0x00002239   Thumb Code     2  startup_lpc17xx.o(.text)
    PendSV_Handler                           0x0000223b   Thumb Code     2  startup_lpc17xx.o(.text)
    ADC_IRQHandler                           0x0000223f   Thumb Code     0  startup_lpc17xx.o(.text)
    BOD_IRQHandler                           0x0000223f   Thumb Code     0  startup_lpc17xx.o(.text)
    CANActivity_IRQHandler                   0x0000223f   Thumb Code     0  startup_lpc17xx.o(.text)
    CAN_IRQHandler                           0x0000223f   Thumb Code     0  startup_lpc17xx.o(.text)
    DMA_IRQHandler                           0x0000223f   Thumb Code     0  startup_lpc17xx.o(.text)
    EINT0_IRQHandler                         0x0000223f   Thumb Code     0  startup_lpc17xx.o(.text)
    EINT1_IRQHandler                         0x0000223f   Thumb Code     0  startup_lpc17xx.o(.text)
    EINT2_IRQHandler                         0x0000223f   Thumb Code     0  startup_lpc17xx.o(.text)
    ENET_IRQHandler                          0x0000223f   Thumb Code     0  startup_lpc17xx.o(.text)
    I2C0_IRQHandler                          0x0000223f   Thumb Code     0  startup_lpc17xx.o(.text)
    I2C1_IRQHandler                          0x0000223f   Thumb Code     0  startup_lpc17xx.o(.text)
    I2C2_IRQHandler                          0x0000223f   Thumb Code     0  startup_lpc17xx.o(.text)
    I2S_IRQHandler                           0x0000223f   Thumb Code     0  startup_lpc17xx.o(.text)
    MCPWM_IRQHandler                         0x0000223f   Thumb Code     0  startup_lpc17xx.o(.text)
    PLL0_IRQHandler                          0x0000223f   Thumb Code     0  startup_lpc17xx.o(.text)
    PLL1_IRQHandler                          0x0000223f   Thumb Code     0  startup_lpc17xx.o(.text)
    PWM1_IRQHandler                          0x0000223f   Thumb Code     0  startup_lpc17xx.o(.text)
    RIT_IRQHandler                           0x0000223f   Thumb Code     0  startup_lpc17xx.o(.text)
    RTC_IRQHandler                           0x0000223f   Thumb Code     0  startup_lpc17xx.o(.text)
    SPI_IRQHandler                           0x0000223f   Thumb Code     0  startup_lpc17xx.o(.text)
    SSP0_IRQHandler                          0x0000223f   Thumb Code     0  startup_lpc17xx.o(.text)
    SSP1_IRQHandler                          0x0000223f   Thumb Code     0  startup_lpc17xx.o(.text)
    TIMER1_IRQHandler                        0x0000223f   Thumb Code     0  startup_lpc17xx.o(.text)
    TIMER2_IRQHandler                        0x0000223f   Thumb Code     0  startup_lpc17xx.o(.text)
    TIMER3_IRQHandler                        0x0000223f   Thumb Code     0  startup_lpc17xx.o(.text)
    UART0_IRQHandler                         0x0000223f   Thumb Code     0  startup_lpc17xx.o(.text)
    UART2_IRQHandler                         0x0000223f   Thumb Code     0  startup_lpc17xx.o(.text)
    UART3_IRQHandler                         0x0000223f   Thumb Code     0  startup_lpc17xx.o(.text)
    USBActivity_IRQHandler                   0x0000223f   Thumb Code     0  startup_lpc17xx.o(.text)
    WDT_IRQHandler                           0x0000223f   Thumb Code     0  startup_lpc17xx.o(.text)
    __user_initial_stackheap                 0x00002241   Thumb Code     0  startup_lpc17xx.o(.text)
    __aeabi_uldivmod                         0x00002265   Thumb Code     0  lludivv7m.o(.text)
    _ll_udiv                                 0x00002265   Thumb Code   238  lludivv7m.o(.text)
    vsnprintf                                0x00002355   Thumb Code    48  vsnprintf.o(.text)
    _printf_pre_padding                      0x00002389   Thumb Code    44  _printf_pad.o(.text)
    _printf_post_padding                     0x000023b5   Thumb Code    34  _printf_pad.o(.text)
    _printf_int_dec                          0x000023d9   Thumb Code   104  _printf_dec.o(.text)
    _printf_longlong_hex                     0x00002451   Thumb Code    86  _printf_hex_int_ll_ptr.o(.text)
    _printf_int_hex                          0x000024a7   Thumb Code    28  _printf_hex_int_ll_ptr.o(.text)
    _printf_ll_hex                           0x000024c3   Thumb Code    12  _printf_hex_int_ll_ptr.o(.text)
    _printf_hex_ptr                          0x000024cf   Thumb Code    18  _printf_hex_int_ll_ptr.o(.text)
    __printf                                 0x000024e5   Thumb Code   388  __printf_flags_ss_wp.o(.text)
    atoi                                     0x0000266d   Thumb Code    26  atoi.o(.text)
    strstr                                   0x00002687   Thumb Code    36  strstr.o(.text)
    strlen                                   0x000026ab   Thumb Code    62  strlen.o(.text)
    strcat                                   0x000026e9   Thumb Code    24  strcat.o(.text)
    __aeabi_memclr                           0x00002701   Thumb Code     0  rt_memclr.o(.text)
    __rt_memclr                              0x00002701   Thumb Code    68  rt_memclr.o(.text)
    _memset                                  0x00002705   Thumb Code     0  rt_memclr.o(.text)
    __aeabi_memclr4                          0x00002745   Thumb Code     0  rt_memclr_w.o(.text)
    __aeabi_memclr8                          0x00002745   Thumb Code     0  rt_memclr_w.o(.text)
    __rt_memclr_w                            0x00002745   Thumb Code    78  rt_memclr_w.o(.text)
    _memset_w                                0x00002749   Thumb Code     0  rt_memclr_w.o(.text)
    strcmp                                   0x00002795   Thumb Code   128  strcmpv7m.o(.text)
    __use_two_region_memory                  0x00002815   Thumb Code     2  heapauxi.o(.text)
    __rt_heap_escrow$2region                 0x00002817   Thumb Code     2  heapauxi.o(.text)
    __rt_heap_expand$2region                 0x00002819   Thumb Code     2  heapauxi.o(.text)
    __aeabi_errno_addr                       0x0000281d   Thumb Code     8  rt_errno_addr_intlibspace.o(.text)
    __errno$intlibspace                      0x0000281d   Thumb Code     0  rt_errno_addr_intlibspace.o(.text)
    __rt_errno_addr$intlibspace              0x0000281d   Thumb Code     0  rt_errno_addr_intlibspace.o(.text)
    _printf_truncate_signed                  0x00002825   Thumb Code    18  _printf_truncate.o(.text)
    _printf_truncate_unsigned                0x00002837   Thumb Code    18  _printf_truncate.o(.text)
    _printf_str                              0x00002849   Thumb Code    82  _printf_str.o(.text)
    _printf_int_common                       0x0000289b   Thumb Code   178  _printf_intcommon.o(.text)
    _printf_charcount                        0x0000294d   Thumb Code    40  _printf_charcount.o(.text)
    __lib_sel_fp_printf                      0x00002975   Thumb Code     2  _printf_fp_dec.o(.text)
    _printf_fp_dec_real                      0x00002b27   Thumb Code   620  _printf_fp_dec.o(.text)
    _printf_char_common                      0x00002d9f   Thumb Code    32  _printf_char_common.o(.text)
    _sputc                                   0x00002dc5   Thumb Code    10  _sputc.o(.text)
    _snputc                                  0x00002dcf   Thumb Code    16  _snputc.o(.text)
    _printf_wctomb                           0x00002de1   Thumb Code   182  _printf_wctomb.o(.text)
    _printf_longlong_dec                     0x00002e9d   Thumb Code   108  _printf_longlong_dec.o(.text)
    _printf_longlong_oct                     0x00002f19   Thumb Code    66  _printf_oct_int_ll.o(.text)
    _printf_int_oct                          0x00002f5b   Thumb Code    24  _printf_oct_int_ll.o(.text)
    _printf_ll_oct                           0x00002f73   Thumb Code    12  _printf_oct_int_ll.o(.text)
    strtol                                   0x00002f89   Thumb Code   112  strtol.o(.text)
    __user_libspace                          0x00002ff9   Thumb Code     8  libspace.o(.text)
    __user_perproc_libspace                  0x00002ff9   Thumb Code     0  libspace.o(.text)
    __user_perthread_libspace                0x00002ff9   Thumb Code     0  libspace.o(.text)
    __rt_ctype_table                         0x00003001   Thumb Code    16  rt_ctype_table.o(.text)
    __rt_locale                              0x00003011   Thumb Code     8  rt_locale_intlibspace.o(.text)
    _ll_udiv10                               0x00003019   Thumb Code   138  lludiv10.o(.text)
    _printf_fp_hex_real                      0x000030a5   Thumb Code   756  _printf_fp_hex.o(.text)
    _printf_fp_infnan                        0x000033a1   Thumb Code   112  _printf_fp_infnan.o(.text)
    _printf_cs_common                        0x00003421   Thumb Code    20  _printf_char.o(.text)
    _printf_char                             0x00003435   Thumb Code    16  _printf_char.o(.text)
    _printf_string                           0x00003445   Thumb Code     8  _printf_char.o(.text)
    _printf_lcs_common                       0x0000344d   Thumb Code    20  _printf_wchar.o(.text)
    _printf_wchar                            0x00003461   Thumb Code    16  _printf_wchar.o(.text)
    _printf_wstring                          0x00003471   Thumb Code     8  _printf_wchar.o(.text)
    _strtoul                                 0x00003479   Thumb Code   158  _strtoul.o(.text)
    _btod_etento                             0x00003519   Thumb Code   224  bigflt0.o(.text)
    _wcrtomb                                 0x000035fd   Thumb Code    64  _wcrtomb.o(.text)
    __user_setup_stackheap                   0x0000363d   Thumb Code    74  sys_stackheap_outer.o(.text)
    _chval                                   0x00003687   Thumb Code    28  _chval.o(.text)
    exit                                     0x000036a3   Thumb Code    18  exit.o(.text)
    _sys_exit                                0x000036b5   Thumb Code     8  sys_exit.o(.text)
    __I$use$semihosting                      0x000036c1   Thumb Code     0  use_no_semi.o(.text)
    __use_no_semihosting_swi                 0x000036c1   Thumb Code     2  use_no_semi.o(.text)
    __semihosting_library_function           0x000036c3   Thumb Code     0  indicate_semi.o(.text)
    _btod_d2e                                0x000036c3   Thumb Code    62  btod.o(CL$$btod_d2e)
    _d2e_denorm_low                          0x00003701   Thumb Code    70  btod.o(CL$$btod_d2e_denorm_low)
    _d2e_norm_op1                            0x00003747   Thumb Code    96  btod.o(CL$$btod_d2e_norm_op1)
    __btod_div_common                        0x000037a7   Thumb Code   696  btod.o(CL$$btod_div_common)
    _e2e                                     0x00003adf   Thumb Code   220  btod.o(CL$$btod_e2e)
    _btod_ediv                               0x00003bbb   Thumb Code    42  btod.o(CL$$btod_ediv)
    _btod_emul                               0x00003be5   Thumb Code    42  btod.o(CL$$btod_emul)
    __btod_mult_common                       0x00003c0f   Thumb Code   580  btod.o(CL$$btod_mult_common)
    Button_Events                            0x00003e53   Thumb Code    22  button.o(i.Button_Events)
    Button_Fsm                               0x00003e69   Thumb Code    68  button.o(i.Button_Fsm)
    Button_Handler                           0x00003ead   Thumb Code    76  handlers.o(i.Button_Handler)
    Button_Init                              0x00003f0d   Thumb Code    22  button.o(i.Button_Init)
    CDC_BulkIn                               0x00003f29   Thumb Code     8  cdcuser_1.o(i.CDC_BulkIn)
    CDC_BulkOut                              0x00003f35   Thumb Code    22  cdcuser_1.o(i.CDC_BulkOut)
    CDC_ClearCommFeature                     0x00003f51   Thumb Code     6  cdcuser_1.o(i.CDC_ClearCommFeature)
    CDC_GetCommFeature                       0x00003f57   Thumb Code     6  cdcuser_1.o(i.CDC_GetCommFeature)
    CDC_GetEncapsulatedResponse              0x00003f5d   Thumb Code     4  cdcuser_1.o(i.CDC_GetEncapsulatedResponse)
    CDC_GetLineCoding                        0x00003f61   Thumb Code    54  cdcuser_1.o(i.CDC_GetLineCoding)
    CDC_GetSerialState                       0x00003fa1   Thumb Code   136  cdcuser_1.o(i.CDC_GetSerialState)
    CDC_NotificationIn                       0x0000402d   Thumb Code    54  cdcuser_1.o(i.CDC_NotificationIn)
    CDC_SendBreak                            0x0000406d   Thumb Code     6  cdcuser_1.o(i.CDC_SendBreak)
    CDC_SendEncapsulatedCommand              0x00004073   Thumb Code     4  cdcuser_1.o(i.CDC_SendEncapsulatedCommand)
    CDC_SetCommFeature                       0x00004077   Thumb Code     6  cdcuser_1.o(i.CDC_SetCommFeature)
    CDC_SetControlLineState                  0x0000407d   Thumb Code     6  cdcuser_1.o(i.CDC_SetControlLineState)
    CDC_SetLineCoding                        0x00004083   Thumb Code     4  cdcuser_1.o(i.CDC_SetLineCoding)
    CDC_WrOutBuf                             0x00004089   Thumb Code    22  cdcuser_1.o(i.CDC_WrOutBuf)
    CLKPWR_ConfigPPWR                        0x000040a5   Thumb Code    46  lpc17xx_clkpwr.o(i.CLKPWR_ConfigPPWR)
    CLKPWR_GetPCLK                           0x000040dd   Thumb Code    58  lpc17xx_clkpwr.o(i.CLKPWR_GetPCLK)
    CLKPWR_GetPCLKSEL                        0x0000411d   Thumb Code    34  lpc17xx_clkpwr.o(i.CLKPWR_GetPCLKSEL)
    CLKPWR_SetPCLKDiv                        0x00004145   Thumb Code    94  lpc17xx_clkpwr.o(i.CLKPWR_SetPCLKDiv)
    Delay                                    0x000041ad   Thumb Code    16  peripheral.o(i.Delay)
    EINT3_IRQHandler                         0x000041c1   Thumb Code    50  lpc17xx_it.o(i.EINT3_IRQHandler)
    EPAdr                                    0x000041fd   Thumb Code    16  usbhw_1.o(i.EPAdr)
    EXTI_ClearEXTIFlag                       0x0000420d   Thumb Code    10  lpc17xx_exti.o(i.EXTI_ClearEXTIFlag)
    Fifo_Init                                0x0000421d   Thumb Code    46  fifo.o(i.Fifo_Init)
    Fifo_OnInactive                          0x0000424b   Thumb Code    22  fifo.o(i.Fifo_OnInactive)
    Fifo_Read                                0x00004261   Thumb Code    84  fifo.o(i.Fifo_Read)
    Fifo_Write                               0x000042b5   Thumb Code   122  fifo.o(i.Fifo_Write)
    GPIO_Init                                0x00004331   Thumb Code   250  lpc17xx_gpio.o(i.GPIO_Init)
    IO_Config                                0x00004431   Thumb Code    64  peripheral.o(i.IO_Config)
    Led_Tick                                 0x00004475   Thumb Code    30  main.o(i.Led_Tick)
    NVIC_Init                                0x0000449d   Thumb Code   114  lpc17xx_nvic.o(i.NVIC_Init)
    PWM_ChannelCmd                           0x0000451d   Thumb Code   116  lpc17xx_pwm.o(i.PWM_ChannelCmd)
    PWM_ChannelConfig                        0x000045b9   Thumb Code   120  lpc17xx_pwm.o(i.PWM_ChannelConfig)
    PWM_Cmd                                  0x00004659   Thumb Code    62  lpc17xx_pwm.o(i.PWM_Cmd)
    PWM_Config                               0x000046c1   Thumb Code   174  peripheral.o(i.PWM_Config)
    PWM_ConfigMatch                          0x00004779   Thumb Code   280  lpc17xx_pwm.o(i.PWM_ConfigMatch)
    PWM_CounterCmd                           0x000048bd   Thumb Code    62  lpc17xx_pwm.o(i.PWM_CounterCmd)
    PWM_Init                                 0x00004925   Thumb Code   150  lpc17xx_pwm.o(i.PWM_Init)
    PWM_MatchUpdate                          0x000049e5   Thumb Code   150  lpc17xx_pwm.o(i.PWM_MatchUpdate)
    PWM_ResetCounter                         0x00004aa5   Thumb Code    40  lpc17xx_pwm.o(i.PWM_ResetCounter)
    Pos_Init                                 0x00004af5   Thumb Code    90  dev.o(i.Pos_Init)
    QEI_CalculateRPM                         0x00004b5d   Thumb Code   148  lpc17xx_qei.o(i.QEI_CalculateRPM)
    QEI_Config                               0x00004bf1   Thumb Code   192  peripheral.o(i.QEI_Config)
    QEI_GetIntStatus                         0x00004cc1   Thumb Code    18  lpc17xx_qei.o(i.QEI_GetIntStatus)
    QEI_GetVelocityCap                       0x00004cd3   Thumb Code     6  lpc17xx_qei.o(i.QEI_GetVelocityCap)
    QEI_IRQHandler                           0x00004cd9   Thumb Code   204  lpc17xx_it.o(i.QEI_IRQHandler)
    QEI_Init                                 0x00004dcd   Thumb Code    40  lpc17xx_qei.o(i.QEI_Init)
    QEI_IntClear                             0x00004df5   Thumb Code     6  lpc17xx_qei.o(i.QEI_IntClear)
    QEI_IntCmd                               0x00004dfb   Thumb Code    16  lpc17xx_qei.o(i.QEI_IntCmd)
    QEI_SetMaxPosition                       0x00004e0b   Thumb Code     4  lpc17xx_qei.o(i.QEI_SetMaxPosition)
    QEI_SetPositionComp                      0x00004e0f   Thumb Code    14  lpc17xx_qei.o(i.QEI_SetPositionComp)
    QEI_SetTimerReload                       0x00004e1d   Thumb Code    62  lpc17xx_qei.o(i.QEI_SetTimerReload)
    RdCmdDat                                 0x00004e61   Thumb Code    38  usbhw_1.o(i.RdCmdDat)
    Serial_Events                            0x00004e91   Thumb Code    58  serial.o(i.Serial_Events)
    SysTick_Handler                          0x00004ecd   Thumb Code    24  lpc17xx_it.o(i.SysTick_Handler)
    SystemInit                               0x00004ee9   Thumb Code   302  system_lpc17xx.o(i.SystemInit)
    SystemTime_GetTime                       0x00005029   Thumb Code     6  sytemtime.o(i.SystemTime_GetTime)
    SystemTime_Timer                         0x00005035   Thumb Code    12  sytemtime.o(i.SystemTime_Timer)
    Systick_Config                           0x00005045   Thumb Code    80  peripheral.o(i.Systick_Config)
    TIMER0_IRQHandler                        0x0000509d   Thumb Code    50  lpc17xx_it.o(i.TIMER0_IRQHandler)
    TIM_ClearIntPending                      0x000050e9   Thumb Code     8  lpc17xx_timer.o(i.TIM_ClearIntPending)
    TIM_Cmd                                  0x000050f1   Thumb Code    24  lpc17xx_timer.o(i.TIM_Cmd)
    TIM_Config                               0x00005109   Thumb Code   128  peripheral.o(i.TIM_Config)
    TIM_ConfigMatch                          0x0000518d   Thumb Code   172  lpc17xx_timer.o(i.TIM_ConfigMatch)
    TIM_GetIntStatus                         0x00005239   Thumb Code    16  lpc17xx_timer.o(i.TIM_GetIntStatus)
    TIM_Init                                 0x00005249   Thumb Code    88  lpc17xx_timer.o(i.TIM_Init)
    Timer_Elapsed                            0x000052a1   Thumb Code    38  timer.o(i.Timer_Elapsed)
    Timer_GetTime                            0x000052c7   Thumb Code    52  timer.o(i.Timer_GetTime)
    Timer_Init                               0x000052fb   Thumb Code    10  timer.o(i.Timer_Init)
    Timer_Start                              0x00005305   Thumb Code    16  timer.o(i.Timer_Start)
    Timer_Stop                               0x00005315   Thumb Code     6  timer.o(i.Timer_Stop)
    UART1_IRQHandler                         0x0000531d   Thumb Code   164  uart_1.o(i.UART1_IRQHandler)
    UART_CheckBusy                           0x000053d5   Thumb Code    18  lpc17xx_uart.o(i.UART_CheckBusy)
    UART_Config                              0x000053e9   Thumb Code   130  peripheral.o(i.UART_Config)
    UART_FIFOConfig                          0x00005475   Thumb Code   244  lpc17xx_uart.o(i.UART_FIFOConfig)
    UART_Init                                0x0000559d   Thumb Code   490  lpc17xx_uart.o(i.UART_Init)
    UART_IntConfig                           0x000057bd   Thumb Code   250  lpc17xx_uart.o(i.UART_IntConfig)
    UART_SendByte                            0x000058ed   Thumb Code    56  lpc17xx_uart.o(i.UART_SendByte)
    UART_Trace                               0x00005959   Thumb Code    84  peripheral.o(i.UART_Trace)
    UART_TxCmd                               0x000059b5   Thumb Code   128  lpc17xx_uart.o(i.UART_TxCmd)
    USB_ClrStallEP                           0x00005a69   Thumb Code    26  usbhw_1.o(i.USB_ClrStallEP)
    USB_Config                               0x00005a89   Thumb Code    60  peripheral.o(i.USB_Config)
    USB_ConfigEP                             0x00005ac9   Thumb Code    68  usbhw_1.o(i.USB_ConfigEP)
    USB_Configure                            0x00005b15   Thumb Code    60  usbhw_1.o(i.USB_Configure)
    USB_Configure_Event                      0x00005b59   Thumb Code     2  usbuser_1.o(i.USB_Configure_Event)
    USB_Connect                              0x00005b5d   Thumb Code    28  usbhw_1.o(i.USB_Connect)
    USB_DataInStage                          0x00005b7d   Thumb Code    52  usbcore_1.o(i.USB_DataInStage)
    USB_DataOutStage                         0x00005bb5   Thumb Code    34  usbcore_1.o(i.USB_DataOutStage)
    USB_DirCtrlEP                            0x00005bdd   Thumb Code     2  usbhw_1.o(i.USB_DirCtrlEP)
    USB_DisableEP                            0x00005be1   Thumb Code    26  usbhw_1.o(i.USB_DisableEP)
    USB_Disconnect                           0x00005c05   Thumb Code    52  peripheral.o(i.USB_Disconnect)
    USB_EnableEP                             0x00005c3d   Thumb Code    26  usbhw_1.o(i.USB_EnableEP)
    USB_EndPoint0                            0x00005c5d   Thumb Code   846  usbcore_1.o(i.USB_EndPoint0)
    USB_EndPoint1                            0x00005fc9   Thumb Code    36  usbuser_1.o(i.USB_EndPoint1)
    USB_EndPoint2                            0x00005ff1   Thumb Code    30  usbuser_1.o(i.USB_EndPoint2)
    USB_IRQHandler                           0x00006011   Thumb Code   244  usbhw_1.o(i.USB_IRQHandler)
    USB_Init                                 0x00006115   Thumb Code   118  usbhw_1.o(i.USB_Init)
    USB_ReadEP                               0x000061a1   Thumb Code    94  usbhw_1.o(i.USB_ReadEP)
    USB_Receiver_Handler                     0x0000620d   Thumb Code   118  handlers.o(i.USB_Receiver_Handler)
    USB_Reset                                0x00006815   Thumb Code    76  usbhw_1.o(i.USB_Reset)
    USB_ResetCore                            0x00006869   Thumb Code    34  usbcore_1.o(i.USB_ResetCore)
    USB_ResetEP                              0x000068a5   Thumb Code    26  usbhw_1.o(i.USB_ResetEP)
    USB_Reset_Event                          0x000068c5   Thumb Code     8  usbuser_1.o(i.USB_Reset_Event)
    USB_Resume                               0x000068cd   Thumb Code     2  usbhw_1.o(i.USB_Resume)
    USB_SetAddress                           0x000068d1   Thumb Code    42  usbhw_1.o(i.USB_SetAddress)
    USB_SetStallEP                           0x00006901   Thumb Code    26  usbhw_1.o(i.USB_SetStallEP)
    USB_SetupStage                           0x00006925   Thumb Code    12  usbcore_1.o(i.USB_SetupStage)
    USB_StatusInStage                        0x00006935   Thumb Code    14  usbcore_1.o(i.USB_StatusInStage)
    USB_StatusOutStage                       0x00006945   Thumb Code    12  usbcore_1.o(i.USB_StatusOutStage)
    USB_Suspend                              0x00006955   Thumb Code     2  usbhw_1.o(i.USB_Suspend)
    USB_Trace                                0x00006959   Thumb Code    66  peripheral.o(i.USB_Trace)
    USB_WakeUpCfg                            0x00006a11   Thumb Code     2  usbhw_1.o(i.USB_WakeUpCfg)
    USB_WriteEP                              0x00006a15   Thumb Code    70  usbhw_1.o(i.USB_WriteEP)
    WrCmd                                    0x00006a69   Thumb Code    30  usbhw_1.o(i.WrCmd)
    WrCmdDat                                 0x00006a91   Thumb Code    58  usbhw_1.o(i.WrCmdDat)
    WrCmdEP                                  0x00006ad5   Thumb Code    78  usbhw_1.o(i.WrCmdEP)
    __ARM_fpclassify                         0x00006b2d   Thumb Code    40  fpclassify.o(i.__ARM_fpclassify)
    _is_digit                                0x00006b55   Thumb Code    14  __printf_wp.o(i._is_digit)
    get_build_date_time                      0x00006b6d   Thumb Code     4  build_time.o(i.get_build_date_time)
    get_version                              0x00006b75   Thumb Code     4  build_time.o(i.get_version)
    main                                     0x00006b7d   Thumb Code   380  main.o(i.main)
    _get_lc_numeric                          0x00006f9d   Thumb Code    44  lc_numeric_c.o(locale$$code)
    _get_lc_ctype                            0x00006fc9   Thumb Code    44  lc_ctype_c.o(locale$$code)
    _printf_fp_dec                           0x00006ff5   Thumb Code     4  printf1.o(x$fpl$printf1)
    _printf_fp_hex                           0x00006ff9   Thumb Code     4  printf2.o(x$fpl$printf2)
    USB_DeviceDescriptor                     0x00006ffc   Data          18  usbdesc_1.o(.constdata)
    __I$use$fp                               0x00006ffc   Number         0  usenofp.o(x$fpl$usenofp)
    USB_ConfigDescriptor                     0x0000700e   Data          68  usbdesc_1.o(.constdata)
    USB_StringDescriptor                     0x00007052   Data         104  usbdesc_1.o(.constdata)
    USB_P_EP                                 0x000070bc   Data          64  usbuser_1.o(.constdata)
    Region$$Table$$Base                      0x000071fc   Number         0  anon$$obj.o(Region$$Table)
    Region$$Table$$Limit                     0x0000721c   Number         0  anon$$obj.o(Region$$Table)
    __ctype                                  0x00007245   Data           0  lc_ctype_c.o(locale$$data)
    SystemCoreClock                          0x10000000   Data           4  system_lpc17xx.o(.data)
    VeloAcc                                  0x10000008   Data           8  main.o(.data)
    VeloCapCnt                               0x10000010   Data           4  main.o(.data)
    VeloAccFlag                              0x10000014   Data           1  main.o(.data)
    rpm                                      0x10000018   Data           4  main.o(.data)
    averageVelo                              0x1000001c   Data           4  main.o(.data)
    init                                     0x10000020   Data           1  main.o(.data)
    DelayC                                   0x10000024   Data           4  peripheral.o(.data)
    st                                       0x10000050   Data           4  sytemtime.o(.data)
    All_Packets_Sent                         0x10000054   Data           1  cdcuser_1.o(.data)
    CDC_LineCoding                           0x10000055   Data           7  cdcuser_1.o(.data)
    CDC_SerialState                          0x1000005c   Data           2  cdcuser_1.o(.data)
    CDC_DepInEmpty                           0x1000005e   Data           2  cdcuser_1.o(.data)
    USB_DeviceStatus                         0x10000060   Data           2  usbcore_1.o(.data)
    USB_DeviceAddress                        0x10000062   Data           1  usbcore_1.o(.data)
    USB_Configuration                        0x10000063   Data           1  usbcore_1.o(.data)
    USB_EndPointMask                         0x10000064   Data           4  usbcore_1.o(.data)
    USB_EndPointHalt                         0x10000068   Data           4  usbcore_1.o(.data)
    USB_EndPointStall                        0x1000006c   Data           4  usbcore_1.o(.data)
    USB_NumInterfaces                        0x10000070   Data           1  usbcore_1.o(.data)
    USB_AltSetting                           0x10000071   Data           4  usbcore_1.o(.data)
    EP0Buf                                   0x10000075   Data           8  usbcore_1.o(.data)
    EP0Data                                  0x10000080   Data           8  usbcore_1.o(.data)
    SetupPacket                              0x10000088   Data           8  usbcore_1.o(.data)
    ser_txRestart                            0x10000094   Data           4  uart_1.o(.data)
    ser_lineState                            0x10000098   Data           2  uart_1.o(.data)
    Usb                                      0x1000009c   Data        1080  main.o(.bss)
    button                                   0x100004d4   Data          20  main.o(.bss)
    Led_Tmr                                  0x100004e8   Data          12  main.o(.bss)
    Eje                                      0x100004f4   Data          56  main.o(.bss)
    UART_Buffer                              0x1000052c   Data        1000  peripheral.o(.bss)
    USB_Buffer                               0x10000914   Data        1000  peripheral.o(.bss)
    BulkBufIn                                0x10000cfc   Data          64  cdcuser_1.o(.bss)
    BulkBufOut                               0x10000d3c   Data          64  cdcuser_1.o(.bss)
    NotificationBuf                          0x10000d7c   Data          10  cdcuser_1.o(.bss)
    CDC_OutBuf                               0x10000d88   Data          72  cdcuser_1.o(.bss)
    ser_out                                  0x10000dd0   Data         136  uart_1.o(.bss)
    ser_in                                   0x10000e58   Data         136  uart_1.o(.bss)
    __libspace_start                         0x10000ee0   Data          96  libspace.o(.bss)
    __temporary_stack_top$libspace           0x10000f40   Data           0  libspace.o(.bss)



==============================================================================

Memory Map of the image

  Image Entry point : 0x000020cd

  Load Region LR_IROM1 (Base: 0x00002000, Size: 0x000053e4, Max: 0x0007e000, ABSOLUTE)

    Execution Region ER_IROM1 (Exec base: 0x00002000, Load base: 0x00002000, Size: 0x00005348, Max: 0x0007e000, ABSOLUTE)

    Exec Addr    Load Addr    Size         Type   Attr      Idx    E Section Name        Object

    0x00002000   0x00002000   0x000000cc   Data   RO            3    RESET               startup_lpc17xx.o
    0x000020cc   0x000020cc   0x00000008   Code   RO         4066  * !!!main             c_w.l(__main.o)
    0x000020d4   0x000020d4   0x00000034   Code   RO         4369    !!!scatter          c_w.l(__scatter.o)
    0x00002108   0x00002108   0x0000001a   Code   RO         4371    !!handler_copy      c_w.l(__scatter_copy.o)
    0x00002122   0x00002122   0x00000002   PAD
    0x00002124   0x00002124   0x0000001c   Code   RO         4373    !!handler_zi        c_w.l(__scatter_zi.o)
    0x00002140   0x00002140   0x00000000   Code   RO         4042    .ARM.Collect$$_printf_percent$$00000000  c_w.l(_printf_percent.o)
    0x00002140   0x00002140   0x00000006   Code   RO         4111    .ARM.Collect$$_printf_percent$$00000001  c_w.l(_printf_n.o)
    0x00002146   0x00002146   0x00000006   Code   RO         4112    .ARM.Collect$$_printf_percent$$00000002  c_w.l(_printf_p.o)
    0x0000214c   0x0000214c   0x00000006   Code   RO         4041    .ARM.Collect$$_printf_percent$$00000003  c_w.l(_printf_f.o)
    0x00002152   0x00002152   0x00000006   Code   RO         4116    .ARM.Collect$$_printf_percent$$00000004  c_w.l(_printf_e.o)
    0x00002158   0x00002158   0x00000006   Code   RO         4117    .ARM.Collect$$_printf_percent$$00000005  c_w.l(_printf_g.o)
    0x0000215e   0x0000215e   0x00000006   Code   RO         4118    .ARM.Collect$$_printf_percent$$00000006  c_w.l(_printf_a.o)
    0x00002164   0x00002164   0x0000000a   Code   RO         4123    .ARM.Collect$$_printf_percent$$00000007  c_w.l(_printf_ll.o)
    0x0000216e   0x0000216e   0x00000006   Code   RO         4114    .ARM.Collect$$_printf_percent$$00000008  c_w.l(_printf_i.o)
    0x00002174   0x00002174   0x00000006   Code   RO         4040    .ARM.Collect$$_printf_percent$$00000009  c_w.l(_printf_d.o)
    0x0000217a   0x0000217a   0x00000006   Code   RO         4115    .ARM.Collect$$_printf_percent$$0000000A  c_w.l(_printf_u.o)
    0x00002180   0x00002180   0x00000006   Code   RO         4113    .ARM.Collect$$_printf_percent$$0000000B  c_w.l(_printf_o.o)
    0x00002186   0x00002186   0x00000006   Code   RO         4039    .ARM.Collect$$_printf_percent$$0000000C  c_w.l(_printf_x.o)
    0x0000218c   0x0000218c   0x00000006   Code   RO         4120    .ARM.Collect$$_printf_percent$$0000000D  c_w.l(_printf_lli.o)
    0x00002192   0x00002192   0x00000006   Code   RO         4121    .ARM.Collect$$_printf_percent$$0000000E  c_w.l(_printf_lld.o)
    0x00002198   0x00002198   0x00000006   Code   RO         4122    .ARM.Collect$$_printf_percent$$0000000F  c_w.l(_printf_llu.o)
    0x0000219e   0x0000219e   0x00000006   Code   RO         4127    .ARM.Collect$$_printf_percent$$00000010  c_w.l(_printf_llo.o)
    0x000021a4   0x000021a4   0x00000006   Code   RO         4128    .ARM.Collect$$_printf_percent$$00000011  c_w.l(_printf_llx.o)
    0x000021aa   0x000021aa   0x0000000a   Code   RO         4124    .ARM.Collect$$_printf_percent$$00000012  c_w.l(_printf_l.o)
    0x000021b4   0x000021b4   0x00000006   Code   RO         4109    .ARM.Collect$$_printf_percent$$00000013  c_w.l(_printf_c.o)
    0x000021ba   0x000021ba   0x00000006   Code   RO         4110    .ARM.Collect$$_printf_percent$$00000014  c_w.l(_printf_s.o)
    0x000021c0   0x000021c0   0x00000006   Code   RO         4125    .ARM.Collect$$_printf_percent$$00000015  c_w.l(_printf_lc.o)
    0x000021c6   0x000021c6   0x00000006   Code   RO         4126    .ARM.Collect$$_printf_percent$$00000016  c_w.l(_printf_ls.o)
    0x000021cc   0x000021cc   0x00000004   Code   RO         4119    .ARM.Collect$$_printf_percent$$00000017  c_w.l(_printf_percent_end.o)
    0x000021d0   0x000021d0   0x00000002   Code   RO         4242    .ARM.Collect$$libinit$$00000000  c_w.l(libinit.o)
    0x000021d2   0x000021d2   0x00000000   Code   RO         4244    .ARM.Collect$$libinit$$00000002  c_w.l(libinit2.o)
    0x000021d2   0x000021d2   0x00000000   Code   RO         4246    .ARM.Collect$$libinit$$00000004  c_w.l(libinit2.o)
    0x000021d2   0x000021d2   0x00000000   Code   RO         4249    .ARM.Collect$$libinit$$0000000A  c_w.l(libinit2.o)
    0x000021d2   0x000021d2   0x00000000   Code   RO         4251    .ARM.Collect$$libinit$$0000000C  c_w.l(libinit2.o)
    0x000021d2   0x000021d2   0x00000000   Code   RO         4253    .ARM.Collect$$libinit$$0000000E  c_w.l(libinit2.o)
    0x000021d2   0x000021d2   0x00000006   Code   RO         4254    .ARM.Collect$$libinit$$0000000F  c_w.l(libinit2.o)
    0x000021d8   0x000021d8   0x00000000   Code   RO         4256    .ARM.Collect$$libinit$$00000011  c_w.l(libinit2.o)
    0x000021d8   0x000021d8   0x0000000c   Code   RO         4257    .ARM.Collect$$libinit$$00000012  c_w.l(libinit2.o)
    0x000021e4   0x000021e4   0x00000000   Code   RO         4258    .ARM.Collect$$libinit$$00000013  c_w.l(libinit2.o)
    0x000021e4   0x000021e4   0x00000000   Code   RO         4260    .ARM.Collect$$libinit$$00000015  c_w.l(libinit2.o)
    0x000021e4   0x000021e4   0x0000000a   Code   RO         4261    .ARM.Collect$$libinit$$00000016  c_w.l(libinit2.o)
    0x000021ee   0x000021ee   0x00000000   Code   RO         4262    .ARM.Collect$$libinit$$00000017  c_w.l(libinit2.o)
    0x000021ee   0x000021ee   0x00000000   Code   RO         4264    .ARM.Collect$$libinit$$00000019  c_w.l(libinit2.o)
    0x000021ee   0x000021ee   0x00000000   Code   RO         4266    .ARM.Collect$$libinit$$0000001B  c_w.l(libinit2.o)
    0x000021ee   0x000021ee   0x00000000   Code   RO         4268    .ARM.Collect$$libinit$$0000001D  c_w.l(libinit2.o)
    0x000021ee   0x000021ee   0x00000000   Code   RO         4270    .ARM.Collect$$libinit$$0000001F  c_w.l(libinit2.o)
    0x000021ee   0x000021ee   0x00000000   Code   RO         4272    .ARM.Collect$$libinit$$00000021  c_w.l(libinit2.o)
    0x000021ee   0x000021ee   0x00000000   Code   RO         4274    .ARM.Collect$$libinit$$00000023  c_w.l(libinit2.o)
    0x000021ee   0x000021ee   0x00000000   Code   RO         4276    .ARM.Collect$$libinit$$00000025  c_w.l(libinit2.o)
    0x000021ee   0x000021ee   0x00000000   Code   RO         4280    .ARM.Collect$$libinit$$0000002C  c_w.l(libinit2.o)
    0x000021ee   0x000021ee   0x00000000   Code   RO         4282    .ARM.Collect$$libinit$$0000002E  c_w.l(libinit2.o)
    0x000021ee   0x000021ee   0x00000000   Code   RO         4284    .ARM.Collect$$libinit$$00000030  c_w.l(libinit2.o)
    0x000021ee   0x000021ee   0x00000000   Code   RO         4286    .ARM.Collect$$libinit$$00000032  c_w.l(libinit2.o)
    0x000021ee   0x000021ee   0x00000002   Code   RO         4287    .ARM.Collect$$libinit$$00000033  c_w.l(libinit2.o)
    0x000021f0   0x000021f0   0x00000002   Code   RO         4334    .ARM.Collect$$libshutdown$$00000000  c_w.l(libshutdown.o)
    0x000021f2   0x000021f2   0x00000000   Code   RO         4352    .ARM.Collect$$libshutdown$$00000002  c_w.l(libshutdown2.o)
    0x000021f2   0x000021f2   0x00000000   Code   RO         4354    .ARM.Collect$$libshutdown$$00000004  c_w.l(libshutdown2.o)
    0x000021f2   0x000021f2   0x00000000   Code   RO         4357    .ARM.Collect$$libshutdown$$00000007  c_w.l(libshutdown2.o)
    0x000021f2   0x000021f2   0x00000000   Code   RO         4360    .ARM.Collect$$libshutdown$$0000000A  c_w.l(libshutdown2.o)
    0x000021f2   0x000021f2   0x00000000   Code   RO         4362    .ARM.Collect$$libshutdown$$0000000C  c_w.l(libshutdown2.o)
    0x000021f2   0x000021f2   0x00000000   Code   RO         4365    .ARM.Collect$$libshutdown$$0000000F  c_w.l(libshutdown2.o)
    0x000021f2   0x000021f2   0x00000002   Code   RO         4366    .ARM.Collect$$libshutdown$$00000010  c_w.l(libshutdown2.o)
    0x000021f4   0x000021f4   0x00000000   Code   RO         4072    .ARM.Collect$$rtentry$$00000000  c_w.l(__rtentry.o)
    0x000021f4   0x000021f4   0x00000000   Code   RO         4148    .ARM.Collect$$rtentry$$00000002  c_w.l(__rtentry2.o)
    0x000021f4   0x000021f4   0x00000006   Code   RO         4160    .ARM.Collect$$rtentry$$00000004  c_w.l(__rtentry4.o)
    0x000021fa   0x000021fa   0x00000000   Code   RO         4150    .ARM.Collect$$rtentry$$00000009  c_w.l(__rtentry2.o)
    0x000021fa   0x000021fa   0x00000004   Code   RO         4151    .ARM.Collect$$rtentry$$0000000A  c_w.l(__rtentry2.o)
    0x000021fe   0x000021fe   0x00000000   Code   RO         4153    .ARM.Collect$$rtentry$$0000000C  c_w.l(__rtentry2.o)
    0x000021fe   0x000021fe   0x00000008   Code   RO         4154    .ARM.Collect$$rtentry$$0000000D  c_w.l(__rtentry2.o)
    0x00002206   0x00002206   0x00000002   Code   RO         4288    .ARM.Collect$$rtexit$$00000000  c_w.l(rtexit.o)
    0x00002208   0x00002208   0x00000000   Code   RO         4303    .ARM.Collect$$rtexit$$00000002  c_w.l(rtexit2.o)
    0x00002208   0x00002208   0x00000004   Code   RO         4304    .ARM.Collect$$rtexit$$00000003  c_w.l(rtexit2.o)
    0x0000220c   0x0000220c   0x00000006   Code   RO         4305    .ARM.Collect$$rtexit$$00000004  c_w.l(rtexit2.o)
    0x00002212   0x00002212   0x00000002   PAD
    0x00002214   0x00002214   0x0000000e   Code   RO          314    .emb_text           peripheral.o
    0x00002222   0x00002222   0x00000002   PAD
    0x00002224   0x00002224   0x00000040   Code   RO            4    .text               startup_lpc17xx.o
    0x00002264   0x00002264   0x000000ee   Code   RO         3984    .text               c_w.l(lludivv7m.o)
    0x00002352   0x00002352   0x00000002   PAD
    0x00002354   0x00002354   0x00000034   Code   RO         3986    .text               c_w.l(vsnprintf.o)
    0x00002388   0x00002388   0x0000004e   Code   RO         3994    .text               c_w.l(_printf_pad.o)
    0x000023d6   0x000023d6   0x00000002   PAD
    0x000023d8   0x000023d8   0x00000078   Code   RO         3996    .text               c_w.l(_printf_dec.o)
    0x00002450   0x00002450   0x00000094   Code   RO         4016    .text               c_w.l(_printf_hex_int_ll_ptr.o)
    0x000024e4   0x000024e4   0x00000188   Code   RO         4036    .text               c_w.l(__printf_flags_ss_wp.o)
    0x0000266c   0x0000266c   0x0000001a   Code   RO         4043    .text               c_w.l(atoi.o)
    0x00002686   0x00002686   0x00000024   Code   RO         4048    .text               c_w.l(strstr.o)
    0x000026aa   0x000026aa   0x0000003e   Code   RO         4054    .text               c_w.l(strlen.o)
    0x000026e8   0x000026e8   0x00000018   Code   RO         4056    .text               c_w.l(strcat.o)
    0x00002700   0x00002700   0x00000044   Code   RO         4058    .text               c_w.l(rt_memclr.o)
    0x00002744   0x00002744   0x0000004e   Code   RO         4060    .text               c_w.l(rt_memclr_w.o)
    0x00002792   0x00002792   0x00000002   PAD
    0x00002794   0x00002794   0x00000080   Code   RO         4062    .text               c_w.l(strcmpv7m.o)
    0x00002814   0x00002814   0x00000006   Code   RO         4064    .text               c_w.l(heapauxi.o)
    0x0000281a   0x0000281a   0x00000002   PAD
    0x0000281c   0x0000281c   0x00000008   Code   RO         4080    .text               c_w.l(rt_errno_addr_intlibspace.o)
    0x00002824   0x00002824   0x00000024   Code   RO         4082    .text               c_w.l(_printf_truncate.o)
    0x00002848   0x00002848   0x00000052   Code   RO         4084    .text               c_w.l(_printf_str.o)
    0x0000289a   0x0000289a   0x000000b2   Code   RO         4086    .text               c_w.l(_printf_intcommon.o)
    0x0000294c   0x0000294c   0x00000028   Code   RO         4088    .text               c_w.l(_printf_charcount.o)
    0x00002974   0x00002974   0x0000041e   Code   RO         4090    .text               c_w.l(_printf_fp_dec.o)
    0x00002d92   0x00002d92   0x00000002   PAD
    0x00002d94   0x00002d94   0x00000030   Code   RO         4092    .text               c_w.l(_printf_char_common.o)
    0x00002dc4   0x00002dc4   0x0000000a   Code   RO         4094    .text               c_w.l(_sputc.o)
    0x00002dce   0x00002dce   0x00000010   Code   RO         4096    .text               c_w.l(_snputc.o)
    0x00002dde   0x00002dde   0x00000002   PAD
    0x00002de0   0x00002de0   0x000000bc   Code   RO         4098    .text               c_w.l(_printf_wctomb.o)
    0x00002e9c   0x00002e9c   0x0000007c   Code   RO         4101    .text               c_w.l(_printf_longlong_dec.o)
    0x00002f18   0x00002f18   0x00000070   Code   RO         4107    .text               c_w.l(_printf_oct_int_ll.o)
    0x00002f88   0x00002f88   0x00000070   Code   RO         4129    .text               c_w.l(strtol.o)
    0x00002ff8   0x00002ff8   0x00000008   Code   RO         4144    .text               c_w.l(libspace.o)
    0x00003000   0x00003000   0x00000010   Code   RO         4162    .text               c_w.l(rt_ctype_table.o)
    0x00003010   0x00003010   0x00000008   Code   RO         4169    .text               c_w.l(rt_locale_intlibspace.o)
    0x00003018   0x00003018   0x0000008a   Code   RO         4171    .text               c_w.l(lludiv10.o)
    0x000030a2   0x000030a2   0x00000002   PAD
    0x000030a4   0x000030a4   0x000002fc   Code   RO         4173    .text               c_w.l(_printf_fp_hex.o)
    0x000033a0   0x000033a0   0x00000080   Code   RO         4176    .text               c_w.l(_printf_fp_infnan.o)
    0x00003420   0x00003420   0x0000002c   Code   RO         4180    .text               c_w.l(_printf_char.o)
    0x0000344c   0x0000344c   0x0000002c   Code   RO         4182    .text               c_w.l(_printf_wchar.o)
    0x00003478   0x00003478   0x0000009e   Code   RO         4184    .text               c_w.l(_strtoul.o)
    0x00003516   0x00003516   0x00000002   PAD
    0x00003518   0x00003518   0x000000e4   Code   RO         4186    .text               c_w.l(bigflt0.o)
    0x000035fc   0x000035fc   0x00000040   Code   RO         4211    .text               c_w.l(_wcrtomb.o)
    0x0000363c   0x0000363c   0x0000004a   Code   RO         4224    .text               c_w.l(sys_stackheap_outer.o)
    0x00003686   0x00003686   0x0000001c   Code   RO         4226    .text               c_w.l(_chval.o)
    0x000036a2   0x000036a2   0x00000012   Code   RO         4231    .text               c_w.l(exit.o)
    0x000036b4   0x000036b4   0x0000000c   Code   RO         4300    .text               c_w.l(sys_exit.o)
    0x000036c0   0x000036c0   0x00000002   Code   RO         4321    .text               c_w.l(use_no_semi.o)
    0x000036c2   0x000036c2   0x00000000   Code   RO         4323    .text               c_w.l(indicate_semi.o)
    0x000036c2   0x000036c2   0x0000003e   Code   RO         4189    CL$$btod_d2e        c_w.l(btod.o)
    0x00003700   0x00003700   0x00000046   Code   RO         4191    CL$$btod_d2e_denorm_low  c_w.l(btod.o)
    0x00003746   0x00003746   0x00000060   Code   RO         4190    CL$$btod_d2e_norm_op1  c_w.l(btod.o)
    0x000037a6   0x000037a6   0x00000338   Code   RO         4199    CL$$btod_div_common  c_w.l(btod.o)
    0x00003ade   0x00003ade   0x000000dc   Code   RO         4196    CL$$btod_e2e        c_w.l(btod.o)
    0x00003bba   0x00003bba   0x0000002a   Code   RO         4193    CL$$btod_ediv       c_w.l(btod.o)
    0x00003be4   0x00003be4   0x0000002a   Code   RO         4192    CL$$btod_emul       c_w.l(btod.o)
    0x00003c0e   0x00003c0e   0x00000244   Code   RO         4198    CL$$btod_mult_common  c_w.l(btod.o)
    0x00003e52   0x00003e52   0x00000016   Code   RO          618    i.Button_Events     button.o
    0x00003e68   0x00003e68   0x00000044   Code   RO          619    i.Button_Fsm        button.o
    0x00003eac   0x00003eac   0x00000060   Code   RO          457    i.Button_Handler    handlers.o
    0x00003f0c   0x00003f0c   0x0000001c   Code   RO          620    i.Button_Init       button.o
    0x00003f28   0x00003f28   0x0000000c   Code   RO         3371    i.CDC_BulkIn        cdcuser_1.o
    0x00003f34   0x00003f34   0x0000001c   Code   RO         3372    i.CDC_BulkOut       cdcuser_1.o
    0x00003f50   0x00003f50   0x00000006   Code   RO         3373    i.CDC_ClearCommFeature  cdcuser_1.o
    0x00003f56   0x00003f56   0x00000006   Code   RO         3374    i.CDC_GetCommFeature  cdcuser_1.o
    0x00003f5c   0x00003f5c   0x00000004   Code   RO         3375    i.CDC_GetEncapsulatedResponse  cdcuser_1.o
    0x00003f60   0x00003f60   0x00000040   Code   RO         3376    i.CDC_GetLineCoding  cdcuser_1.o
    0x00003fa0   0x00003fa0   0x0000008c   Code   RO         3377    i.CDC_GetSerialState  cdcuser_1.o
    0x0000402c   0x0000402c   0x00000040   Code   RO         3379    i.CDC_NotificationIn  cdcuser_1.o
    0x0000406c   0x0000406c   0x00000006   Code   RO         3382    i.CDC_SendBreak     cdcuser_1.o
    0x00004072   0x00004072   0x00000004   Code   RO         3383    i.CDC_SendEncapsulatedCommand  cdcuser_1.o
    0x00004076   0x00004076   0x00000006   Code   RO         3384    i.CDC_SetCommFeature  cdcuser_1.o
    0x0000407c   0x0000407c   0x00000006   Code   RO         3385    i.CDC_SetControlLineState  cdcuser_1.o
    0x00004082   0x00004082   0x00000004   Code   RO         3386    i.CDC_SetLineCoding  cdcuser_1.o
    0x00004086   0x00004086   0x00000002   PAD
    0x00004088   0x00004088   0x0000001c   Code   RO         3387    i.CDC_WrOutBuf      cdcuser_1.o
    0x000040a4   0x000040a4   0x00000038   Code   RO         1433    i.CLKPWR_ConfigPPWR  lpc17xx_clkpwr.o
    0x000040dc   0x000040dc   0x00000040   Code   RO         1436    i.CLKPWR_GetPCLK    lpc17xx_clkpwr.o
    0x0000411c   0x0000411c   0x00000028   Code   RO         1437    i.CLKPWR_GetPCLKSEL  lpc17xx_clkpwr.o
    0x00004144   0x00004144   0x00000068   Code   RO         1439    i.CLKPWR_SetPCLKDiv  lpc17xx_clkpwr.o
    0x000041ac   0x000041ac   0x00000014   Code   RO          315    i.Delay             peripheral.o
    0x000041c0   0x000041c0   0x0000003c   Code   RO           61    i.EINT3_IRQHandler  lpc17xx_it.o
    0x000041fc   0x000041fc   0x00000010   Code   RO         3614    i.EPAdr             usbhw_1.o
    0x0000420c   0x0000420c   0x00000010   Code   RO         1704    i.EXTI_ClearEXTIFlag  lpc17xx_exti.o
    0x0000421c   0x0000421c   0x0000002e   Code   RO          726    i.Fifo_Init         fifo.o
    0x0000424a   0x0000424a   0x00000016   Code   RO          727    i.Fifo_OnInactive   fifo.o
    0x00004260   0x00004260   0x00000054   Code   RO          728    i.Fifo_Read         fifo.o
    0x000042b4   0x000042b4   0x0000007a   Code   RO          729    i.Fifo_Write        fifo.o
    0x0000432e   0x0000432e   0x00000002   PAD
    0x00004330   0x00004330   0x00000100   Code   RO         3342    i.GPIO_Init         lpc17xx_gpio.o
    0x00004430   0x00004430   0x00000044   Code   RO          316    i.IO_Config         peripheral.o
    0x00004474   0x00004474   0x00000028   Code   RO          279    i.Led_Tick          main.o
    0x0000449c   0x0000449c   0x00000080   Code   RO         2290    i.NVIC_Init         lpc17xx_nvic.o
    0x0000451c   0x0000451c   0x0000009c   Code   RO         2330    i.PWM_ChannelCmd    lpc17xx_pwm.o
    0x000045b8   0x000045b8   0x000000a0   Code   RO         2331    i.PWM_ChannelConfig  lpc17xx_pwm.o
    0x00004658   0x00004658   0x00000068   Code   RO         2333    i.PWM_Cmd           lpc17xx_pwm.o
    0x000046c0   0x000046c0   0x000000b8   Code   RO          317    i.PWM_Config        peripheral.o
    0x00004778   0x00004778   0x00000144   Code   RO         2335    i.PWM_ConfigMatch   lpc17xx_pwm.o
    0x000048bc   0x000048bc   0x00000068   Code   RO         2337    i.PWM_CounterCmd    lpc17xx_pwm.o
    0x00004924   0x00004924   0x000000c0   Code   RO         2341    i.PWM_Init          lpc17xx_pwm.o
    0x000049e4   0x000049e4   0x000000c0   Code   RO         2342    i.PWM_MatchUpdate   lpc17xx_pwm.o
    0x00004aa4   0x00004aa4   0x00000050   Code   RO         2344    i.PWM_ResetCounter  lpc17xx_pwm.o
    0x00004af4   0x00004af4   0x00000068   Code   RO          485    i.Pos_Init          dev.o
    0x00004b5c   0x00004b5c   0x00000094   Code   RO         2442    i.QEI_CalculateRPM  lpc17xx_qei.o
    0x00004bf0   0x00004bf0   0x000000d0   Code   RO          318    i.QEI_Config        peripheral.o
    0x00004cc0   0x00004cc0   0x00000012   Code   RO         2446    i.QEI_GetIntStatus  lpc17xx_qei.o
    0x00004cd2   0x00004cd2   0x00000006   Code   RO         2451    i.QEI_GetVelocityCap  lpc17xx_qei.o
    0x00004cd8   0x00004cd8   0x000000f4   Code   RO           62    i.QEI_IRQHandler    lpc17xx_it.o
    0x00004dcc   0x00004dcc   0x00000028   Code   RO         2452    i.QEI_Init          lpc17xx_qei.o
    0x00004df4   0x00004df4   0x00000006   Code   RO         2453    i.QEI_IntClear      lpc17xx_qei.o
    0x00004dfa   0x00004dfa   0x00000010   Code   RO         2454    i.QEI_IntCmd        lpc17xx_qei.o
    0x00004e0a   0x00004e0a   0x00000004   Code   RO         2459    i.QEI_SetMaxPosition  lpc17xx_qei.o
    0x00004e0e   0x00004e0e   0x0000000e   Code   RO         2460    i.QEI_SetPositionComp  lpc17xx_qei.o
    0x00004e1c   0x00004e1c   0x00000044   Code   RO         2461    i.QEI_SetTimerReload  lpc17xx_qei.o
    0x00004e60   0x00004e60   0x00000030   Code   RO         3615    i.RdCmdDat          usbhw_1.o
    0x00004e90   0x00004e90   0x0000003a   Code   RO          904    i.Serial_Events     serial.o
    0x00004eca   0x00004eca   0x00000002   PAD
    0x00004ecc   0x00004ecc   0x0000001c   Code   RO           63    i.SysTick_Handler   lpc17xx_it.o
    0x00004ee8   0x00004ee8   0x00000140   Code   RO           13    i.SystemInit        system_lpc17xx.o
    0x00005028   0x00005028   0x0000000c   Code   RO         1016    i.SystemTime_GetTime  sytemtime.o
    0x00005034   0x00005034   0x00000010   Code   RO         1018    i.SystemTime_Timer  sytemtime.o
    0x00005044   0x00005044   0x00000058   Code   RO          319    i.Systick_Config    peripheral.o
    0x0000509c   0x0000509c   0x0000004c   Code   RO           64    i.TIMER0_IRQHandler  lpc17xx_it.o
    0x000050e8   0x000050e8   0x00000008   Code   RO         2998    i.TIM_ClearIntPending  lpc17xx_timer.o
    0x000050f0   0x000050f0   0x00000018   Code   RO         2999    i.TIM_Cmd           lpc17xx_timer.o
    0x00005108   0x00005108   0x00000084   Code   RO          320    i.TIM_Config        peripheral.o
    0x0000518c   0x0000518c   0x000000ac   Code   RO         3001    i.TIM_ConfigMatch   lpc17xx_timer.o
    0x00005238   0x00005238   0x00000010   Code   RO         3004    i.TIM_GetIntStatus  lpc17xx_timer.o
    0x00005248   0x00005248   0x00000058   Code   RO         3005    i.TIM_Init          lpc17xx_timer.o
    0x000052a0   0x000052a0   0x00000026   Code   RO         1057    i.Timer_Elapsed     timer.o
    0x000052c6   0x000052c6   0x00000034   Code   RO         1060    i.Timer_GetTime     timer.o
    0x000052fa   0x000052fa   0x0000000a   Code   RO         1061    i.Timer_Init        timer.o
    0x00005304   0x00005304   0x00000010   Code   RO         1063    i.Timer_Start       timer.o
    0x00005314   0x00005314   0x00000006   Code   RO         1064    i.Timer_Stop        timer.o
    0x0000531a   0x0000531a   0x00000002   PAD
    0x0000531c   0x0000531c   0x000000b8   Code   RO         3904    i.UART1_IRQHandler  uart_1.o
    0x000053d4   0x000053d4   0x00000012   Code   RO         3085    i.UART_CheckBusy    lpc17xx_uart.o
    0x000053e6   0x000053e6   0x00000002   PAD
    0x000053e8   0x000053e8   0x0000008c   Code   RO          321    i.UART_Config       peripheral.o
    0x00005474   0x00005474   0x00000128   Code   RO         3088    i.UART_FIFOConfig   lpc17xx_uart.o
    0x0000559c   0x0000559c   0x00000220   Code   RO         3096    i.UART_Init         lpc17xx_uart.o
    0x000057bc   0x000057bc   0x00000130   Code   RO         3097    i.UART_IntConfig    lpc17xx_uart.o
    0x000058ec   0x000058ec   0x0000006c   Code   RO         3109    i.UART_SendByte     lpc17xx_uart.o
    0x00005958   0x00005958   0x0000005c   Code   RO          322    i.UART_Trace        peripheral.o
    0x000059b4   0x000059b4   0x000000b4   Code   RO         3110    i.UART_TxCmd        lpc17xx_uart.o
    0x00005a68   0x00005a68   0x00000020   Code   RO         3617    i.USB_ClrStallEP    usbhw_1.o
    0x00005a88   0x00005a88   0x00000040   Code   RO          323    i.USB_Config        peripheral.o
    0x00005ac8   0x00005ac8   0x0000004c   Code   RO         3618    i.USB_ConfigEP      usbhw_1.o
    0x00005b14   0x00005b14   0x00000044   Code   RO         3619    i.USB_Configure     usbhw_1.o
    0x00005b58   0x00005b58   0x00000002   Code   RO         3785    i.USB_Configure_Event  usbuser_1.o
    0x00005b5a   0x00005b5a   0x00000002   PAD
    0x00005b5c   0x00005b5c   0x00000020   Code   RO         3620    i.USB_Connect       usbhw_1.o
    0x00005b7c   0x00005b7c   0x00000038   Code   RO         3509    i.USB_DataInStage   usbcore_1.o
    0x00005bb4   0x00005bb4   0x00000028   Code   RO         3510    i.USB_DataOutStage  usbcore_1.o
    0x00005bdc   0x00005bdc   0x00000002   Code   RO         3621    i.USB_DirCtrlEP     usbhw_1.o
    0x00005bde   0x00005bde   0x00000002   PAD
    0x00005be0   0x00005be0   0x00000024   Code   RO         3622    i.USB_DisableEP     usbhw_1.o
    0x00005c04   0x00005c04   0x00000038   Code   RO          324    i.USB_Disconnect    peripheral.o
    0x00005c3c   0x00005c3c   0x00000020   Code   RO         3623    i.USB_EnableEP      usbhw_1.o
    0x00005c5c   0x00005c5c   0x0000036c   Code   RO         3511    i.USB_EndPoint0     usbcore_1.o
    0x00005fc8   0x00005fc8   0x00000028   Code   RO         3786    i.USB_EndPoint1     usbuser_1.o
    0x00005ff0   0x00005ff0   0x0000001e   Code   RO         3793    i.USB_EndPoint2     usbuser_1.o
    0x0000600e   0x0000600e   0x00000002   PAD
    0x00006010   0x00006010   0x00000104   Code   RO         3625    i.USB_IRQHandler    usbhw_1.o
    0x00006114   0x00006114   0x0000008c   Code   RO         3626    i.USB_Init          usbhw_1.o
    0x000061a0   0x000061a0   0x0000006c   Code   RO         3627    i.USB_ReadEP        usbhw_1.o
    0x0000620c   0x0000620c   0x0000008c   Code   RO          458    i.USB_Receiver_Handler  handlers.o
    0x00006298   0x00006298   0x000000b8   Code   RO         3512    i.USB_ReqGetDescriptor  usbcore_1.o
    0x00006350   0x00006350   0x000000d4   Code   RO         3513    i.USB_ReqGetStatus  usbcore_1.o
    0x00006424   0x00006424   0x000000ec   Code   RO         3514    i.USB_ReqSetClrFeature  usbcore_1.o
    0x00006510   0x00006510   0x000001c0   Code   RO         3515    i.USB_ReqSetConfiguration  usbcore_1.o
    0x000066d0   0x000066d0   0x00000144   Code   RO         3516    i.USB_ReqSetInterface  usbcore_1.o
    0x00006814   0x00006814   0x00000054   Code   RO         3628    i.USB_Reset         usbhw_1.o
    0x00006868   0x00006868   0x0000003c   Code   RO         3517    i.USB_ResetCore     usbcore_1.o
    0x000068a4   0x000068a4   0x00000020   Code   RO         3629    i.USB_ResetEP       usbhw_1.o
    0x000068c4   0x000068c4   0x00000008   Code   RO         3801    i.USB_Reset_Event   usbuser_1.o
    0x000068cc   0x000068cc   0x00000002   Code   RO         3630    i.USB_Resume        usbhw_1.o
    0x000068ce   0x000068ce   0x00000002   PAD
    0x000068d0   0x000068d0   0x00000030   Code   RO         3631    i.USB_SetAddress    usbhw_1.o
    0x00006900   0x00006900   0x00000024   Code   RO         3632    i.USB_SetStallEP    usbhw_1.o
    0x00006924   0x00006924   0x00000010   Code   RO         3518    i.USB_SetupStage    usbcore_1.o
    0x00006934   0x00006934   0x0000000e   Code   RO         3519    i.USB_StatusInStage  usbcore_1.o
    0x00006942   0x00006942   0x00000002   PAD
    0x00006944   0x00006944   0x00000010   Code   RO         3520    i.USB_StatusOutStage  usbcore_1.o
    0x00006954   0x00006954   0x00000002   Code   RO         3633    i.USB_Suspend       usbhw_1.o
    0x00006956   0x00006956   0x00000002   PAD
    0x00006958   0x00006958   0x0000004c   Code   RO          326    i.USB_Trace         peripheral.o
    0x000069a4   0x000069a4   0x0000006c   Code   RO          327    i.USB_Transmit      peripheral.o
    0x00006a10   0x00006a10   0x00000002   Code   RO         3635    i.USB_WakeUpCfg     usbhw_1.o
    0x00006a12   0x00006a12   0x00000002   PAD
    0x00006a14   0x00006a14   0x00000054   Code   RO         3636    i.USB_WriteEP       usbhw_1.o
    0x00006a68   0x00006a68   0x00000028   Code   RO         3637    i.WrCmd             usbhw_1.o
    0x00006a90   0x00006a90   0x00000044   Code   RO         3638    i.WrCmdDat          usbhw_1.o
    0x00006ad4   0x00006ad4   0x00000058   Code   RO         3639    i.WrCmdEP           usbhw_1.o
    0x00006b2c   0x00006b2c   0x00000028   Code   RO         4222    i.__ARM_fpclassify  m_ws.l(fpclassify.o)
    0x00006b54   0x00006b54   0x0000000e   Code   RO         4029    i._is_digit         c_w.l(__printf_wp.o)
    0x00006b62   0x00006b62   0x00000004   Code   RO         2345    i.check_failed      lpc17xx_pwm.o
    0x00006b66   0x00006b66   0x00000004   Code   RO         3111    i.check_failed      lpc17xx_uart.o
    0x00006b6a   0x00006b6a   0x00000002   PAD
    0x00006b6c   0x00006b6c   0x00000008   Code   RO          515    i.get_build_date_time  build_time.o
    0x00006b74   0x00006b74   0x00000008   Code   RO          517    i.get_version       build_time.o
    0x00006b7c   0x00006b7c   0x00000240   Code   RO          280    i.main              main.o
    0x00006dbc   0x00006dbc   0x000001e0   Code   RO         3112    i.uart_set_divisors  lpc17xx_uart.o
    0x00006f9c   0x00006f9c   0x0000002c   Code   RO         4214    locale$$code        c_w.l(lc_numeric_c.o)
    0x00006fc8   0x00006fc8   0x0000002c   Code   RO         4229    locale$$code        c_w.l(lc_ctype_c.o)
    0x00006ff4   0x00006ff4   0x00000004   Code   RO         4070    x$fpl$printf1       fz_ws.l(printf1.o)
    0x00006ff8   0x00006ff8   0x00000004   Code   RO         4137    x$fpl$printf2       fz_ws.l(printf2.o)
    0x00006ffc   0x00006ffc   0x00000000   Code   RO         4143    x$fpl$usenofp       fz_ws.l(usenofp.o)
    0x00006ffc   0x00006ffc   0x000000be   Data   RO         3600    .constdata          usbdesc_1.o
    0x000070ba   0x000070ba   0x00000002   PAD
    0x000070bc   0x000070bc   0x00000040   Data   RO         3802    .constdata          usbuser_1.o
    0x000070fc   0x000070fc   0x00000028   Data   RO         4017    .constdata          c_w.l(_printf_hex_int_ll_ptr.o)
    0x00007124   0x00007124   0x00000011   Data   RO         4037    .constdata          c_w.l(__printf_flags_ss_wp.o)
    0x00007135   0x00007135   0x00000003   PAD
    0x00007138   0x00007138   0x00000008   Data   RO         4099    .constdata          c_w.l(_printf_wctomb.o)
    0x00007140   0x00007140   0x00000026   Data   RO         4174    .constdata          c_w.l(_printf_fp_hex.o)
    0x00007166   0x00007166   0x00000002   PAD
    0x00007168   0x00007168   0x00000094   Data   RO         4187    .constdata          c_w.l(bigflt0.o)
    0x000071fc   0x000071fc   0x00000020   Data   RO         4367    Region$$Table       anon$$obj.o
    0x0000721c   0x0000721c   0x0000001c   Data   RO         4213    locale$$data        c_w.l(lc_numeric_c.o)
    0x00007238   0x00007238   0x00000110   Data   RO         4228    locale$$data        c_w.l(lc_ctype_c.o)


    Execution Region RW_IRAM1 (Exec base: 0x10000000, Load base: 0x00007348, Size: 0x00001540, Max: 0x00008000, ABSOLUTE)

    Exec Addr    Load Addr    Size         Type   Attr      Idx    E Section Name        Object

    0x10000000   0x00007348   0x00000004   Data   RW           14    .data               system_lpc17xx.o
    0x10000004   0x0000734c   0x00000004   PAD
    0x10000008   0x00007350   0x00000019   Data   RW          282    .data               main.o
    0x10000021   0x00007369   0x00000003   PAD
    0x10000024   0x0000736c   0x00000004   Data   RW          329    .data               peripheral.o
    0x10000028   0x00007370   0x00000025   Data   RW          518    .data               build_time.o
    0x1000004d   0x00007395   0x00000003   PAD
    0x10000050   0x00007398   0x00000004   Data   RW         1020    .data               sytemtime.o
    0x10000054   0x0000739c   0x0000000c   Data   RW         3389    .data               cdcuser_1.o
    0x10000060   0x000073a8   0x00000030   Data   RW         3521    .data               usbcore_1.o
    0x10000090   0x000073d8   0x00000002   Data   RW         3803    .data               usbuser_1.o
    0x10000092   0x000073da   0x00000002   PAD
    0x10000094   0x000073dc   0x00000006   Data   RW         3914    .data               uart_1.o
    0x1000009a   0x000073e2   0x00000002   PAD
    0x1000009c        -       0x00000490   Zero   RW          281    .bss                main.o
    0x1000052c        -       0x000007d0   Zero   RW          328    .bss                peripheral.o
    0x10000cfc        -       0x000000d4   Zero   RW         3388    .bss                cdcuser_1.o
    0x10000dd0        -       0x00000110   Zero   RW         3913    .bss                uart_1.o
    0x10000ee0        -       0x00000060   Zero   RW         4145    .bss                c_w.l(libspace.o)
    0x10000f40        -       0x00000200   Zero   RW            2    HEAP                startup_lpc17xx.o
    0x10001140        -       0x00000400   Zero   RW            1    STACK               startup_lpc17xx.o


==============================================================================

Image component sizes


      Code (inc. data)   RO Data    RW Data    ZI Data      Debug   Object Name

         0          0          0          0          0       2020   bool.o
        16          8          0         37          0       1350   build_time.o
       118          6          0          0          0       1931   button.o
       378         40          0         12        212      17522   cdcuser_1.o
       104         14          0          0          0        415   dev.o
       274          0          0          0          0       2895   fifo.o
       236         42          0          0          0       1068   handlers.o
         0          0          0          0          0       1356   lpc17xx_adc.o
       264         32          0          0          0       3645   lpc17xx_clkpwr.o
        16          6          0          0          0       1169   lpc17xx_exti.o
       256          6          0          0          0       2408   lpc17xx_gpio.o
       408         80          0          0          0      29866   lpc17xx_it.o
       128         14          0          0          0       1400   lpc17xx_nvic.o
      1316        340          0          0          0       9546   lpc17xx_pwm.o
       320          6          0          0          0      12170   lpc17xx_qei.o
       308          0          0          0          0       7576   lpc17xx_timer.o
      1934        288          0          0          0      16617   lpc17xx_uart.o
       616        206          0         25       1168      25687   main.o
      1250         86          0          4       2000      32015   peripheral.o
        58          0          0          0          0        896   serial.o
        64         26        204          0       1536        772   startup_lpc17xx.o
       320         18          0          4          0      21915   system_lpc17xx.o
        28         10          0          4          0       1065   sytemtime.o
       122          0          0          0          0       2900   timer.o
       184         20          0          6        272       1872   uart_1.o
      2482        234          0         48          0       9602   usbcore_1.o
         0          0        190          0          0        737   usbdesc_1.o
      1336        178          0          0          0      12003   usbhw_1.o
        80          4         64          2          0       2583   usbuser_1.o

    ----------------------------------------------------------------------
     12644       1664        492        156       5188     225001   Object Totals
         0          0         32          0          0          0   (incl. Generated)
        28          0          2         14          0          0   (incl. Padding)

    ----------------------------------------------------------------------

      Code (inc. data)   RO Data    RW Data    ZI Data      Debug   Library Member Name

         8          0          0          0          0         68   __main.o
       392          4         17          0          0         92   __printf_flags_ss_wp.o
        14          0          0          0          0         68   __printf_wp.o
         0          0          0          0          0          0   __rtentry.o
        12          0          0          0          0          0   __rtentry2.o
         6          0          0          0          0          0   __rtentry4.o
        52          8          0          0          0          0   __scatter.o
        26          0          0          0          0          0   __scatter_copy.o
        28          0          0          0          0          0   __scatter_zi.o
        28          0          0          0          0         68   _chval.o
         6          0          0          0          0          0   _printf_a.o
         6          0          0          0          0          0   _printf_c.o
        44          0          0          0          0        108   _printf_char.o
        48          6          0          0          0         96   _printf_char_common.o
        40          0          0          0          0         68   _printf_charcount.o
         6          0          0          0          0          0   _printf_d.o
       120         16          0          0          0         92   _printf_dec.o
         6          0          0          0          0          0   _printf_e.o
         6          0          0          0          0          0   _printf_f.o
      1054          0          0          0          0        216   _printf_fp_dec.o
       764          8         38          0          0        100   _printf_fp_hex.o
       128         16          0          0          0         84   _printf_fp_infnan.o
         6          0          0          0          0          0   _printf_g.o
       148          4         40          0          0        160   _printf_hex_int_ll_ptr.o
         6          0          0          0          0          0   _printf_i.o
       178          0          0          0          0         88   _printf_intcommon.o
        10          0          0          0          0          0   _printf_l.o
         6          0          0          0          0          0   _printf_lc.o
        10          0          0          0          0          0   _printf_ll.o
         6          0          0          0          0          0   _printf_lld.o
         6          0          0          0          0          0   _printf_lli.o
         6          0          0          0          0          0   _printf_llo.o
         6          0          0          0          0          0   _printf_llu.o
         6          0          0          0          0          0   _printf_llx.o
       124         16          0          0          0         92   _printf_longlong_dec.o
         6          0          0          0          0          0   _printf_ls.o
         6          0          0          0          0          0   _printf_n.o
         6          0          0          0          0          0   _printf_o.o
       112         10          0          0          0        124   _printf_oct_int_ll.o
         6          0          0          0          0          0   _printf_p.o
        78          0          0          0          0        108   _printf_pad.o
         0          0          0          0          0          0   _printf_percent.o
         4          0          0          0          0          0   _printf_percent_end.o
         6          0          0          0          0          0   _printf_s.o
        82          0          0          0          0         80   _printf_str.o
        36          0          0          0          0         84   _printf_truncate.o
         6          0          0          0          0          0   _printf_u.o
        44          0          0          0          0        108   _printf_wchar.o
       188          6          8          0          0         92   _printf_wctomb.o
         6          0          0          0          0          0   _printf_x.o
        16          0          0          0          0         68   _snputc.o
        10          0          0          0          0         68   _sputc.o
       158          0          0          0          0         92   _strtoul.o
        64          0          0          0          0         92   _wcrtomb.o
        26          0          0          0          0         80   atoi.o
       228          4        148          0          0         96   bigflt0.o
      1936        128          0          0          0        672   btod.o
        18          0          0          0          0         80   exit.o
         6          0          0          0          0        152   heapauxi.o
         0          0          0          0          0          0   indicate_semi.o
        44         10        272          0          0         76   lc_ctype_c.o
        44         10         28          0          0         76   lc_numeric_c.o
         2          0          0          0          0          0   libinit.o
        30          0          0          0          0          0   libinit2.o
         2          0          0          0          0          0   libshutdown.o
         2          0          0          0          0          0   libshutdown2.o
         8          4          0          0         96         68   libspace.o
       138          0          0          0          0         80   lludiv10.o
       238          0          0          0          0        100   lludivv7m.o
        16          4          0          0          0         76   rt_ctype_table.o
         8          4          0          0          0         68   rt_errno_addr_intlibspace.o
         8          4          0          0          0         68   rt_locale_intlibspace.o
        68          0          0          0          0         68   rt_memclr.o
        78          0          0          0          0         80   rt_memclr_w.o
         2          0          0          0          0          0   rtexit.o
        10          0          0          0          0          0   rtexit2.o
        24          0          0          0          0         68   strcat.o
       128          0          0          0          0         68   strcmpv7m.o
        62          0          0          0          0         76   strlen.o
        36          0          0          0          0         80   strstr.o
       112          0          0          0          0         88   strtol.o
        12          4          0          0          0         68   sys_exit.o
        74          0          0          0          0         80   sys_stackheap_outer.o
         2          0          0          0          0         68   use_no_semi.o
        52          4          0          0          0         80   vsnprintf.o
         4          0          0          0          0         68   printf1.o
         4          0          0          0          0         68   printf2.o
         0          0          0          0          0          0   usenofp.o
        40          0          0          0          0         68   fpclassify.o

    ----------------------------------------------------------------------
      7628        270        556          0         96       5036   Library Totals
        20          0          5          0          0          0   (incl. Padding)

    ----------------------------------------------------------------------

      Code (inc. data)   RO Data    RW Data    ZI Data      Debug   Library Name

      7560        270        551          0         96       4832   c_w.l
         8          0          0          0          0        136   fz_ws.l
        40          0          0          0          0         68   m_ws.l

    ----------------------------------------------------------------------
      7628        270        556          0         96       5036   Library Totals

    ----------------------------------------------------------------------

==============================================================================


      Code (inc. data)   RO Data    RW Data    ZI Data      Debug   

     20272       1934       1048        156       5284     220621   Grand Totals
     20272       1934       1048        156       5284     220621   ELF Image Totals
     20272       1934       1048        156          0          0   ROM Totals

==============================================================================

    Total RO  Size (Code + RO Data)                21320 (  20.82kB)
    Total RW  Size (RW Data + ZI Data)              5440 (   5.31kB)
    Total ROM Size (Code + RO Data + RW Data)      21476 (  20.97kB)

==============================================================================

