Component: ARM Compiler 5.06 update 6 (build 750) Tool: armlink [4d35ed]

==============================================================================

Section Cross References

    startup_lpc17xx.o(STACK) refers (Special) to heapauxi.o(.text) for __use_two_region_memory
    startup_lpc17xx.o(HEAP) refers (Special) to heapauxi.o(.text) for __use_two_region_memory
    startup_lpc17xx.o(RESET) refers (Special) to heapauxi.o(.text) for __use_two_region_memory
    startup_lpc17xx.o(RESET) refers to startup_lpc17xx.o(STACK) for __initial_sp
    startup_lpc17xx.o(RESET) refers to startup_lpc17xx.o(.text) for Reset_Handler
    startup_lpc17xx.o(RESET) refers to lpc17xx_it.o(i.SysTick_Handler) for SysTick_Handler
    startup_lpc17xx.o(RESET) refers to lpc17xx_it.o(i.TIMER0_IRQHandler) for TIMER0_IRQHandler
    startup_lpc17xx.o(RESET) refers to lpc17xx_it.o(i.UART0_IRQHandler) for UART0_IRQHandler
    startup_lpc17xx.o(RESET) refers to uart.o(i.UART1_IRQHandler) for UART1_IRQHandler
    startup_lpc17xx.o(RESET) refers to lpc17xx_it.o(i.PWM1_IRQHandler) for PWM1_IRQHandler
    startup_lpc17xx.o(RESET) refers to lpc17xx_it.o(i.EINT3_IRQHandler) for EINT3_IRQHandler
    startup_lpc17xx.o(RESET) refers to usbhw.o(i.USB_IRQHandler) for USB_IRQHandler
    startup_lpc17xx.o(.text) refers (Special) to heapauxi.o(.text) for __use_two_region_memory
    startup_lpc17xx.o(.text) refers to system_lpc17xx.o(i.SystemInit) for SystemInit
    startup_lpc17xx.o(.text) refers to __main.o(!!!main) for __main
    startup_lpc17xx.o(.text) refers to startup_lpc17xx.o(HEAP) for Heap_Mem
    startup_lpc17xx.o(.text) refers to startup_lpc17xx.o(STACK) for Stack_Mem
    system_lpc17xx.o(i.SystemCoreClockUpdate) refers to lludivv7m.o(.text) for __aeabi_uldivmod
    system_lpc17xx.o(i.SystemCoreClockUpdate) refers to system_lpc17xx.o(.data) for SystemCoreClock
    lpc17xx_it.o(i.EINT3_IRQHandler) refers to lpc17xx_exti.o(i.EXTI_ClearEXTIFlag) for EXTI_ClearEXTIFlag
    lpc17xx_it.o(i.PWM1_IRQHandler) refers to lpc17xx_pwm.o(i.PWM_GetIntStatus) for PWM_GetIntStatus
    lpc17xx_it.o(i.PWM1_IRQHandler) refers to lpc17xx_pwm.o(i.PWM_ClearIntPending) for PWM_ClearIntPending
    lpc17xx_it.o(i.PWM1_IRQHandler) refers to lpc17xx_it.o(.data) for MR0
    lpc17xx_it.o(i.SysTick_Handler) refers to sytemtime.o(i.SystemTime_Timer) for SystemTime_Timer
    lpc17xx_it.o(i.SysTick_Handler) refers to peripheral.o(.data) for DelayC
    lpc17xx_it.o(i.TIMER0_IRQHandler) refers to lpc17xx_timer.o(i.TIM_GetIntStatus) for TIM_GetIntStatus
    lpc17xx_it.o(i.TIMER0_IRQHandler) refers to lpc17xx_timer.o(i.TIM_ClearIntPending) for TIM_ClearIntPending
    lpc17xx_it.o(i.UART0_IRQHandler) refers to lpc17xx_uart.o(i.UART_GetIntId) for UART_GetIntId
    lpc17xx_it.o(i.UART0_IRQHandler) refers to lpc17xx_uart.o(i.UART_GetLineStatus) for UART_GetLineStatus
    main.o(i.main) refers to user.o(i.Config) for Config
    main.o(i.main) refers to user.o(i.Variables) for Variables
    main.o(i.main) refers to user.o(i.Loop) for Loop
    peripheral.o(i.ADC_Config) refers to lpc17xx_clkpwr.o(i.CLKPWR_ConfigPPWR) for CLKPWR_ConfigPPWR
    peripheral.o(i.ADC_Config) refers to lpc17xx_clkpwr.o(i.CLKPWR_SetPCLKDiv) for CLKPWR_SetPCLKDiv
    peripheral.o(i.ADC_Config) refers to lpc17xx_gpio.o(i.GPIO_Init) for GPIO_Init
    peripheral.o(i.ADC_Config) refers to lpc17xx_adc.o(i.ADC_Init) for ADC_Init
    peripheral.o(i.ADC_Config) refers to lpc17xx_adc.o(i.ADC_ChannelCmd) for ADC_ChannelCmd
    peripheral.o(i.Delay) refers to peripheral.o(.data) for DelayC
    peripheral.o(i.IO_Config) refers to lpc17xx_gpio.o(i.GPIO_Init) for GPIO_Init
    peripheral.o(i.IO_Config) refers to lpc17xx_nvic.o(i.NVIC_Init) for NVIC_Init
    peripheral.o(i.IWDT_Config) refers to lpc17xx_wdt.o(i.WDT_Init) for WDT_Init
    peripheral.o(i.PWM_Config) refers to lpc17xx_clkpwr.o(i.CLKPWR_ConfigPPWR) for CLKPWR_ConfigPPWR
    peripheral.o(i.PWM_Config) refers to lpc17xx_clkpwr.o(i.CLKPWR_SetPCLKDiv) for CLKPWR_SetPCLKDiv
    peripheral.o(i.PWM_Config) refers to lpc17xx_gpio.o(i.GPIO_Init) for GPIO_Init
    peripheral.o(i.PWM_Config) refers to lpc17xx_pwm.o(i.PWM_Init) for PWM_Init
    peripheral.o(i.PWM_Config) refers to lpc17xx_pwm.o(i.PWM_MatchUpdate) for PWM_MatchUpdate
    peripheral.o(i.PWM_Config) refers to lpc17xx_pwm.o(i.PWM_ConfigMatch) for PWM_ConfigMatch
    peripheral.o(i.PWM_Config) refers to lpc17xx_pwm.o(i.PWM_ChannelConfig) for PWM_ChannelConfig
    peripheral.o(i.PWM_Config) refers to lpc17xx_pwm.o(i.PWM_ChannelCmd) for PWM_ChannelCmd
    peripheral.o(i.PWM_Config) refers to lpc17xx_pwm.o(i.PWM_ResetCounter) for PWM_ResetCounter
    peripheral.o(i.PWM_Config) refers to lpc17xx_pwm.o(i.PWM_CounterCmd) for PWM_CounterCmd
    peripheral.o(i.PWM_Config) refers to lpc17xx_pwm.o(i.PWM_Cmd) for PWM_Cmd
    peripheral.o(i.PWM_Config) refers to lpc17xx_nvic.o(i.NVIC_Init) for NVIC_Init
    peripheral.o(i.PWM_Config) refers to lpc17xx_it.o(.data) for MR0
[...]
    i.USB_EndPoint0                          0x00005328   Section        0  usbcore.o(i.USB_EndPoint0)
    i.USB_EndPoint1                          0x00005694   Section        0  usbuser.o(i.USB_EndPoint1)
    i.USB_EndPoint2                          0x000056bc   Section        0  usbuser.o(i.USB_EndPoint2)
    i.USB_Event                              0x000056dc   Section        0  dev.o(i.USB_Event)
    i.USB_Handler_Init                       0x000056ec   Section        0  dev.o(i.USB_Handler_Init)
    i.USB_IRQHandler                         0x00005708   Section        0  usbhw.o(i.USB_IRQHandler)
    i.USB_Init                               0x0000580c   Section        0  usbhw.o(i.USB_Init)
    i.USB_ReadEP                             0x00005898   Section        0  usbhw.o(i.USB_ReadEP)
    i.USB_Receiver_Handler                   0x00005904   Section        0  handlers.o(i.USB_Receiver_Handler)
    i.USB_ReqGetDescriptor                   0x000059b8   Section        0  usbcore.o(i.USB_ReqGetDescriptor)
    USB_ReqGetDescriptor                     0x000059b9   Thumb Code   164  usbcore.o(i.USB_ReqGetDescriptor)
    i.USB_ReqGetStatus                       0x00005a70   Section        0  usbcore.o(i.USB_ReqGetStatus)
    USB_ReqGetStatus                         0x00005a71   Thumb Code   180  usbcore.o(i.USB_ReqGetStatus)
    i.USB_ReqSetClrFeature                   0x00005b44   Section        0  usbcore.o(i.USB_ReqSetClrFeature)
    USB_ReqSetClrFeature                     0x00005b45   Thumb Code   210  usbcore.o(i.USB_ReqSetClrFeature)
    i.USB_ReqSetConfiguration                0x00005c30   Section        0  usbcore.o(i.USB_ReqSetConfiguration)
    USB_ReqSetConfiguration                  0x00005c31   Thumb Code   412  usbcore.o(i.USB_ReqSetConfiguration)
    i.USB_ReqSetInterface                    0x00005df0   Section        0  usbcore.o(i.USB_ReqSetInterface)
    USB_ReqSetInterface                      0x00005df1   Thumb Code   298  usbcore.o(i.USB_ReqSetInterface)
    i.USB_Reset                              0x00005f34   Section        0  usbhw.o(i.USB_Reset)
    i.USB_ResetCore                          0x00005f88   Section        0  usbcore.o(i.USB_ResetCore)
    i.USB_ResetEP                            0x00005fc4   Section        0  usbhw.o(i.USB_ResetEP)
    i.USB_Reset_Event                        0x00005fe4   Section        0  usbuser.o(i.USB_Reset_Event)
    i.USB_Resume                             0x00005fec   Section        0  usbhw.o(i.USB_Resume)
    i.USB_SetAddress                         0x00005ff0   Section        0  usbhw.o(i.USB_SetAddress)
    i.USB_SetStallEP                         0x00006020   Section        0  usbhw.o(i.USB_SetStallEP)
    i.USB_SetupStage                         0x00006044   Section        0  usbcore.o(i.USB_SetupStage)
    i.USB_StatusInStage                      0x00006054   Section        0  usbcore.o(i.USB_StatusInStage)
    i.USB_StatusOutStage                     0x00006064   Section        0  usbcore.o(i.USB_StatusOutStage)
    i.USB_Suspend                            0x00006074   Section        0  usbhw.o(i.USB_Suspend)
    i.USB_Trace                              0x00006078   Section        0  peripheral.o(i.USB_Trace)
    i.USB_Transmit                           0x000060c4   Section        0  peripheral.o(i.USB_Transmit)
    USB_Transmit                             0x000060c5   Thumb Code   104  peripheral.o(i.USB_Transmit)
    i.USB_WakeUpCfg                          0x00006130   Section        0  usbhw.o(i.USB_WakeUpCfg)
    i.USB_WriteEP                            0x00006134   Section        0  usbhw.o(i.USB_WriteEP)
    i.Variables                              0x00006188   Section        0  user.o(i.Variables)
    i.WrCmd                                  0x00006194   Section        0  usbhw.o(i.WrCmd)
    i.WrCmdDat                               0x000061bc   Section        0  usbhw.o(i.WrCmdDat)
    i.WrCmdEP                                0x00006200   Section        0  usbhw.o(i.WrCmdEP)
    i.__ARM_fpclassify                       0x00006258   Section        0  fpclassify.o(i.__ARM_fpclassify)
    i._is_digit                              0x00006280   Section        0  __printf_wp.o(i._is_digit)
    i.check_failed                           0x0000628e   Section        0  lpc17xx_pwm.o(i.check_failed)
    check_failed                             0x0000628f   Thumb Code     4  lpc17xx_pwm.o(i.check_failed)
    i.check_failed                           0x00006292   Section        0  lpc17xx_uart.o(i.check_failed)
    check_failed                             0x00006293   Thumb Code     4  lpc17xx_uart.o(i.check_failed)
    i.main                                   0x00006296   Section        0  main.o(i.main)
    locale$$code                             0x000062a8   Section       44  lc_numeric_c.o(locale$$code)
    locale$$code                             0x000062d4   Section       44  lc_ctype_c.o(locale$$code)
    x$fpl$dretinf                            0x00006300   Section       12  dretinf.o(x$fpl$dretinf)
    x$fpl$f2d                                0x0000630c   Section       86  f2d.o(x$fpl$f2d)
    x$fpl$ffltu                              0x00006364   Section       38  fflt_clz.o(x$fpl$ffltu)
    x$fpl$fnaninf                            0x0000638a   Section      140  fnaninf.o(x$fpl$fnaninf)
    x$fpl$printf1                            0x00006416   Section        4  printf1.o(x$fpl$printf1)
    x$fpl$printf2                            0x0000641a   Section        4  printf2.o(x$fpl$printf2)
    .constdata                               0x0000641e   Section      190  usbdesc.o(.constdata)
    x$fpl$usenofp                            0x0000641e   Section        0  usenofp.o(x$fpl$usenofp)
    .constdata                               0x000064dc   Section       64  usbuser.o(.constdata)
    .constdata                               0x0000651c   Section       40  _printf_hex_int_ll_ptr.o(.constdata)
    uc_hextab                                0x0000651c   Data          20  _printf_hex_int_ll_ptr.o(.constdata)
    lc_hextab                                0x00006530   Data          20  _printf_hex_int_ll_ptr.o(.constdata)
    .constdata                               0x00006544   Section       17  __printf_flags_ss_wp.o(.constdata)
    maptable                                 0x00006544   Data          17  __printf_flags_ss_wp.o(.constdata)
    .constdata                               0x00006558   Section        8  _printf_wctomb.o(.constdata)
    initial_mbstate                          0x00006558   Data           8  _printf_wctomb.o(.constdata)
    .constdata                               0x00006560   Section       38  _printf_fp_hex.o(.constdata)
    lc_hextab                                0x00006560   Data          19  _printf_fp_hex.o(.constdata)
    uc_hextab                                0x00006573   Data          19  _printf_fp_hex.o(.constdata)
    .constdata                               0x00006588   Section      148  bigflt0.o(.constdata)
    tenpwrs_x                                0x00006588   Data          60  bigflt0.o(.constdata)
    tenpwrs_i                                0x000065c4   Data          64  bigflt0.o(.constdata)
    locale$$data                             0x0000663c   Section       28  lc_numeric_c.o(locale$$data)
    __lcnum_c_name                           0x00006640   Data           2  lc_numeric_c.o(locale$$data)
    __lcnum_c_start                          0x00006648   Data           0  lc_numeric_c.o(locale$$data)
    __lcnum_c_point                          0x00006654   Data           0  lc_numeric_c.o(locale$$data)
    __lcnum_c_thousands                      0x00006656   Data           0  lc_numeric_c.o(locale$$data)
    __lcnum_c_grouping                       0x00006657   Data           0  lc_numeric_c.o(locale$$data)
    locale$$data                             0x00006658   Section      272  lc_ctype_c.o(locale$$data)
    __lcnum_c_end                            0x00006658   Data           0  lc_numeric_c.o(locale$$data)
    __lcctype_c_name                         0x0000665c   Data           2  lc_ctype_c.o(locale$$data)
    __lcctype_c_start                        0x00006664   Data           0  lc_ctype_c.o(locale$$data)
    __lcctype_c_end                          0x00006768   Data           0  lc_ctype_c.o(locale$$data)
    .data                                    0x10000000   Section       80  lpc17xx_it.o(.data)
    .data                                    0x10000050   Section        4  peripheral.o(.data)
    .data                                    0x10000054   Section        4  sytemtime.o(.data)
    .data                                    0x10000058   Section       32  handlers.o(.data)
    .data                                    0x10000078   Section       12  cdcuser.o(.data)
    .data                                    0x10000084   Section       48  usbcore.o(.data)
    .data                                    0x100000b4   Section        2  usbuser.o(.data)
    serialState                              0x100000b4   Data           2  usbuser.o(.data)
    .data                                    0x100000b8   Section        6  uart.o(.data)
    .bss                                     0x100000c0   Section     2000  peripheral.o(.bss)
    .bss                                     0x10000890   Section     1124  dev.o(.bss)
    .bss                                     0x10000cf4   Section      212  cdcuser.o(.bss)
    .bss                                     0x10000dc8   Section      272  uart.o(.bss)
    .bss                                     0x10000ed8   Section       96  libspace.o(.bss)
    HEAP                                     0x10000f38   Section        0  startup_lpc17xx.o(HEAP)
    STACK                                    0x10000f38   Section     1024  startup_lpc17xx.o(STACK)
    Heap_Mem                                 0x10000f38   Data           0  startup_lpc17xx.o(HEAP)
    Stack_Mem                                0x10000f38   Data        1024  startup_lpc17xx.o(STACK)
    __initial_sp                             0x10001338   Data           0  startup_lpc17xx.o(STACK)

    Global Symbols

    Symbol Name                              Value     Ov Type        Size  Object(Section)

    BuildAttributes$$THM_ISAv4$P$D$K$B$S$PE$A:L22UL41UL21$X:L11$S22US41US21$IEEE1$IW$USESV6$~STKCKD$USESV7$~SHL$OTIME$ROPI$IEEEJ$EBA8$UX$STANDARDLIB$REQ8$PRES8$EABIv2 0x00000000   Number         0  anon$$obj.o ABSOLUTE
    __ARM_use_no_argv                        0x00000000   Number         0  main.o ABSOLUTE
    _printf_flags                            0x00000000   Number         0  printf_stubs.o ABSOLUTE
    _printf_return_value                     0x00000000   Number         0  printf_stubs.o ABSOLUTE
    _printf_sizespec                         0x00000000   Number         0  printf_stubs.o ABSOLUTE
    _printf_widthprec                        0x00000000   Number         0  printf_stubs.o ABSOLUTE
    __ARM_exceptions_init                     - Undefined Weak Reference
    __alloca_initialize                       - Undefined Weak Reference
    __arm_preinit_                            - Undefined Weak Reference
    __cpp_initialize__aeabi_                  - Undefined Weak Reference
    __cxa_finalize                            - Undefined Weak Reference
    __sigvec_lookup                           - Undefined Weak Reference
    _atexit_init                              - Undefined Weak Reference
    _call_atexit_fns                          - Undefined Weak Reference
    _clock_init                               - Undefined Weak Reference
    _fp_trap_init                             - Undefined Weak Reference
    _fp_trap_shutdown                         - Undefined Weak Reference
    _get_lc_collate                           - Undefined Weak Reference
    _get_lc_monetary                          - Undefined Weak Reference
    _get_lc_time                              - Undefined Weak Reference
    _getenv_init                              - Undefined Weak Reference
    _handle_redirection                       - Undefined Weak Reference
    _init_alloc                               - Undefined Weak Reference
    _init_user_alloc                          - Undefined Weak Reference
    _initio                                   - Undefined Weak Reference
    _printf_mbtowc                            - Undefined Weak Reference
    _printf_wc                                - Undefined Weak Reference
    _rand_init                                - Undefined Weak Reference
    _signal_finish                            - Undefined Weak Reference
    _signal_init                              - Undefined Weak Reference
    _terminate_alloc                          - Undefined Weak Reference
    _terminate_user_alloc                     - Undefined Weak Reference
    _terminateio                              - Undefined Weak Reference
    __Vectors                                0x00002000   Data           4  startup_lpc17xx.o(RESET)
    __main                                   0x000020cd   Thumb Code     8  __main.o(!!!main)
    __scatterload                            0x000020d5   Thumb Code     0  __scatter.o(!!!scatter)
    __scatterload_rt2                        0x000020d5   Thumb Code    44  __scatter.o(!!!scatter)
    __scatterload_rt2_thumb_only             0x000020d5   Thumb Code     0  __scatter.o(!!!scatter)
    __scatterload_null                       0x000020e3   Thumb Code     0  __scatter.o(!!!scatter)
    __scatterload_copy                       0x00002109   Thumb Code    26  __scatter_copy.o(!!handler_copy)
    __scatterload_zeroinit                   0x00002125   Thumb Code    28  __scatter_zi.o(!!handler_zi)
    _printf_n                                0x00002141   Thumb Code     0  _printf_n.o(.ARM.Collect$$_printf_percent$$00000001)
    _printf_percent                          0x00002141   Thumb Code     0  _printf_percent.o(.ARM.Collect$$_printf_percent$$00000000)
    _printf_p                                0x00002147   Thumb Code     0  _printf_p.o(.ARM.Collect$$_printf_percent$$00000002)
    _printf_f                                0x0000214d   Thumb Code     0  _printf_f.o(.ARM.Collect$$_printf_percent$$00000003)
    _printf_e                                0x00002153   Thumb Code     0  _printf_e.o(.ARM.Collect$$_printf_percent$$00000004)
    _printf_g                                0x00002159   Thumb Code     0  _printf_g.o(.ARM.Collect$$_printf_percent$$00000005)
    _printf_a                                0x0000215f   Thumb Code     0  _printf_a.o(.ARM.Collect$$_printf_percent$$00000006)
    _printf_ll                               0x00002165   Thumb Code     0  _printf_ll.o(.ARM.Collect$$_printf_percent$$00000007)
    _printf_i                                0x0000216f   Thumb Code     0  _printf_i.o(.ARM.Collect$$_printf_percent$$00000008)
    _printf_d                                0x00002175   Thumb Code     0  _printf_d.o(.ARM.Collect$$_printf_percent$$00000009)
    _printf_u                                0x0000217b   Thumb Code     0  _printf_u.o(.ARM.Collect$$_printf_percent$$0000000A)
    _printf_o                                0x00002181   Thumb Code     0  _printf_o.o(.ARM.Collect$$_printf_percent$$0000000B)
    _printf_x                                0x00002187   Thumb Code     0  _printf_x.o(.ARM.Collect$$_printf_percent$$0000000C)
    _printf_lli                              0x0000218d   Thumb Code     0  _printf_lli.o(.ARM.Collect$$_printf_percent$$0000000D)
    _printf_lld                              0x00002193   Thumb Code     0  _printf_lld.o(.ARM.Collect$$_printf_percent$$0000000E)
    _printf_llu                              0x00002199   Thumb Code     0  _printf_llu.o(.ARM.Collect$$_printf_percent$$0000000F)
    _printf_llo                              0x0000219f   Thumb Code     0  _printf_llo.o(.ARM.Collect$$_printf_percent$$00000010)
    _printf_llx                              0x000021a5   Thumb Code     0  _printf_llx.o(.ARM.Collect$$_printf_percent$$00000011)
    _printf_l                                0x000021ab   Thumb Code     0  _printf_l.o(.ARM.Collect$$_printf_percent$$00000012)
    _printf_c                                0x000021b5   Thumb Code     0  _printf_c.o(.ARM.Collect$$_printf_percent$$00000013)
    _printf_s                                0x000021bb   Thumb Code     0  _printf_s.o(.ARM.Collect$$_printf_percent$$00000014)
    _printf_lc                               0x000021c1   Thumb Code     0  _printf_lc.o(.ARM.Collect$$_printf_percent$$00000015)
    _printf_ls                               0x000021c7   Thumb Code     0  _printf_ls.o(.ARM.Collect$$_printf_percent$$00000016)
    _printf_percent_end                      0x000021cd   Thumb Code     0  _printf_percent_end.o(.ARM.Collect$$_printf_percent$$00000017)
    __rt_lib_init                            0x000021d1   Thumb Code     0  libinit.o(.ARM.Collect$$libinit$$00000000)
    __rt_lib_init_fp_1                       0x000021d3   Thumb Code     0  libinit2.o(.ARM.Collect$$libinit$$00000002)
    __rt_lib_init_heap_1                     0x000021d3   Thumb Code     0  libinit2.o(.ARM.Collect$$libinit$$0000000A)
    __rt_lib_init_lc_common                  0x000021d3   Thumb Code     0  libinit2.o(.ARM.Collect$$libinit$$0000000F)
    __rt_lib_init_preinit_1                  0x000021d3   Thumb Code     0  libinit2.o(.ARM.Collect$$libinit$$00000004)
    __rt_lib_init_rand_1                     0x000021d3   Thumb Code     0  libinit2.o(.ARM.Collect$$libinit$$0000000E)
    __rt_lib_init_user_alloc_1               0x000021d3   Thumb Code     0  libinit2.o(.ARM.Collect$$libinit$$0000000C)
    __rt_lib_init_lc_collate_1               0x000021d9   Thumb Code     0  libinit2.o(.ARM.Collect$$libinit$$00000011)
    __rt_lib_init_lc_ctype_2                 0x000021d9   Thumb Code     0  libinit2.o(.ARM.Collect$$libinit$$00000012)
    __rt_lib_init_lc_ctype_1                 0x000021e5   Thumb Code     0  libinit2.o(.ARM.Collect$$libinit$$00000013)
    __rt_lib_init_lc_monetary_1              0x000021e5   Thumb Code     0  libinit2.o(.ARM.Collect$$libinit$$00000015)
    __rt_lib_init_lc_numeric_2               0x000021e5   Thumb Code     0  libinit2.o(.ARM.Collect$$libinit$$00000016)
    __rt_lib_init_alloca_1                   0x000021ef   Thumb Code     0  libinit2.o(.ARM.Collect$$libinit$$0000002E)
    __rt_lib_init_argv_1                     0x000021ef   Thumb Code     0  libinit2.o(.ARM.Collect$$libinit$$0000002C)
    __rt_lib_init_atexit_1                   0x000021ef   Thumb Code     0  libinit2.o(.ARM.Collect$$libinit$$0000001B)
    __rt_lib_init_clock_1                    0x000021ef   Thumb Code     0  libinit2.o(.ARM.Collect$$libinit$$00000021)
    __rt_lib_init_cpp_1                      0x000021ef   Thumb Code     0  libinit2.o(.ARM.Collect$$libinit$$00000032)
    __rt_lib_init_exceptions_1               0x000021ef   Thumb Code     0  libinit2.o(.ARM.Collect$$libinit$$00000030)
    __rt_lib_init_fp_trap_1                  0x000021ef   Thumb Code     0  libinit2.o(.ARM.Collect$$libinit$$0000001F)
    __rt_lib_init_getenv_1                   0x000021ef   Thumb Code     0  libinit2.o(.ARM.Collect$$libinit$$00000023)
    __rt_lib_init_lc_numeric_1               0x000021ef   Thumb Code     0  libinit2.o(.ARM.Collect$$libinit$$00000017)
    __rt_lib_init_lc_time_1                  0x000021ef   Thumb Code     0  libinit2.o(.ARM.Collect$$libinit$$00000019)
    __rt_lib_init_return                     0x000021ef   Thumb Code     0  libinit2.o(.ARM.Collect$$libinit$$00000033)
    __rt_lib_init_signal_1                   0x000021ef   Thumb Code     0  libinit2.o(.ARM.Collect$$libinit$$0000001D)
    __rt_lib_init_stdio_1                    0x000021ef   Thumb Code     0  libinit2.o(.ARM.Collect$$libinit$$00000025)
    __rt_lib_shutdown                        0x000021f1   Thumb Code     0  libshutdown.o(.ARM.Collect$$libshutdown$$00000000)
    __rt_lib_shutdown_cpp_1                  0x000021f3   Thumb Code     0  libshutdown2.o(.ARM.Collect$$libshutdown$$00000002)
    __rt_lib_shutdown_fp_trap_1              0x000021f3   Thumb Code     0  libshutdown2.o(.ARM.Collect$$libshutdown$$00000007)
    __rt_lib_shutdown_heap_1                 0x000021f3   Thumb Code     0  libshutdown2.o(.ARM.Collect$$libshutdown$$0000000F)
    __rt_lib_shutdown_return                 0x000021f3   Thumb Code     0  libshutdown2.o(.ARM.Collect$$libshutdown$$00000010)
    __rt_lib_shutdown_signal_1               0x000021f3   Thumb Code     0  libshutdown2.o(.ARM.Collect$$libshutdown$$0000000A)
    __rt_lib_shutdown_stdio_1                0x000021f3   Thumb Code     0  libshutdown2.o(.ARM.Collect$$libshutdown$$00000004)
    __rt_lib_shutdown_user_alloc_1           0x000021f3   Thumb Code     0  libshutdown2.o(.ARM.Collect$$libshutdown$$0000000C)
    __rt_entry                               0x000021f5   Thumb Code     0  __rtentry.o(.ARM.Collect$$rtentry$$00000000)
    __rt_entry_presh_1                       0x000021f5   Thumb Code     0  __rtentry2.o(.ARM.Collect$$rtentry$$00000002)
    __rt_entry_sh                            0x000021f5   Thumb Code     0  __rtentry4.o(.ARM.Collect$$rtentry$$00000004)
    __rt_entry_li                            0x000021fb   Thumb Code     0  __rtentry2.o(.ARM.Collect$$rtentry$$0000000A)
    __rt_entry_postsh_1                      0x000021fb   Thumb Code     0  __rtentry2.o(.ARM.Collect$$rtentry$$00000009)
    __rt_entry_main                          0x000021ff   Thumb Code     0  __rtentry2.o(.ARM.Collect$$rtentry$$0000000D)
    __rt_entry_postli_1                      0x000021ff   Thumb Code     0  __rtentry2.o(.ARM.Collect$$rtentry$$0000000C)
    __rt_exit                                0x00002207   Thumb Code     0  rtexit.o(.ARM.Collect$$rtexit$$00000000)
    __rt_exit_ls                             0x00002209   Thumb Code     0  rtexit2.o(.ARM.Collect$$rtexit$$00000003)
    __rt_exit_prels_1                        0x00002209   Thumb Code     0  rtexit2.o(.ARM.Collect$$rtexit$$00000002)
    __rt_exit_exit                           0x0000220d   Thumb Code     0  rtexit2.o(.ARM.Collect$$rtexit$$00000004)
    delay                                    0x00002215   Thumb Code    14  peripheral.o(.emb_text)
    Reset_Handler                            0x00002225   Thumb Code     8  startup_lpc17xx.o(.text)
    NMI_Handler                              0x0000222d   Thumb Code     2  startup_lpc17xx.o(.text)
    HardFault_Handler                        0x0000222f   Thumb Code     2  startup_lpc17xx.o(.text)
    MemManage_Handler                        0x00002231   Thumb Code     2  startup_lpc17xx.o(.text)
    BusFault_Handler                         0x00002233   Thumb Code     2  startup_lpc17xx.o(.text)
    UsageFault_Handler                       0x00002235   Thumb Code     2  startup_lpc17xx.o(.text)
    SVC_Handler                              0x00002237   Thumb Code     2  startup_lpc17xx.o(.text)
    DebugMon_Handler                         0x00002239   Thumb Code     2  startup_lpc17xx.o(.text)
    PendSV_Handler                           0x0000223b   Thumb Code     2  startup_lpc17xx.o(.text)
    ADC_IRQHandler                           0x0000223f   Thumb Code     0  startup_lpc17xx.o(.text)
    BOD_IRQHandler                           0x0000223f   Thumb Code     0  startup_lpc17xx.o(.text)
    CANActivity_IRQHandler                   0x0000223f   Thumb Code     0  startup_lpc17xx.o(.text)
    CAN_IRQHandler                           0x0000223f   Thumb Code     0  startup_lpc17xx.o(.text)
    DMA_IRQHandler                           0x0000223f   Thumb Code     0  startup_lpc17xx.o(.text)
    EINT0_IRQHandler                         0x0000223f   Thumb Code     0  startup_lpc17xx.o(.text)
    EINT1_IRQHandler                         0x0000223f   Thumb Code     0  startup_lpc17xx.o(.text)
    EINT2_IRQHandler                         0x0000223f   Thumb Code     0  startup_lpc17xx.o(.text)
    ENET_IRQHandler                          0x0000223f   Thumb Code     0  startup_lpc17xx.o(.text)
    I2C0_IRQHandler                          0x0000223f   Thumb Code     0  startup_lpc17xx.o(.text)
    I2C1_IRQHandler                          0x0000223f   Thumb Code     0  startup_lpc17xx.o(.text)
    I2C2_IRQHandler                          0x0000223f   Thumb Code     0  startup_lpc17xx.o(.text)
    I2S_IRQHandler                           0x0000223f   Thumb Code     0  startup_lpc17xx.o(.text)
    MCPWM_IRQHandler                         0x0000223f   Thumb Code     0  startup_lpc17xx.o(.text)
    PLL0_IRQHandler                          0x0000223f   Thumb Code     0  startup_lpc17xx.o(.text)
    PLL1_IRQHandler                          0x0000223f   Thumb Code     0  startup_lpc17xx.o(.text)
    QEI_IRQHandler                           0x0000223f   Thumb Code     0  startup_lpc17xx.o(.text)
    RIT_IRQHandler                           0x0000223f   Thumb Code     0  startup_lpc17xx.o(.text)
    RTC_IRQHandler                           0x0000223f   Thumb Code     0  startup_lpc17xx.o(.text)
    SPI_IRQHandler                           0x0000223f   Thumb Code     0  startup_lpc17xx.o(.text)
    SSP0_IRQHandler                          0x0000223f   Thumb Code     0  startup_lpc17xx.o(.text)
    SSP1_IRQHandler                          0x0000223f   Thumb Code     0  startup_lpc17xx.o(.text)
    TIMER1_IRQHandler                        0x0000223f   Thumb Code     0  startup_lpc17xx.o(.text)
    TIMER2_IRQHandler                        0x0000223f   Thumb Code     0  startup_lpc17xx.o(.text)
    TIMER3_IRQHandler                        0x0000223f   Thumb Code     0  startup_lpc17xx.o(.text)
    UART2_IRQHandler                         0x0000223f   Thumb Code     0  startup_lpc17xx.o(.text)
    UART3_IRQHandler                         0x0000223f   Thumb Code     0  startup_lpc17xx.o(.text)
    USBActivity_IRQHandler                   0x0000223f   Thumb Code     0  startup_lpc17xx.o(.text)
    WDT_IRQHandler                           0x0000223f   Thumb Code     0  startup_lpc17xx.o(.text)
    __user_initial_stackheap                 0x00002241   Thumb Code     0  startup_lpc17xx.o(.text)
    vsnprintf                                0x00002261   Thumb Code    48  vsnprintf.o(.text)
    _printf_pre_padding                      0x00002295   Thumb Code    44  _printf_pad.o(.text)
    _printf_post_padding                     0x000022c1   Thumb Code    34  _printf_pad.o(.text)
    _printf_int_dec                          0x000022e5   Thumb Code   104  _printf_dec.o(.text)
    _printf_longlong_hex                     0x0000235d   Thumb Code    86  _printf_hex_int_ll_ptr.o(.text)
    _printf_int_hex                          0x000023b3   Thumb Code    28  _printf_hex_int_ll_ptr.o(.text)
    _printf_ll_hex                           0x000023cf   Thumb Code    12  _printf_hex_int_ll_ptr.o(.text)
    _printf_hex_ptr                          0x000023db   Thumb Code    18  _printf_hex_int_ll_ptr.o(.text)
    __printf                                 0x000023f1   Thumb Code   388  __printf_flags_ss_wp.o(.text)
    atoi                                     0x00002579   Thumb Code    26  atoi.o(.text)
    strstr                                   0x00002593   Thumb Code    36  strstr.o(.text)
    strlen                                   0x000025b7   Thumb Code    62  strlen.o(.text)
    strcat                                   0x000025f5   Thumb Code    24  strcat.o(.text)
    __aeabi_memclr                           0x0000260d   Thumb Code     0  rt_memclr.o(.text)
    __rt_memclr                              0x0000260d   Thumb Code    68  rt_memclr.o(.text)
    _memset                                  0x00002611   Thumb Code     0  rt_memclr.o(.text)
    __aeabi_memclr4                          0x00002651   Thumb Code     0  rt_memclr_w.o(.text)
    __aeabi_memclr8                          0x00002651   Thumb Code     0  rt_memclr_w.o(.text)
    __rt_memclr_w                            0x00002651   Thumb Code    78  rt_memclr_w.o(.text)
    _memset_w                                0x00002655   Thumb Code     0  rt_memclr_w.o(.text)
    strcmp                                   0x000026a1   Thumb Code   128  strcmpv7m.o(.text)
    __use_two_region_memory                  0x00002721   Thumb Code     2  heapauxi.o(.text)
    __rt_heap_escrow$2region                 0x00002723   Thumb Code     2  heapauxi.o(.text)
    __rt_heap_expand$2region                 0x00002725   Thumb Code     2  heapauxi.o(.text)
    __aeabi_errno_addr                       0x00002729   Thumb Code     8  rt_errno_addr_intlibspace.o(.text)
    __errno$intlibspace                      0x00002729   Thumb Code     0  rt_errno_addr_intlibspace.o(.text)
    __rt_errno_addr$intlibspace              0x00002729   Thumb Code     0  rt_errno_addr_intlibspace.o(.text)
    _printf_truncate_signed                  0x00002731   Thumb Code    18  _printf_truncate.o(.text)
    _printf_truncate_unsigned                0x00002743   Thumb Code    18  _printf_truncate.o(.text)
    _printf_str                              0x00002755   Thumb Code    82  _printf_str.o(.text)
    _printf_int_common                       0x000027a7   Thumb Code   178  _printf_intcommon.o(.text)
    _printf_charcount                        0x00002859   Thumb Code    40  _printf_charcount.o(.text)
    __lib_sel_fp_printf                      0x00002881   Thumb Code     2  _printf_fp_dec.o(.text)
    _printf_fp_dec_real                      0x00002a33   Thumb Code   620  _printf_fp_dec.o(.text)
    _printf_char_common                      0x00002cab   Thumb Code    32  _printf_char_common.o(.text)
    _sputc                                   0x00002cd1   Thumb Code    10  _sputc.o(.text)
    _snputc                                  0x00002cdb   Thumb Code    16  _snputc.o(.text)
    _printf_wctomb                           0x00002ced   Thumb Code   182  _printf_wctomb.o(.text)
    _printf_longlong_dec                     0x00002da9   Thumb Code   108  _printf_longlong_dec.o(.text)
    _printf_longlong_oct                     0x00002e25   Thumb Code    66  _printf_oct_int_ll.o(.text)
    _printf_int_oct                          0x00002e67   Thumb Code    24  _printf_oct_int_ll.o(.text)
    _printf_ll_oct                           0x00002e7f   Thumb Code    12  _printf_oct_int_ll.o(.text)
    strtol                                   0x00002e95   Thumb Code   112  strtol.o(.text)
    __user_libspace                          0x00002f05   Thumb Code     8  libspace.o(.text)
    __user_perproc_libspace                  0x00002f05   Thumb Code     0  libspace.o(.text)
    __user_perthread_libspace                0x00002f05   Thumb Code     0  libspace.o(.text)
    __rt_ctype_table                         0x00002f0d   Thumb Code    16  rt_ctype_table.o(.text)
    __rt_locale                              0x00002f1d   Thumb Code     8  rt_locale_intlibspace.o(.text)
    _ll_udiv10                               0x00002f25   Thumb Code   138  lludiv10.o(.text)
    _printf_fp_hex_real                      0x00002fb1   Thumb Code   756  _printf_fp_hex.o(.text)
    _printf_fp_infnan                        0x000032ad   Thumb Code   112  _printf_fp_infnan.o(.text)
    _printf_cs_common                        0x0000332d   Thumb Code    20  _printf_char.o(.text)
    _printf_char                             0x00003341   Thumb Code    16  _printf_char.o(.text)
    _printf_string                           0x00003351   Thumb Code     8  _printf_char.o(.text)
    _printf_lcs_common                       0x00003359   Thumb Code    20  _printf_wchar.o(.text)
    _printf_wchar                            0x0000336d   Thumb Code    16  _printf_wchar.o(.text)
    _printf_wstring                          0x0000337d   Thumb Code     8  _printf_wchar.o(.text)
    _strtoul                                 0x00003385   Thumb Code   158  _strtoul.o(.text)
    _btod_etento                             0x00003425   Thumb Code   224  bigflt0.o(.text)
    _wcrtomb                                 0x00003509   Thumb Code    64  _wcrtomb.o(.text)
    __user_setup_stackheap                   0x00003549   Thumb Code    74  sys_stackheap_outer.o(.text)
    _chval                                   0x00003593   Thumb Code    28  _chval.o(.text)
    exit                                     0x000035af   Thumb Code    18  exit.o(.text)
    _sys_exit                                0x000035c1   Thumb Code     8  sys_exit.o(.text)
    __I$use$semihosting                      0x000035cd   Thumb Code     0  use_no_semi.o(.text)
    __use_no_semihosting_swi                 0x000035cd   Thumb Code     2  use_no_semi.o(.text)
    __semihosting_library_function           0x000035cf   Thumb Code     0  indicate_semi.o(.text)
    _btod_d2e                                0x000035cf   Thumb Code    62  btod.o(CL$$btod_d2e)
    _d2e_denorm_low                          0x0000360d   Thumb Code    70  btod.o(CL$$btod_d2e_denorm_low)
    _d2e_norm_op1                            0x00003653   Thumb Code    96  btod.o(CL$$btod_d2e_norm_op1)
    __btod_div_common                        0x000036b3   Thumb Code   696  btod.o(CL$$btod_div_common)
    _e2e                                     0x000039eb   Thumb Code   220  btod.o(CL$$btod_e2e)
    _btod_ediv                               0x00003ac7   Thumb Code    42  btod.o(CL$$btod_ediv)
    _btod_emul                               0x00003af1   Thumb Code    42  btod.o(CL$$btod_emul)
    __btod_mult_common                       0x00003b1b   Thumb Code   580  btod.o(CL$$btod_mult_common)
    Button_Events                            0x00003d5f   Thumb Code    22  button.o(i.Button_Events)
    Button_Fsm                               0x00003d75   Thumb Code    68  button.o(i.Button_Fsm)
    Button_Handler                           0x00003db9   Thumb Code   128  handlers.o(i.Button_Handler)
    Button_Init                              0x00003e51   Thumb Code    22  button.o(i.Button_Init)
    CDC_BulkIn                               0x00003e69   Thumb Code     8  cdcuser.o(i.CDC_BulkIn)
    CDC_BulkOut                              0x00003e75   Thumb Code    22  cdcuser.o(i.CDC_BulkOut)
    CDC_ClearCommFeature                     0x00003e91   Thumb Code     6  cdcuser.o(i.CDC_ClearCommFeature)
    CDC_GetCommFeature                       0x00003e97   Thumb Code     6  cdcuser.o(i.CDC_GetCommFeature)
    CDC_GetEncapsulatedResponse              0x00003e9d   Thumb Code     4  cdcuser.o(i.CDC_GetEncapsulatedResponse)
    CDC_GetLineCoding                        0x00003ea1   Thumb Code    54  cdcuser.o(i.CDC_GetLineCoding)
    CDC_GetSerialState                       0x00003ee1   Thumb Code   136  cdcuser.o(i.CDC_GetSerialState)
    CDC_NotificationIn                       0x00003f6d   Thumb Code    54  cdcuser.o(i.CDC_NotificationIn)
    CDC_SendBreak                            0x00003fad   Thumb Code     6  cdcuser.o(i.CDC_SendBreak)
    CDC_SendEncapsulatedCommand              0x00003fb3   Thumb Code     4  cdcuser.o(i.CDC_SendEncapsulatedCommand)
    CDC_SetCommFeature                       0x00003fb7   Thumb Code     6  cdcuser.o(i.CDC_SetCommFeature)
    CDC_SetControlLineState                  0x00003fbd   Thumb Code     6  cdcuser.o(i.CDC_SetControlLineState)
    CDC_SetLineCoding                        0x00003fc3   Thumb Code     4  cdcuser.o(i.CDC_SetLineCoding)
    CDC_WrOutBuf                             0x00003fc9   Thumb Code    22  cdcuser.o(i.CDC_WrOutBuf)
    CLKPWR_ConfigPPWR                        0x00003fe5   Thumb Code    46  lpc17xx_clkpwr.o(i.CLKPWR_ConfigPPWR)
    CLKPWR_SetPCLKDiv                        0x0000401d   Thumb Code    94  lpc17xx_clkpwr.o(i.CLKPWR_SetPCLKDiv)
    Config                                   0x00004085   Thumb Code     8  user.o(i.Config)
    EINT3_IRQHandler                         0x0000408d   Thumb Code    38  lpc17xx_it.o(i.EINT3_IRQHandler)
    EPAdr                                    0x000040b9   Thumb Code    16  usbhw.o(i.EPAdr)
    EXTI_ClearEXTIFlag                       0x000040c9   Thumb Code    10  lpc17xx_exti.o(i.EXTI_ClearEXTIFlag)
    Fifo_Init                                0x000040d9   Thumb Code    46  fifo.o(i.Fifo_Init)
    Fifo_OnInactive                          0x00004107   Thumb Code    22  fifo.o(i.Fifo_OnInactive)
    Fifo_Read                                0x0000411d   Thumb Code    84  fifo.o(i.Fifo_Read)
    Fifo_Write                               0x00004171   Thumb Code   122  fifo.o(i.Fifo_Write)
    GPIO_Init                                0x000041ed   Thumb Code   250  lpc17xx_gpio.o(i.GPIO_Init)
    IO_Config                                0x000042ed   Thumb Code   140  peripheral.o(i.IO_Config)
    IO_Events                                0x00004385   Thumb Code    56  dev.o(i.IO_Events)
    IO_Init                                  0x000043c9   Thumb Code    26  dev.o(i.IO_Init)
    Loop                                     0x000043f1   Thumb Code    12  user.o(i.Loop)
    NVIC_Config                              0x000043fd   Thumb Code    30  peripheral.o(i.NVIC_Config)
    NVIC_Init                                0x00004425   Thumb Code   114  lpc17xx_nvic.o(i.NVIC_Init)
    PWM1_IRQHandler                          0x000044a5   Thumb Code   114  lpc17xx_it.o(i.PWM1_IRQHandler)
    PWM_ChannelCmd                           0x00004521   Thumb Code   116  lpc17xx_pwm.o(i.PWM_ChannelCmd)
    PWM_ChannelConfig                        0x000045bd   Thumb Code   120  lpc17xx_pwm.o(i.PWM_ChannelConfig)
    PWM_ClearIntPending                      0x0000465d   Thumb Code    78  lpc17xx_pwm.o(i.PWM_ClearIntPending)
    PWM_Cmd                                  0x000046d5   Thumb Code    62  lpc17xx_pwm.o(i.PWM_Cmd)
    PWM_Config                               0x0000473d   Thumb Code   302  peripheral.o(i.PWM_Config)
    PWM_ConfigMatch                          0x0000487d   Thumb Code   280  lpc17xx_pwm.o(i.PWM_ConfigMatch)
    PWM_CounterCmd                           0x000049c1   Thumb Code    62  lpc17xx_pwm.o(i.PWM_CounterCmd)
    PWM_GetIntStatus                         0x00004a29   Thumb Code    88  lpc17xx_pwm.o(i.PWM_GetIntStatus)
    PWM_Init                                 0x00004aa9   Thumb Code   150  lpc17xx_pwm.o(i.PWM_Init)
    PWM_MatchUpdate                          0x00004b69   Thumb Code   150  lpc17xx_pwm.o(i.PWM_MatchUpdate)
    PWM_ResetCounter                         0x00004c29   Thumb Code    40  lpc17xx_pwm.o(i.PWM_ResetCounter)
    Peripheral                               0x00004c79   Thumb Code    24  peripheral.o(i.Peripheral)
    RdCmdDat                                 0x00004c91   Thumb Code    38  usbhw.o(i.RdCmdDat)
    Serial_Events                            0x00004cc1   Thumb Code    58  serial.o(i.Serial_Events)
    SysTick_Handler                          0x00004cfd   Thumb Code    24  lpc17xx_it.o(i.SysTick_Handler)
    SystemInit                               0x00004d19   Thumb Code   302  system_lpc17xx.o(i.SystemInit)
    SystemTime_GetTime                       0x00004e59   Thumb Code     6  sytemtime.o(i.SystemTime_GetTime)
    SystemTime_Timer                         0x00004e65   Thumb Code    12  sytemtime.o(i.SystemTime_Timer)
    Systick_Config                           0x00004e75   Thumb Code    80  peripheral.o(i.Systick_Config)
    TIMER0_IRQHandler                        0x00004ed1   Thumb Code    26  lpc17xx_it.o(i.TIMER0_IRQHandler)
    TIM_ClearIntPending                      0x00004eeb   Thumb Code     8  lpc17xx_timer.o(i.TIM_ClearIntPending)
    TIM_GetIntStatus                         0x00004ef3   Thumb Code    16  lpc17xx_timer.o(i.TIM_GetIntStatus)
    Timer_Elapsed                            0x00004f03   Thumb Code    38  timer.o(i.Timer_Elapsed)
    Timer_GetTime                            0x00004f29   Thumb Code    52  timer.o(i.Timer_GetTime)
    Timer_Init                               0x00004f5d   Thumb Code    10  timer.o(i.Timer_Init)
    Timer_Start                              0x00004f67   Thumb Code    16  timer.o(i.Timer_Start)
    Timer_Stop                               0x00004f77   Thumb Code     6  timer.o(i.Timer_Stop)
    UART0_IRQHandler                         0x00004f7d   Thumb Code    38  lpc17xx_it.o(i.UART0_IRQHandler)
    UART1_IRQHandler                         0x00004fa9   Thumb Code   164  uart.o(i.UART1_IRQHandler)
    UART_GetIntId                            0x00005061   Thumb Code    50  lpc17xx_uart.o(i.UART_GetIntId)
    UART_GetLineStatus                       0x000050c9   Thumb Code    54  lpc17xx_uart.o(i.UART_GetLineStatus)
    USB_ClrStallEP                           0x00005135   Thumb Code    26  usbhw.o(i.USB_ClrStallEP)
    USB_Config                               0x00005155   Thumb Code    60  peripheral.o(i.USB_Config)
    USB_ConfigEP                             0x00005195   Thumb Code    68  usbhw.o(i.USB_ConfigEP)
    USB_Configure                            0x000051e1   Thumb Code    60  usbhw.o(i.USB_Configure)
    USB_Configure_Event                      0x00005225   Thumb Code     2  usbuser.o(i.USB_Configure_Event)
    USB_Connect                              0x00005229   Thumb Code    28  usbhw.o(i.USB_Connect)
    USB_DataInStage                          0x00005249   Thumb Code    52  usbcore.o(i.USB_DataInStage)
    USB_DataOutStage                         0x00005281   Thumb Code    34  usbcore.o(i.USB_DataOutStage)
    USB_DirCtrlEP                            0x000052a9   Thumb Code     2  usbhw.o(i.USB_DirCtrlEP)
    USB_DisableEP                            0x000052ad   Thumb Code    26  usbhw.o(i.USB_DisableEP)
    USB_Disconnect                           0x000052d1   Thumb Code    52  peripheral.o(i.USB_Disconnect)
    USB_EnableEP                             0x00005309   Thumb Code    26  usbhw.o(i.USB_EnableEP)
    USB_EndPoint0                            0x00005329   Thumb Code   846  usbcore.o(i.USB_EndPoint0)
    USB_EndPoint1                            0x00005695   Thumb Code    36  usbuser.o(i.USB_EndPoint1)
    USB_EndPoint2                            0x000056bd   Thumb Code    30  usbuser.o(i.USB_EndPoint2)
    USB_Event                                0x000056dd   Thumb Code    10  dev.o(i.USB_Event)
    USB_Handler_Init                         0x000056ed   Thumb Code    20  dev.o(i.USB_Handler_Init)
    USB_IRQHandler                           0x00005709   Thumb Code   244  usbhw.o(i.USB_IRQHandler)
    USB_Init                                 0x0000580d   Thumb Code   118  usbhw.o(i.USB_Init)
    USB_ReadEP                               0x00005899   Thumb Code    94  usbhw.o(i.USB_ReadEP)
    USB_Receiver_Handler                     0x00005905   Thumb Code   128  handlers.o(i.USB_Receiver_Handler)
    USB_Reset                                0x00005f35   Thumb Code    76  usbhw.o(i.USB_Reset)
    USB_ResetCore                            0x00005f89   Thumb Code    34  usbcore.o(i.USB_ResetCore)
    USB_ResetEP                              0x00005fc5   Thumb Code    26  usbhw.o(i.USB_ResetEP)
    USB_Reset_Event                          0x00005fe5   Thumb Code     8  usbuser.o(i.USB_Reset_Event)
    USB_Resume                               0x00005fed   Thumb Code     2  usbhw.o(i.USB_Resume)
    USB_SetAddress                           0x00005ff1   Thumb Code    42  usbhw.o(i.USB_SetAddress)
    USB_SetStallEP                           0x00006021   Thumb Code    26  usbhw.o(i.USB_SetStallEP)
    USB_SetupStage                           0x00006045   Thumb Code    12  usbcore.o(i.USB_SetupStage)
    USB_StatusInStage                        0x00006055   Thumb Code    14  usbcore.o(i.USB_StatusInStage)
    USB_StatusOutStage                       0x00006065   Thumb Code    12  usbcore.o(i.USB_StatusOutStage)
    USB_Suspend                              0x00006075   Thumb Code     2  usbhw.o(i.USB_Suspend)
    USB_Trace                                0x00006079   Thumb Code    66  peripheral.o(i.USB_Trace)
    USB_WakeUpCfg                            0x00006131   Thumb Code     2  usbhw.o(i.USB_WakeUpCfg)
    USB_WriteEP                              0x00006135   Thumb Code    70  usbhw.o(i.USB_WriteEP)
    Variables                                0x00006189   Thumb Code    12  user.o(i.Variables)
    WrCmd                                    0x00006195   Thumb Code    30  usbhw.o(i.WrCmd)
    WrCmdDat                                 0x000061bd   Thumb Code    58  usbhw.o(i.WrCmdDat)
    WrCmdEP                                  0x00006201   Thumb Code    78  usbhw.o(i.WrCmdEP)
    __ARM_fpclassify                         0x00006259   Thumb Code    40  fpclassify.o(i.__ARM_fpclassify)
    _is_digit                                0x00006281   Thumb Code    14  __printf_wp.o(i._is_digit)
    main                                     0x00006297   Thumb Code    16  main.o(i.main)
    _get_lc_numeric                          0x000062a9   Thumb Code    44  lc_numeric_c.o(locale$$code)
    _get_lc_ctype                            0x000062d5   Thumb Code    44  lc_ctype_c.o(locale$$code)
    __fpl_dretinf                            0x00006301   Thumb Code    12  dretinf.o(x$fpl$dretinf)
    __aeabi_f2d                              0x0000630d   Thumb Code     0  f2d.o(x$fpl$f2d)
    _f2d                                     0x0000630d   Thumb Code    86  f2d.o(x$fpl$f2d)
    __aeabi_ui2f                             0x00006365   Thumb Code     0  fflt_clz.o(x$fpl$ffltu)
    _ffltu                                   0x00006365   Thumb Code    38  fflt_clz.o(x$fpl$ffltu)
    __fpl_fnaninf                            0x0000638b   Thumb Code   140  fnaninf.o(x$fpl$fnaninf)
    _printf_fp_dec                           0x00006417   Thumb Code     4  printf1.o(x$fpl$printf1)
    _printf_fp_hex                           0x0000641b   Thumb Code     4  printf2.o(x$fpl$printf2)
    USB_DeviceDescriptor                     0x0000641e   Data          18  usbdesc.o(.constdata)
    __I$use$fp                               0x0000641e   Number         0  usenofp.o(x$fpl$usenofp)
    USB_ConfigDescriptor                     0x00006430   Data          68  usbdesc.o(.constdata)
    USB_StringDescriptor                     0x00006474   Data         104  usbdesc.o(.constdata)
    USB_P_EP                                 0x000064dc   Data          64  usbuser.o(.constdata)
    Region$$Table$$Base                      0x0000661c   Number         0  anon$$obj.o(Region$$Table)
    Region$$Table$$Limit                     0x0000663c   Number         0  anon$$obj.o(Region$$Table)
    __ctype                                  0x00006665   Data           0  lc_ctype_c.o(locale$$data)
    c                                        0x10000000   Data          40  lpc17xx_it.o(.data)
    cx                                       0x10000028   Data          10  lpc17xx_it.o(.data)
    cy                                       0x10000032   Data          10  lpc17xx_it.o(.data)
    cz                                       0x1000003c   Data          10  lpc17xx_it.o(.data)
    MR0                                      0x10000048   Data           4  lpc17xx_it.o(.data)
    i                                        0x1000004c   Data           4  lpc17xx_it.o(.data)
    DelayC                                   0x10000050   Data           4  peripheral.o(.data)
    st                                       0x10000054   Data           4  sytemtime.o(.data)
    p                                        0x10000058   Data           4  handlers.o(.data)
    msg                                      0x1000005c   Data          16  handlers.o(.data)
    x                                        0x1000006c   Data           4  handlers.o(.data)
    y                                        0x10000070   Data           4  handlers.o(.data)
    a                                        0x10000074   Data           4  handlers.o(.data)
    All_Packets_Sent                         0x10000078   Data           1  cdcuser.o(.data)
    CDC_LineCoding                           0x10000079   Data           7  cdcuser.o(.data)
    CDC_SerialState                          0x10000080   Data           2  cdcuser.o(.data)
    CDC_DepInEmpty                           0x10000082   Data           2  cdcuser.o(.data)
    USB_DeviceStatus                         0x10000084   Data           2  usbcore.o(.data)
    USB_DeviceAddress                        0x10000086   Data           1  usbcore.o(.data)
    USB_Configuration                        0x10000087   Data           1  usbcore.o(.data)
    USB_EndPointMask                         0x10000088   Data           4  usbcore.o(.data)
    USB_EndPointHalt                         0x1000008c   Data           4  usbcore.o(.data)
    USB_EndPointStall                        0x10000090   Data           4  usbcore.o(.data)
    USB_NumInterfaces                        0x10000094   Data           1  usbcore.o(.data)
    USB_AltSetting                           0x10000095   Data           4  usbcore.o(.data)
    EP0Buf                                   0x10000099   Data           8  usbcore.o(.data)
    EP0Data                                  0x100000a4   Data           8  usbcore.o(.data)
    SetupPacket                              0x100000ac   Data           8  usbcore.o(.data)
    ser_txRestart                            0x100000b8   Data           4  uart.o(.data)
    ser_lineState                            0x100000bc   Data           2  uart.o(.data)
    UART_Buffer                              0x100000c0   Data        1000  peripheral.o(.bss)
    USB_Buffer                               0x100004a8   Data        1000  peripheral.o(.bss)
    Usb                                      0x10000890   Data        1080  dev.o(.bss)
    button                                   0x10000cc8   Data          20  dev.o(.bss)
    Led_Tmr                                  0x10000cdc   Data          12  dev.o(.bss)
    Adc_Tmr                                  0x10000ce8   Data          12  dev.o(.bss)
    BulkBufIn                                0x10000cf4   Data          64  cdcuser.o(.bss)
    BulkBufOut                               0x10000d34   Data          64  cdcuser.o(.bss)
    NotificationBuf                          0x10000d74   Data          10  cdcuser.o(.bss)
    CDC_OutBuf                               0x10000d80   Data          72  cdcuser.o(.bss)
    ser_out                                  0x10000dc8   Data         136  uart.o(.bss)
    ser_in                                   0x10000e50   Data         136  uart.o(.bss)
    __libspace_start                         0x10000ed8   Data          96  libspace.o(.bss)
    __temporary_stack_top$libspace           0x10000f38   Data           0  libspace.o(.bss)



==============================================================================

Memory Map of the image

  Image Entry point : 0x000020cd

  Load Region LR_IROM1 (Base: 0x00002000, Size: 0x00004828, Max: 0x0007e000, ABSOLUTE)

    Execution Region ER_IROM1 (Exec base: 0x00002000, Load base: 0x00002000, Size: 0x00004768, Max: 0x0007e000, ABSOLUTE)

    Exec Addr    Load Addr    Size         Type   Attr      Idx    E Section Name        Object

    0x00002000   0x00002000   0x000000cc   Data   RO            3    RESET               startup_lpc17xx.o
    0x000020cc   0x000020cc   0x00000008   Code   RO         3939  * !!!main             c_w.l(__main.o)
    0x000020d4   0x000020d4   0x00000034   Code   RO         4248    !!!scatter          c_w.l(__scatter.o)
    0x00002108   0x00002108   0x0000001a   Code   RO         4250    !!handler_copy      c_w.l(__scatter_copy.o)
    0x00002122   0x00002122   0x00000002   PAD
    0x00002124   0x00002124   0x0000001c   Code   RO         4252    !!handler_zi        c_w.l(__scatter_zi.o)
    0x00002140   0x00002140   0x00000000   Code   RO         3915    .ARM.Collect$$_printf_percent$$00000000  c_w.l(_printf_percent.o)
    0x00002140   0x00002140   0x00000006   Code   RO         3990    .ARM.Collect$$_printf_percent$$00000001  c_w.l(_printf_n.o)
    0x00002146   0x00002146   0x00000006   Code   RO         3991    .ARM.Collect$$_printf_percent$$00000002  c_w.l(_printf_p.o)
    0x0000214c   0x0000214c   0x00000006   Code   RO         3914    .ARM.Collect$$_printf_percent$$00000003  c_w.l(_printf_f.o)
    0x00002152   0x00002152   0x00000006   Code   RO         3995    .ARM.Collect$$_printf_percent$$00000004  c_w.l(_printf_e.o)
    0x00002158   0x00002158   0x00000006   Code   RO         3996    .ARM.Collect$$_printf_percent$$00000005  c_w.l(_printf_g.o)
    0x0000215e   0x0000215e   0x00000006   Code   RO         3997    .ARM.Collect$$_printf_percent$$00000006  c_w.l(_printf_a.o)
    0x00002164   0x00002164   0x0000000a   Code   RO         4002    .ARM.Collect$$_printf_percent$$00000007  c_w.l(_printf_ll.o)
    0x0000216e   0x0000216e   0x00000006   Code   RO         3993    .ARM.Collect$$_printf_percent$$00000008  c_w.l(_printf_i.o)
    0x00002174   0x00002174   0x00000006   Code   RO         3913    .ARM.Collect$$_printf_percent$$00000009  c_w.l(_printf_d.o)
    0x0000217a   0x0000217a   0x00000006   Code   RO         3994    .ARM.Collect$$_printf_percent$$0000000A  c_w.l(_printf_u.o)
    0x00002180   0x00002180   0x00000006   Code   RO         3992    .ARM.Collect$$_printf_percent$$0000000B  c_w.l(_printf_o.o)
    0x00002186   0x00002186   0x00000006   Code   RO         3912    .ARM.Collect$$_printf_percent$$0000000C  c_w.l(_printf_x.o)
    0x0000218c   0x0000218c   0x00000006   Code   RO         3999    .ARM.Collect$$_printf_percent$$0000000D  c_w.l(_printf_lli.o)
    0x00002192   0x00002192   0x00000006   Code   RO         4000    .ARM.Collect$$_printf_percent$$0000000E  c_w.l(_printf_lld.o)
    0x00002198   0x00002198   0x00000006   Code   RO         4001    .ARM.Collect$$_printf_percent$$0000000F  c_w.l(_printf_llu.o)
    0x0000219e   0x0000219e   0x00000006   Code   RO         4006    .ARM.Collect$$_printf_percent$$00000010  c_w.l(_printf_llo.o)
    0x000021a4   0x000021a4   0x00000006   Code   RO         4007    .ARM.Collect$$_printf_percent$$00000011  c_w.l(_printf_llx.o)
    0x000021aa   0x000021aa   0x0000000a   Code   RO         4003    .ARM.Collect$$_printf_percent$$00000012  c_w.l(_printf_l.o)
    0x000021b4   0x000021b4   0x00000006   Code   RO         3988    .ARM.Collect$$_printf_percent$$00000013  c_w.l(_printf_c.o)
    0x000021ba   0x000021ba   0x00000006   Code   RO         3989    .ARM.Collect$$_printf_percent$$00000014  c_w.l(_printf_s.o)
    0x000021c0   0x000021c0   0x00000006   Code   RO         4004    .ARM.Collect$$_printf_percent$$00000015  c_w.l(_printf_lc.o)
    0x000021c6   0x000021c6   0x00000006   Code   RO         4005    .ARM.Collect$$_printf_percent$$00000016  c_w.l(_printf_ls.o)
    0x000021cc   0x000021cc   0x00000004   Code   RO         3998    .ARM.Collect$$_printf_percent$$00000017  c_w.l(_printf_percent_end.o)
    0x000021d0   0x000021d0   0x00000002   Code   RO         4121    .ARM.Collect$$libinit$$00000000  c_w.l(libinit.o)
    0x000021d2   0x000021d2   0x00000000   Code   RO         4123    .ARM.Collect$$libinit$$00000002  c_w.l(libinit2.o)
    0x000021d2   0x000021d2   0x00000000   Code   RO         4125    .ARM.Collect$$libinit$$00000004  c_w.l(libinit2.o)
    0x000021d2   0x000021d2   0x00000000   Code   RO         4128    .ARM.Collect$$libinit$$0000000A  c_w.l(libinit2.o)
    0x000021d2   0x000021d2   0x00000000   Code   RO         4130    .ARM.Collect$$libinit$$0000000C  c_w.l(libinit2.o)
    0x000021d2   0x000021d2   0x00000000   Code   RO         4132    .ARM.Collect$$libinit$$0000000E  c_w.l(libinit2.o)
    0x000021d2   0x000021d2   0x00000006   Code   RO         4133    .ARM.Collect$$libinit$$0000000F  c_w.l(libinit2.o)
    0x000021d8   0x000021d8   0x00000000   Code   RO         4135    .ARM.Collect$$libinit$$00000011  c_w.l(libinit2.o)
    0x000021d8   0x000021d8   0x0000000c   Code   RO         4136    .ARM.Collect$$libinit$$00000012  c_w.l(libinit2.o)
    0x000021e4   0x000021e4   0x00000000   Code   RO         4137    .ARM.Collect$$libinit$$00000013  c_w.l(libinit2.o)
    0x000021e4   0x000021e4   0x00000000   Code   RO         4139    .ARM.Collect$$libinit$$00000015  c_w.l(libinit2.o)
    0x000021e4   0x000021e4   0x0000000a   Code   RO         4140    .ARM.Collect$$libinit$$00000016  c_w.l(libinit2.o)
    0x000021ee   0x000021ee   0x00000000   Code   RO         4141    .ARM.Collect$$libinit$$00000017  c_w.l(libinit2.o)
    0x000021ee   0x000021ee   0x00000000   Code   RO         4143    .ARM.Collect$$libinit$$00000019  c_w.l(libinit2.o)
    0x000021ee   0x000021ee   0x00000000   Code   RO         4145    .ARM.Collect$$libinit$$0000001B  c_w.l(libinit2.o)
    0x000021ee   0x000021ee   0x00000000   Code   RO         4147    .ARM.Collect$$libinit$$0000001D  c_w.l(libinit2.o)
    0x000021ee   0x000021ee   0x00000000   Code   RO         4149    .ARM.Collect$$libinit$$0000001F  c_w.l(libinit2.o)
    0x000021ee   0x000021ee   0x00000000   Code   RO         4151    .ARM.Collect$$libinit$$00000021  c_w.l(libinit2.o)
    0x000021ee   0x000021ee   0x00000000   Code   RO         4153    .ARM.Collect$$libinit$$00000023  c_w.l(libinit2.o)
    0x000021ee   0x000021ee   0x00000000   Code   RO         4155    .ARM.Collect$$libinit$$00000025  c_w.l(libinit2.o)
    0x000021ee   0x000021ee   0x00000000   Code   RO         4159    .ARM.Collect$$libinit$$0000002C  c_w.l(libinit2.o)
    0x000021ee   0x000021ee   0x00000000   Code   RO         4161    .ARM.Collect$$libinit$$0000002E  c_w.l(libinit2.o)
    0x000021ee   0x000021ee   0x00000000   Code   RO         4163    .ARM.Collect$$libinit$$00000030  c_w.l(libinit2.o)
    0x000021ee   0x000021ee   0x00000000   Code   RO         4165    .ARM.Collect$$libinit$$00000032  c_w.l(libinit2.o)
    0x000021ee   0x000021ee   0x00000002   Code   RO         4166    .ARM.Collect$$libinit$$00000033  c_w.l(libinit2.o)
    0x000021f0   0x000021f0   0x00000002   Code   RO         4213    .ARM.Collect$$libshutdown$$00000000  c_w.l(libshutdown.o)
    0x000021f2   0x000021f2   0x00000000   Code   RO         4231    .ARM.Collect$$libshutdown$$00000002  c_w.l(libshutdown2.o)
    0x000021f2   0x000021f2   0x00000000   Code   RO         4233    .ARM.Collect$$libshutdown$$00000004  c_w.l(libshutdown2.o)
    0x000021f2   0x000021f2   0x00000000   Code   RO         4236    .ARM.Collect$$libshutdown$$00000007  c_w.l(libshutdown2.o)
    0x000021f2   0x000021f2   0x00000000   Code   RO         4239    .ARM.Collect$$libshutdown$$0000000A  c_w.l(libshutdown2.o)
    0x000021f2   0x000021f2   0x00000000   Code   RO         4241    .ARM.Collect$$libshutdown$$0000000C  c_w.l(libshutdown2.o)
    0x000021f2   0x000021f2   0x00000000   Code   RO         4244    .ARM.Collect$$libshutdown$$0000000F  c_w.l(libshutdown2.o)
    0x000021f2   0x000021f2   0x00000002   Code   RO         4245    .ARM.Collect$$libshutdown$$00000010  c_w.l(libshutdown2.o)
    0x000021f4   0x000021f4   0x00000000   Code   RO         3951    .ARM.Collect$$rtentry$$00000000  c_w.l(__rtentry.o)
    0x000021f4   0x000021f4   0x00000000   Code   RO         4027    .ARM.Collect$$rtentry$$00000002  c_w.l(__rtentry2.o)
    0x000021f4   0x000021f4   0x00000006   Code   RO         4039    .ARM.Collect$$rtentry$$00000004  c_w.l(__rtentry4.o)
    0x000021fa   0x000021fa   0x00000000   Code   RO         4029    .ARM.Collect$$rtentry$$00000009  c_w.l(__rtentry2.o)
    0x000021fa   0x000021fa   0x00000004   Code   RO         4030    .ARM.Collect$$rtentry$$0000000A  c_w.l(__rtentry2.o)
    0x000021fe   0x000021fe   0x00000000   Code   RO         4032    .ARM.Collect$$rtentry$$0000000C  c_w.l(__rtentry2.o)
    0x000021fe   0x000021fe   0x00000008   Code   RO         4033    .ARM.Collect$$rtentry$$0000000D  c_w.l(__rtentry2.o)
    0x00002206   0x00002206   0x00000002   Code   RO         4167    .ARM.Collect$$rtexit$$00000000  c_w.l(rtexit.o)
    0x00002208   0x00002208   0x00000000   Code   RO         4182    .ARM.Collect$$rtexit$$00000002  c_w.l(rtexit2.o)
    0x00002208   0x00002208   0x00000004   Code   RO         4183    .ARM.Collect$$rtexit$$00000003  c_w.l(rtexit2.o)
    0x0000220c   0x0000220c   0x00000006   Code   RO         4184    .ARM.Collect$$rtexit$$00000004  c_w.l(rtexit2.o)
    0x00002212   0x00002212   0x00000002   PAD
    0x00002214   0x00002214   0x0000000e   Code   RO          308    .emb_text           peripheral.o
    0x00002222   0x00002222   0x00000002   PAD
    0x00002224   0x00002224   0x0000003c   Code   RO            4    .text               startup_lpc17xx.o
    0x00002260   0x00002260   0x00000034   Code   RO         3859    .text               c_w.l(vsnprintf.o)
    0x00002294   0x00002294   0x0000004e   Code   RO         3867    .text               c_w.l(_printf_pad.o)
    0x000022e2   0x000022e2   0x00000002   PAD
    0x000022e4   0x000022e4   0x00000078   Code   RO         3869    .text               c_w.l(_printf_dec.o)
    0x0000235c   0x0000235c   0x00000094   Code   RO         3889    .text               c_w.l(_printf_hex_int_ll_ptr.o)
    0x000023f0   0x000023f0   0x00000188   Code   RO         3909    .text               c_w.l(__printf_flags_ss_wp.o)
    0x00002578   0x00002578   0x0000001a   Code   RO         3916    .text               c_w.l(atoi.o)
    0x00002592   0x00002592   0x00000024   Code   RO         3921    .text               c_w.l(strstr.o)
    0x000025b6   0x000025b6   0x0000003e   Code   RO         3927    .text               c_w.l(strlen.o)
    0x000025f4   0x000025f4   0x00000018   Code   RO         3929    .text               c_w.l(strcat.o)
    0x0000260c   0x0000260c   0x00000044   Code   RO         3931    .text               c_w.l(rt_memclr.o)
    0x00002650   0x00002650   0x0000004e   Code   RO         3933    .text               c_w.l(rt_memclr_w.o)
    0x0000269e   0x0000269e   0x00000002   PAD
    0x000026a0   0x000026a0   0x00000080   Code   RO         3935    .text               c_w.l(strcmpv7m.o)
    0x00002720   0x00002720   0x00000006   Code   RO         3937    .text               c_w.l(heapauxi.o)
    0x00002726   0x00002726   0x00000002   PAD
    0x00002728   0x00002728   0x00000008   Code   RO         3959    .text               c_w.l(rt_errno_addr_intlibspace.o)
    0x00002730   0x00002730   0x00000024   Code   RO         3961    .text               c_w.l(_printf_truncate.o)
    0x00002754   0x00002754   0x00000052   Code   RO         3963    .text               c_w.l(_printf_str.o)
    0x000027a6   0x000027a6   0x000000b2   Code   RO         3965    .text               c_w.l(_printf_intcommon.o)
    0x00002858   0x00002858   0x00000028   Code   RO         3967    .text               c_w.l(_printf_charcount.o)
    0x00002880   0x00002880   0x0000041e   Code   RO         3969    .text               c_w.l(_printf_fp_dec.o)
    0x00002c9e   0x00002c9e   0x00000002   PAD
    0x00002ca0   0x00002ca0   0x00000030   Code   RO         3971    .text               c_w.l(_printf_char_common.o)
    0x00002cd0   0x00002cd0   0x0000000a   Code   RO         3973    .text               c_w.l(_sputc.o)
    0x00002cda   0x00002cda   0x00000010   Code   RO         3975    .text               c_w.l(_snputc.o)
    0x00002cea   0x00002cea   0x00000002   PAD
    0x00002cec   0x00002cec   0x000000bc   Code   RO         3977    .text               c_w.l(_printf_wctomb.o)
    0x00002da8   0x00002da8   0x0000007c   Code   RO         3980    .text               c_w.l(_printf_longlong_dec.o)
    0x00002e24   0x00002e24   0x00000070   Code   RO         3986    .text               c_w.l(_printf_oct_int_ll.o)
    0x00002e94   0x00002e94   0x00000070   Code   RO         4008    .text               c_w.l(strtol.o)
    0x00002f04   0x00002f04   0x00000008   Code   RO         4023    .text               c_w.l(libspace.o)
    0x00002f0c   0x00002f0c   0x00000010   Code   RO         4041    .text               c_w.l(rt_ctype_table.o)
    0x00002f1c   0x00002f1c   0x00000008   Code   RO         4048    .text               c_w.l(rt_locale_intlibspace.o)
    0x00002f24   0x00002f24   0x0000008a   Code   RO         4050    .text               c_w.l(lludiv10.o)
    0x00002fae   0x00002fae   0x00000002   PAD
    0x00002fb0   0x00002fb0   0x000002fc   Code   RO         4052    .text               c_w.l(_printf_fp_hex.o)
    0x000032ac   0x000032ac   0x00000080   Code   RO         4055    .text               c_w.l(_printf_fp_infnan.o)
    0x0000332c   0x0000332c   0x0000002c   Code   RO         4059    .text               c_w.l(_printf_char.o)
    0x00003358   0x00003358   0x0000002c   Code   RO         4061    .text               c_w.l(_printf_wchar.o)
    0x00003384   0x00003384   0x0000009e   Code   RO         4063    .text               c_w.l(_strtoul.o)
    0x00003422   0x00003422   0x00000002   PAD
    0x00003424   0x00003424   0x000000e4   Code   RO         4065    .text               c_w.l(bigflt0.o)
    0x00003508   0x00003508   0x00000040   Code   RO         4090    .text               c_w.l(_wcrtomb.o)
    0x00003548   0x00003548   0x0000004a   Code   RO         4103    .text               c_w.l(sys_stackheap_outer.o)
    0x00003592   0x00003592   0x0000001c   Code   RO         4105    .text               c_w.l(_chval.o)
    0x000035ae   0x000035ae   0x00000012   Code   RO         4110    .text               c_w.l(exit.o)
    0x000035c0   0x000035c0   0x0000000c   Code   RO         4179    .text               c_w.l(sys_exit.o)
    0x000035cc   0x000035cc   0x00000002   Code   RO         4200    .text               c_w.l(use_no_semi.o)
    0x000035ce   0x000035ce   0x00000000   Code   RO         4202    .text               c_w.l(indicate_semi.o)
    0x000035ce   0x000035ce   0x0000003e   Code   RO         4068    CL$$btod_d2e        c_w.l(btod.o)
    0x0000360c   0x0000360c   0x00000046   Code   RO         4070    CL$$btod_d2e_denorm_low  c_w.l(btod.o)
    0x00003652   0x00003652   0x00000060   Code   RO         4069    CL$$btod_d2e_norm_op1  c_w.l(btod.o)
    0x000036b2   0x000036b2   0x00000338   Code   RO         4078    CL$$btod_div_common  c_w.l(btod.o)
    0x000039ea   0x000039ea   0x000000dc   Code   RO         4075    CL$$btod_e2e        c_w.l(btod.o)
    0x00003ac6   0x00003ac6   0x0000002a   Code   RO         4072    CL$$btod_ediv       c_w.l(btod.o)
    0x00003af0   0x00003af0   0x0000002a   Code   RO         4071    CL$$btod_emul       c_w.l(btod.o)
    0x00003b1a   0x00003b1a   0x00000244   Code   RO         4077    CL$$btod_mult_common  c_w.l(btod.o)
    0x00003d5e   0x00003d5e   0x00000016   Code   RO          507    i.Button_Events     button.o
    0x00003d74   0x00003d74   0x00000044   Code   RO          508    i.Button_Fsm        button.o
    0x00003db8   0x00003db8   0x00000098   Code   RO         1066    i.Button_Handler    handlers.o
    0x00003e50   0x00003e50   0x00000016   Code   RO          509    i.Button_Init       button.o
    0x00003e66   0x00003e66   0x00000002   PAD
    0x00003e68   0x00003e68   0x0000000c   Code   RO         3264    i.CDC_BulkIn        cdcuser.o
    0x00003e74   0x00003e74   0x0000001c   Code   RO         3265    i.CDC_BulkOut       cdcuser.o
    0x00003e90   0x00003e90   0x00000006   Code   RO         3266    i.CDC_ClearCommFeature  cdcuser.o
    0x00003e96   0x00003e96   0x00000006   Code   RO         3267    i.CDC_GetCommFeature  cdcuser.o
    0x00003e9c   0x00003e9c   0x00000004   Code   RO         3268    i.CDC_GetEncapsulatedResponse  cdcuser.o
    0x00003ea0   0x00003ea0   0x00000040   Code   RO         3269    i.CDC_GetLineCoding  cdcuser.o
    0x00003ee0   0x00003ee0   0x0000008c   Code   RO         3270    i.CDC_GetSerialState  cdcuser.o
    0x00003f6c   0x00003f6c   0x00000040   Code   RO         3272    i.CDC_NotificationIn  cdcuser.o
    0x00003fac   0x00003fac   0x00000006   Code   RO         3275    i.CDC_SendBreak     cdcuser.o
    0x00003fb2   0x00003fb2   0x00000004   Code   RO         3276    i.CDC_SendEncapsulatedCommand  cdcuser.o
    0x00003fb6   0x00003fb6   0x00000006   Code   RO         3277    i.CDC_SetCommFeature  cdcuser.o
    0x00003fbc   0x00003fbc   0x00000006   Code   RO         3278    i.CDC_SetControlLineState  cdcuser.o
    0x00003fc2   0x00003fc2   0x00000004   Code   RO         3279    i.CDC_SetLineCoding  cdcuser.o
    0x00003fc6   0x00003fc6   0x00000002   PAD
    0x00003fc8   0x00003fc8   0x0000001c   Code   RO         3280    i.CDC_WrOutBuf      cdcuser.o
    0x00003fe4   0x00003fe4   0x00000038   Code   RO         1389    i.CLKPWR_ConfigPPWR  lpc17xx_clkpwr.o
    0x0000401c   0x0000401c   0x00000068   Code   RO         1395    i.CLKPWR_SetPCLKDiv  lpc17xx_clkpwr.o
    0x00004084   0x00004084   0x00000008   Code   RO          443    i.Config            user.o
    0x0000408c   0x0000408c   0x0000002c   Code   RO           61    i.EINT3_IRQHandler  lpc17xx_it.o
    0x000040b8   0x000040b8   0x00000010   Code   RO         3487    i.EPAdr             usbhw.o
    0x000040c8   0x000040c8   0x00000010   Code   RO         1651    i.EXTI_ClearEXTIFlag  lpc17xx_exti.o
    0x000040d8   0x000040d8   0x0000002e   Code   RO          615    i.Fifo_Init         fifo.o
    0x00004106   0x00004106   0x00000016   Code   RO          616    i.Fifo_OnInactive   fifo.o
    0x0000411c   0x0000411c   0x00000054   Code   RO          617    i.Fifo_Read         fifo.o
    0x00004170   0x00004170   0x0000007a   Code   RO          618    i.Fifo_Write        fifo.o
    0x000041ea   0x000041ea   0x00000002   PAD
    0x000041ec   0x000041ec   0x00000100   Code   RO         3238    i.GPIO_Init         lpc17xx_gpio.o
    0x000042ec   0x000042ec   0x00000098   Code   RO          311    i.IO_Config         peripheral.o
    0x00004384   0x00004384   0x00000044   Code   RO         1097    i.IO_Events         dev.o
    0x000043c8   0x000043c8   0x00000028   Code   RO         1098    i.IO_Init           dev.o
    0x000043f0   0x000043f0   0x0000000c   Code   RO          444    i.Loop              user.o
    0x000043fc   0x000043fc   0x00000028   Code   RO          313    i.NVIC_Config       peripheral.o
    0x00004424   0x00004424   0x00000080   Code   RO         2219    i.NVIC_Init         lpc17xx_nvic.o
    0x000044a4   0x000044a4   0x0000007c   Code   RO           62    i.PWM1_IRQHandler   lpc17xx_it.o
    0x00004520   0x00004520   0x0000009c   Code   RO         2256    i.PWM_ChannelCmd    lpc17xx_pwm.o
    0x000045bc   0x000045bc   0x000000a0   Code   RO         2257    i.PWM_ChannelConfig  lpc17xx_pwm.o
    0x0000465c   0x0000465c   0x00000078   Code   RO         2258    i.PWM_ClearIntPending  lpc17xx_pwm.o
    0x000046d4   0x000046d4   0x00000068   Code   RO         2259    i.PWM_Cmd           lpc17xx_pwm.o
    0x0000473c   0x0000473c   0x00000140   Code   RO          314    i.PWM_Config        peripheral.o
    0x0000487c   0x0000487c   0x00000144   Code   RO         2261    i.PWM_ConfigMatch   lpc17xx_pwm.o
    0x000049c0   0x000049c0   0x00000068   Code   RO         2263    i.PWM_CounterCmd    lpc17xx_pwm.o
    0x00004a28   0x00004a28   0x00000080   Code   RO         2266    i.PWM_GetIntStatus  lpc17xx_pwm.o
    0x00004aa8   0x00004aa8   0x000000c0   Code   RO         2267    i.PWM_Init          lpc17xx_pwm.o
    0x00004b68   0x00004b68   0x000000c0   Code   RO         2268    i.PWM_MatchUpdate   lpc17xx_pwm.o
    0x00004c28   0x00004c28   0x00000050   Code   RO         2270    i.PWM_ResetCounter  lpc17xx_pwm.o
    0x00004c78   0x00004c78   0x00000018   Code   RO          315    i.Peripheral        peripheral.o
    0x00004c90   0x00004c90   0x00000030   Code   RO         3488    i.RdCmdDat          usbhw.o
    0x00004cc0   0x00004cc0   0x0000003a   Code   RO          793    i.Serial_Events     serial.o
    0x00004cfa   0x00004cfa   0x00000002   PAD
    0x00004cfc   0x00004cfc   0x0000001c   Code   RO           63    i.SysTick_Handler   lpc17xx_it.o
    0x00004d18   0x00004d18   0x00000140   Code   RO           13    i.SystemInit        system_lpc17xx.o
    0x00004e58   0x00004e58   0x0000000c   Code   RO          905    i.SystemTime_GetTime  sytemtime.o
    0x00004e64   0x00004e64   0x00000010   Code   RO          907    i.SystemTime_Timer  sytemtime.o
    0x00004e74   0x00004e74   0x0000005c   Code   RO          317    i.Systick_Config    peripheral.o
    0x00004ed0   0x00004ed0   0x0000001a   Code   RO           64    i.TIMER0_IRQHandler  lpc17xx_it.o
    0x00004eea   0x00004eea   0x00000008   Code   RO         2909    i.TIM_ClearIntPending  lpc17xx_timer.o
    0x00004ef2   0x00004ef2   0x00000010   Code   RO         2915    i.TIM_GetIntStatus  lpc17xx_timer.o
    0x00004f02   0x00004f02   0x00000026   Code   RO          946    i.Timer_Elapsed     timer.o
    0x00004f28   0x00004f28   0x00000034   Code   RO          949    i.Timer_GetTime     timer.o
    0x00004f5c   0x00004f5c   0x0000000a   Code   RO          950    i.Timer_Init        timer.o
    0x00004f66   0x00004f66   0x00000010   Code   RO          952    i.Timer_Start       timer.o
    0x00004f76   0x00004f76   0x00000006   Code   RO          953    i.Timer_Stop        timer.o
    0x00004f7c   0x00004f7c   0x0000002c   Code   RO           65    i.UART0_IRQHandler  lpc17xx_it.o
    0x00004fa8   0x00004fa8   0x000000b8   Code   RO         3777    i.UART1_IRQHandler  uart.o
    0x00005060   0x00005060   0x00000068   Code   RO         2999    i.UART_GetIntId     lpc17xx_uart.o
    0x000050c8   0x000050c8   0x0000006c   Code   RO         3000    i.UART_GetLineStatus  lpc17xx_uart.o
    0x00005134   0x00005134   0x00000020   Code   RO         3490    i.USB_ClrStallEP    usbhw.o
    0x00005154   0x00005154   0x00000040   Code   RO          320    i.USB_Config        peripheral.o
    0x00005194   0x00005194   0x0000004c   Code   RO         3491    i.USB_ConfigEP      usbhw.o
    0x000051e0   0x000051e0   0x00000044   Code   RO         3492    i.USB_Configure     usbhw.o
    0x00005224   0x00005224   0x00000002   Code   RO         3658    i.USB_Configure_Event  usbuser.o
    0x00005226   0x00005226   0x00000002   PAD
    0x00005228   0x00005228   0x00000020   Code   RO         3493    i.USB_Connect       usbhw.o
    0x00005248   0x00005248   0x00000038   Code   RO         3386    i.USB_DataInStage   usbcore.o
    0x00005280   0x00005280   0x00000028   Code   RO         3387    i.USB_DataOutStage  usbcore.o
    0x000052a8   0x000052a8   0x00000002   Code   RO         3494    i.USB_DirCtrlEP     usbhw.o
    0x000052aa   0x000052aa   0x00000002   PAD
    0x000052ac   0x000052ac   0x00000024   Code   RO         3495    i.USB_DisableEP     usbhw.o
    0x000052d0   0x000052d0   0x00000038   Code   RO          321    i.USB_Disconnect    peripheral.o
    0x00005308   0x00005308   0x00000020   Code   RO         3496    i.USB_EnableEP      usbhw.o
    0x00005328   0x00005328   0x0000036c   Code   RO         3388    i.USB_EndPoint0     usbcore.o
    0x00005694   0x00005694   0x00000028   Code   RO         3659    i.USB_EndPoint1     usbuser.o
    0x000056bc   0x000056bc   0x0000001e   Code   RO         3666    i.USB_EndPoint2     usbuser.o
    0x000056da   0x000056da   0x00000002   PAD
    0x000056dc   0x000056dc   0x00000010   Code   RO         1099    i.USB_Event         dev.o
    0x000056ec   0x000056ec   0x0000001c   Code   RO         1100    i.USB_Handler_Init  dev.o
    0x00005708   0x00005708   0x00000104   Code   RO         3498    i.USB_IRQHandler    usbhw.o
    0x0000580c   0x0000580c   0x0000008c   Code   RO         3499    i.USB_Init          usbhw.o
    0x00005898   0x00005898   0x0000006c   Code   RO         3500    i.USB_ReadEP        usbhw.o
    0x00005904   0x00005904   0x000000b4   Code   RO         1067    i.USB_Receiver_Handler  handlers.o
    0x000059b8   0x000059b8   0x000000b8   Code   RO         3389    i.USB_ReqGetDescriptor  usbcore.o
    0x00005a70   0x00005a70   0x000000d4   Code   RO         3390    i.USB_ReqGetStatus  usbcore.o
    0x00005b44   0x00005b44   0x000000ec   Code   RO         3391    i.USB_ReqSetClrFeature  usbcore.o
    0x00005c30   0x00005c30   0x000001c0   Code   RO         3392    i.USB_ReqSetConfiguration  usbcore.o
    0x00005df0   0x00005df0   0x00000144   Code   RO         3393    i.USB_ReqSetInterface  usbcore.o
    0x00005f34   0x00005f34   0x00000054   Code   RO         3501    i.USB_Reset         usbhw.o
    0x00005f88   0x00005f88   0x0000003c   Code   RO         3394    i.USB_ResetCore     usbcore.o
    0x00005fc4   0x00005fc4   0x00000020   Code   RO         3502    i.USB_ResetEP       usbhw.o
    0x00005fe4   0x00005fe4   0x00000008   Code   RO         3674    i.USB_Reset_Event   usbuser.o
    0x00005fec   0x00005fec   0x00000002   Code   RO         3503    i.USB_Resume        usbhw.o
    0x00005fee   0x00005fee   0x00000002   PAD
    0x00005ff0   0x00005ff0   0x00000030   Code   RO         3504    i.USB_SetAddress    usbhw.o
    0x00006020   0x00006020   0x00000024   Code   RO         3505    i.USB_SetStallEP    usbhw.o
    0x00006044   0x00006044   0x00000010   Code   RO         3395    i.USB_SetupStage    usbcore.o
    0x00006054   0x00006054   0x0000000e   Code   RO         3396    i.USB_StatusInStage  usbcore.o
    0x00006062   0x00006062   0x00000002   PAD
    0x00006064   0x00006064   0x00000010   Code   RO         3397    i.USB_StatusOutStage  usbcore.o
    0x00006074   0x00006074   0x00000002   Code   RO         3506    i.USB_Suspend       usbhw.o
    0x00006076   0x00006076   0x00000002   PAD
    0x00006078   0x00006078   0x0000004c   Code   RO          323    i.USB_Trace         peripheral.o
    0x000060c4   0x000060c4   0x0000006c   Code   RO          324    i.USB_Transmit      peripheral.o
    0x00006130   0x00006130   0x00000002   Code   RO         3508    i.USB_WakeUpCfg     usbhw.o
    0x00006132   0x00006132   0x00000002   PAD
    0x00006134   0x00006134   0x00000054   Code   RO         3509    i.USB_WriteEP       usbhw.o
    0x00006188   0x00006188   0x0000000c   Code   RO          445    i.Variables         user.o
    0x00006194   0x00006194   0x00000028   Code   RO         3510    i.WrCmd             usbhw.o
    0x000061bc   0x000061bc   0x00000044   Code   RO         3511    i.WrCmdDat          usbhw.o
    0x00006200   0x00006200   0x00000058   Code   RO         3512    i.WrCmdEP           usbhw.o
    0x00006258   0x00006258   0x00000028   Code   RO         4101    i.__ARM_fpclassify  m_ws.l(fpclassify.o)
    0x00006280   0x00006280   0x0000000e   Code   RO         3902    i._is_digit         c_w.l(__printf_wp.o)
    0x0000628e   0x0000628e   0x00000004   Code   RO         2271    i.check_failed      lpc17xx_pwm.o
    0x00006292   0x00006292   0x00000004   Code   RO         3016    i.check_failed      lpc17xx_uart.o
    0x00006296   0x00006296   0x00000010   Code   RO          288    i.main              main.o
    0x000062a6   0x000062a6   0x00000002   PAD
    0x000062a8   0x000062a8   0x0000002c   Code   RO         4093    locale$$code        c_w.l(lc_numeric_c.o)
    0x000062d4   0x000062d4   0x0000002c   Code   RO         4108    locale$$code        c_w.l(lc_ctype_c.o)
    0x00006300   0x00006300   0x0000000c   Code   RO         4012    x$fpl$dretinf       fz_ws.l(dretinf.o)
    0x0000630c   0x0000630c   0x00000056   Code   RO         3941    x$fpl$f2d           fz_ws.l(f2d.o)
    0x00006362   0x00006362   0x00000002   PAD
    0x00006364   0x00006364   0x00000026   Code   RO         3943    x$fpl$ffltu         fz_ws.l(fflt_clz.o)
    0x0000638a   0x0000638a   0x0000008c   Code   RO         4014    x$fpl$fnaninf       fz_ws.l(fnaninf.o)
    0x00006416   0x00006416   0x00000004   Code   RO         3949    x$fpl$printf1       fz_ws.l(printf1.o)
    0x0000641a   0x0000641a   0x00000004   Code   RO         4016    x$fpl$printf2       fz_ws.l(printf2.o)
    0x0000641e   0x0000641e   0x00000000   Code   RO         4022    x$fpl$usenofp       fz_ws.l(usenofp.o)
    0x0000641e   0x0000641e   0x000000be   Data   RO         3473    .constdata          usbdesc.o
    0x000064dc   0x000064dc   0x00000040   Data   RO         3675    .constdata          usbuser.o
    0x0000651c   0x0000651c   0x00000028   Data   RO         3890    .constdata          c_w.l(_printf_hex_int_ll_ptr.o)
    0x00006544   0x00006544   0x00000011   Data   RO         3910    .constdata          c_w.l(__printf_flags_ss_wp.o)
    0x00006555   0x00006555   0x00000003   PAD
    0x00006558   0x00006558   0x00000008   Data   RO         3978    .constdata          c_w.l(_printf_wctomb.o)
    0x00006560   0x00006560   0x00000026   Data   RO         4053    .constdata          c_w.l(_printf_fp_hex.o)
    0x00006586   0x00006586   0x00000002   PAD
    0x00006588   0x00006588   0x00000094   Data   RO         4066    .constdata          c_w.l(bigflt0.o)
    0x0000661c   0x0000661c   0x00000020   Data   RO         4246    Region$$Table       anon$$obj.o
    0x0000663c   0x0000663c   0x0000001c   Data   RO         4092    locale$$data        c_w.l(lc_numeric_c.o)
    0x00006658   0x00006658   0x00000110   Data   RO         4107    locale$$data        c_w.l(lc_ctype_c.o)


    Execution Region RW_IRAM1 (Exec base: 0x10000000, Load base: 0x00006768, Size: 0x00001338, Max: 0x00008000, ABSOLUTE)

    Exec Addr    Load Addr    Size         Type   Attr      Idx    E Section Name        Object

    0x10000000   0x00006768   0x00000050   Data   RW           66    .data               lpc17xx_it.o
    0x10000050   0x000067b8   0x00000004   Data   RW          327    .data               peripheral.o
    0x10000054   0x000067bc   0x00000004   Data   RW          909    .data               sytemtime.o
    0x10000058   0x000067c0   0x00000020   Data   RW         1068    .data               handlers.o
    0x10000078   0x000067e0   0x0000000c   Data   RW         3282    .data               cdcuser.o
    0x10000084   0x000067ec   0x00000030   Data   RW         3398    .data               usbcore.o
    0x100000b4   0x0000681c   0x00000002   Data   RW         3676    .data               usbuser.o
    0x100000b6   0x0000681e   0x00000002   PAD
    0x100000b8   0x00006820   0x00000006   Data   RW         3787    .data               uart.o
    0x100000be   0x00006826   0x00000002   PAD
    0x100000c0        -       0x000007d0   Zero   RW          326    .bss                peripheral.o
    0x10000890        -       0x00000464   Zero   RW         1101    .bss                dev.o
    0x10000cf4        -       0x000000d4   Zero   RW         3281    .bss                cdcuser.o
    0x10000dc8        -       0x00000110   Zero   RW         3786    .bss                uart.o
    0x10000ed8        -       0x00000060   Zero   RW         4024    .bss                c_w.l(libspace.o)
    0x10000f38        -       0x00000000   Zero   RW            2    HEAP                startup_lpc17xx.o
    0x10000f38        -       0x00000400   Zero   RW            1    STACK               startup_lpc17xx.o


==============================================================================

Image component sizes


      Code (inc. data)   RO Data    RW Data    ZI Data      Debug   Object Name

       112          0          0          0          0       1911   button.o
       378         40          0         12        212       8698   cdcuser.o
       152         40          0          0       1124       1882   dev.o
       274          0          0          0          0       2927   fifo.o
       332         76          0         32          0       1694   handlers.o
         0          0          0          0          0       1368   lpc17xx_adc.o
       160         20          0          0          0       1144   lpc17xx_clkpwr.o
        16          6          0          0          0        469   lpc17xx_exti.o
       256          6          0          0          0        876   lpc17xx_gpio.o
       266         26          0         80          0      25974   lpc17xx_it.o
       128         14          0          0          0        972   lpc17xx_nvic.o
      1564        422          0          0          0      10919   lpc17xx_pwm.o
        24          0          0          0          0       1413   lpc17xx_timer.o
       216        108          0          0          0      10789   lpc17xx_uart.o
        16          0          0          0          0        399   main.o
       946         74          0          4       2000      30405   peripheral.o
        58          0          0          0          0        908   serial.o
        60         22        204          0       1024        780   startup_lpc17xx.o
       320         18          0          0          0      21717   system_lpc17xx.o
        28         10          0          4          0       1085   sytemtime.o
       122          0          0          0          0       2940   timer.o
       184         20          0          6        272       1896   uart.o
      2482        234          0         48          0       9698   usbcore.o
         0          0        190          0          0        745   usbdesc.o
      1336        178          0          0          0      12147   usbhw.o
        80          4         64          2          0       2623   usbuser.o
        32          0          0          0          0       1164   user.o

    ----------------------------------------------------------------------
      9568       1318        490        192       4632     157543   Object Totals
         0          0         32          0          0          0   (incl. Generated)
        26          0          0          4          0          0   (incl. Padding)

    ----------------------------------------------------------------------

      Code (inc. data)   RO Data    RW Data    ZI Data      Debug   Library Member Name

         8          0          0          0          0         68   __main.o
       392          4         17          0          0         92   __printf_flags_ss_wp.o
        14          0          0          0          0         68   __printf_wp.o
         0          0          0          0          0          0   __rtentry.o
        12          0          0          0          0          0   __rtentry2.o
         6          0          0          0          0          0   __rtentry4.o
        52          8          0          0          0          0   __scatter.o
        26          0          0          0          0          0   __scatter_copy.o
        28          0          0          0          0          0   __scatter_zi.o
        28          0          0          0          0         68   _chval.o
         6          0          0          0          0          0   _printf_a.o
         6          0          0          0          0          0   _printf_c.o
        44          0          0          0          0        108   _printf_char.o
        48          6          0          0          0         96   _printf_char_common.o
        40          0          0          0          0         68   _printf_charcount.o
         6          0          0          0          0          0   _printf_d.o
       120         16          0          0          0         92   _printf_dec.o
         6          0          0          0          0          0   _printf_e.o
         6          0          0          0          0          0   _printf_f.o
      1054          0          0          0          0        216   _printf_fp_dec.o
       764          8         38          0          0        100   _printf_fp_hex.o
       128         16          0          0          0         84   _printf_fp_infnan.o
         6          0          0          0          0          0   _printf_g.o
       148          4         40          0          0        160   _printf_hex_int_ll_ptr.o
         6          0          0          0          0          0   _printf_i.o
       178          0          0          0          0         88   _printf_intcommon.o
        10          0          0          0          0          0   _printf_l.o
         6          0          0          0          0          0   _printf_lc.o
        10          0          0          0          0          0   _printf_ll.o
         6          0          0          0          0          0   _printf_lld.o
         6          0          0          0          0          0   _printf_lli.o
         6          0          0          0          0          0   _printf_llo.o
         6          0          0          0          0          0   _printf_llu.o
         6          0          0          0          0          0   _printf_llx.o
       124         16          0          0          0         92   _printf_longlong_dec.o
         6          0          0          0          0          0   _printf_ls.o
         6          0          0          0          0          0   _printf_n.o
         6          0          0          0          0          0   _printf_o.o
       112         10          0          0          0        124   _printf_oct_int_ll.o
         6          0          0          0          0          0   _printf_p.o
        78          0          0          0          0        108   _printf_pad.o
         0          0          0          0          0          0   _printf_percent.o
         4          0          0          0          0          0   _printf_percent_end.o
         6          0          0          0          0          0   _printf_s.o
        82          0          0          0          0         80   _printf_str.o
        36          0          0          0          0         84   _printf_truncate.o
         6          0          0          0          0          0   _printf_u.o
        44          0          0          0          0        108   _printf_wchar.o
       188          6          8          0          0         92   _printf_wctomb.o
         6          0          0          0          0          0   _printf_x.o
        16          0          0          0          0         68   _snputc.o
        10          0          0          0          0         68   _sputc.o
       158          0          0          0          0         92   _strtoul.o
        64          0          0          0          0         92   _wcrtomb.o
        26          0          0          0          0         80   atoi.o
       228          4        148          0          0         96   bigflt0.o
      1936        128          0          0          0        672   btod.o
        18          0          0          0          0         80   exit.o
         6          0          0          0          0        152   heapauxi.o
         0          0          0          0          0          0   indicate_semi.o
        44         10        272          0          0         76   lc_ctype_c.o
        44         10         28          0          0         76   lc_numeric_c.o
         2          0          0          0          0          0   libinit.o
        30          0          0          0          0          0   libinit2.o
         2          0          0          0          0          0   libshutdown.o
         2          0          0          0          0          0   libshutdown2.o
         8          4          0          0         96         68   libspace.o
       138          0          0          0          0         80   lludiv10.o
        16          4          0          0          0         76   rt_ctype_table.o
         8          4          0          0          0         68   rt_errno_addr_intlibspace.o
         8          4          0          0          0         68   rt_locale_intlibspace.o
        68          0          0          0          0         68   rt_memclr.o
        78          0          0          0          0         80   rt_memclr_w.o
         2          0          0          0          0          0   rtexit.o
        10          0          0          0          0          0   rtexit2.o
        24          0          0          0          0         68   strcat.o
       128          0          0          0          0         68   strcmpv7m.o
        62          0          0          0          0         76   strlen.o
        36          0          0          0          0         80   strstr.o
       112          0          0          0          0         88   strtol.o
        12          4          0          0          0         68   sys_exit.o
        74          0          0          0          0         80   sys_stackheap_outer.o
         2          0          0          0          0         68   use_no_semi.o
        52          4          0          0          0         80   vsnprintf.o
        12          0          0          0          0         68   dretinf.o
        86          4          0          0          0         84   f2d.o
        38          0          0          0          0         68   fflt_clz.o
       140          4          0          0          0         84   fnaninf.o
         4          0          0          0          0         68   printf1.o
         4          0          0          0          0         68   printf2.o
         0          0          0          0          0          0   usenofp.o
        40          0          0          0          0         68   fpclassify.o

    ----------------------------------------------------------------------
      7666        278        556          0         96       5240   Library Totals
        20          0          5          0          0          0   (incl. Padding)

    ----------------------------------------------------------------------

      Code (inc. data)   RO Data    RW Data    ZI Data      Debug   Library Name

      7322        270        551          0         96       4732   c_w.l
       284          8          0          0          0        440   fz_ws.l
        40          0          0          0          0         68   m_ws.l

    ----------------------------------------------------------------------
      7666        278        556          0         96       5240   Library Totals

    ----------------------------------------------------------------------

==============================================================================


      Code (inc. data)   RO Data    RW Data    ZI Data      Debug   

     17234       1596       1046        192       4728     154043   Grand Totals
     17234       1596       1046        192       4728     154043   ELF Image Totals
     17234       1596       1046        192          0          0   ROM Totals

==============================================================================

    Total RO  Size (Code + RO Data)                18280 (  17.85kB)
    Total RW  Size (RW Data + ZI Data)              4920 (   4.80kB)
    Total ROM Size (Code + RO Data + RW Data)      18472 (  18.04kB)

==============================================================================

